[0.027s] Invoking command in '/home/alberto/tiago_public_ws/build/pal_gazebo_worlds': CMAKE_PREFIX_PATH=/opt/ros/humble /usr/bin/cmake /home/alberto/tiago_public_ws/src/pal_gazebo_worlds -DAMENT_CMAKE_SYMLINK_INSTALL=1 -DCMAKE_INSTALL_PREFIX=/home/alberto/tiago_public_ws/install/pal_gazebo_worlds
[0.110s] -- The C compiler identification is GNU 11.4.0
[0.191s] -- The CXX compiler identification is GNU 11.4.0
[0.205s] -- Detecting C compiler ABI info
[0.313s] -- Detecting C compiler ABI info - done
[0.318s] -- Check for working C compiler: /usr/bin/cc - skipped
[0.319s] -- Detecting C compile features
[0.319s] -- Detecting C compile features - done
[0.325s] -- Detecting CXX compiler ABI info
[0.436s] -- Detecting CXX compiler ABI info - done
[0.444s] -- Check for working CXX compiler: /usr/bin/c++ - skipped
[0.444s] -- Detecting CXX compile features
[0.444s] -- Detecting CXX compile features - done
[0.445s] -- Found ament_cmake_auto: 1.3.12 (/opt/ros/humble/share/ament_cmake_auto/cmake)
[0.664s] -- Found Python3: /usr/bin/python3 (found version "3.10.12") found components: Interpreter 
[0.755s] -- Override CMake install command with custom implementation using symlinks instead of copying resources
[0.807s] -- Found ament_lint_auto: 0.12.14 (/opt/ros/humble/share/ament_lint_auto/cmake)
[0.917s] -- Added test 'copyright' to check source files copyright and LICENSE
[1.018s] -- Added test 'flake8' to check Python code syntax and style conventions
[1.031s] -- Added test 'lint_cmake' to check CMake code style
[1.040s] -- Added test 'pep257' to check Python code against some of the docstring style conventions in PEP 257
[1.092s] -- Added test 'xmllint' to check XML markup files
[1.092s] -- Configuring done
[1.097s] -- Generating done
[1.102s] -- Build files have been written to: /home/alberto/tiago_public_ws/build/pal_gazebo_worlds
[1.109s] Invoked command in '/home/alberto/tiago_public_ws/build/pal_gazebo_worlds' returned '0': CMAKE_PREFIX_PATH=/opt/ros/humble /usr/bin/cmake /home/alberto/tiago_public_ws/src/pal_gazebo_worlds -DAMENT_CMAKE_SYMLINK_INSTALL=1 -DCMAKE_INSTALL_PREFIX=/home/alberto/tiago_public_ws/install/pal_gazebo_worlds
[1.120s] Invoking command in '/home/alberto/tiago_public_ws/build/pal_gazebo_worlds': CMAKE_PREFIX_PATH=/opt/ros/humble /usr/bin/cmake --build /home/alberto/tiago_public_ws/build/pal_gazebo_worlds -- -j8 -l8
[1.212s] Invoked command in '/home/alberto/tiago_public_ws/build/pal_gazebo_worlds' returned '0': CMAKE_PREFIX_PATH=/opt/ros/humble /usr/bin/cmake --build /home/alberto/tiago_public_ws/build/pal_gazebo_worlds -- -j8 -l8
[1.220s] Invoking command in '/home/alberto/tiago_public_ws/build/pal_gazebo_worlds': CMAKE_PREFIX_PATH=/opt/ros/humble /usr/bin/cmake --install /home/alberto/tiago_public_ws/build/pal_gazebo_worlds
[1.254s] -- Install configuration: ""
[1.254s] -- Execute custom install script
[1.255s] -- Symlinking: /home/alberto/tiago_public_ws/install/pal_gazebo_worlds/share/pal_gazebo_worlds/launch/pal_gazebo.launch.py
[1.255s] -- Symlinking: /home/alberto/tiago_public_ws/install/pal_gazebo_worlds/share/pal_gazebo_worlds/models/apriltag_0/materials/scripts/apriltag_0.material
[1.257s] -- Symlinking: /home/alberto/tiago_public_ws/install/pal_gazebo_worlds/share/pal_gazebo_worlds/models/apriltag_0/materials/textures/tag41_12_00000.png
[1.274s] -- Symlinking: /home/alberto/tiago_public_ws/install/pal_gazebo_worlds/share/pal_gazebo_worlds/models/apriltag_0/model.config
[1.282s] -- Symlinking: /home/alberto/tiago_public_ws/install/pal_gazebo_worlds/share/pal_gazebo_worlds/models/apriltag_0/model.sdf
[1.310s] -- Symlinking: /home/alberto/tiago_public_ws/install/pal_gazebo_worlds/share/pal_gazebo_worlds/models/apriltag_20/materials/scripts/apriltag_20.material
[1.321s] -- Symlinking: /home/alberto/tiago_public_ws/install/pal_gazebo_worlds/share/pal_gazebo_worlds/models/apriltag_20/materials/textures/tag41_12_00020.png
[1.336s] -- Symlinking: /home/alberto/tiago_public_ws/install/pal_gazebo_worlds/share/pal_gazebo_worlds/models/apriltag_20/model.config
[1.352s] -- Symlinking: /home/alberto/tiago_public_ws/install/pal_gazebo_worlds/share/pal_gazebo_worlds/models/apriltag_20/model.sdf
[1.366s] -- Symlinking: /home/alberto/tiago_public_ws/install/pal_gazebo_worlds/share/pal_gazebo_worlds/models/arm_chair/arm_chair.sdf
[1.390s] -- Symlinking: /home/alberto/tiago_public_ws/install/pal_gazebo_worlds/share/pal_gazebo_worlds/models/arm_chair/meshes/arm_chair.stl
[1.405s] -- Symlinking: /home/alberto/tiago_public_ws/install/pal_gazebo_worlds/share/pal_gazebo_worlds/models/arm_chair/model.config
[1.425s] -- Symlinking: /home/alberto/tiago_public_ws/install/pal_gazebo_worlds/share/pal_gazebo_worlds/models/aruco_board/aruco_board.sdf
[1.447s] -- Symlinking: /home/alberto/tiago_public_ws/install/pal_gazebo_worlds/share/pal_gazebo_worlds/models/aruco_board/material/scripts/aruco_board.material
[1.461s] -- Symlinking: /home/alberto/tiago_public_ws/install/pal_gazebo_worlds/share/pal_gazebo_worlds/models/aruco_board/material/textures/aruco_board.png
[1.473s] -- Symlinking: /home/alberto/tiago_public_ws/install/pal_gazebo_worlds/share/pal_gazebo_worlds/models/aruco_board/model.config
[1.489s] -- Symlinking: /home/alberto/tiago_public_ws/install/pal_gazebo_worlds/share/pal_gazebo_worlds/models/aruco_cube/aruco_cube.sdf
[1.503s] -- Symlinking: /home/alberto/tiago_public_ws/install/pal_gazebo_worlds/share/pal_gazebo_worlds/models/aruco_cube/meshes/aruco_cube_5cm.dae
[1.514s] -- Symlinking: /home/alberto/tiago_public_ws/install/pal_gazebo_worlds/share/pal_gazebo_worlds/models/aruco_cube/meshes/aruco_cube_6cm.dae
[1.537s] -- Symlinking: /home/alberto/tiago_public_ws/install/pal_gazebo_worlds/share/pal_gazebo_worlds/models/aruco_cube/meshes/aruco_cube_8cm.dae
[1.566s] -- Symlinking: /home/alberto/tiago_public_ws/install/pal_gazebo_worlds/share/pal_gazebo_worlds/models/aruco_cube/meshes/marker582.png
[1.583s] -- Symlinking: /home/alberto/tiago_public_ws/install/pal_gazebo_worlds/share/pal_gazebo_worlds/models/aruco_cube/meshes/marker582_small_margin.png
[1.598s] -- Symlinking: /home/alberto/tiago_public_ws/install/pal_gazebo_worlds/share/pal_gazebo_worlds/models/aruco_cube/model.config
[1.618s] -- Symlinking: /home/alberto/tiago_public_ws/install/pal_gazebo_worlds/share/pal_gazebo_worlds/models/aruco_marker_0/materials/scripts/aruco_marker_0.material
[1.647s] -- Symlinking: /home/alberto/tiago_public_ws/install/pal_gazebo_worlds/share/pal_gazebo_worlds/models/aruco_marker_0/materials/textures/aruco_marker_0.png
[1.656s] -- Symlinking: /home/alberto/tiago_public_ws/install/pal_gazebo_worlds/share/pal_gazebo_worlds/models/aruco_marker_0/model.config
[1.667s] -- Symlinking: /home/alberto/tiago_public_ws/install/pal_gazebo_worlds/share/pal_gazebo_worlds/models/aruco_marker_0/model.sdf
[1.679s] -- Symlinking: /home/alberto/tiago_public_ws/install/pal_gazebo_worlds/share/pal_gazebo_worlds/models/aruco_marker_20/materials/scripts/aruco_marker_20.material
[1.695s] -- Symlinking: /home/alberto/tiago_public_ws/install/pal_gazebo_worlds/share/pal_gazebo_worlds/models/aruco_marker_20/materials/textures/aruco_marker_20.png
[1.708s] -- Symlinking: /home/alberto/tiago_public_ws/install/pal_gazebo_worlds/share/pal_gazebo_worlds/models/aruco_marker_20/model.config
[1.723s] -- Symlinking: /home/alberto/tiago_public_ws/install/pal_gazebo_worlds/share/pal_gazebo_worlds/models/aruco_marker_20/model.sdf
[1.735s] -- Symlinking: /home/alberto/tiago_public_ws/install/pal_gazebo_worlds/share/pal_gazebo_worlds/models/aruco_marker_250_6x6_1/aruco_marker_250_6x6.sdf
[1.746s] -- Symlinking: /home/alberto/tiago_public_ws/install/pal_gazebo_worlds/share/pal_gazebo_worlds/models/aruco_marker_250_6x6_1/material/scripts/aruco_marker_250_6x6.material
[1.758s] -- Symlinking: /home/alberto/tiago_public_ws/install/pal_gazebo_worlds/share/pal_gazebo_worlds/models/aruco_marker_250_6x6_1/material/textures/Aruco_6x6_250_0.png
[1.771s] -- Symlinking: /home/alberto/tiago_public_ws/install/pal_gazebo_worlds/share/pal_gazebo_worlds/models/aruco_marker_250_6x6_1/model.config
[1.789s] -- Symlinking: /home/alberto/tiago_public_ws/install/pal_gazebo_worlds/share/pal_gazebo_worlds/models/aruco_marker_250_6x6_2/aruco_marker_250_6x6.sdf
[1.802s] -- Symlinking: /home/alberto/tiago_public_ws/install/pal_gazebo_worlds/share/pal_gazebo_worlds/models/aruco_marker_250_6x6_2/material/scripts/aruco_marker_250_6x6.material
[1.817s] -- Symlinking: /home/alberto/tiago_public_ws/install/pal_gazebo_worlds/share/pal_gazebo_worlds/models/aruco_marker_250_6x6_2/material/textures/Aruco_6x6_250_1.png
[1.830s] -- Symlinking: /home/alberto/tiago_public_ws/install/pal_gazebo_worlds/share/pal_gazebo_worlds/models/aruco_marker_250_6x6_2/model.config
[1.843s] -- Symlinking: /home/alberto/tiago_public_ws/install/pal_gazebo_worlds/share/pal_gazebo_worlds/models/aruco_marker_250_6x6_3/aruco_marker_250_6x6.sdf
[1.856s] -- Symlinking: /home/alberto/tiago_public_ws/install/pal_gazebo_worlds/share/pal_gazebo_worlds/models/aruco_marker_250_6x6_3/material/scripts/aruco_marker_250_6x6.material
[1.867s] -- Symlinking: /home/alberto/tiago_public_ws/install/pal_gazebo_worlds/share/pal_gazebo_worlds/models/aruco_marker_250_6x6_3/material/textures/Aruco_6x6_250_2.png
[1.885s] -- Symlinking: /home/alberto/tiago_public_ws/install/pal_gazebo_worlds/share/pal_gazebo_worlds/models/aruco_marker_250_6x6_3/model.config
[1.896s] -- Symlinking: /home/alberto/tiago_public_ws/install/pal_gazebo_worlds/share/pal_gazebo_worlds/models/aruco_marker_250_6x6_4/aruco_marker_250_6x6.sdf
[1.911s] -- Symlinking: /home/alberto/tiago_public_ws/install/pal_gazebo_worlds/share/pal_gazebo_worlds/models/aruco_marker_250_6x6_4/material/scripts/aruco_marker_250_6x6.material
[1.936s] -- Symlinking: /home/alberto/tiago_public_ws/install/pal_gazebo_worlds/share/pal_gazebo_worlds/models/aruco_marker_250_6x6_4/material/textures/Aruco_6x6_250_3.png
[1.950s] -- Symlinking: /home/alberto/tiago_public_ws/install/pal_gazebo_worlds/share/pal_gazebo_worlds/models/aruco_marker_250_6x6_4/model.config
[1.960s] -- Symlinking: /home/alberto/tiago_public_ws/install/pal_gazebo_worlds/share/pal_gazebo_worlds/models/aruco_marker_6cm_238/aruco_marker_6cm.sdf
[1.971s] -- Symlinking: /home/alberto/tiago_public_ws/install/pal_gazebo_worlds/share/pal_gazebo_worlds/models/aruco_marker_6cm_238/material/scripts/aruco_marker_original.material
[2.076s] -- Symlinking: /home/alberto/tiago_public_ws/install/pal_gazebo_worlds/share/pal_gazebo_worlds/models/aruco_marker_6cm_238/material/textures/Aruco_6cm_238.png
[2.088s] -- Symlinking: /home/alberto/tiago_public_ws/install/pal_gazebo_worlds/share/pal_gazebo_worlds/models/aruco_marker_6cm_238/model.config
[2.105s] -- Symlinking: /home/alberto/tiago_public_ws/install/pal_gazebo_worlds/share/pal_gazebo_worlds/models/aruco_marker_6cm_26/aruco_marker_6cm.sdf
[2.119s] -- Symlinking: /home/alberto/tiago_public_ws/install/pal_gazebo_worlds/share/pal_gazebo_worlds/models/aruco_marker_6cm_26/material/scripts/aruco_marker_original.material
[2.130s] -- Symlinking: /home/alberto/tiago_public_ws/install/pal_gazebo_worlds/share/pal_gazebo_worlds/models/aruco_marker_6cm_26/material/textures/Aruco_6cm_26.png
[2.145s] -- Symlinking: /home/alberto/tiago_public_ws/install/pal_gazebo_worlds/share/pal_gazebo_worlds/models/aruco_marker_6cm_26/model.config
[2.156s] -- Symlinking: /home/alberto/tiago_public_ws/install/pal_gazebo_worlds/share/pal_gazebo_worlds/models/aruco_marker_6cm_582/aruco_marker_6cm.sdf
[2.168s] -- Symlinking: /home/alberto/tiago_public_ws/install/pal_gazebo_worlds/share/pal_gazebo_worlds/models/aruco_marker_6cm_582/material/scripts/aruco_marker_original.material
[2.181s] -- Symlinking: /home/alberto/tiago_public_ws/install/pal_gazebo_worlds/share/pal_gazebo_worlds/models/aruco_marker_6cm_582/material/textures/Aruco_6cm_582.png
[2.194s] -- Symlinking: /home/alberto/tiago_public_ws/install/pal_gazebo_worlds/share/pal_gazebo_worlds/models/aruco_marker_6cm_582/model.config
[2.206s] -- Symlinking: /home/alberto/tiago_public_ws/install/pal_gazebo_worlds/share/pal_gazebo_worlds/models/aruco_marker_6cm_63/aruco_marker_6cm.sdf
[2.234s] -- Symlinking: /home/alberto/tiago_public_ws/install/pal_gazebo_worlds/share/pal_gazebo_worlds/models/aruco_marker_6cm_63/material/scripts/aruco_marker_original.material
[2.246s] -- Symlinking: /home/alberto/tiago_public_ws/install/pal_gazebo_worlds/share/pal_gazebo_worlds/models/aruco_marker_6cm_63/material/textures/Aruco_6cm_63.png
[2.257s] -- Symlinking: /home/alberto/tiago_public_ws/install/pal_gazebo_worlds/share/pal_gazebo_worlds/models/aruco_marker_6cm_63/model.config
[2.271s] -- Symlinking: /home/alberto/tiago_public_ws/install/pal_gazebo_worlds/share/pal_gazebo_worlds/models/aruco_marker_9cm_238/aruco_marker_9cm.sdf
[2.285s] -- Symlinking: /home/alberto/tiago_public_ws/install/pal_gazebo_worlds/share/pal_gazebo_worlds/models/aruco_marker_9cm_238/material/scripts/aruco_marker_original.material
[2.301s] -- Symlinking: /home/alberto/tiago_public_ws/install/pal_gazebo_worlds/share/pal_gazebo_worlds/models/aruco_marker_9cm_238/material/textures/Aruco_9cm_238.png
[2.319s] -- Symlinking: /home/alberto/tiago_public_ws/install/pal_gazebo_worlds/share/pal_gazebo_worlds/models/aruco_marker_9cm_238/model.config
[2.331s] -- Symlinking: /home/alberto/tiago_public_ws/install/pal_gazebo_worlds/share/pal_gazebo_worlds/models/aruco_marker_9cm_26/aruco_marker_9cm.sdf
[2.343s] -- Symlinking: /home/alberto/tiago_public_ws/install/pal_gazebo_worlds/share/pal_gazebo_worlds/models/aruco_marker_9cm_26/material/scripts/aruco_marker_original.material
[2.355s] -- Symlinking: /home/alberto/tiago_public_ws/install/pal_gazebo_worlds/share/pal_gazebo_worlds/models/aruco_marker_9cm_26/material/textures/Aruco_9cm_26.png
[2.369s] -- Symlinking: /home/alberto/tiago_public_ws/install/pal_gazebo_worlds/share/pal_gazebo_worlds/models/aruco_marker_9cm_26/model.config
[2.382s] -- Symlinking: /home/alberto/tiago_public_ws/install/pal_gazebo_worlds/share/pal_gazebo_worlds/models/aruco_marker_9cm_582/aruco_marker_9cm.sdf
[2.402s] -- Symlinking: /home/alberto/tiago_public_ws/install/pal_gazebo_worlds/share/pal_gazebo_worlds/models/aruco_marker_9cm_582/material/scripts/aruco_marker_original.material
[2.414s] -- Symlinking: /home/alberto/tiago_public_ws/install/pal_gazebo_worlds/share/pal_gazebo_worlds/models/aruco_marker_9cm_582/material/textures/Aruco_9cm_582.png
[2.429s] -- Symlinking: /home/alberto/tiago_public_ws/install/pal_gazebo_worlds/share/pal_gazebo_worlds/models/aruco_marker_9cm_582/model.config
[2.445s] -- Symlinking: /home/alberto/tiago_public_ws/install/pal_gazebo_worlds/share/pal_gazebo_worlds/models/aruco_marker_9cm_63/aruco_marker_9cm.sdf
[2.452s] -- Symlinking: /home/alberto/tiago_public_ws/install/pal_gazebo_worlds/share/pal_gazebo_worlds/models/aruco_marker_9cm_63/material/scripts/aruco_marker_original.material
[2.463s] -- Symlinking: /home/alberto/tiago_public_ws/install/pal_gazebo_worlds/share/pal_gazebo_worlds/models/aruco_marker_9cm_63/material/textures/Aruco_9cm_63.png
[2.486s] -- Symlinking: /home/alberto/tiago_public_ws/install/pal_gazebo_worlds/share/pal_gazebo_worlds/models/aruco_marker_9cm_63/model.config
[2.510s] -- Symlinking: /home/alberto/tiago_public_ws/install/pal_gazebo_worlds/share/pal_gazebo_worlds/models/aruco_marker_original_238/aruco_marker_original.sdf
[2.527s] -- Symlinking: /home/alberto/tiago_public_ws/install/pal_gazebo_worlds/share/pal_gazebo_worlds/models/aruco_marker_original_238/material/scripts/aruco_marker_original.material
[2.538s] -- Symlinking: /home/alberto/tiago_public_ws/install/pal_gazebo_worlds/share/pal_gazebo_worlds/models/aruco_marker_original_238/material/textures/Aruco_original_238.png
[2.550s] -- Symlinking: /home/alberto/tiago_public_ws/install/pal_gazebo_worlds/share/pal_gazebo_worlds/models/aruco_marker_original_238/model.config
[2.560s] -- Symlinking: /home/alberto/tiago_public_ws/install/pal_gazebo_worlds/share/pal_gazebo_worlds/models/aruco_marker_original_26/aruco_marker_original.sdf
[2.571s] -- Symlinking: /home/alberto/tiago_public_ws/install/pal_gazebo_worlds/share/pal_gazebo_worlds/models/aruco_marker_original_26/material/scripts/aruco_marker_original.material
[2.582s] -- Symlinking: /home/alberto/tiago_public_ws/install/pal_gazebo_worlds/share/pal_gazebo_worlds/models/aruco_marker_original_26/material/textures/Aruco_original_26.png
[2.593s] -- Symlinking: /home/alberto/tiago_public_ws/install/pal_gazebo_worlds/share/pal_gazebo_worlds/models/aruco_marker_original_26/model.config
[2.612s] -- Symlinking: /home/alberto/tiago_public_ws/install/pal_gazebo_worlds/share/pal_gazebo_worlds/models/aruco_marker_original_582/aruco_marker_original.sdf
[2.625s] -- Symlinking: /home/alberto/tiago_public_ws/install/pal_gazebo_worlds/share/pal_gazebo_worlds/models/aruco_marker_original_582/material/scripts/aruco_marker_original.material
[2.641s] -- Symlinking: /home/alberto/tiago_public_ws/install/pal_gazebo_worlds/share/pal_gazebo_worlds/models/aruco_marker_original_582/material/textures/Aruco_original_582.png
[2.657s] -- Symlinking: /home/alberto/tiago_public_ws/install/pal_gazebo_worlds/share/pal_gazebo_worlds/models/aruco_marker_original_582/model.config
[2.670s] -- Symlinking: /home/alberto/tiago_public_ws/install/pal_gazebo_worlds/share/pal_gazebo_worlds/models/aruco_marker_original_63/aruco_marker_original.sdf
[2.684s] -- Symlinking: /home/alberto/tiago_public_ws/install/pal_gazebo_worlds/share/pal_gazebo_worlds/models/aruco_marker_original_63/material/scripts/aruco_marker_original.material
[2.692s] -- Symlinking: /home/alberto/tiago_public_ws/install/pal_gazebo_worlds/share/pal_gazebo_worlds/models/aruco_marker_original_63/material/textures/Aruco_original_63.png
[2.710s] -- Symlinking: /home/alberto/tiago_public_ws/install/pal_gazebo_worlds/share/pal_gazebo_worlds/models/aruco_marker_original_63/model.config
[2.728s] -- Symlinking: /home/alberto/tiago_public_ws/install/pal_gazebo_worlds/share/pal_gazebo_worlds/models/bauman/README
[2.741s] -- Symlinking: /home/alberto/tiago_public_ws/install/pal_gazebo_worlds/share/pal_gazebo_worlds/models/bauman/bauman_walls.png
[2.754s] -- Symlinking: /home/alberto/tiago_public_ws/install/pal_gazebo_worlds/share/pal_gazebo_worlds/models/bauman/model.config
[2.764s] -- Symlinking: /home/alberto/tiago_public_ws/install/pal_gazebo_worlds/share/pal_gazebo_worlds/models/bauman/model.sdf
[2.806s] -- Symlinking: /home/alberto/tiago_public_ws/install/pal_gazebo_worlds/share/pal_gazebo_worlds/models/bench/bench.sdf
[2.837s] -- Symlinking: /home/alberto/tiago_public_ws/install/pal_gazebo_worlds/share/pal_gazebo_worlds/models/bench/meshes/bench.stl
[2.864s] -- Symlinking: /home/alberto/tiago_public_ws/install/pal_gazebo_worlds/share/pal_gazebo_worlds/models/bench/model.config
[2.902s] -- Symlinking: /home/alberto/tiago_public_ws/install/pal_gazebo_worlds/share/pal_gazebo_worlds/models/bifrutas_tropical_can/bifrutas_tropical_can.sdf
[2.942s] -- Symlinking: /home/alberto/tiago_public_ws/install/pal_gazebo_worlds/share/pal_gazebo_worlds/models/bifrutas_tropical_can/material/scripts/bifrutas_tropical_can.material
[2.957s] -- Symlinking: /home/alberto/tiago_public_ws/install/pal_gazebo_worlds/share/pal_gazebo_worlds/models/bifrutas_tropical_can/material/textures/bifrutas_tropical_can.jpg
[2.984s] -- Symlinking: /home/alberto/tiago_public_ws/install/pal_gazebo_worlds/share/pal_gazebo_worlds/models/bifrutas_tropical_can/model.config
[2.997s] -- Symlinking: /home/alberto/tiago_public_ws/install/pal_gazebo_worlds/share/pal_gazebo_worlds/models/biscuits_pack/biscuits_pack.sdf
[3.020s] -- Symlinking: /home/alberto/tiago_public_ws/install/pal_gazebo_worlds/share/pal_gazebo_worlds/models/biscuits_pack/material/scripts/pringles.material
[3.041s] -- Symlinking: /home/alberto/tiago_public_ws/install/pal_gazebo_worlds/share/pal_gazebo_worlds/models/biscuits_pack/material/textures/biscuits_pack.jpg
[3.080s] -- Symlinking: /home/alberto/tiago_public_ws/install/pal_gazebo_worlds/share/pal_gazebo_worlds/models/biscuits_pack/model.config
[3.080s] -- Symlinking: /home/alberto/tiago_public_ws/install/pal_gazebo_worlds/share/pal_gazebo_worlds/models/box_with_handles/box_with_handles.sdf
[3.083s] -- Symlinking: /home/alberto/tiago_public_ws/install/pal_gazebo_worlds/share/pal_gazebo_worlds/models/box_with_handles/material/scripts/aruco_marker_original.material
[3.097s] -- Symlinking: /home/alberto/tiago_public_ws/install/pal_gazebo_worlds/share/pal_gazebo_worlds/models/box_with_handles/material/textures/Aruco_original_582.png
[3.131s] -- Symlinking: /home/alberto/tiago_public_ws/install/pal_gazebo_worlds/share/pal_gazebo_worlds/models/box_with_handles/model.config
[3.168s] -- Symlinking: /home/alberto/tiago_public_ws/install/pal_gazebo_worlds/share/pal_gazebo_worlds/models/brick_box_3x1x3/materials/scripts/brick_box.material
[3.192s] -- Symlinking: /home/alberto/tiago_public_ws/install/pal_gazebo_worlds/share/pal_gazebo_worlds/models/brick_box_3x1x3/materials/textures/simple_box.png
[3.203s] -- Symlinking: /home/alberto/tiago_public_ws/install/pal_gazebo_worlds/share/pal_gazebo_worlds/models/brick_box_3x1x3/meshes/simple_box.dae
[3.220s] -- Symlinking: /home/alberto/tiago_public_ws/install/pal_gazebo_worlds/share/pal_gazebo_worlds/models/brick_box_3x1x3/model-1_3.sdf
[3.244s] -- Symlinking: /home/alberto/tiago_public_ws/install/pal_gazebo_worlds/share/pal_gazebo_worlds/models/brick_box_3x1x3/model-1_4.sdf
[3.274s] -- Symlinking: /home/alberto/tiago_public_ws/install/pal_gazebo_worlds/share/pal_gazebo_worlds/models/brick_box_3x1x3/model.config
[3.291s] -- Symlinking: /home/alberto/tiago_public_ws/install/pal_gazebo_worlds/share/pal_gazebo_worlds/models/brick_box_3x1x3/model.sdf
[3.331s] -- Symlinking: /home/alberto/tiago_public_ws/install/pal_gazebo_worlds/share/pal_gazebo_worlds/models/citizen_extras_female_02/images/_01_-_Default1noCulling.JPG
[3.361s] -- Symlinking: /home/alberto/tiago_public_ws/install/pal_gazebo_worlds/share/pal_gazebo_worlds/models/citizen_extras_female_02/images/_02_-_Default1noCulling.JPG
[3.391s] -- Symlinking: /home/alberto/tiago_public_ws/install/pal_gazebo_worlds/share/pal_gazebo_worlds/models/citizen_extras_female_02/images/_03_-_Default1noCulling.JPG
[3.406s] -- Symlinking: /home/alberto/tiago_public_ws/install/pal_gazebo_worlds/share/pal_gazebo_worlds/models/citizen_extras_female_02/meshes/mesh.dae
[3.427s] -- Symlinking: /home/alberto/tiago_public_ws/install/pal_gazebo_worlds/share/pal_gazebo_worlds/models/citizen_extras_female_02/model.config
[3.459s] -- Symlinking: /home/alberto/tiago_public_ws/install/pal_gazebo_worlds/share/pal_gazebo_worlds/models/citizen_extras_female_02/model.sdf
[3.485s] -- Symlinking: /home/alberto/tiago_public_ws/install/pal_gazebo_worlds/share/pal_gazebo_worlds/models/citizen_extras_female_03/images/Material__1noCulling.JPG
[3.501s] -- Symlinking: /home/alberto/tiago_public_ws/install/pal_gazebo_worlds/share/pal_gazebo_worlds/models/citizen_extras_female_03/images/Material__2noCulling.JPG
[3.522s] -- Symlinking: /home/alberto/tiago_public_ws/install/pal_gazebo_worlds/share/pal_gazebo_worlds/models/citizen_extras_female_03/images/_03_-_Default1noCulling.JPG
[3.548s] -- Symlinking: /home/alberto/tiago_public_ws/install/pal_gazebo_worlds/share/pal_gazebo_worlds/models/citizen_extras_female_03/meshes/mesh.dae
[3.573s] -- Symlinking: /home/alberto/tiago_public_ws/install/pal_gazebo_worlds/share/pal_gazebo_worlds/models/citizen_extras_female_03/model.config
[3.585s] -- Symlinking: /home/alberto/tiago_public_ws/install/pal_gazebo_worlds/share/pal_gazebo_worlds/models/citizen_extras_female_03/model.sdf
[3.599s] -- Symlinking: /home/alberto/tiago_public_ws/install/pal_gazebo_worlds/share/pal_gazebo_worlds/models/citizen_extras_male_03/images/Material__1noCulling.JPG
[3.617s] -- Symlinking: /home/alberto/tiago_public_ws/install/pal_gazebo_worlds/share/pal_gazebo_worlds/models/citizen_extras_male_03/images/hair1noCulling.JPG
[3.643s] -- Symlinking: /home/alberto/tiago_public_ws/install/pal_gazebo_worlds/share/pal_gazebo_worlds/models/citizen_extras_male_03/images/hrad1noCulling.JPG
[3.660s] -- Symlinking: /home/alberto/tiago_public_ws/install/pal_gazebo_worlds/share/pal_gazebo_worlds/models/citizen_extras_male_03/meshes/mesh.dae
[3.678s] -- Symlinking: /home/alberto/tiago_public_ws/install/pal_gazebo_worlds/share/pal_gazebo_worlds/models/citizen_extras_male_03/model.config
[3.704s] -- Symlinking: /home/alberto/tiago_public_ws/install/pal_gazebo_worlds/share/pal_gazebo_worlds/models/citizen_extras_male_03/model.sdf
[3.739s] -- Symlinking: /home/alberto/tiago_public_ws/install/pal_gazebo_worlds/share/pal_gazebo_worlds/models/closet/closet.sdf
[3.772s] -- Symlinking: /home/alberto/tiago_public_ws/install/pal_gazebo_worlds/share/pal_gazebo_worlds/models/closet/meshes/closet.stl
[3.810s] -- Symlinking: /home/alberto/tiago_public_ws/install/pal_gazebo_worlds/share/pal_gazebo_worlds/models/closet/model.config
[3.844s] -- Symlinking: /home/alberto/tiago_public_ws/install/pal_gazebo_worlds/share/pal_gazebo_worlds/models/cocacola/cocacola.sdf
[3.871s] -- Symlinking: /home/alberto/tiago_public_ws/install/pal_gazebo_worlds/share/pal_gazebo_worlds/models/cocacola/material/scripts/cocacola.material
[3.899s] -- Symlinking: /home/alberto/tiago_public_ws/install/pal_gazebo_worlds/share/pal_gazebo_worlds/models/cocacola/material/textures/cocacola.jpg
[3.919s] -- Symlinking: /home/alberto/tiago_public_ws/install/pal_gazebo_worlds/share/pal_gazebo_worlds/models/cocacola/model.config
[3.945s] -- Symlinking: /home/alberto/tiago_public_ws/install/pal_gazebo_worlds/share/pal_gazebo_worlds/models/coke_can_slim/coke_can_slim.sdf
[3.970s] -- Symlinking: /home/alberto/tiago_public_ws/install/pal_gazebo_worlds/share/pal_gazebo_worlds/models/coke_can_slim/material/scripts/coke_can_slim.material
[3.997s] -- Symlinking: /home/alberto/tiago_public_ws/install/pal_gazebo_worlds/share/pal_gazebo_worlds/models/coke_can_slim/material/textures/coke_can_slim.jpg
[4.025s] -- Symlinking: /home/alberto/tiago_public_ws/install/pal_gazebo_worlds/share/pal_gazebo_worlds/models/coke_can_slim/model.config
[4.058s] -- Symlinking: /home/alberto/tiago_public_ws/install/pal_gazebo_worlds/share/pal_gazebo_worlds/models/database.config
[4.076s] -- Symlinking: /home/alberto/tiago_public_ws/install/pal_gazebo_worlds/share/pal_gazebo_worlds/models/dining_chair/dining_chair.sdf
[4.107s] -- Symlinking: /home/alberto/tiago_public_ws/install/pal_gazebo_worlds/share/pal_gazebo_worlds/models/dining_chair/meshes/dining_chair.stl
[4.128s] -- Symlinking: /home/alberto/tiago_public_ws/install/pal_gazebo_worlds/share/pal_gazebo_worlds/models/dining_chair/model.config
[4.155s] -- Symlinking: /home/alberto/tiago_public_ws/install/pal_gazebo_worlds/share/pal_gazebo_worlds/models/dock1/dock1.sdf
[4.181s] -- Symlinking: /home/alberto/tiago_public_ws/install/pal_gazebo_worlds/share/pal_gazebo_worlds/models/dock1/meshes/dock1.dae
[4.209s] -- Symlinking: /home/alberto/tiago_public_ws/install/pal_gazebo_worlds/share/pal_gazebo_worlds/models/dock1/model.config
[4.235s] -- Symlinking: /home/alberto/tiago_public_ws/install/pal_gazebo_worlds/share/pal_gazebo_worlds/models/door_obstacle/door_obstacle.sdf
[4.272s] -- Symlinking: /home/alberto/tiago_public_ws/install/pal_gazebo_worlds/share/pal_gazebo_worlds/models/door_obstacle/model.config
[4.313s] -- Symlinking: /home/alberto/tiago_public_ws/install/pal_gazebo_worlds/share/pal_gazebo_worlds/models/floor_lamp/floor_lamp.sdf
[4.327s] -- Symlinking: /home/alberto/tiago_public_ws/install/pal_gazebo_worlds/share/pal_gazebo_worlds/models/floor_lamp/meshes/floor_lamp.stl
[4.349s] -- Symlinking: /home/alberto/tiago_public_ws/install/pal_gazebo_worlds/share/pal_gazebo_worlds/models/floor_lamp/model.config
[4.363s] -- Symlinking: /home/alberto/tiago_public_ws/install/pal_gazebo_worlds/share/pal_gazebo_worlds/models/goetz_sofa/goetz_sofa.sdf
[4.382s] -- Symlinking: /home/alberto/tiago_public_ws/install/pal_gazebo_worlds/share/pal_gazebo_worlds/models/goetz_sofa/materials/textures/texture0.jpg
[4.402s] -- Symlinking: /home/alberto/tiago_public_ws/install/pal_gazebo_worlds/share/pal_gazebo_worlds/models/goetz_sofa/meshes/goetz_sofa.dae
[4.429s] -- Symlinking: /home/alberto/tiago_public_ws/install/pal_gazebo_worlds/share/pal_gazebo_worlds/models/goetz_sofa/model.config
[4.454s] -- Symlinking: /home/alberto/tiago_public_ws/install/pal_gazebo_worlds/share/pal_gazebo_worlds/models/green_ball/materials/scripts/ball.material
[4.471s] -- Symlinking: /home/alberto/tiago_public_ws/install/pal_gazebo_worlds/share/pal_gazebo_worlds/models/green_ball/model.config
[4.509s] -- Symlinking: /home/alberto/tiago_public_ws/install/pal_gazebo_worlds/share/pal_gazebo_worlds/models/green_ball/model.sdf
[4.527s] -- Symlinking: /home/alberto/tiago_public_ws/install/pal_gazebo_worlds/share/pal_gazebo_worlds/models/green_cube/green_cube.sdf
[4.566s] -- Symlinking: /home/alberto/tiago_public_ws/install/pal_gazebo_worlds/share/pal_gazebo_worlds/models/green_cube/model.config
[4.586s] -- Symlinking: /home/alberto/tiago_public_ws/install/pal_gazebo_worlds/share/pal_gazebo_worlds/models/green_rectangle/green_rectangle.sdf
[4.610s] -- Symlinking: /home/alberto/tiago_public_ws/install/pal_gazebo_worlds/share/pal_gazebo_worlds/models/green_rectangle/model.config
[4.634s] -- Symlinking: /home/alberto/tiago_public_ws/install/pal_gazebo_worlds/share/pal_gazebo_worlds/models/ground_plane/model-1_2.sdf
[4.665s] -- Symlinking: /home/alberto/tiago_public_ws/install/pal_gazebo_worlds/share/pal_gazebo_worlds/models/ground_plane/model-1_3.sdf
[4.674s] -- Symlinking: /home/alberto/tiago_public_ws/install/pal_gazebo_worlds/share/pal_gazebo_worlds/models/ground_plane/model-1_4.sdf
[4.688s] -- Symlinking: /home/alberto/tiago_public_ws/install/pal_gazebo_worlds/share/pal_gazebo_worlds/models/ground_plane/model.config
[4.702s] -- Symlinking: /home/alberto/tiago_public_ws/install/pal_gazebo_worlds/share/pal_gazebo_worlds/models/ground_plane/model.sdf
[4.721s] -- Symlinking: /home/alberto/tiago_public_ws/install/pal_gazebo_worlds/share/pal_gazebo_worlds/models/hospital_flat_map/hospital_flat_map.sdf
[4.765s] -- Symlinking: /home/alberto/tiago_public_ws/install/pal_gazebo_worlds/share/pal_gazebo_worlds/models/hospital_flat_map/meshes/hospital_flat_map.stl
[4.791s] -- Symlinking: /home/alberto/tiago_public_ws/install/pal_gazebo_worlds/share/pal_gazebo_worlds/models/hospital_flat_map/model.config
[4.819s] -- Symlinking: /home/alberto/tiago_public_ws/install/pal_gazebo_worlds/share/pal_gazebo_worlds/models/hospital_map/hospital_map.sdf
[4.842s] -- Symlinking: /home/alberto/tiago_public_ws/install/pal_gazebo_worlds/share/pal_gazebo_worlds/models/hospital_map/meshes/g1.stl
[4.890s] -- Symlinking: /home/alberto/tiago_public_ws/install/pal_gazebo_worlds/share/pal_gazebo_worlds/models/hospital_map/meshes/g2.stl
[4.909s] -- Symlinking: /home/alberto/tiago_public_ws/install/pal_gazebo_worlds/share/pal_gazebo_worlds/models/hospital_map/meshes/g3.stl
[4.922s] -- Symlinking: /home/alberto/tiago_public_ws/install/pal_gazebo_worlds/share/pal_gazebo_worlds/models/hospital_map/meshes/g4.stl
[4.942s] -- Symlinking: /home/alberto/tiago_public_ws/install/pal_gazebo_worlds/share/pal_gazebo_worlds/models/hospital_map/meshes/g5.stl
[4.972s] -- Symlinking: /home/alberto/tiago_public_ws/install/pal_gazebo_worlds/share/pal_gazebo_worlds/models/hospital_map/meshes/g6.stl
[4.997s] -- Symlinking: /home/alberto/tiago_public_ws/install/pal_gazebo_worlds/share/pal_gazebo_worlds/models/hospital_map/meshes/g7.stl
[5.011s] -- Symlinking: /home/alberto/tiago_public_ws/install/pal_gazebo_worlds/share/pal_gazebo_worlds/models/hospital_map/meshes/gr1.stl
[5.033s] -- Symlinking: /home/alberto/tiago_public_ws/install/pal_gazebo_worlds/share/pal_gazebo_worlds/models/hospital_map/meshes/gr2.stl
[5.048s] -- Symlinking: /home/alberto/tiago_public_ws/install/pal_gazebo_worlds/share/pal_gazebo_worlds/models/hospital_map/meshes/gr3.stl
[5.066s] -- Symlinking: /home/alberto/tiago_public_ws/install/pal_gazebo_worlds/share/pal_gazebo_worlds/models/hospital_map/meshes/gr4.stl
[5.084s] -- Symlinking: /home/alberto/tiago_public_ws/install/pal_gazebo_worlds/share/pal_gazebo_worlds/models/hospital_map/meshes/gr5.stl
[5.098s] -- Symlinking: /home/alberto/tiago_public_ws/install/pal_gazebo_worlds/share/pal_gazebo_worlds/models/hospital_map/meshes/gr6.stl
[5.137s] -- Symlinking: /home/alberto/tiago_public_ws/install/pal_gazebo_worlds/share/pal_gazebo_worlds/models/hospital_map/meshes/hospital_map.stl
[5.159s] -- Symlinking: /home/alberto/tiago_public_ws/install/pal_gazebo_worlds/share/pal_gazebo_worlds/models/hospital_map/meshes/w1.stl
[5.186s] -- Symlinking: /home/alberto/tiago_public_ws/install/pal_gazebo_worlds/share/pal_gazebo_worlds/models/hospital_map/meshes/w2.stl
[5.222s] -- Symlinking: /home/alberto/tiago_public_ws/install/pal_gazebo_worlds/share/pal_gazebo_worlds/models/hospital_map/meshes/w3.stl
[5.267s] -- Symlinking: /home/alberto/tiago_public_ws/install/pal_gazebo_worlds/share/pal_gazebo_worlds/models/hospital_map/meshes/w4.stl
[5.305s] -- Symlinking: /home/alberto/tiago_public_ws/install/pal_gazebo_worlds/share/pal_gazebo_worlds/models/hospital_map/meshes/w5.stl
[5.344s] -- Symlinking: /home/alberto/tiago_public_ws/install/pal_gazebo_worlds/share/pal_gazebo_worlds/models/hospital_map/meshes/w6.stl
[5.388s] -- Symlinking: /home/alberto/tiago_public_ws/install/pal_gazebo_worlds/share/pal_gazebo_worlds/models/hospital_map/meshes/w7.stl
[5.431s] -- Symlinking: /home/alberto/tiago_public_ws/install/pal_gazebo_worlds/share/pal_gazebo_worlds/models/hospital_map/meshes/wr1.stl
[5.462s] -- Symlinking: /home/alberto/tiago_public_ws/install/pal_gazebo_worlds/share/pal_gazebo_worlds/models/hospital_map/meshes/wr2.stl
[5.494s] -- Symlinking: /home/alberto/tiago_public_ws/install/pal_gazebo_worlds/share/pal_gazebo_worlds/models/hospital_map/meshes/wr3.stl
[5.519s] -- Symlinking: /home/alberto/tiago_public_ws/install/pal_gazebo_worlds/share/pal_gazebo_worlds/models/hospital_map/meshes/wr4.stl
[5.540s] -- Symlinking: /home/alberto/tiago_public_ws/install/pal_gazebo_worlds/share/pal_gazebo_worlds/models/hospital_map/meshes/wr5.stl
[5.595s] -- Symlinking: /home/alberto/tiago_public_ws/install/pal_gazebo_worlds/share/pal_gazebo_worlds/models/hospital_map/meshes/wr6.stl
[5.623s] -- Symlinking: /home/alberto/tiago_public_ws/install/pal_gazebo_worlds/share/pal_gazebo_worlds/models/hospital_map/model.config
[5.646s] -- Symlinking: /home/alberto/tiago_public_ws/install/pal_gazebo_worlds/share/pal_gazebo_worlds/models/ideal_sun/model.config
[5.675s] -- Symlinking: /home/alberto/tiago_public_ws/install/pal_gazebo_worlds/share/pal_gazebo_worlds/models/ideal_sun/model.sdf
[5.703s] -- Symlinking: /home/alberto/tiago_public_ws/install/pal_gazebo_worlds/share/pal_gazebo_worlds/models/ikea_ektorp_chair/meshes/IKE06001.JPG
[5.729s] -- Symlinking: /home/alberto/tiago_public_ws/install/pal_gazebo_worlds/share/pal_gazebo_worlds/models/ikea_ektorp_chair/meshes/mesh.dae
[5.749s] -- Symlinking: /home/alberto/tiago_public_ws/install/pal_gazebo_worlds/share/pal_gazebo_worlds/models/ikea_ektorp_chair/model.config
[5.783s] -- Symlinking: /home/alberto/tiago_public_ws/install/pal_gazebo_worlds/share/pal_gazebo_worlds/models/ikea_ektorp_chair/model.sdf
[5.820s] -- Symlinking: /home/alberto/tiago_public_ws/install/pal_gazebo_worlds/share/pal_gazebo_worlds/models/ikea_folke_chair/meshes/mesh.dae
[5.847s] -- Symlinking: /home/alberto/tiago_public_ws/install/pal_gazebo_worlds/share/pal_gazebo_worlds/models/ikea_folke_chair/meshes/notexture.png
[5.886s] -- Symlinking: /home/alberto/tiago_public_ws/install/pal_gazebo_worlds/share/pal_gazebo_worlds/models/ikea_folke_chair/meshes/texture.png
[5.897s] -- Symlinking: /home/alberto/tiago_public_ws/install/pal_gazebo_worlds/share/pal_gazebo_worlds/models/ikea_folke_chair/model.config
[5.929s] -- Symlinking: /home/alberto/tiago_public_ws/install/pal_gazebo_worlds/share/pal_gazebo_worlds/models/ikea_folke_chair/model.sdf
[5.960s] -- Symlinking: /home/alberto/tiago_public_ws/install/pal_gazebo_worlds/share/pal_gazebo_worlds/models/ikea_harry_chair/meshes/body.png
[5.988s] -- Symlinking: /home/alberto/tiago_public_ws/install/pal_gazebo_worlds/share/pal_gazebo_worlds/models/ikea_harry_chair/meshes/legs.png
[6.014s] -- Symlinking: /home/alberto/tiago_public_ws/install/pal_gazebo_worlds/share/pal_gazebo_worlds/models/ikea_harry_chair/meshes/mesh.dae
[6.040s] -- Symlinking: /home/alberto/tiago_public_ws/install/pal_gazebo_worlds/share/pal_gazebo_worlds/models/ikea_harry_chair/model.config
[6.065s] -- Symlinking: /home/alberto/tiago_public_ws/install/pal_gazebo_worlds/share/pal_gazebo_worlds/models/ikea_harry_chair/model.sdf
[6.101s] -- Symlinking: /home/alberto/tiago_public_ws/install/pal_gazebo_worlds/share/pal_gazebo_worlds/models/ikea_stefan_chair/meshes/mesh.dae
[6.135s] -- Symlinking: /home/alberto/tiago_public_ws/install/pal_gazebo_worlds/share/pal_gazebo_worlds/models/ikea_stefan_chair/model.config
[6.151s] -- Symlinking: /home/alberto/tiago_public_ws/install/pal_gazebo_worlds/share/pal_gazebo_worlds/models/ikea_stefan_chair/model.sdf
[6.184s] -- Symlinking: /home/alberto/tiago_public_ws/install/pal_gazebo_worlds/share/pal_gazebo_worlds/models/ikea_urban_chair/meshes/mesh.dae
[6.205s] -- Symlinking: /home/alberto/tiago_public_ws/install/pal_gazebo_worlds/share/pal_gazebo_worlds/models/ikea_urban_chair/meshes/notexture.png
[6.227s] -- Symlinking: /home/alberto/tiago_public_ws/install/pal_gazebo_worlds/share/pal_gazebo_worlds/models/ikea_urban_chair/model.config
[6.244s] -- Symlinking: /home/alberto/tiago_public_ws/install/pal_gazebo_worlds/share/pal_gazebo_worlds/models/ikea_urban_chair/model.sdf
[6.271s] -- Symlinking: /home/alberto/tiago_public_ws/install/pal_gazebo_worlds/share/pal_gazebo_worlds/models/kitchen_chair/kitchen_chair.sdf
[6.294s] -- Symlinking: /home/alberto/tiago_public_ws/install/pal_gazebo_worlds/share/pal_gazebo_worlds/models/kitchen_chair/meshes/kitchen_chair.stl
[6.317s] -- Symlinking: /home/alberto/tiago_public_ws/install/pal_gazebo_worlds/share/pal_gazebo_worlds/models/kitchen_chair/model.config
[6.350s] -- Symlinking: /home/alberto/tiago_public_ws/install/pal_gazebo_worlds/share/pal_gazebo_worlds/models/kitchen_table/kitchen_table.sdf
[6.358s] -- Symlinking: /home/alberto/tiago_public_ws/install/pal_gazebo_worlds/share/pal_gazebo_worlds/models/kitchen_table/meshes/kitchen_table.stl
[6.386s] -- Symlinking: /home/alberto/tiago_public_ws/install/pal_gazebo_worlds/share/pal_gazebo_worlds/models/kitchen_table/model.config
[6.402s] -- Symlinking: /home/alberto/tiago_public_ws/install/pal_gazebo_worlds/share/pal_gazebo_worlds/models/lamp/lamp.sdf
[6.427s] -- Symlinking: /home/alberto/tiago_public_ws/install/pal_gazebo_worlds/share/pal_gazebo_worlds/models/lamp/meshes/lamp.stl
[6.456s] -- Symlinking: /home/alberto/tiago_public_ws/install/pal_gazebo_worlds/share/pal_gazebo_worlds/models/lamp/model.config
[6.492s] -- Symlinking: /home/alberto/tiago_public_ws/install/pal_gazebo_worlds/share/pal_gazebo_worlds/models/macrolink_small_table/model.config
[6.515s] -- Symlinking: /home/alberto/tiago_public_ws/install/pal_gazebo_worlds/share/pal_gazebo_worlds/models/macrolink_small_table/table.sdf
[6.539s] -- Symlinking: /home/alberto/tiago_public_ws/install/pal_gazebo_worlds/share/pal_gazebo_worlds/models/macrolink_table/model.config
[6.559s] -- Symlinking: /home/alberto/tiago_public_ws/install/pal_gazebo_worlds/share/pal_gazebo_worlds/models/macrolink_table/table.sdf
[6.580s] -- Symlinking: /home/alberto/tiago_public_ws/install/pal_gazebo_worlds/share/pal_gazebo_worlds/models/marker26_8cm/marker26_8cm.sdf
[6.605s] -- Symlinking: /home/alberto/tiago_public_ws/install/pal_gazebo_worlds/share/pal_gazebo_worlds/models/marker26_8cm/material/scripts/marker26_8cm.material
[6.633s] -- Symlinking: /home/alberto/tiago_public_ws/install/pal_gazebo_worlds/share/pal_gazebo_worlds/models/marker26_8cm/material/textures/aruco-26_8cm.png
[6.652s] -- Symlinking: /home/alberto/tiago_public_ws/install/pal_gazebo_worlds/share/pal_gazebo_worlds/models/marker26_8cm/model.config
[6.678s] -- Symlinking: /home/alberto/tiago_public_ws/install/pal_gazebo_worlds/share/pal_gazebo_worlds/models/pal_poster/material/scripts/pal_poster.material
[6.718s] -- Symlinking: /home/alberto/tiago_public_ws/install/pal_gazebo_worlds/share/pal_gazebo_worlds/models/pal_poster/material/textures/pal_poster.jpg
[6.745s] -- Symlinking: /home/alberto/tiago_public_ws/install/pal_gazebo_worlds/share/pal_gazebo_worlds/models/pal_poster/model.config
[6.774s] -- Symlinking: /home/alberto/tiago_public_ws/install/pal_gazebo_worlds/share/pal_gazebo_worlds/models/pal_poster/pal_poster.sdf
[6.803s] -- Symlinking: /home/alberto/tiago_public_ws/install/pal_gazebo_worlds/share/pal_gazebo_worlds/models/pal_textured_object/material/scripts/pal_textured_object.material
[6.832s] -- Symlinking: /home/alberto/tiago_public_ws/install/pal_gazebo_worlds/share/pal_gazebo_worlds/models/pal_textured_object/material/textures/pal_textured_object.png
[6.872s] -- Symlinking: /home/alberto/tiago_public_ws/install/pal_gazebo_worlds/share/pal_gazebo_worlds/models/pal_textured_object/model.config
[6.894s] -- Symlinking: /home/alberto/tiago_public_ws/install/pal_gazebo_worlds/share/pal_gazebo_worlds/models/pal_textured_object/pal_textured_object.sdf
[6.937s] -- Symlinking: /home/alberto/tiago_public_ws/install/pal_gazebo_worlds/share/pal_gazebo_worlds/models/pringles/material/scripts/pringles.material
[6.966s] -- Symlinking: /home/alberto/tiago_public_ws/install/pal_gazebo_worlds/share/pal_gazebo_worlds/models/pringles/material/textures/pringles.jpg
[6.972s] -- Symlinking: /home/alberto/tiago_public_ws/install/pal_gazebo_worlds/share/pal_gazebo_worlds/models/pringles/model.config
[7.071s] -- Symlinking: /home/alberto/tiago_public_ws/install/pal_gazebo_worlds/share/pal_gazebo_worlds/models/pringles/pringles.sdf
[7.100s] -- Symlinking: /home/alberto/tiago_public_ws/install/pal_gazebo_worlds/share/pal_gazebo_worlds/models/pringles2/material/scripts/pringles2.material
[7.134s] -- Symlinking: /home/alberto/tiago_public_ws/install/pal_gazebo_worlds/share/pal_gazebo_worlds/models/pringles2/material/textures/pringles2.jpg
[7.134s] -- Symlinking: /home/alberto/tiago_public_ws/install/pal_gazebo_worlds/share/pal_gazebo_worlds/models/pringles2/model.config
[7.165s] -- Symlinking: /home/alberto/tiago_public_ws/install/pal_gazebo_worlds/share/pal_gazebo_worlds/models/pringles2/pringles2.sdf
[7.203s] -- Symlinking: /home/alberto/tiago_public_ws/install/pal_gazebo_worlds/share/pal_gazebo_worlds/models/reemc_bookshelf/bookshelf.sdf
[7.225s] -- Symlinking: /home/alberto/tiago_public_ws/install/pal_gazebo_worlds/share/pal_gazebo_worlds/models/reemc_bookshelf/model.config
[7.243s] -- Symlinking: /home/alberto/tiago_public_ws/install/pal_gazebo_worlds/share/pal_gazebo_worlds/models/reemc_cabinet/cabinet.sdf
[7.263s] -- Symlinking: /home/alberto/tiago_public_ws/install/pal_gazebo_worlds/share/pal_gazebo_worlds/models/reemc_cabinet/model.config
[7.294s] -- Symlinking: /home/alberto/tiago_public_ws/install/pal_gazebo_worlds/share/pal_gazebo_worlds/models/reemc_table/model.config
[7.331s] -- Symlinking: /home/alberto/tiago_public_ws/install/pal_gazebo_worlds/share/pal_gazebo_worlds/models/reemc_table/table.sdf
[7.352s] -- Symlinking: /home/alberto/tiago_public_ws/install/pal_gazebo_worlds/share/pal_gazebo_worlds/models/reemc_textured_object/meshes/mesh.dae
[7.376s] -- Symlinking: /home/alberto/tiago_public_ws/install/pal_gazebo_worlds/share/pal_gazebo_worlds/models/reemc_textured_object/meshes/texture.jpg
[7.410s] -- Symlinking: /home/alberto/tiago_public_ws/install/pal_gazebo_worlds/share/pal_gazebo_worlds/models/reemc_textured_object/model.config
[7.433s] -- Symlinking: /home/alberto/tiago_public_ws/install/pal_gazebo_worlds/share/pal_gazebo_worlds/models/reemc_textured_object/model.sdf
[7.458s] -- Symlinking: /home/alberto/tiago_public_ws/install/pal_gazebo_worlds/share/pal_gazebo_worlds/models/reemc_textured_object_nograv/model.config
[7.490s] -- Symlinking: /home/alberto/tiago_public_ws/install/pal_gazebo_worlds/share/pal_gazebo_worlds/models/reemc_textured_object_nograv/model.sdf
[7.523s] -- Symlinking: /home/alberto/tiago_public_ws/install/pal_gazebo_worlds/share/pal_gazebo_worlds/models/reemc_walls/model.config
[7.558s] -- Symlinking: /home/alberto/tiago_public_ws/install/pal_gazebo_worlds/share/pal_gazebo_worlds/models/reemc_walls/walls.sdf
[7.588s] -- Symlinking: /home/alberto/tiago_public_ws/install/pal_gazebo_worlds/share/pal_gazebo_worlds/models/reviews_table/meshes/reviews_table.stl
[7.624s] -- Symlinking: /home/alberto/tiago_public_ws/install/pal_gazebo_worlds/share/pal_gazebo_worlds/models/reviews_table/model.config
[7.652s] -- Symlinking: /home/alberto/tiago_public_ws/install/pal_gazebo_worlds/share/pal_gazebo_worlds/models/reviews_table/reviews_table.sdf
[7.702s] -- Symlinking: /home/alberto/tiago_public_ws/install/pal_gazebo_worlds/share/pal_gazebo_worlds/models/robocup_walls_70cm_doors/house_walls.sdf
[7.739s] -- Symlinking: /home/alberto/tiago_public_ws/install/pal_gazebo_worlds/share/pal_gazebo_worlds/models/robocup_walls_70cm_doors/meshes/robocup_house.stl
[7.767s] -- Symlinking: /home/alberto/tiago_public_ws/install/pal_gazebo_worlds/share/pal_gazebo_worlds/models/robocup_walls_70cm_doors/model.config
[7.795s] -- Symlinking: /home/alberto/tiago_public_ws/install/pal_gazebo_worlds/share/pal_gazebo_worlds/models/rockin_camp/README
[7.828s] -- Symlinking: /home/alberto/tiago_public_ws/install/pal_gazebo_worlds/share/pal_gazebo_worlds/models/rockin_camp/model.config
[7.862s] -- Symlinking: /home/alberto/tiago_public_ws/install/pal_gazebo_worlds/share/pal_gazebo_worlds/models/rockin_camp/model.sdf
[7.890s] -- Symlinking: /home/alberto/tiago_public_ws/install/pal_gazebo_worlds/share/pal_gazebo_worlds/models/rockin_camp/rockin_camp.png
[7.914s] -- Symlinking: /home/alberto/tiago_public_ws/install/pal_gazebo_worlds/share/pal_gazebo_worlds/models/sideboard/meshes/sideboard.stl
[7.954s] -- Symlinking: /home/alberto/tiago_public_ws/install/pal_gazebo_worlds/share/pal_gazebo_worlds/models/sideboard/model.config
[7.965s] -- Symlinking: /home/alberto/tiago_public_ws/install/pal_gazebo_worlds/share/pal_gazebo_worlds/models/sideboard/sideboard.sdf
[7.978s] -- Symlinking: /home/alberto/tiago_public_ws/install/pal_gazebo_worlds/share/pal_gazebo_worlds/models/slippery_patch/material/scripts/slippery_patch.material
[8.008s] -- Symlinking: /home/alberto/tiago_public_ws/install/pal_gazebo_worlds/share/pal_gazebo_worlds/models/slippery_patch/material/textures/slippery_patch.jpg
[8.036s] -- Symlinking: /home/alberto/tiago_public_ws/install/pal_gazebo_worlds/share/pal_gazebo_worlds/models/slippery_patch/model.config
[8.061s] -- Symlinking: /home/alberto/tiago_public_ws/install/pal_gazebo_worlds/share/pal_gazebo_worlds/models/slippery_patch/slippery_patch.sdf
[8.088s] -- Symlinking: /home/alberto/tiago_public_ws/install/pal_gazebo_worlds/share/pal_gazebo_worlds/models/small_cylinder/model.config
[8.127s] -- Symlinking: /home/alberto/tiago_public_ws/install/pal_gazebo_worlds/share/pal_gazebo_worlds/models/small_cylinder/small_cylinder.sdf
[8.156s] -- Symlinking: /home/alberto/tiago_public_ws/install/pal_gazebo_worlds/share/pal_gazebo_worlds/models/sofa/meshes/sofa.stl
[8.181s] -- Symlinking: /home/alberto/tiago_public_ws/install/pal_gazebo_worlds/share/pal_gazebo_worlds/models/sofa/model.config
[8.211s] -- Symlinking: /home/alberto/tiago_public_ws/install/pal_gazebo_worlds/share/pal_gazebo_worlds/models/sofa/sofa.sdf
[8.242s] -- Symlinking: /home/alberto/tiago_public_ws/install/pal_gazebo_worlds/share/pal_gazebo_worlds/models/sprite/material/scripts/sprite.material
[8.274s] -- Symlinking: /home/alberto/tiago_public_ws/install/pal_gazebo_worlds/share/pal_gazebo_worlds/models/sprite/material/textures/sprite.jpg
[8.299s] -- Symlinking: /home/alberto/tiago_public_ws/install/pal_gazebo_worlds/share/pal_gazebo_worlds/models/sprite/model.config
[8.325s] -- Symlinking: /home/alberto/tiago_public_ws/install/pal_gazebo_worlds/share/pal_gazebo_worlds/models/sprite/sprite.sdf
[8.357s] -- Symlinking: /home/alberto/tiago_public_ws/install/pal_gazebo_worlds/share/pal_gazebo_worlds/models/sun/model-1_2.sdf
[8.386s] -- Symlinking: /home/alberto/tiago_public_ws/install/pal_gazebo_worlds/share/pal_gazebo_worlds/models/sun/model-1_3.sdf
[8.416s] -- Symlinking: /home/alberto/tiago_public_ws/install/pal_gazebo_worlds/share/pal_gazebo_worlds/models/sun/model-1_4.sdf
[8.452s] -- Symlinking: /home/alberto/tiago_public_ws/install/pal_gazebo_worlds/share/pal_gazebo_worlds/models/sun/model.config
[8.475s] -- Symlinking: /home/alberto/tiago_public_ws/install/pal_gazebo_worlds/share/pal_gazebo_worlds/models/sun/model.sdf
[8.514s] -- Symlinking: /home/alberto/tiago_public_ws/install/pal_gazebo_worlds/share/pal_gazebo_worlds/models/table_0m8/model.config
[8.545s] -- Symlinking: /home/alberto/tiago_public_ws/install/pal_gazebo_worlds/share/pal_gazebo_worlds/models/table_0m8/table.sdf
[8.585s] -- Symlinking: /home/alberto/tiago_public_ws/install/pal_gazebo_worlds/share/pal_gazebo_worlds/models/table_1m/model.config
[8.614s] -- Symlinking: /home/alberto/tiago_public_ws/install/pal_gazebo_worlds/share/pal_gazebo_worlds/models/table_1m/table_1m.sdf
[8.639s] -- Symlinking: /home/alberto/tiago_public_ws/install/pal_gazebo_worlds/share/pal_gazebo_worlds/models/test2/meshes/test2.dae
[8.665s] -- Symlinking: /home/alberto/tiago_public_ws/install/pal_gazebo_worlds/share/pal_gazebo_worlds/models/test2/model.config
[8.692s] -- Symlinking: /home/alberto/tiago_public_ws/install/pal_gazebo_worlds/share/pal_gazebo_worlds/models/test2/test2.sdf
[8.720s] -- Symlinking: /home/alberto/tiago_public_ws/install/pal_gazebo_worlds/share/pal_gazebo_worlds/models/testing_room/README
[8.750s] -- Symlinking: /home/alberto/tiago_public_ws/install/pal_gazebo_worlds/share/pal_gazebo_worlds/models/testing_room/model.config
[8.781s] -- Symlinking: /home/alberto/tiago_public_ws/install/pal_gazebo_worlds/share/pal_gazebo_worlds/models/testing_room/model.sdf
[8.821s] -- Symlinking: /home/alberto/tiago_public_ws/install/pal_gazebo_worlds/share/pal_gazebo_worlds/models/testing_room/testing_room.png
[8.848s] -- Symlinking: /home/alberto/tiago_public_ws/install/pal_gazebo_worlds/share/pal_gazebo_worlds/models/tv/meshes/tv.stl
[8.860s] -- Symlinking: /home/alberto/tiago_public_ws/install/pal_gazebo_worlds/share/pal_gazebo_worlds/models/tv/model.config
[8.884s] -- Symlinking: /home/alberto/tiago_public_ws/install/pal_gazebo_worlds/share/pal_gazebo_worlds/models/tv/tv.sdf
[8.922s] -- Symlinking: /home/alberto/tiago_public_ws/install/pal_gazebo_worlds/share/pal_gazebo_worlds/models/wall_with_reem_photo/material/scripts/ball.material
[8.947s] -- Symlinking: /home/alberto/tiago_public_ws/install/pal_gazebo_worlds/share/pal_gazebo_worlds/models/wall_with_reem_photo/material/scripts/wallWithREEMphoto.material
[8.974s] -- Symlinking: /home/alberto/tiago_public_ws/install/pal_gazebo_worlds/share/pal_gazebo_worlds/models/wall_with_reem_photo/material/textures/REEM_photo0.jpg
[9.003s] -- Symlinking: /home/alberto/tiago_public_ws/install/pal_gazebo_worlds/share/pal_gazebo_worlds/models/wall_with_reem_photo/model.config
[9.033s] -- Symlinking: /home/alberto/tiago_public_ws/install/pal_gazebo_worlds/share/pal_gazebo_worlds/models/wall_with_reem_photo/model.sdf
[9.062s] -- Symlinking: /home/alberto/tiago_public_ws/install/pal_gazebo_worlds/share/pal_gazebo_worlds/models/wardrobe/meshes/wardrobe.stl
[9.092s] -- Symlinking: /home/alberto/tiago_public_ws/install/pal_gazebo_worlds/share/pal_gazebo_worlds/models/wardrobe/model.config
[9.126s] -- Symlinking: /home/alberto/tiago_public_ws/install/pal_gazebo_worlds/share/pal_gazebo_worlds/models/wardrobe/wardrobe.sdf
[9.153s] -- Symlinking: /home/alberto/tiago_public_ws/install/pal_gazebo_worlds/share/pal_gazebo_worlds/models/willowgarage/materials/textures/Carpet_Berber_Pattern_Gray_.png
[9.175s] -- Symlinking: /home/alberto/tiago_public_ws/install/pal_gazebo_worlds/share/pal_gazebo_worlds/models/willowgarage/materials/textures/Stone_Brushed_Khaki_.png
[9.199s] -- Symlinking: /home/alberto/tiago_public_ws/install/pal_gazebo_worlds/share/pal_gazebo_worlds/models/willowgarage/materials/textures/Wood_Bamboo_Medium_.png
[9.232s] -- Symlinking: /home/alberto/tiago_public_ws/install/pal_gazebo_worlds/share/pal_gazebo_worlds/models/willowgarage/materials/textures/Wood_Cherry_Original_.png
[9.258s] -- Symlinking: /home/alberto/tiago_public_ws/install/pal_gazebo_worlds/share/pal_gazebo_worlds/models/willowgarage/materials/textures/__Wood_Bamboo_Medium_1.png
[9.288s] -- Symlinking: /home/alberto/tiago_public_ws/install/pal_gazebo_worlds/share/pal_gazebo_worlds/models/willowgarage/materials/textures/__auto_12.png
[9.318s] -- Symlinking: /home/alberto/tiago_public_ws/install/pal_gazebo_worlds/share/pal_gazebo_worlds/models/willowgarage/materials/textures/__auto_2.png
[9.339s] -- Symlinking: /home/alberto/tiago_public_ws/install/pal_gazebo_worlds/share/pal_gazebo_worlds/models/willowgarage/meshes/willowgarage_collision.dae
[9.353s] -- Symlinking: /home/alberto/tiago_public_ws/install/pal_gazebo_worlds/share/pal_gazebo_worlds/models/willowgarage/meshes/willowgarage_visual.dae
[9.377s] -- Symlinking: /home/alberto/tiago_public_ws/install/pal_gazebo_worlds/share/pal_gazebo_worlds/worlds/aruco.world
[9.390s] -- Symlinking: /home/alberto/tiago_public_ws/install/pal_gazebo_worlds/share/pal_gazebo_worlds/worlds/ball.world
[9.405s] -- Symlinking: /home/alberto/tiago_public_ws/install/pal_gazebo_worlds/share/pal_gazebo_worlds/worlds/cabinet_grasping.world
[9.431s] -- Symlinking: /home/alberto/tiago_public_ws/install/pal_gazebo_worlds/share/pal_gazebo_worlds/worlds/calibration_room.world
[9.457s] -- Symlinking: /home/alberto/tiago_public_ws/install/pal_gazebo_worlds/share/pal_gazebo_worlds/worlds/chairs.world
[9.481s] -- Symlinking: /home/alberto/tiago_public_ws/install/pal_gazebo_worlds/share/pal_gazebo_worlds/worlds/corridor_110cm.world
[9.490s] -- Symlinking: /home/alberto/tiago_public_ws/install/pal_gazebo_worlds/share/pal_gazebo_worlds/worlds/corridor_60cm.world
[9.510s] -- Symlinking: /home/alberto/tiago_public_ws/install/pal_gazebo_worlds/share/pal_gazebo_worlds/worlds/corridor_70cm.world
[9.526s] -- Symlinking: /home/alberto/tiago_public_ws/install/pal_gazebo_worlds/share/pal_gazebo_worlds/worlds/corridor_85cm.world
[9.540s] -- Symlinking: /home/alberto/tiago_public_ws/install/pal_gazebo_worlds/share/pal_gazebo_worlds/worlds/dock_and_aruco.world
[9.553s] -- Symlinking: /home/alberto/tiago_public_ws/install/pal_gazebo_worlds/share/pal_gazebo_worlds/worlds/dock_station.world
[9.565s] -- Symlinking: /home/alberto/tiago_public_ws/install/pal_gazebo_worlds/share/pal_gazebo_worlds/worlds/docker_chair.world
[9.579s] -- Symlinking: /home/alberto/tiago_public_ws/install/pal_gazebo_worlds/share/pal_gazebo_worlds/worlds/door_obstacle.world
[9.593s] -- Symlinking: /home/alberto/tiago_public_ws/install/pal_gazebo_worlds/share/pal_gazebo_worlds/worlds/empty.world
[9.605s] -- Symlinking: /home/alberto/tiago_public_ws/install/pal_gazebo_worlds/share/pal_gazebo_worlds/worlds/empty_room.world
[9.625s] -- Symlinking: /home/alberto/tiago_public_ws/install/pal_gazebo_worlds/share/pal_gazebo_worlds/worlds/factory.world
[9.637s] -- Symlinking: /home/alberto/tiago_public_ws/install/pal_gazebo_worlds/share/pal_gazebo_worlds/worlds/featured.world
[9.652s] -- Symlinking: /home/alberto/tiago_public_ws/install/pal_gazebo_worlds/share/pal_gazebo_worlds/worlds/footstep_obstacle.world
[9.663s] -- Symlinking: /home/alberto/tiago_public_ws/install/pal_gazebo_worlds/share/pal_gazebo_worlds/worlds/hit_table.world
[9.676s] -- Symlinking: /home/alberto/tiago_public_ws/install/pal_gazebo_worlds/share/pal_gazebo_worlds/worlds/home.world
[9.690s] -- Symlinking: /home/alberto/tiago_public_ws/install/pal_gazebo_worlds/share/pal_gazebo_worlds/worlds/hospital.world
[9.703s] -- Symlinking: /home/alberto/tiago_public_ws/install/pal_gazebo_worlds/share/pal_gazebo_worlds/worlds/hospital_flat.world
[9.716s] -- Symlinking: /home/alberto/tiago_public_ws/install/pal_gazebo_worlds/share/pal_gazebo_worlds/worlds/look_to_point.world
[9.730s] -- Symlinking: /home/alberto/tiago_public_ws/install/pal_gazebo_worlds/share/pal_gazebo_worlds/worlds/low_sun_empty.world
[9.744s] -- Symlinking: /home/alberto/tiago_public_ws/install/pal_gazebo_worlds/share/pal_gazebo_worlds/worlds/memmo_simple.world
[9.759s] -- Symlinking: /home/alberto/tiago_public_ws/install/pal_gazebo_worlds/share/pal_gazebo_worlds/worlds/narrow_passage.world
[9.772s] -- Symlinking: /home/alberto/tiago_public_ws/install/pal_gazebo_worlds/share/pal_gazebo_worlds/worlds/objects_on_table.world
[9.788s] -- Symlinking: /home/alberto/tiago_public_ws/install/pal_gazebo_worlds/share/pal_gazebo_worlds/worlds/pal_office.world
[9.800s] -- Symlinking: /home/alberto/tiago_public_ws/install/pal_gazebo_worlds/share/pal_gazebo_worlds/worlds/pal_office_w_apriltag.world
[9.815s] -- Symlinking: /home/alberto/tiago_public_ws/install/pal_gazebo_worlds/share/pal_gazebo_worlds/worlds/pal_office_w_aruco.world
[9.828s] -- Symlinking: /home/alberto/tiago_public_ws/install/pal_gazebo_worlds/share/pal_gazebo_worlds/worlds/pal_office_w_docks.world
[9.842s] -- Symlinking: /home/alberto/tiago_public_ws/install/pal_gazebo_worlds/share/pal_gazebo_worlds/worlds/pal_textured_object.world
[9.856s] -- Symlinking: /home/alberto/tiago_public_ws/install/pal_gazebo_worlds/share/pal_gazebo_worlds/worlds/passage_110cm.world
[9.870s] -- Symlinking: /home/alberto/tiago_public_ws/install/pal_gazebo_worlds/share/pal_gazebo_worlds/worlds/passage_60cm.world
[9.881s] -- Symlinking: /home/alberto/tiago_public_ws/install/pal_gazebo_worlds/share/pal_gazebo_worlds/worlds/passage_70cm.world
[9.891s] -- Symlinking: /home/alberto/tiago_public_ws/install/pal_gazebo_worlds/share/pal_gazebo_worlds/worlds/pg_demo.world
[9.902s] -- Symlinking: /home/alberto/tiago_public_ws/install/pal_gazebo_worlds/share/pal_gazebo_worlds/worlds/pick.world
[9.917s] -- Symlinking: /home/alberto/tiago_public_ws/install/pal_gazebo_worlds/share/pal_gazebo_worlds/worlds/pick_place_cabinet.world
[9.929s] -- Symlinking: /home/alberto/tiago_public_ws/install/pal_gazebo_worlds/share/pal_gazebo_worlds/worlds/pick_place_close_demo.world
[9.940s] -- Symlinking: /home/alberto/tiago_public_ws/install/pal_gazebo_worlds/share/pal_gazebo_worlds/worlds/pick_place_demo.world
[9.955s] -- Symlinking: /home/alberto/tiago_public_ws/install/pal_gazebo_worlds/share/pal_gazebo_worlds/worlds/reemc.world
[9.968s] -- Symlinking: /home/alberto/tiago_public_ws/install/pal_gazebo_worlds/share/pal_gazebo_worlds/worlds/reemc_indoor.world
[9.979s] -- Symlinking: /home/alberto/tiago_public_ws/install/pal_gazebo_worlds/share/pal_gazebo_worlds/worlds/simple_office.world
[9.990s] -- Symlinking: /home/alberto/tiago_public_ws/install/pal_gazebo_worlds/share/pal_gazebo_worlds/worlds/simple_office_with_people.world
[10.002s] -- Symlinking: /home/alberto/tiago_public_ws/install/pal_gazebo_worlds/share/pal_gazebo_worlds/worlds/simple_ramp.world
[10.013s] -- Symlinking: /home/alberto/tiago_public_ws/install/pal_gazebo_worlds/share/pal_gazebo_worlds/worlds/small_factory.world
[10.031s] -- Symlinking: /home/alberto/tiago_public_ws/install/pal_gazebo_worlds/share/pal_gazebo_worlds/worlds/small_office.world
[10.041s] -- Symlinking: /home/alberto/tiago_public_ws/install/pal_gazebo_worlds/share/pal_gazebo_worlds/worlds/small_office_door_obstacle.world
[10.054s] -- Symlinking: /home/alberto/tiago_public_ws/install/pal_gazebo_worlds/share/pal_gazebo_worlds/worlds/small_office_inventory.world
[10.065s] -- Symlinking: /home/alberto/tiago_public_ws/install/pal_gazebo_worlds/share/pal_gazebo_worlds/worlds/small_office_w_aruco_w_docks.world
[10.078s] -- Symlinking: /home/alberto/tiago_public_ws/install/pal_gazebo_worlds/share/pal_gazebo_worlds/worlds/small_textured_office.world
[10.088s] -- Symlinking: /home/alberto/tiago_public_ws/install/pal_gazebo_worlds/share/pal_gazebo_worlds/worlds/socmcs.world
[10.101s] -- Symlinking: /home/alberto/tiago_public_ws/install/pal_gazebo_worlds/share/pal_gazebo_worlds/worlds/stairs.world
[10.113s] -- Symlinking: /home/alberto/tiago_public_ws/install/pal_gazebo_worlds/share/pal_gazebo_worlds/worlds/stamping_demo.world
[10.127s] -- Symlinking: /home/alberto/tiago_public_ws/install/pal_gazebo_worlds/share/pal_gazebo_worlds/worlds/t_shaped.world
[10.139s] -- Symlinking: /home/alberto/tiago_public_ws/install/pal_gazebo_worlds/share/pal_gazebo_worlds/worlds/tabletop_cube.world
[10.151s] -- Symlinking: /home/alberto/tiago_public_ws/install/pal_gazebo_worlds/share/pal_gazebo_worlds/worlds/tabletop_cylinder.world
[10.163s] -- Symlinking: /home/alberto/tiago_public_ws/install/pal_gazebo_worlds/share/pal_gazebo_worlds/worlds/tutorial_office.world
[10.179s] -- Symlinking: /home/alberto/tiago_public_ws/install/pal_gazebo_worlds/share/pal_gazebo_worlds/worlds/voronoi_graph.world
[10.192s] -- Symlinking: /home/alberto/tiago_public_ws/install/pal_gazebo_worlds/share/pal_gazebo_worlds/worlds/willow_garage.world
[10.204s] -- Symlinking: /home/alberto/tiago_public_ws/install/pal_gazebo_worlds/share/pal_gazebo_worlds/worlds/world_wall_REEM_photo.world
[10.220s] -- Symlinking: /home/alberto/tiago_public_ws/install/pal_gazebo_worlds/share/pal_gazebo_worlds/urdf/chessboard/chessboard.gazebo.xacro
[10.232s] -- Symlinking: /home/alberto/tiago_public_ws/install/pal_gazebo_worlds/share/pal_gazebo_worlds/urdf/chessboard/chessboard.urdf.xacro
[10.245s] -- Symlinking: /home/alberto/tiago_public_ws/install/pal_gazebo_worlds/share/pal_gazebo_worlds/urdf/chessboard/chessboard_example.urdf.xacro
[10.257s] -- Symlinking: /home/alberto/tiago_public_ws/install/pal_gazebo_worlds/share/pal_gazebo_worlds/urdf/simple_box.urdf
[10.270s] -- Symlinking: /home/alberto/tiago_public_ws/install/pal_gazebo_worlds/share/pal_gazebo_worlds/meshes/chessboard/chessboard.dae
[10.281s] -- Symlinking: /home/alberto/tiago_public_ws/install/pal_gazebo_worlds/share/pal_gazebo_worlds/meshes/chessboard/chessboard.png
[10.294s] -- Symlinking: /home/alberto/tiago_public_ws/install/pal_gazebo_worlds/share/ament_index/resource_index/package_run_dependencies/pal_gazebo_worlds
[10.307s] -- Symlinking: /home/alberto/tiago_public_ws/install/pal_gazebo_worlds/share/ament_index/resource_index/parent_prefix_path/pal_gazebo_worlds
[10.319s] -- Symlinking: /home/alberto/tiago_public_ws/install/pal_gazebo_worlds/share/pal_gazebo_worlds/environment/ament_prefix_path.sh
[10.331s] -- Symlinking: /home/alberto/tiago_public_ws/install/pal_gazebo_worlds/share/pal_gazebo_worlds/environment/ament_prefix_path.dsv
[10.342s] -- Symlinking: /home/alberto/tiago_public_ws/install/pal_gazebo_worlds/share/pal_gazebo_worlds/environment/path.sh
[10.353s] -- Symlinking: /home/alberto/tiago_public_ws/install/pal_gazebo_worlds/share/pal_gazebo_worlds/environment/path.dsv
[10.364s] -- Symlinking: /home/alberto/tiago_public_ws/install/pal_gazebo_worlds/share/pal_gazebo_worlds/local_setup.bash
[10.375s] -- Symlinking: /home/alberto/tiago_public_ws/install/pal_gazebo_worlds/share/pal_gazebo_worlds/local_setup.sh
[10.386s] -- Symlinking: /home/alberto/tiago_public_ws/install/pal_gazebo_worlds/share/pal_gazebo_worlds/local_setup.zsh
[10.397s] -- Symlinking: /home/alberto/tiago_public_ws/install/pal_gazebo_worlds/share/pal_gazebo_worlds/local_setup.dsv
[10.410s] -- Symlinking: /home/alberto/tiago_public_ws/install/pal_gazebo_worlds/share/pal_gazebo_worlds/package.dsv
[10.424s] -- Symlinking: /home/alberto/tiago_public_ws/install/pal_gazebo_worlds/share/ament_index/resource_index/packages/pal_gazebo_worlds
[10.435s] -- Symlinking: /home/alberto/tiago_public_ws/install/pal_gazebo_worlds/share/pal_gazebo_worlds/cmake/pal_gazebo_worldsConfig.cmake
[10.448s] -- Symlinking: /home/alberto/tiago_public_ws/install/pal_gazebo_worlds/share/pal_gazebo_worlds/cmake/pal_gazebo_worldsConfig-version.cmake
[10.459s] -- Symlinking: /home/alberto/tiago_public_ws/install/pal_gazebo_worlds/share/pal_gazebo_worlds/package.xml
[10.473s] Invoked command in '/home/alberto/tiago_public_ws/build/pal_gazebo_worlds' returned '0': CMAKE_PREFIX_PATH=/opt/ros/humble /usr/bin/cmake --install /home/alberto/tiago_public_ws/build/pal_gazebo_worlds
