[0.053s] Invoking command in '/home/alberto/tiago_public_ws/build/tiago_navigation': AMENT_PREFIX_PATH=/home/alberto/tiago_public_ws/install/tiago_2dnav:/home/alberto/tiago_public_ws/install/tiago_laser_sensors:/home/alberto/tiago_public_ws/install/pmb2_2dnav:/home/alberto/tiago_public_ws/install/tiago_rgbd_sensors:/home/alberto/tiago_public_ws/install/pmb2_laser_sensors:/home/alberto/tiago_public_ws/install/launch_pal:${AMENT_PREFIX_PATH} CMAKE_PREFIX_PATH=/home/alberto/tiago_public_ws/install/tiago_2dnav:/home/alberto/tiago_public_ws/install/tiago_laser_sensors:/home/alberto/tiago_public_ws/install/pmb2_2dnav:/home/alberto/tiago_public_ws/install/tiago_rgbd_sensors:/home/alberto/tiago_public_ws/install/pmb2_laser_sensors:/opt/ros/humble PYTHONPATH=/home/alberto/tiago_public_ws/build/launch_pal:/home/alberto/tiago_public_ws/install/launch_pal/lib/python3.10/site-packages:${PYTHONPATH} /usr/bin/cmake /home/alberto/tiago_public_ws/src/tiago_navigation/tiago_navigation -DAMENT_CMAKE_SYMLINK_INSTALL=1 -DCMAKE_INSTALL_PREFIX=/home/alberto/tiago_public_ws/install/tiago_navigation
[0.464s] -- The C compiler identification is GNU 11.4.0
[0.464s] -- The CXX compiler identification is GNU 11.4.0
[0.465s] -- Detecting C compiler ABI info
[0.674s] -- Detecting C compiler ABI info - done
[0.700s] -- Check for working C compiler: /usr/bin/cc - skipped
[0.700s] -- Detecting C compile features
[0.700s] -- Detecting C compile features - done
[0.707s] -- Detecting CXX compiler ABI info
[0.940s] -- Detecting CXX compiler ABI info - done
[0.968s] -- Check for working CXX compiler: /usr/bin/c++ - skipped
[0.968s] -- Detecting CXX compile features
[0.969s] -- Detecting CXX compile features - done
[0.980s] -- Found ament_cmake_auto: 1.3.12 (/opt/ros/humble/share/ament_cmake_auto/cmake)
[1.416s] -- Found Python3: /usr/bin/python3 (found version "3.10.12") found components: Interpreter 
[1.584s] -- Override CMake install command with custom implementation using symlinks instead of copying resources
[1.776s] -- Configuring done
[1.782s] -- Generating done
[1.783s] -- Build files have been written to: /home/alberto/tiago_public_ws/build/tiago_navigation
[1.799s] Invoked command in '/home/alberto/tiago_public_ws/build/tiago_navigation' returned '0': AMENT_PREFIX_PATH=/home/alberto/tiago_public_ws/install/tiago_2dnav:/home/alberto/tiago_public_ws/install/tiago_laser_sensors:/home/alberto/tiago_public_ws/install/pmb2_2dnav:/home/alberto/tiago_public_ws/install/tiago_rgbd_sensors:/home/alberto/tiago_public_ws/install/pmb2_laser_sensors:/home/alberto/tiago_public_ws/install/launch_pal:${AMENT_PREFIX_PATH} CMAKE_PREFIX_PATH=/home/alberto/tiago_public_ws/install/tiago_2dnav:/home/alberto/tiago_public_ws/install/tiago_laser_sensors:/home/alberto/tiago_public_ws/install/pmb2_2dnav:/home/alberto/tiago_public_ws/install/tiago_rgbd_sensors:/home/alberto/tiago_public_ws/install/pmb2_laser_sensors:/opt/ros/humble PYTHONPATH=/home/alberto/tiago_public_ws/build/launch_pal:/home/alberto/tiago_public_ws/install/launch_pal/lib/python3.10/site-packages:${PYTHONPATH} /usr/bin/cmake /home/alberto/tiago_public_ws/src/tiago_navigation/tiago_navigation -DAMENT_CMAKE_SYMLINK_INSTALL=1 -DCMAKE_INSTALL_PREFIX=/home/alberto/tiago_public_ws/install/tiago_navigation
[1.808s] Invoking command in '/home/alberto/tiago_public_ws/build/tiago_navigation': AMENT_PREFIX_PATH=/home/alberto/tiago_public_ws/install/tiago_2dnav:/home/alberto/tiago_public_ws/install/tiago_laser_sensors:/home/alberto/tiago_public_ws/install/pmb2_2dnav:/home/alberto/tiago_public_ws/install/tiago_rgbd_sensors:/home/alberto/tiago_public_ws/install/pmb2_laser_sensors:/home/alberto/tiago_public_ws/install/launch_pal:${AMENT_PREFIX_PATH} CMAKE_PREFIX_PATH=/home/alberto/tiago_public_ws/install/tiago_2dnav:/home/alberto/tiago_public_ws/install/tiago_laser_sensors:/home/alberto/tiago_public_ws/install/pmb2_2dnav:/home/alberto/tiago_public_ws/install/tiago_rgbd_sensors:/home/alberto/tiago_public_ws/install/pmb2_laser_sensors:/opt/ros/humble PYTHONPATH=/home/alberto/tiago_public_ws/build/launch_pal:/home/alberto/tiago_public_ws/install/launch_pal/lib/python3.10/site-packages:${PYTHONPATH} /usr/bin/cmake --build /home/alberto/tiago_public_ws/build/tiago_navigation -- -j8 -l8
[1.914s] Invoked command in '/home/alberto/tiago_public_ws/build/tiago_navigation' returned '0': AMENT_PREFIX_PATH=/home/alberto/tiago_public_ws/install/tiago_2dnav:/home/alberto/tiago_public_ws/install/tiago_laser_sensors:/home/alberto/tiago_public_ws/install/pmb2_2dnav:/home/alberto/tiago_public_ws/install/tiago_rgbd_sensors:/home/alberto/tiago_public_ws/install/pmb2_laser_sensors:/home/alberto/tiago_public_ws/install/launch_pal:${AMENT_PREFIX_PATH} CMAKE_PREFIX_PATH=/home/alberto/tiago_public_ws/install/tiago_2dnav:/home/alberto/tiago_public_ws/install/tiago_laser_sensors:/home/alberto/tiago_public_ws/install/pmb2_2dnav:/home/alberto/tiago_public_ws/install/tiago_rgbd_sensors:/home/alberto/tiago_public_ws/install/pmb2_laser_sensors:/opt/ros/humble PYTHONPATH=/home/alberto/tiago_public_ws/build/launch_pal:/home/alberto/tiago_public_ws/install/launch_pal/lib/python3.10/site-packages:${PYTHONPATH} /usr/bin/cmake --build /home/alberto/tiago_public_ws/build/tiago_navigation -- -j8 -l8
[1.915s] Invoking command in '/home/alberto/tiago_public_ws/build/tiago_navigation': AMENT_PREFIX_PATH=/home/alberto/tiago_public_ws/install/tiago_2dnav:/home/alberto/tiago_public_ws/install/tiago_laser_sensors:/home/alberto/tiago_public_ws/install/pmb2_2dnav:/home/alberto/tiago_public_ws/install/tiago_rgbd_sensors:/home/alberto/tiago_public_ws/install/pmb2_laser_sensors:/home/alberto/tiago_public_ws/install/launch_pal:${AMENT_PREFIX_PATH} CMAKE_PREFIX_PATH=/home/alberto/tiago_public_ws/install/tiago_2dnav:/home/alberto/tiago_public_ws/install/tiago_laser_sensors:/home/alberto/tiago_public_ws/install/pmb2_2dnav:/home/alberto/tiago_public_ws/install/tiago_rgbd_sensors:/home/alberto/tiago_public_ws/install/pmb2_laser_sensors:/opt/ros/humble PYTHONPATH=/home/alberto/tiago_public_ws/build/launch_pal:/home/alberto/tiago_public_ws/install/launch_pal/lib/python3.10/site-packages:${PYTHONPATH} /usr/bin/cmake --install /home/alberto/tiago_public_ws/build/tiago_navigation
[1.945s] -- Install configuration: ""
[1.949s] -- Execute custom install script
[1.950s] -- Symlinking: /home/alberto/tiago_public_ws/install/tiago_navigation/share/ament_index/resource_index/package_run_dependencies/tiago_navigation
[1.968s] -- Symlinking: /home/alberto/tiago_public_ws/install/tiago_navigation/share/ament_index/resource_index/parent_prefix_path/tiago_navigation
[1.982s] -- Symlinking: /home/alberto/tiago_public_ws/install/tiago_navigation/share/tiago_navigation/environment/ament_prefix_path.sh
[1.998s] -- Symlinking: /home/alberto/tiago_public_ws/install/tiago_navigation/share/tiago_navigation/environment/ament_prefix_path.dsv
[2.027s] -- Symlinking: /home/alberto/tiago_public_ws/install/tiago_navigation/share/tiago_navigation/environment/path.sh
[2.054s] -- Symlinking: /home/alberto/tiago_public_ws/install/tiago_navigation/share/tiago_navigation/environment/path.dsv
[2.074s] -- Symlinking: /home/alberto/tiago_public_ws/install/tiago_navigation/share/tiago_navigation/local_setup.bash
[2.099s] -- Symlinking: /home/alberto/tiago_public_ws/install/tiago_navigation/share/tiago_navigation/local_setup.sh
[2.122s] -- Symlinking: /home/alberto/tiago_public_ws/install/tiago_navigation/share/tiago_navigation/local_setup.zsh
[2.147s] -- Symlinking: /home/alberto/tiago_public_ws/install/tiago_navigation/share/tiago_navigation/local_setup.dsv
[2.171s] -- Symlinking: /home/alberto/tiago_public_ws/install/tiago_navigation/share/tiago_navigation/package.dsv
[2.196s] -- Symlinking: /home/alberto/tiago_public_ws/install/tiago_navigation/share/ament_index/resource_index/packages/tiago_navigation
[2.214s] -- Symlinking: /home/alberto/tiago_public_ws/install/tiago_navigation/share/tiago_navigation/cmake/tiago_navigationConfig.cmake
[2.232s] -- Symlinking: /home/alberto/tiago_public_ws/install/tiago_navigation/share/tiago_navigation/cmake/tiago_navigationConfig-version.cmake
[2.241s] -- Symlinking: /home/alberto/tiago_public_ws/install/tiago_navigation/share/tiago_navigation/package.xml
[2.259s] Invoked command in '/home/alberto/tiago_public_ws/build/tiago_navigation' returned '0': AMENT_PREFIX_PATH=/home/alberto/tiago_public_ws/install/tiago_2dnav:/home/alberto/tiago_public_ws/install/tiago_laser_sensors:/home/alberto/tiago_public_ws/install/pmb2_2dnav:/home/alberto/tiago_public_ws/install/tiago_rgbd_sensors:/home/alberto/tiago_public_ws/install/pmb2_laser_sensors:/home/alberto/tiago_public_ws/install/launch_pal:${AMENT_PREFIX_PATH} CMAKE_PREFIX_PATH=/home/alberto/tiago_public_ws/install/tiago_2dnav:/home/alberto/tiago_public_ws/install/tiago_laser_sensors:/home/alberto/tiago_public_ws/install/pmb2_2dnav:/home/alberto/tiago_public_ws/install/tiago_rgbd_sensors:/home/alberto/tiago_public_ws/install/pmb2_laser_sensors:/opt/ros/humble PYTHONPATH=/home/alberto/tiago_public_ws/build/launch_pal:/home/alberto/tiago_public_ws/install/launch_pal/lib/python3.10/site-packages:${PYTHONPATH} /usr/bin/cmake --install /home/alberto/tiago_public_ws/build/tiago_navigation
