[0.088s] Invoking command in '/home/alberto/tiago_public_ws/build/pmb2_navigation': AMENT_PREFIX_PATH=/home/alberto/tiago_public_ws/install/pmb2_2dnav:/home/alberto/tiago_public_ws/install/pmb2_laser_sensors:/home/alberto/tiago_public_ws/install/launch_pal:${AMENT_PREFIX_PATH} CMAKE_PREFIX_PATH=/home/alberto/tiago_public_ws/install/pmb2_2dnav:/home/alberto/tiago_public_ws/install/pmb2_laser_sensors:/opt/ros/humble PYTHONPATH=/home/alberto/tiago_public_ws/build/launch_pal:/home/alberto/tiago_public_ws/install/launch_pal/lib/python3.10/site-packages:${PYTHONPATH} /usr/bin/cmake --build /home/alberto/tiago_public_ws/build/pmb2_navigation -- -j12 -l12
[0.161s] Invoked command in '/home/alberto/tiago_public_ws/build/pmb2_navigation' returned '0': AMENT_PREFIX_PATH=/home/alberto/tiago_public_ws/install/pmb2_2dnav:/home/alberto/tiago_public_ws/install/pmb2_laser_sensors:/home/alberto/tiago_public_ws/install/launch_pal:${AMENT_PREFIX_PATH} CMAKE_PREFIX_PATH=/home/alberto/tiago_public_ws/install/pmb2_2dnav:/home/alberto/tiago_public_ws/install/pmb2_laser_sensors:/opt/ros/humble PYTHONPATH=/home/alberto/tiago_public_ws/build/launch_pal:/home/alberto/tiago_public_ws/install/launch_pal/lib/python3.10/site-packages:${PYTHONPATH} /usr/bin/cmake --build /home/alberto/tiago_public_ws/build/pmb2_navigation -- -j12 -l12
[0.162s] Invoking command in '/home/alberto/tiago_public_ws/build/pmb2_navigation': AMENT_PREFIX_PATH=/home/alberto/tiago_public_ws/install/pmb2_2dnav:/home/alberto/tiago_public_ws/install/pmb2_laser_sensors:/home/alberto/tiago_public_ws/install/launch_pal:${AMENT_PREFIX_PATH} CMAKE_PREFIX_PATH=/home/alberto/tiago_public_ws/install/pmb2_2dnav:/home/alberto/tiago_public_ws/install/pmb2_laser_sensors:/opt/ros/humble PYTHONPATH=/home/alberto/tiago_public_ws/build/launch_pal:/home/alberto/tiago_public_ws/install/launch_pal/lib/python3.10/site-packages:${PYTHONPATH} /usr/bin/cmake --install /home/alberto/tiago_public_ws/build/pmb2_navigation
[0.172s] -- Install configuration: ""
[0.173s] -- Execute custom install script
[0.175s] -- Up-to-date symlink: /home/alberto/tiago_public_ws/install/pmb2_navigation/share/ament_index/resource_index/package_run_dependencies/pmb2_navigation
[0.175s] -- Up-to-date symlink: /home/alberto/tiago_public_ws/install/pmb2_navigation/share/ament_index/resource_index/parent_prefix_path/pmb2_navigation
[0.176s] -- Up-to-date symlink: /home/alberto/tiago_public_ws/install/pmb2_navigation/share/pmb2_navigation/environment/ament_prefix_path.sh
[0.176s] -- Up-to-date symlink: /home/alberto/tiago_public_ws/install/pmb2_navigation/share/pmb2_navigation/environment/ament_prefix_path.dsv
[0.177s] -- Up-to-date symlink: /home/alberto/tiago_public_ws/install/pmb2_navigation/share/pmb2_navigation/environment/path.sh
[0.177s] -- Up-to-date symlink: /home/alberto/tiago_public_ws/install/pmb2_navigation/share/pmb2_navigation/environment/path.dsv
[0.177s] -- Up-to-date symlink: /home/alberto/tiago_public_ws/install/pmb2_navigation/share/pmb2_navigation/local_setup.bash
[0.178s] -- Up-to-date symlink: /home/alberto/tiago_public_ws/install/pmb2_navigation/share/pmb2_navigation/local_setup.sh
[0.178s] -- Up-to-date symlink: /home/alberto/tiago_public_ws/install/pmb2_navigation/share/pmb2_navigation/local_setup.zsh
[0.178s] -- Up-to-date symlink: /home/alberto/tiago_public_ws/install/pmb2_navigation/share/pmb2_navigation/local_setup.dsv
[0.178s] -- Symlinking: /home/alberto/tiago_public_ws/install/pmb2_navigation/share/pmb2_navigation/package.dsv
[0.197s] -- Up-to-date symlink: /home/alberto/tiago_public_ws/install/pmb2_navigation/share/ament_index/resource_index/packages/pmb2_navigation
[0.197s] -- Up-to-date symlink: /home/alberto/tiago_public_ws/install/pmb2_navigation/share/pmb2_navigation/cmake/pmb2_navigationConfig.cmake
[0.197s] -- Up-to-date symlink: /home/alberto/tiago_public_ws/install/pmb2_navigation/share/pmb2_navigation/cmake/pmb2_navigationConfig-version.cmake
[0.197s] -- Up-to-date symlink: /home/alberto/tiago_public_ws/install/pmb2_navigation/share/pmb2_navigation/package.xml
[0.238s] Invoked command in '/home/alberto/tiago_public_ws/build/pmb2_navigation' returned '0': AMENT_PREFIX_PATH=/home/alberto/tiago_public_ws/install/pmb2_2dnav:/home/alberto/tiago_public_ws/install/pmb2_laser_sensors:/home/alberto/tiago_public_ws/install/launch_pal:${AMENT_PREFIX_PATH} CMAKE_PREFIX_PATH=/home/alberto/tiago_public_ws/install/pmb2_2dnav:/home/alberto/tiago_public_ws/install/pmb2_laser_sensors:/opt/ros/humble PYTHONPATH=/home/alberto/tiago_public_ws/build/launch_pal:/home/alberto/tiago_public_ws/install/launch_pal/lib/python3.10/site-packages:${PYTHONPATH} /usr/bin/cmake --install /home/alberto/tiago_public_ws/build/pmb2_navigation
