[0.357s] Invoking command in '/home/alberto/tiago_public_ws/build/pal_gripper_controller_configuration': CMAKE_PREFIX_PATH=/opt/ros/humble /usr/bin/cmake /home/alberto/tiago_public_ws/src/pal_gripper/pal_gripper_controller_configuration -DAMENT_CMAKE_SYMLINK_INSTALL=1 -DCMAKE_INSTALL_PREFIX=/home/alberto/tiago_public_ws/install/pal_gripper_controller_configuration
[0.564s] -- The C compiler identification is GNU 11.4.0
[0.731s] -- The CXX compiler identification is GNU 11.4.0
[0.741s] -- Detecting C compiler ABI info
[0.845s] -- Detecting C compiler ABI info - done
[0.851s] -- Check for working C compiler: /usr/bin/cc - skipped
[0.852s] -- Detecting C compile features
[0.853s] -- Detecting C compile features - done
[0.859s] -- Detecting CXX compiler ABI info
[0.980s] -- Detecting CXX compiler ABI info - done
[0.987s] -- Check for working CXX compiler: /usr/bin/c++ - skipped
[0.988s] -- Detecting CXX compile features
[0.990s] -- Detecting CXX compile features - done
[0.991s] -- Found ament_cmake_auto: 1.3.12 (/opt/ros/humble/share/ament_cmake_auto/cmake)
[1.218s] -- Found Python3: /usr/bin/python3 (found version "3.10.12") found components: Interpreter 
[1.313s] -- Override CMake install command with custom implementation using symlinks instead of copying resources
[1.390s] -- Found ament_lint_auto: 0.12.14 (/opt/ros/humble/share/ament_lint_auto/cmake)
[1.513s] -- Added test 'copyright' to check source files copyright and LICENSE
[1.518s] -- Added test 'flake8' to check Python code syntax and style conventions
[1.519s] -- Added test 'lint_cmake' to check CMake code style
[1.519s] -- Added test 'pep257' to check Python code against some of the docstring style conventions in PEP 257
[1.521s] -- Added test 'xmllint' to check XML markup files
[1.526s] -- Configuring done
[1.533s] -- Generating done
[1.533s] -- Build files have been written to: /home/alberto/tiago_public_ws/build/pal_gripper_controller_configuration
[1.556s] Invoked command in '/home/alberto/tiago_public_ws/build/pal_gripper_controller_configuration' returned '0': CMAKE_PREFIX_PATH=/opt/ros/humble /usr/bin/cmake /home/alberto/tiago_public_ws/src/pal_gripper/pal_gripper_controller_configuration -DAMENT_CMAKE_SYMLINK_INSTALL=1 -DCMAKE_INSTALL_PREFIX=/home/alberto/tiago_public_ws/install/pal_gripper_controller_configuration
[1.557s] Invoking command in '/home/alberto/tiago_public_ws/build/pal_gripper_controller_configuration': CMAKE_PREFIX_PATH=/opt/ros/humble /usr/bin/cmake --build /home/alberto/tiago_public_ws/build/pal_gripper_controller_configuration -- -j8 -l8
[1.631s] Invoked command in '/home/alberto/tiago_public_ws/build/pal_gripper_controller_configuration' returned '0': CMAKE_PREFIX_PATH=/opt/ros/humble /usr/bin/cmake --build /home/alberto/tiago_public_ws/build/pal_gripper_controller_configuration -- -j8 -l8
[1.633s] Invoking command in '/home/alberto/tiago_public_ws/build/pal_gripper_controller_configuration': CMAKE_PREFIX_PATH=/opt/ros/humble /usr/bin/cmake --install /home/alberto/tiago_public_ws/build/pal_gripper_controller_configuration
[1.647s] -- Install configuration: ""
[1.647s] -- Execute custom install script
[1.647s] -- Symlinking: /home/alberto/tiago_public_ws/install/pal_gripper_controller_configuration/share/pal_gripper_controller_configuration/config/current_limit_controllers.yaml
[1.658s] -- Symlinking: /home/alberto/tiago_public_ws/install/pal_gripper_controller_configuration/share/pal_gripper_controller_configuration/config/current_limit_controllers_left.yaml
[1.669s] -- Symlinking: /home/alberto/tiago_public_ws/install/pal_gripper_controller_configuration/share/pal_gripper_controller_configuration/config/current_limit_controllers_right.yaml
[1.681s] -- Symlinking: /home/alberto/tiago_public_ws/install/pal_gripper_controller_configuration/share/pal_gripper_controller_configuration/config/gazebo_controller_manager_cfg.yaml
[1.692s] -- Symlinking: /home/alberto/tiago_public_ws/install/pal_gripper_controller_configuration/share/pal_gripper_controller_configuration/config/gripper_controller.yaml
[1.704s] -- Symlinking: /home/alberto/tiago_public_ws/install/pal_gripper_controller_configuration/share/pal_gripper_controller_configuration/config/joint_state_broadcaster.yaml
[1.716s] -- Symlinking: /home/alberto/tiago_public_ws/install/pal_gripper_controller_configuration/share/pal_gripper_controller_configuration/config/joint_trajectory_controllers.yaml
[1.730s] -- Symlinking: /home/alberto/tiago_public_ws/install/pal_gripper_controller_configuration/share/pal_gripper_controller_configuration/config/pids.yaml
[1.747s] -- Symlinking: /home/alberto/tiago_public_ws/install/pal_gripper_controller_configuration/share/pal_gripper_controller_configuration/launch/current_limit_controllers.launch
[1.757s] -- Symlinking: /home/alberto/tiago_public_ws/install/pal_gripper_controller_configuration/share/pal_gripper_controller_configuration/launch/gripper_controller.launch
[1.770s] -- Symlinking: /home/alberto/tiago_public_ws/install/pal_gripper_controller_configuration/share/pal_gripper_controller_configuration/launch/joint_state_broadcaster.launch.py
[1.780s] -- Symlinking: /home/alberto/tiago_public_ws/install/pal_gripper_controller_configuration/share/pal_gripper_controller_configuration/launch/pal_gripper_controller.launch.py
[1.792s] -- Symlinking: /home/alberto/tiago_public_ws/install/pal_gripper_controller_configuration/share/ament_index/resource_index/package_run_dependencies/pal_gripper_controller_configuration
[1.809s] -- Symlinking: /home/alberto/tiago_public_ws/install/pal_gripper_controller_configuration/share/ament_index/resource_index/parent_prefix_path/pal_gripper_controller_configuration
[1.824s] -- Symlinking: /home/alberto/tiago_public_ws/install/pal_gripper_controller_configuration/share/pal_gripper_controller_configuration/environment/ament_prefix_path.sh
[1.841s] -- Symlinking: /home/alberto/tiago_public_ws/install/pal_gripper_controller_configuration/share/pal_gripper_controller_configuration/environment/ament_prefix_path.dsv
[1.854s] -- Symlinking: /home/alberto/tiago_public_ws/install/pal_gripper_controller_configuration/share/pal_gripper_controller_configuration/environment/path.sh
[1.859s] -- Symlinking: /home/alberto/tiago_public_ws/install/pal_gripper_controller_configuration/share/pal_gripper_controller_configuration/environment/path.dsv
[1.871s] -- Symlinking: /home/alberto/tiago_public_ws/install/pal_gripper_controller_configuration/share/pal_gripper_controller_configuration/local_setup.bash
[1.884s] -- Symlinking: /home/alberto/tiago_public_ws/install/pal_gripper_controller_configuration/share/pal_gripper_controller_configuration/local_setup.sh
[1.900s] -- Symlinking: /home/alberto/tiago_public_ws/install/pal_gripper_controller_configuration/share/pal_gripper_controller_configuration/local_setup.zsh
[1.915s] -- Symlinking: /home/alberto/tiago_public_ws/install/pal_gripper_controller_configuration/share/pal_gripper_controller_configuration/local_setup.dsv
[1.927s] -- Symlinking: /home/alberto/tiago_public_ws/install/pal_gripper_controller_configuration/share/pal_gripper_controller_configuration/package.dsv
[1.952s] -- Symlinking: /home/alberto/tiago_public_ws/install/pal_gripper_controller_configuration/share/ament_index/resource_index/packages/pal_gripper_controller_configuration
[1.959s] -- Symlinking: /home/alberto/tiago_public_ws/install/pal_gripper_controller_configuration/share/pal_gripper_controller_configuration/cmake/pal_gripper_controller_configurationConfig.cmake
[1.982s] -- Symlinking: /home/alberto/tiago_public_ws/install/pal_gripper_controller_configuration/share/pal_gripper_controller_configuration/cmake/pal_gripper_controller_configurationConfig-version.cmake
[1.993s] -- Symlinking: /home/alberto/tiago_public_ws/install/pal_gripper_controller_configuration/share/pal_gripper_controller_configuration/package.xml
[2.018s] Invoked command in '/home/alberto/tiago_public_ws/build/pal_gripper_controller_configuration' returned '0': CMAKE_PREFIX_PATH=/opt/ros/humble /usr/bin/cmake --install /home/alberto/tiago_public_ws/build/pal_gripper_controller_configuration
