[0.019s] Invoking command in '/home/alberto/tiago_public_ws/build/pmb2_bringup': AMENT_PREFIX_PATH=/home/alberto/tiago_public_ws/install/pmb2_description:/home/alberto/tiago_public_ws/install/pmb2_controller_configuration:/home/alberto/tiago_public_ws/install/urdf_test:/home/alberto/tiago_public_ws/install/pal_urdf_utils:/home/alberto/tiago_public_ws/install/launch_pal:${AMENT_PREFIX_PATH} CMAKE_PREFIX_PATH=/home/alberto/tiago_public_ws/install/pmb2_description:/home/alberto/tiago_public_ws/install/pmb2_controller_configuration:/home/alberto/tiago_public_ws/install/urdf_test:/home/alberto/tiago_public_ws/install/pal_urdf_utils:/opt/ros/humble PYTHONPATH=/home/alberto/tiago_public_ws/install/pmb2_description/local/lib/python3.10/dist-packages:/home/alberto/tiago_public_ws/install/urdf_test/local/lib/python3.10/dist-packages:/home/alberto/tiago_public_ws/build/launch_pal:/home/alberto/tiago_public_ws/install/launch_pal/lib/python3.10/site-packages:${PYTHONPATH} /usr/bin/cmake --build /home/alberto/tiago_public_ws/build/pmb2_bringup -- -j12 -l12
[0.074s] Invoked command in '/home/alberto/tiago_public_ws/build/pmb2_bringup' returned '0': AMENT_PREFIX_PATH=/home/alberto/tiago_public_ws/install/pmb2_description:/home/alberto/tiago_public_ws/install/pmb2_controller_configuration:/home/alberto/tiago_public_ws/install/urdf_test:/home/alberto/tiago_public_ws/install/pal_urdf_utils:/home/alberto/tiago_public_ws/install/launch_pal:${AMENT_PREFIX_PATH} CMAKE_PREFIX_PATH=/home/alberto/tiago_public_ws/install/pmb2_description:/home/alberto/tiago_public_ws/install/pmb2_controller_configuration:/home/alberto/tiago_public_ws/install/urdf_test:/home/alberto/tiago_public_ws/install/pal_urdf_utils:/opt/ros/humble PYTHONPATH=/home/alberto/tiago_public_ws/install/pmb2_description/local/lib/python3.10/dist-packages:/home/alberto/tiago_public_ws/install/urdf_test/local/lib/python3.10/dist-packages:/home/alberto/tiago_public_ws/build/launch_pal:/home/alberto/tiago_public_ws/install/launch_pal/lib/python3.10/site-packages:${PYTHONPATH} /usr/bin/cmake --build /home/alberto/tiago_public_ws/build/pmb2_bringup -- -j12 -l12
[0.077s] Invoking command in '/home/alberto/tiago_public_ws/build/pmb2_bringup': AMENT_PREFIX_PATH=/home/alberto/tiago_public_ws/install/pmb2_description:/home/alberto/tiago_public_ws/install/pmb2_controller_configuration:/home/alberto/tiago_public_ws/install/urdf_test:/home/alberto/tiago_public_ws/install/pal_urdf_utils:/home/alberto/tiago_public_ws/install/launch_pal:${AMENT_PREFIX_PATH} CMAKE_PREFIX_PATH=/home/alberto/tiago_public_ws/install/pmb2_description:/home/alberto/tiago_public_ws/install/pmb2_controller_configuration:/home/alberto/tiago_public_ws/install/urdf_test:/home/alberto/tiago_public_ws/install/pal_urdf_utils:/opt/ros/humble PYTHONPATH=/home/alberto/tiago_public_ws/install/pmb2_description/local/lib/python3.10/dist-packages:/home/alberto/tiago_public_ws/install/urdf_test/local/lib/python3.10/dist-packages:/home/alberto/tiago_public_ws/build/launch_pal:/home/alberto/tiago_public_ws/install/launch_pal/lib/python3.10/site-packages:${PYTHONPATH} /usr/bin/cmake --install /home/alberto/tiago_public_ws/build/pmb2_bringup
[0.088s] -- Install configuration: ""
[0.089s] -- Execute custom install script
[0.091s] -- Up-to-date symlink: /home/alberto/tiago_public_ws/install/pmb2_bringup/share/pmb2_bringup/config/joy_teleop/joy_config.yaml
[0.092s] -- Up-to-date symlink: /home/alberto/tiago_public_ws/install/pmb2_bringup/share/pmb2_bringup/config/joy_teleop/joy_teleop.yaml
[0.092s] -- Up-to-date symlink: /home/alberto/tiago_public_ws/install/pmb2_bringup/share/pmb2_bringup/config/joy_teleop/joystick_analyzers.yaml
[0.093s] -- Up-to-date symlink: /home/alberto/tiago_public_ws/install/pmb2_bringup/share/pmb2_bringup/config/twist_mux/joystick.yaml
[0.093s] -- Up-to-date symlink: /home/alberto/tiago_public_ws/install/pmb2_bringup/share/pmb2_bringup/config/twist_mux/twist_mux_analyzers.yaml
[0.093s] -- Up-to-date symlink: /home/alberto/tiago_public_ws/install/pmb2_bringup/share/pmb2_bringup/config/twist_mux/twist_mux_locks.yaml
[0.094s] -- Up-to-date symlink: /home/alberto/tiago_public_ws/install/pmb2_bringup/share/pmb2_bringup/config/twist_mux/twist_mux_topics.yaml
[0.095s] -- Up-to-date symlink: /home/alberto/tiago_public_ws/install/pmb2_bringup/share/pmb2_bringup/launch/joystick_teleop.launch.py
[0.095s] -- Up-to-date symlink: /home/alberto/tiago_public_ws/install/pmb2_bringup/share/pmb2_bringup/launch/pmb2_bringup.launch.py
[0.095s] -- Up-to-date symlink: /home/alberto/tiago_public_ws/install/pmb2_bringup/share/pmb2_bringup/launch/twist_mux.launch.py
[0.096s] -- Up-to-date symlink: /home/alberto/tiago_public_ws/install/pmb2_bringup/share/ament_index/resource_index/package_run_dependencies/pmb2_bringup
[0.097s] -- Up-to-date symlink: /home/alberto/tiago_public_ws/install/pmb2_bringup/share/ament_index/resource_index/parent_prefix_path/pmb2_bringup
[0.097s] -- Up-to-date symlink: /home/alberto/tiago_public_ws/install/pmb2_bringup/share/pmb2_bringup/environment/ament_prefix_path.sh
[0.097s] -- Up-to-date symlink: /home/alberto/tiago_public_ws/install/pmb2_bringup/share/pmb2_bringup/environment/ament_prefix_path.dsv
[0.098s] -- Up-to-date symlink: /home/alberto/tiago_public_ws/install/pmb2_bringup/share/pmb2_bringup/environment/path.sh
[0.098s] -- Up-to-date symlink: /home/alberto/tiago_public_ws/install/pmb2_bringup/share/pmb2_bringup/environment/path.dsv
[0.098s] -- Up-to-date symlink: /home/alberto/tiago_public_ws/install/pmb2_bringup/share/pmb2_bringup/local_setup.bash
[0.099s] -- Up-to-date symlink: /home/alberto/tiago_public_ws/install/pmb2_bringup/share/pmb2_bringup/local_setup.sh
[0.099s] -- Up-to-date symlink: /home/alberto/tiago_public_ws/install/pmb2_bringup/share/pmb2_bringup/local_setup.zsh
[0.099s] -- Up-to-date symlink: /home/alberto/tiago_public_ws/install/pmb2_bringup/share/pmb2_bringup/local_setup.dsv
[0.099s] -- Symlinking: /home/alberto/tiago_public_ws/install/pmb2_bringup/share/pmb2_bringup/package.dsv
[0.110s] -- Up-to-date symlink: /home/alberto/tiago_public_ws/install/pmb2_bringup/share/ament_index/resource_index/packages/pmb2_bringup
[0.110s] -- Up-to-date symlink: /home/alberto/tiago_public_ws/install/pmb2_bringup/share/pmb2_bringup/cmake/pmb2_bringupConfig.cmake
[0.111s] -- Up-to-date symlink: /home/alberto/tiago_public_ws/install/pmb2_bringup/share/pmb2_bringup/cmake/pmb2_bringupConfig-version.cmake
[0.111s] -- Up-to-date symlink: /home/alberto/tiago_public_ws/install/pmb2_bringup/share/pmb2_bringup/package.xml
[0.114s] Invoked command in '/home/alberto/tiago_public_ws/build/pmb2_bringup' returned '0': AMENT_PREFIX_PATH=/home/alberto/tiago_public_ws/install/pmb2_description:/home/alberto/tiago_public_ws/install/pmb2_controller_configuration:/home/alberto/tiago_public_ws/install/urdf_test:/home/alberto/tiago_public_ws/install/pal_urdf_utils:/home/alberto/tiago_public_ws/install/launch_pal:${AMENT_PREFIX_PATH} CMAKE_PREFIX_PATH=/home/alberto/tiago_public_ws/install/pmb2_description:/home/alberto/tiago_public_ws/install/pmb2_controller_configuration:/home/alberto/tiago_public_ws/install/urdf_test:/home/alberto/tiago_public_ws/install/pal_urdf_utils:/opt/ros/humble PYTHONPATH=/home/alberto/tiago_public_ws/install/pmb2_description/local/lib/python3.10/dist-packages:/home/alberto/tiago_public_ws/install/urdf_test/local/lib/python3.10/dist-packages:/home/alberto/tiago_public_ws/build/launch_pal:/home/alberto/tiago_public_ws/install/launch_pal/lib/python3.10/site-packages:${PYTHONPATH} /usr/bin/cmake --install /home/alberto/tiago_public_ws/build/pmb2_bringup
