[0.011s] Invoking command in '/home/alberto/tfg/Reconocimiento-y-sintesis-visual-Tiago/workspace/build/play_motion2': CMAKE_PREFIX_PATH=/home/alberto/tfg/Reconocimiento-y-sintesis-visual-Tiago/workspace/install/play_motion2_msgs:/home/alberto/tfg/Reconocimiento-y-sintesis-visual-Tiago/workspace/install/urdf_test:/home/alberto/tfg/Reconocimiento-y-sintesis-visual-Tiago/workspace/install/tiago_simulation:/home/alberto/tfg/Reconocimiento-y-sintesis-visual-Tiago/workspace/install/tiago_robot:/home/alberto/tfg/Reconocimiento-y-sintesis-visual-Tiago/workspace/install/tiago_navigation:/home/alberto/tfg/Reconocimiento-y-sintesis-visual-Tiago/workspace/install/tiago_rgbd_sensors:/home/alberto/tfg/Reconocimiento-y-sintesis-visual-Tiago/workspace/install/tiago_gazebo:/home/alberto/tfg/Reconocimiento-y-sintesis-visual-Tiago/workspace/install/tiago_moveit_config:/home/alberto/tfg/Reconocimiento-y-sintesis-visual-Tiago/workspace/install/tiago_laser_sensors:/home/alberto/tfg/Reconocimiento-y-sintesis-visual-Tiago/workspace/install/tiago_bringup:/home/alberto/tfg/Reconocimiento-y-sintesis-visual-Tiago/workspace/install/tiago_description:/home/alberto/tfg/Reconocimiento-y-sintesis-visual-Tiago/workspace/install/tiago_controller_configuration:/home/alberto/tfg/Reconocimiento-y-sintesis-visual-Tiago/workspace/install/tiago_2dnav:/home/alberto/tfg/Reconocimiento-y-sintesis-visual-Tiago/workspace/install/pmb2_robot:/home/alberto/tfg/Reconocimiento-y-sintesis-visual-Tiago/workspace/install/pmb2_rgbd_sensors:/home/alberto/tfg/Reconocimiento-y-sintesis-visual-Tiago/workspace/install/pmb2_navigation:/home/alberto/tfg/Reconocimiento-y-sintesis-visual-Tiago/workspace/install/pmb2_laser_sensors:/home/alberto/tfg/Reconocimiento-y-sintesis-visual-Tiago/workspace/install/pmb2_bringup:/home/alberto/tfg/Reconocimiento-y-sintesis-visual-Tiago/workspace/install/pmb2_description:/home/alberto/tfg/Reconocimiento-y-sintesis-visual-Tiago/workspace/install/pmb2_controller_configuration:/home/alberto/tfg/Reconocimiento-y-sintesis-visual-Tiago/workspace/install/pmb2_2dnav:/home/alberto/tfg/Reconocimiento-y-sintesis-visual-Tiago/workspace/install/play_motion2:/home/alberto/tfg/Reconocimiento-y-sintesis-visual-Tiago/workspace/install/pal_hey5:/home/alberto/tfg/Reconocimiento-y-sintesis-visual-Tiago/workspace/install/pal_hey5_description:/home/alberto/tfg/Reconocimiento-y-sintesis-visual-Tiago/workspace/install/pal_gripper_simulation:/home/alberto/tfg/Reconocimiento-y-sintesis-visual-Tiago/workspace/install/pal_gripper:/home/alberto/tfg/Reconocimiento-y-sintesis-visual-Tiago/workspace/install/pal_gripper_description:/home/alberto/tfg/Reconocimiento-y-sintesis-visual-Tiago/workspace/install/pal_urdf_utils:/home/alberto/tfg/Reconocimiento-y-sintesis-visual-Tiago/workspace/install/pal_robotiq_gripper:/home/alberto/tfg/Reconocimiento-y-sintesis-visual-Tiago/workspace/install/pal_robotiq_description:/home/alberto/tfg/Reconocimiento-y-sintesis-visual-Tiago/workspace/install/pal_robotiq_controller_configuration:/home/alberto/tfg/Reconocimiento-y-sintesis-visual-Tiago/workspace/install/pal_navigation_cfg:/home/alberto/tfg/Reconocimiento-y-sintesis-visual-Tiago/workspace/install/pal_navigation_cfg_bringup:/home/alberto/tfg/Reconocimiento-y-sintesis-visual-Tiago/workspace/install/pal_navigation_cfg_params:/home/alberto/tfg/Reconocimiento-y-sintesis-visual-Tiago/workspace/install/pal_hey5_controller_configuration:/home/alberto/tfg/Reconocimiento-y-sintesis-visual-Tiago/workspace/install/pal_gripper_controller_configuration:/home/alberto/tfg/Reconocimiento-y-sintesis-visual-Tiago/workspace/install/pal_gazebo_worlds:/home/alberto/tfg/Reconocimiento-y-sintesis-visual-Tiago/workspace/install/tests:/home/alberto/tfg/Reconocimiento-y-sintesis-visual-Tiago/workspace/install/launch_pal:/opt/ros/humble LD_LIBRARY_PATH=/home/alberto/tfg/Reconocimiento-y-sintesis-visual-Tiago/workspace/install/play_motion2_msgs/lib:/home/alberto/tfg/Reconocimiento-y-sintesis-visual-Tiago/workspace/install/play_motion2/lib:/usr/lib/x86_64-linux-gnu/gazebo-11/plugins:/opt/ros/humble/opt/rviz_ogre_vendor/lib:/opt/ros/humble/lib/x86_64-linux-gnu:/opt/ros/humble/lib /usr/bin/cmake /home/alberto/tfg/Reconocimiento-y-sintesis-visual-Tiago/workspace/src/play_motion2/play_motion2 -DAMENT_CMAKE_SYMLINK_INSTALL=1 -DCMAKE_INSTALL_PREFIX=/home/alberto/tfg/Reconocimiento-y-sintesis-visual-Tiago/workspace/install/play_motion2
[0.059s] -- The C compiler identification is GNU 11.4.0
[0.104s] -- The CXX compiler identification is GNU 11.4.0
[0.110s] -- Detecting C compiler ABI info
[0.170s] -- Detecting C compiler ABI info - done
[0.175s] -- Check for working C compiler: /usr/bin/cc - skipped
[0.175s] -- Detecting C compile features
[0.176s] -- Detecting C compile features - done
[0.178s] -- Detecting CXX compiler ABI info
[0.246s] -- Detecting CXX compiler ABI info - done
[0.251s] -- Check for working CXX compiler: /usr/bin/c++ - skipped
[0.252s] -- Detecting CXX compile features
[0.252s] -- Detecting CXX compile features - done
[0.257s] -- Found ament_cmake_auto: 1.3.12 (/opt/ros/humble/share/ament_cmake_auto/cmake)
[0.402s] -- Found Python3: /usr/bin/python3 (found version "3.10.12") found components: Interpreter 
[0.461s] -- Override CMake install command with custom implementation using symlinks instead of copying resources
[0.638s] -- Found rosidl_generator_c: 3.1.8 (/opt/ros/humble/share/rosidl_generator_c/cmake)
[0.649s] -- Found rosidl_adapter: 3.1.8 (/opt/ros/humble/share/rosidl_adapter/cmake)
[0.663s] -- Found rosidl_generator_cpp: 3.1.8 (/opt/ros/humble/share/rosidl_generator_cpp/cmake)
[0.681s] -- Using all available rosidl_typesupport_c: rosidl_typesupport_fastrtps_c;rosidl_typesupport_introspection_c
[0.703s] -- Using all available rosidl_typesupport_cpp: rosidl_typesupport_fastrtps_cpp;rosidl_typesupport_introspection_cpp
[1.077s] -- Found Boost: /usr/lib/x86_64-linux-gnu/cmake/Boost-1.74.0/BoostConfig.cmake (found version "1.74.0") found components: date_time filesystem program_options system thread 
[1.191s] -- Found Boost: /usr/lib/x86_64-linux-gnu/cmake/Boost-1.74.0/BoostConfig.cmake (found version "1.74.0") found components: chrono date_time filesystem iostreams program_options regex serialization system thread 
[1.272s] -- Found parameter_traits: 0.6.0 (/opt/ros/humble/share/parameter_traits/cmake)
[1.340s] -- Found rmw_implementation_cmake: 6.1.2 (/opt/ros/humble/share/rmw_implementation_cmake/cmake)
[1.346s] -- Found rmw_fastrtps_cpp: 6.2.9 (/opt/ros/humble/share/rmw_fastrtps_cpp/cmake)
[1.453s] -- Found OpenSSL: /usr/lib/x86_64-linux-gnu/libcrypto.so (found version "3.0.2")  
[1.481s] -- Found FastRTPS: /opt/ros/humble/include  
[1.530s] -- Using RMW implementation 'rmw_fastrtps_cpp' as default
[1.548s] -- Found Threads: TRUE  
[1.605s] -- Found rclcpp_lifecycle: 16.0.17 (/opt/ros/humble/share/rclcpp_lifecycle/cmake)
[1.623s] -- Found Boost: /usr/lib/x86_64-linux-gnu/cmake/Boost-1.74.0/BoostConfig.cmake (found version "1.74.0") found components: filesystem 
[1.733s] -- library: /usr/lib/x86_64-linux-gnu/libcurl.so
[1.774s] -- Found Eigen3: TRUE (found version "3.4.0") 
[1.774s] -- Ensuring Eigen3 include directory is part of orocos-kdl CMake target
[1.963s] -- Found Boost: /usr/lib/x86_64-linux-gnu/cmake/Boost-1.74.0/BoostConfig.cmake (found version "1.74.0") found components: system filesystem date_time program_options thread chrono 
[1.995s] -- Found Boost: /usr/lib/x86_64-linux-gnu/cmake/Boost-1.74.0/BoostConfig.cmake (found version "1.74.0") found components: thread system filesystem regex date_time program_options 
[2.019s] -- Found Boost: /usr/lib/x86_64-linux-gnu/cmake/Boost-1.74.0/BoostConfig.cmake (found version "1.74.0") found components: system filesystem date_time program_options thread 
[2.257s] -- Found python_cmake_module: 0.10.0 (/opt/ros/humble/share/python_cmake_module/cmake)
[2.277s] -- Found PythonInterp: /usr/bin/python3 (found suitable version "3.10.12", minimum required is "3.6") 
[2.283s] -- Found PythonLibs: /usr/lib/x86_64-linux-gnu/libpython3.10.so (found suitable version "3.10.12", minimum required is "3.5") 
[2.283s] -- Using PYTHON_EXECUTABLE: /usr/bin/python3
[2.283s] -- Using PYTHON_INCLUDE_DIRS: /usr/include/python3.10
[2.283s] -- Using PYTHON_LIBRARIES: /usr/lib/x86_64-linux-gnu/libpython3.10.so
[2.302s] -- Found PythonExtra: .so  
[2.351s] -- Found gtest sources under '/opt/ros/humble/src/gtest_vendor': C++ tests using 'Google Test' will be built
[2.633s] -- Added test 'copyright' to check source files copyright and LICENSE
[2.636s] -- Added test 'cppcheck' to perform static code analysis on C / C++ code
[2.637s] -- Configured cppcheck include dirs: /home/alberto/tfg/Reconocimiento-y-sintesis-visual-Tiago/workspace/src/play_motion2/play_motion2/include
[2.637s] -- Configured cppcheck exclude dirs and/or files: 
[2.640s] -- Added test 'cpplint' to check C / C++ code against the Google style
[2.640s] -- Configured cpplint exclude dirs and/or files: 
[2.641s] -- Added test 'flake8' to check Python code syntax and style conventions
[2.643s] -- Added test 'lint_cmake' to check CMake code style
[2.644s] -- Added test 'pep257' to check Python code against some of the docstring style conventions in PEP 257
[2.648s] -- Added test 'uncrustify' to check C / C++ code style
[2.648s] -- Configured uncrustify additional arguments: 
[2.649s] -- Added test 'xmllint' to check XML markup files
[2.653s] -- Configuring done
[2.736s] -- Generating done
[2.760s] -- Build files have been written to: /home/alberto/tfg/Reconocimiento-y-sintesis-visual-Tiago/workspace/build/play_motion2
[2.776s] Invoked command in '/home/alberto/tfg/Reconocimiento-y-sintesis-visual-Tiago/workspace/build/play_motion2' returned '0': CMAKE_PREFIX_PATH=/home/alberto/tfg/Reconocimiento-y-sintesis-visual-Tiago/workspace/install/play_motion2_msgs:/home/alberto/tfg/Reconocimiento-y-sintesis-visual-Tiago/workspace/install/urdf_test:/home/alberto/tfg/Reconocimiento-y-sintesis-visual-Tiago/workspace/install/tiago_simulation:/home/alberto/tfg/Reconocimiento-y-sintesis-visual-Tiago/workspace/install/tiago_robot:/home/alberto/tfg/Reconocimiento-y-sintesis-visual-Tiago/workspace/install/tiago_navigation:/home/alberto/tfg/Reconocimiento-y-sintesis-visual-Tiago/workspace/install/tiago_rgbd_sensors:/home/alberto/tfg/Reconocimiento-y-sintesis-visual-Tiago/workspace/install/tiago_gazebo:/home/alberto/tfg/Reconocimiento-y-sintesis-visual-Tiago/workspace/install/tiago_moveit_config:/home/alberto/tfg/Reconocimiento-y-sintesis-visual-Tiago/workspace/install/tiago_laser_sensors:/home/alberto/tfg/Reconocimiento-y-sintesis-visual-Tiago/workspace/install/tiago_bringup:/home/alberto/tfg/Reconocimiento-y-sintesis-visual-Tiago/workspace/install/tiago_description:/home/alberto/tfg/Reconocimiento-y-sintesis-visual-Tiago/workspace/install/tiago_controller_configuration:/home/alberto/tfg/Reconocimiento-y-sintesis-visual-Tiago/workspace/install/tiago_2dnav:/home/alberto/tfg/Reconocimiento-y-sintesis-visual-Tiago/workspace/install/pmb2_robot:/home/alberto/tfg/Reconocimiento-y-sintesis-visual-Tiago/workspace/install/pmb2_rgbd_sensors:/home/alberto/tfg/Reconocimiento-y-sintesis-visual-Tiago/workspace/install/pmb2_navigation:/home/alberto/tfg/Reconocimiento-y-sintesis-visual-Tiago/workspace/install/pmb2_laser_sensors:/home/alberto/tfg/Reconocimiento-y-sintesis-visual-Tiago/workspace/install/pmb2_bringup:/home/alberto/tfg/Reconocimiento-y-sintesis-visual-Tiago/workspace/install/pmb2_description:/home/alberto/tfg/Reconocimiento-y-sintesis-visual-Tiago/workspace/install/pmb2_controller_configuration:/home/alberto/tfg/Reconocimiento-y-sintesis-visual-Tiago/workspace/install/pmb2_2dnav:/home/alberto/tfg/Reconocimiento-y-sintesis-visual-Tiago/workspace/install/play_motion2:/home/alberto/tfg/Reconocimiento-y-sintesis-visual-Tiago/workspace/install/pal_hey5:/home/alberto/tfg/Reconocimiento-y-sintesis-visual-Tiago/workspace/install/pal_hey5_description:/home/alberto/tfg/Reconocimiento-y-sintesis-visual-Tiago/workspace/install/pal_gripper_simulation:/home/alberto/tfg/Reconocimiento-y-sintesis-visual-Tiago/workspace/install/pal_gripper:/home/alberto/tfg/Reconocimiento-y-sintesis-visual-Tiago/workspace/install/pal_gripper_description:/home/alberto/tfg/Reconocimiento-y-sintesis-visual-Tiago/workspace/install/pal_urdf_utils:/home/alberto/tfg/Reconocimiento-y-sintesis-visual-Tiago/workspace/install/pal_robotiq_gripper:/home/alberto/tfg/Reconocimiento-y-sintesis-visual-Tiago/workspace/install/pal_robotiq_description:/home/alberto/tfg/Reconocimiento-y-sintesis-visual-Tiago/workspace/install/pal_robotiq_controller_configuration:/home/alberto/tfg/Reconocimiento-y-sintesis-visual-Tiago/workspace/install/pal_navigation_cfg:/home/alberto/tfg/Reconocimiento-y-sintesis-visual-Tiago/workspace/install/pal_navigation_cfg_bringup:/home/alberto/tfg/Reconocimiento-y-sintesis-visual-Tiago/workspace/install/pal_navigation_cfg_params:/home/alberto/tfg/Reconocimiento-y-sintesis-visual-Tiago/workspace/install/pal_hey5_controller_configuration:/home/alberto/tfg/Reconocimiento-y-sintesis-visual-Tiago/workspace/install/pal_gripper_controller_configuration:/home/alberto/tfg/Reconocimiento-y-sintesis-visual-Tiago/workspace/install/pal_gazebo_worlds:/home/alberto/tfg/Reconocimiento-y-sintesis-visual-Tiago/workspace/install/tests:/home/alberto/tfg/Reconocimiento-y-sintesis-visual-Tiago/workspace/install/launch_pal:/opt/ros/humble LD_LIBRARY_PATH=/home/alberto/tfg/Reconocimiento-y-sintesis-visual-Tiago/workspace/install/play_motion2_msgs/lib:/home/alberto/tfg/Reconocimiento-y-sintesis-visual-Tiago/workspace/install/play_motion2/lib:/usr/lib/x86_64-linux-gnu/gazebo-11/plugins:/opt/ros/humble/opt/rviz_ogre_vendor/lib:/opt/ros/humble/lib/x86_64-linux-gnu:/opt/ros/humble/lib /usr/bin/cmake /home/alberto/tfg/Reconocimiento-y-sintesis-visual-Tiago/workspace/src/play_motion2/play_motion2 -DAMENT_CMAKE_SYMLINK_INSTALL=1 -DCMAKE_INSTALL_PREFIX=/home/alberto/tfg/Reconocimiento-y-sintesis-visual-Tiago/workspace/install/play_motion2
[2.778s] Invoking command in '/home/alberto/tfg/Reconocimiento-y-sintesis-visual-Tiago/workspace/build/play_motion2': CMAKE_PREFIX_PATH=/home/alberto/tfg/Reconocimiento-y-sintesis-visual-Tiago/workspace/install/play_motion2_msgs:/home/alberto/tfg/Reconocimiento-y-sintesis-visual-Tiago/workspace/install/urdf_test:/home/alberto/tfg/Reconocimiento-y-sintesis-visual-Tiago/workspace/install/tiago_simulation:/home/alberto/tfg/Reconocimiento-y-sintesis-visual-Tiago/workspace/install/tiago_robot:/home/alberto/tfg/Reconocimiento-y-sintesis-visual-Tiago/workspace/install/tiago_navigation:/home/alberto/tfg/Reconocimiento-y-sintesis-visual-Tiago/workspace/install/tiago_rgbd_sensors:/home/alberto/tfg/Reconocimiento-y-sintesis-visual-Tiago/workspace/install/tiago_gazebo:/home/alberto/tfg/Reconocimiento-y-sintesis-visual-Tiago/workspace/install/tiago_moveit_config:/home/alberto/tfg/Reconocimiento-y-sintesis-visual-Tiago/workspace/install/tiago_laser_sensors:/home/alberto/tfg/Reconocimiento-y-sintesis-visual-Tiago/workspace/install/tiago_bringup:/home/alberto/tfg/Reconocimiento-y-sintesis-visual-Tiago/workspace/install/tiago_description:/home/alberto/tfg/Reconocimiento-y-sintesis-visual-Tiago/workspace/install/tiago_controller_configuration:/home/alberto/tfg/Reconocimiento-y-sintesis-visual-Tiago/workspace/install/tiago_2dnav:/home/alberto/tfg/Reconocimiento-y-sintesis-visual-Tiago/workspace/install/pmb2_robot:/home/alberto/tfg/Reconocimiento-y-sintesis-visual-Tiago/workspace/install/pmb2_rgbd_sensors:/home/alberto/tfg/Reconocimiento-y-sintesis-visual-Tiago/workspace/install/pmb2_navigation:/home/alberto/tfg/Reconocimiento-y-sintesis-visual-Tiago/workspace/install/pmb2_laser_sensors:/home/alberto/tfg/Reconocimiento-y-sintesis-visual-Tiago/workspace/install/pmb2_bringup:/home/alberto/tfg/Reconocimiento-y-sintesis-visual-Tiago/workspace/install/pmb2_description:/home/alberto/tfg/Reconocimiento-y-sintesis-visual-Tiago/workspace/install/pmb2_controller_configuration:/home/alberto/tfg/Reconocimiento-y-sintesis-visual-Tiago/workspace/install/pmb2_2dnav:/home/alberto/tfg/Reconocimiento-y-sintesis-visual-Tiago/workspace/install/play_motion2:/home/alberto/tfg/Reconocimiento-y-sintesis-visual-Tiago/workspace/install/pal_hey5:/home/alberto/tfg/Reconocimiento-y-sintesis-visual-Tiago/workspace/install/pal_hey5_description:/home/alberto/tfg/Reconocimiento-y-sintesis-visual-Tiago/workspace/install/pal_gripper_simulation:/home/alberto/tfg/Reconocimiento-y-sintesis-visual-Tiago/workspace/install/pal_gripper:/home/alberto/tfg/Reconocimiento-y-sintesis-visual-Tiago/workspace/install/pal_gripper_description:/home/alberto/tfg/Reconocimiento-y-sintesis-visual-Tiago/workspace/install/pal_urdf_utils:/home/alberto/tfg/Reconocimiento-y-sintesis-visual-Tiago/workspace/install/pal_robotiq_gripper:/home/alberto/tfg/Reconocimiento-y-sintesis-visual-Tiago/workspace/install/pal_robotiq_description:/home/alberto/tfg/Reconocimiento-y-sintesis-visual-Tiago/workspace/install/pal_robotiq_controller_configuration:/home/alberto/tfg/Reconocimiento-y-sintesis-visual-Tiago/workspace/install/pal_navigation_cfg:/home/alberto/tfg/Reconocimiento-y-sintesis-visual-Tiago/workspace/install/pal_navigation_cfg_bringup:/home/alberto/tfg/Reconocimiento-y-sintesis-visual-Tiago/workspace/install/pal_navigation_cfg_params:/home/alberto/tfg/Reconocimiento-y-sintesis-visual-Tiago/workspace/install/pal_hey5_controller_configuration:/home/alberto/tfg/Reconocimiento-y-sintesis-visual-Tiago/workspace/install/pal_gripper_controller_configuration:/home/alberto/tfg/Reconocimiento-y-sintesis-visual-Tiago/workspace/install/pal_gazebo_worlds:/home/alberto/tfg/Reconocimiento-y-sintesis-visual-Tiago/workspace/install/tests:/home/alberto/tfg/Reconocimiento-y-sintesis-visual-Tiago/workspace/install/launch_pal:/opt/ros/humble LD_LIBRARY_PATH=/home/alberto/tfg/Reconocimiento-y-sintesis-visual-Tiago/workspace/install/play_motion2_msgs/lib:/home/alberto/tfg/Reconocimiento-y-sintesis-visual-Tiago/workspace/install/play_motion2/lib:/usr/lib/x86_64-linux-gnu/gazebo-11/plugins:/opt/ros/humble/opt/rviz_ogre_vendor/lib:/opt/ros/humble/lib/x86_64-linux-gnu:/opt/ros/humble/lib /usr/bin/cmake --build /home/alberto/tfg/Reconocimiento-y-sintesis-visual-Tiago/workspace/build/play_motion2 -- -j16 -l16
[2.828s] [ 12%] [32mBuilding CXX object CMakeFiles/play_motion2_node.dir/src/play_motion2/play_motion2_executor.cpp.o[0m
[2.828s] [ 12%] [32mBuilding CXX object gtest/CMakeFiles/gtest_main.dir/src/gtest_main.cc.o[0m
[2.828s] [ 12%] [34m[1mRunning `/opt/ros/humble/bin/generate_parameter_library_cpp /home/alberto/tfg/Reconocimiento-y-sintesis-visual-Tiago/workspace/build/play_motion2/include/play_motion2/passthrough_controller_parameters.hpp /home/alberto/tfg/Reconocimiento-y-sintesis-visual-Tiago/workspace/src/play_motion2/play_motion2/test/controllers/src/passthrough_controller_parameters.yaml `[0m
[2.828s] [ 16%] [32mBuilding CXX object CMakeFiles/play_motion2_node.dir/src/play_motion2_main.cpp.o[0m
[2.828s] [ 20%] [32mBuilding CXX object CMakeFiles/play_motion2_node.dir/src/utils/motion_planner.cpp.o[0m
[2.828s] [ 24%] [32mBuilding CXX object CMakeFiles/play_motion2_node.dir/src/play_motion2/play_motion2_mgr.cpp.o[0m
[2.829s] [ 28%] [32mBuilding CXX object gtest/CMakeFiles/gtest.dir/src/gtest-all.cc.o[0m
[2.829s] [ 32%] [32mBuilding CXX object CMakeFiles/client.dir/src/play_motion2/client.cpp.o[0m
[2.830s] [ 36%] [32mBuilding CXX object CMakeFiles/play_motion2_node.dir/src/utils/motion_loader.cpp.o[0m
[2.838s] [ 36%] Built target ament_cmake_python_symlink_play_motion2
[3.037s] [ 40%] [34m[1mCreating deprecated header file /home/alberto/tfg/Reconocimiento-y-sintesis-visual-Tiago/workspace/build/play_motion2/include/passthrough_controller_parameters.hpp[0m
[3.061s] [ 40%] Built target passthrough_controller_parameters
[3.090s] [ 44%] [32mBuilding CXX object CMakeFiles/passthrough_controller.dir/test/controllers/src/passthrough_controller.cpp.o[0m
[3.237s] running egg_info
[3.237s] creating play_motion2.egg-info
[3.238s] writing play_motion2.egg-info/PKG-INFO
[3.238s] writing dependency_links to play_motion2.egg-info/dependency_links.txt
[3.238s] writing top-level names to play_motion2.egg-info/top_level.txt
[3.238s] writing manifest file 'play_motion2.egg-info/SOURCES.txt'
[3.241s] reading manifest file 'play_motion2.egg-info/SOURCES.txt'
[3.242s] writing manifest file 'play_motion2.egg-info/SOURCES.txt'
[3.295s] [ 44%] Built target ament_cmake_python_build_play_motion2_egg
[3.785s] [ 48%] [32m[1mLinking CXX static library libgtest_main.a[0m
[3.826s] [ 48%] Built target gtest_main
[5.548s] [ 52%] [32m[1mLinking CXX static library libgtest.a[0m
[5.611s] [ 52%] Built target gtest
[5.633s] [ 56%] [32mBuilding CXX object CMakeFiles/play_motion2_node_test.dir/test/play_motion2_node_test.cpp.o[0m
[9.435s] [ 60%] [32m[1mLinking CXX shared library libclient.so[0m
[10.482s] [ 60%] Built target client
[10.504s] [ 68%] [32mBuilding CXX object CMakeFiles/run_motion.dir/src/run_motion.cpp.o[0m
[10.504s] [ 68%] [32mBuilding CXX object CMakeFiles/rrbot_system.dir/test/rrbot/rrbot_system.cpp.o[0m
[11.242s] [ 72%] [32m[1mLinking CXX shared library libpassthrough_controller.so[0m
[11.664s] [ 72%] Built target passthrough_controller
[11.918s] [ 76%] [32m[1mLinking CXX shared library librrbot_system.so[0m
[12.657s] [ 76%] Built target rrbot_system
[12.679s] [ 84%] [32mBuilding CXX object CMakeFiles/motion_loader_test.dir/test/motion_loader_test.cpp.o[0m
[12.679s] [ 84%] [32mBuilding CXX object CMakeFiles/motion_loader_test.dir/src/utils/motion_loader.cpp.o[0m
[12.786s] [ 88%] [32m[1mLinking CXX executable run_motion[0m
[13.171s] [ 88%] Built target run_motion
[15.846s] [ 92%] [32m[1mLinking CXX executable motion_loader_test[0m
[16.277s] [ 92%] Built target motion_loader_test
[17.520s] [ 96%] [32m[1mLinking CXX executable play_motion2_node_test[0m
[18.194s] [ 96%] Built target play_motion2_node_test
[20.014s] [100%] [32m[1mLinking CXX executable play_motion2_node[0m
[21.410s] [100%] Built target play_motion2_node
[21.420s] Invoked command in '/home/alberto/tfg/Reconocimiento-y-sintesis-visual-Tiago/workspace/build/play_motion2' returned '0': CMAKE_PREFIX_PATH=/home/alberto/tfg/Reconocimiento-y-sintesis-visual-Tiago/workspace/install/play_motion2_msgs:/home/alberto/tfg/Reconocimiento-y-sintesis-visual-Tiago/workspace/install/urdf_test:/home/alberto/tfg/Reconocimiento-y-sintesis-visual-Tiago/workspace/install/tiago_simulation:/home/alberto/tfg/Reconocimiento-y-sintesis-visual-Tiago/workspace/install/tiago_robot:/home/alberto/tfg/Reconocimiento-y-sintesis-visual-Tiago/workspace/install/tiago_navigation:/home/alberto/tfg/Reconocimiento-y-sintesis-visual-Tiago/workspace/install/tiago_rgbd_sensors:/home/alberto/tfg/Reconocimiento-y-sintesis-visual-Tiago/workspace/install/tiago_gazebo:/home/alberto/tfg/Reconocimiento-y-sintesis-visual-Tiago/workspace/install/tiago_moveit_config:/home/alberto/tfg/Reconocimiento-y-sintesis-visual-Tiago/workspace/install/tiago_laser_sensors:/home/alberto/tfg/Reconocimiento-y-sintesis-visual-Tiago/workspace/install/tiago_bringup:/home/alberto/tfg/Reconocimiento-y-sintesis-visual-Tiago/workspace/install/tiago_description:/home/alberto/tfg/Reconocimiento-y-sintesis-visual-Tiago/workspace/install/tiago_controller_configuration:/home/alberto/tfg/Reconocimiento-y-sintesis-visual-Tiago/workspace/install/tiago_2dnav:/home/alberto/tfg/Reconocimiento-y-sintesis-visual-Tiago/workspace/install/pmb2_robot:/home/alberto/tfg/Reconocimiento-y-sintesis-visual-Tiago/workspace/install/pmb2_rgbd_sensors:/home/alberto/tfg/Reconocimiento-y-sintesis-visual-Tiago/workspace/install/pmb2_navigation:/home/alberto/tfg/Reconocimiento-y-sintesis-visual-Tiago/workspace/install/pmb2_laser_sensors:/home/alberto/tfg/Reconocimiento-y-sintesis-visual-Tiago/workspace/install/pmb2_bringup:/home/alberto/tfg/Reconocimiento-y-sintesis-visual-Tiago/workspace/install/pmb2_description:/home/alberto/tfg/Reconocimiento-y-sintesis-visual-Tiago/workspace/install/pmb2_controller_configuration:/home/alberto/tfg/Reconocimiento-y-sintesis-visual-Tiago/workspace/install/pmb2_2dnav:/home/alberto/tfg/Reconocimiento-y-sintesis-visual-Tiago/workspace/install/play_motion2:/home/alberto/tfg/Reconocimiento-y-sintesis-visual-Tiago/workspace/install/pal_hey5:/home/alberto/tfg/Reconocimiento-y-sintesis-visual-Tiago/workspace/install/pal_hey5_description:/home/alberto/tfg/Reconocimiento-y-sintesis-visual-Tiago/workspace/install/pal_gripper_simulation:/home/alberto/tfg/Reconocimiento-y-sintesis-visual-Tiago/workspace/install/pal_gripper:/home/alberto/tfg/Reconocimiento-y-sintesis-visual-Tiago/workspace/install/pal_gripper_description:/home/alberto/tfg/Reconocimiento-y-sintesis-visual-Tiago/workspace/install/pal_urdf_utils:/home/alberto/tfg/Reconocimiento-y-sintesis-visual-Tiago/workspace/install/pal_robotiq_gripper:/home/alberto/tfg/Reconocimiento-y-sintesis-visual-Tiago/workspace/install/pal_robotiq_description:/home/alberto/tfg/Reconocimiento-y-sintesis-visual-Tiago/workspace/install/pal_robotiq_controller_configuration:/home/alberto/tfg/Reconocimiento-y-sintesis-visual-Tiago/workspace/install/pal_navigation_cfg:/home/alberto/tfg/Reconocimiento-y-sintesis-visual-Tiago/workspace/install/pal_navigation_cfg_bringup:/home/alberto/tfg/Reconocimiento-y-sintesis-visual-Tiago/workspace/install/pal_navigation_cfg_params:/home/alberto/tfg/Reconocimiento-y-sintesis-visual-Tiago/workspace/install/pal_hey5_controller_configuration:/home/alberto/tfg/Reconocimiento-y-sintesis-visual-Tiago/workspace/install/pal_gripper_controller_configuration:/home/alberto/tfg/Reconocimiento-y-sintesis-visual-Tiago/workspace/install/pal_gazebo_worlds:/home/alberto/tfg/Reconocimiento-y-sintesis-visual-Tiago/workspace/install/tests:/home/alberto/tfg/Reconocimiento-y-sintesis-visual-Tiago/workspace/install/launch_pal:/opt/ros/humble LD_LIBRARY_PATH=/home/alberto/tfg/Reconocimiento-y-sintesis-visual-Tiago/workspace/install/play_motion2_msgs/lib:/home/alberto/tfg/Reconocimiento-y-sintesis-visual-Tiago/workspace/install/play_motion2/lib:/usr/lib/x86_64-linux-gnu/gazebo-11/plugins:/opt/ros/humble/opt/rviz_ogre_vendor/lib:/opt/ros/humble/lib/x86_64-linux-gnu:/opt/ros/humble/lib /usr/bin/cmake --build /home/alberto/tfg/Reconocimiento-y-sintesis-visual-Tiago/workspace/build/play_motion2 -- -j16 -l16
[21.422s] Invoking command in '/home/alberto/tfg/Reconocimiento-y-sintesis-visual-Tiago/workspace/build/play_motion2': CMAKE_PREFIX_PATH=/home/alberto/tfg/Reconocimiento-y-sintesis-visual-Tiago/workspace/install/play_motion2_msgs:/home/alberto/tfg/Reconocimiento-y-sintesis-visual-Tiago/workspace/install/urdf_test:/home/alberto/tfg/Reconocimiento-y-sintesis-visual-Tiago/workspace/install/tiago_simulation:/home/alberto/tfg/Reconocimiento-y-sintesis-visual-Tiago/workspace/install/tiago_robot:/home/alberto/tfg/Reconocimiento-y-sintesis-visual-Tiago/workspace/install/tiago_navigation:/home/alberto/tfg/Reconocimiento-y-sintesis-visual-Tiago/workspace/install/tiago_rgbd_sensors:/home/alberto/tfg/Reconocimiento-y-sintesis-visual-Tiago/workspace/install/tiago_gazebo:/home/alberto/tfg/Reconocimiento-y-sintesis-visual-Tiago/workspace/install/tiago_moveit_config:/home/alberto/tfg/Reconocimiento-y-sintesis-visual-Tiago/workspace/install/tiago_laser_sensors:/home/alberto/tfg/Reconocimiento-y-sintesis-visual-Tiago/workspace/install/tiago_bringup:/home/alberto/tfg/Reconocimiento-y-sintesis-visual-Tiago/workspace/install/tiago_description:/home/alberto/tfg/Reconocimiento-y-sintesis-visual-Tiago/workspace/install/tiago_controller_configuration:/home/alberto/tfg/Reconocimiento-y-sintesis-visual-Tiago/workspace/install/tiago_2dnav:/home/alberto/tfg/Reconocimiento-y-sintesis-visual-Tiago/workspace/install/pmb2_robot:/home/alberto/tfg/Reconocimiento-y-sintesis-visual-Tiago/workspace/install/pmb2_rgbd_sensors:/home/alberto/tfg/Reconocimiento-y-sintesis-visual-Tiago/workspace/install/pmb2_navigation:/home/alberto/tfg/Reconocimiento-y-sintesis-visual-Tiago/workspace/install/pmb2_laser_sensors:/home/alberto/tfg/Reconocimiento-y-sintesis-visual-Tiago/workspace/install/pmb2_bringup:/home/alberto/tfg/Reconocimiento-y-sintesis-visual-Tiago/workspace/install/pmb2_description:/home/alberto/tfg/Reconocimiento-y-sintesis-visual-Tiago/workspace/install/pmb2_controller_configuration:/home/alberto/tfg/Reconocimiento-y-sintesis-visual-Tiago/workspace/install/pmb2_2dnav:/home/alberto/tfg/Reconocimiento-y-sintesis-visual-Tiago/workspace/install/play_motion2:/home/alberto/tfg/Reconocimiento-y-sintesis-visual-Tiago/workspace/install/pal_hey5:/home/alberto/tfg/Reconocimiento-y-sintesis-visual-Tiago/workspace/install/pal_hey5_description:/home/alberto/tfg/Reconocimiento-y-sintesis-visual-Tiago/workspace/install/pal_gripper_simulation:/home/alberto/tfg/Reconocimiento-y-sintesis-visual-Tiago/workspace/install/pal_gripper:/home/alberto/tfg/Reconocimiento-y-sintesis-visual-Tiago/workspace/install/pal_gripper_description:/home/alberto/tfg/Reconocimiento-y-sintesis-visual-Tiago/workspace/install/pal_urdf_utils:/home/alberto/tfg/Reconocimiento-y-sintesis-visual-Tiago/workspace/install/pal_robotiq_gripper:/home/alberto/tfg/Reconocimiento-y-sintesis-visual-Tiago/workspace/install/pal_robotiq_description:/home/alberto/tfg/Reconocimiento-y-sintesis-visual-Tiago/workspace/install/pal_robotiq_controller_configuration:/home/alberto/tfg/Reconocimiento-y-sintesis-visual-Tiago/workspace/install/pal_navigation_cfg:/home/alberto/tfg/Reconocimiento-y-sintesis-visual-Tiago/workspace/install/pal_navigation_cfg_bringup:/home/alberto/tfg/Reconocimiento-y-sintesis-visual-Tiago/workspace/install/pal_navigation_cfg_params:/home/alberto/tfg/Reconocimiento-y-sintesis-visual-Tiago/workspace/install/pal_hey5_controller_configuration:/home/alberto/tfg/Reconocimiento-y-sintesis-visual-Tiago/workspace/install/pal_gripper_controller_configuration:/home/alberto/tfg/Reconocimiento-y-sintesis-visual-Tiago/workspace/install/pal_gazebo_worlds:/home/alberto/tfg/Reconocimiento-y-sintesis-visual-Tiago/workspace/install/tests:/home/alberto/tfg/Reconocimiento-y-sintesis-visual-Tiago/workspace/install/launch_pal:/opt/ros/humble LD_LIBRARY_PATH=/home/alberto/tfg/Reconocimiento-y-sintesis-visual-Tiago/workspace/install/play_motion2_msgs/lib:/home/alberto/tfg/Reconocimiento-y-sintesis-visual-Tiago/workspace/install/play_motion2/lib:/usr/lib/x86_64-linux-gnu/gazebo-11/plugins:/opt/ros/humble/opt/rviz_ogre_vendor/lib:/opt/ros/humble/lib/x86_64-linux-gnu:/opt/ros/humble/lib /usr/bin/cmake --install /home/alberto/tfg/Reconocimiento-y-sintesis-visual-Tiago/workspace/build/play_motion2
[21.427s] -- Install configuration: ""
[21.428s] -- Execute custom install script
[21.428s] -- Symlinking: /home/alberto/tfg/Reconocimiento-y-sintesis-visual-Tiago/workspace/install/play_motion2/share/play_motion2/environment/pythonpath.sh
[21.436s] -- Symlinking: /home/alberto/tfg/Reconocimiento-y-sintesis-visual-Tiago/workspace/install/play_motion2/share/play_motion2/environment/pythonpath.dsv
[21.443s] -- Symlinking: /home/alberto/tfg/Reconocimiento-y-sintesis-visual-Tiago/workspace/install/play_motion2/local/lib/python3.10/dist-packages/play_motion2-1.7.0-py3.10.egg-info/PKG-INFO
[21.451s] -- Symlinking: /home/alberto/tfg/Reconocimiento-y-sintesis-visual-Tiago/workspace/install/play_motion2/local/lib/python3.10/dist-packages/play_motion2-1.7.0-py3.10.egg-info/SOURCES.txt
[21.458s] -- Symlinking: /home/alberto/tfg/Reconocimiento-y-sintesis-visual-Tiago/workspace/install/play_motion2/local/lib/python3.10/dist-packages/play_motion2-1.7.0-py3.10.egg-info/dependency_links.txt
[21.466s] -- Symlinking: /home/alberto/tfg/Reconocimiento-y-sintesis-visual-Tiago/workspace/install/play_motion2/local/lib/python3.10/dist-packages/play_motion2-1.7.0-py3.10.egg-info/top_level.txt
[21.474s] -- Symlinking: /home/alberto/tfg/Reconocimiento-y-sintesis-visual-Tiago/workspace/install/play_motion2/local/lib/python3.10/dist-packages/play_motion2/__init__.py
[21.481s] -- Symlinking: /home/alberto/tfg/Reconocimiento-y-sintesis-visual-Tiago/workspace/install/play_motion2/share/play_motion2/test/rrbot/rrbot_system.xml
[21.489s] -- Symlinking: /home/alberto/tfg/Reconocimiento-y-sintesis-visual-Tiago/workspace/install/play_motion2/include/play_motion2/passthrough_controller_parameters.hpp
[21.497s] -- Symlinking: /home/alberto/tfg/Reconocimiento-y-sintesis-visual-Tiago/workspace/install/play_motion2/share/play_motion2/test/controllers/passthrough_controller.xml
[21.505s] -- Symlinking: /home/alberto/tfg/Reconocimiento-y-sintesis-visual-Tiago/workspace/install/play_motion2/lib/libpassthrough_controller.so
[21.513s] -- Symlinking: /home/alberto/tfg/Reconocimiento-y-sintesis-visual-Tiago/workspace/install/play_motion2/lib/play_motion2/play_motion2_node_test
[21.520s] -- Symlinking: /home/alberto/tfg/Reconocimiento-y-sintesis-visual-Tiago/workspace/install/play_motion2/include/play_motion2/play_motion2/client.hpp
[21.527s] -- Symlinking: /home/alberto/tfg/Reconocimiento-y-sintesis-visual-Tiago/workspace/install/play_motion2/include/play_motion2/play_motion2/motion_loader.hpp
[21.535s] -- Symlinking: /home/alberto/tfg/Reconocimiento-y-sintesis-visual-Tiago/workspace/install/play_motion2/include/play_motion2/play_motion2/types.hpp
[21.543s] -- Symlinking: /home/alberto/tfg/Reconocimiento-y-sintesis-visual-Tiago/workspace/install/play_motion2/share/play_motion2/environment/library_path.sh
[21.551s] -- Symlinking: /home/alberto/tfg/Reconocimiento-y-sintesis-visual-Tiago/workspace/install/play_motion2/share/play_motion2/environment/library_path.dsv
[21.558s] -- Symlinking: /home/alberto/tfg/Reconocimiento-y-sintesis-visual-Tiago/workspace/install/play_motion2/lib/libclient.so
[21.566s] -- Symlinking: /home/alberto/tfg/Reconocimiento-y-sintesis-visual-Tiago/workspace/install/play_motion2/lib/librrbot_system.so
[21.574s] -- Symlinking: /home/alberto/tfg/Reconocimiento-y-sintesis-visual-Tiago/workspace/install/play_motion2/lib/play_motion2/play_motion2_node
[21.582s] -- Symlinking: /home/alberto/tfg/Reconocimiento-y-sintesis-visual-Tiago/workspace/install/play_motion2/lib/play_motion2/run_motion
[21.590s] -- Symlinking: /home/alberto/tfg/Reconocimiento-y-sintesis-visual-Tiago/workspace/install/play_motion2/share/play_motion2/config/motion_planner_config.yaml
[21.597s] -- Symlinking: /home/alberto/tfg/Reconocimiento-y-sintesis-visual-Tiago/workspace/install/play_motion2/share/play_motion2/launch/play_motion2.launch.py
[21.605s] -- Symlinking: /home/alberto/tfg/Reconocimiento-y-sintesis-visual-Tiago/workspace/install/play_motion2/share/ament_index/resource_index/package_run_dependencies/play_motion2
[21.613s] -- Symlinking: /home/alberto/tfg/Reconocimiento-y-sintesis-visual-Tiago/workspace/install/play_motion2/share/ament_index/resource_index/parent_prefix_path/play_motion2
[21.620s] -- Symlinking: /home/alberto/tfg/Reconocimiento-y-sintesis-visual-Tiago/workspace/install/play_motion2/share/play_motion2/environment/ament_prefix_path.sh
[21.628s] -- Symlinking: /home/alberto/tfg/Reconocimiento-y-sintesis-visual-Tiago/workspace/install/play_motion2/share/play_motion2/environment/ament_prefix_path.dsv
[21.635s] -- Symlinking: /home/alberto/tfg/Reconocimiento-y-sintesis-visual-Tiago/workspace/install/play_motion2/share/play_motion2/environment/path.sh
[21.643s] -- Symlinking: /home/alberto/tfg/Reconocimiento-y-sintesis-visual-Tiago/workspace/install/play_motion2/share/play_motion2/environment/path.dsv
[21.651s] -- Symlinking: /home/alberto/tfg/Reconocimiento-y-sintesis-visual-Tiago/workspace/install/play_motion2/share/play_motion2/local_setup.bash
[21.659s] -- Symlinking: /home/alberto/tfg/Reconocimiento-y-sintesis-visual-Tiago/workspace/install/play_motion2/share/play_motion2/local_setup.sh
[21.666s] -- Symlinking: /home/alberto/tfg/Reconocimiento-y-sintesis-visual-Tiago/workspace/install/play_motion2/share/play_motion2/local_setup.zsh
[21.674s] -- Symlinking: /home/alberto/tfg/Reconocimiento-y-sintesis-visual-Tiago/workspace/install/play_motion2/share/play_motion2/local_setup.dsv
[21.681s] -- Symlinking: /home/alberto/tfg/Reconocimiento-y-sintesis-visual-Tiago/workspace/install/play_motion2/share/play_motion2/package.dsv
[21.689s] -- Symlinking: /home/alberto/tfg/Reconocimiento-y-sintesis-visual-Tiago/workspace/install/play_motion2/share/ament_index/resource_index/packages/play_motion2
[21.697s] -- Symlinking: /home/alberto/tfg/Reconocimiento-y-sintesis-visual-Tiago/workspace/install/play_motion2/share/ament_index/resource_index/hardware_interface__pluginlib__plugin/play_motion2
[21.705s] -- Symlinking: /home/alberto/tfg/Reconocimiento-y-sintesis-visual-Tiago/workspace/install/play_motion2/share/ament_index/resource_index/controller_interface__pluginlib__plugin/play_motion2
[21.712s] -- Symlinking: /home/alberto/tfg/Reconocimiento-y-sintesis-visual-Tiago/workspace/install/play_motion2/share/play_motion2/cmake/ament_cmake_export_dependencies-extras.cmake
[21.720s] -- Symlinking: /home/alberto/tfg/Reconocimiento-y-sintesis-visual-Tiago/workspace/install/play_motion2/share/play_motion2/cmake/ament_cmake_export_include_directories-extras.cmake
[21.727s] -- Symlinking: /home/alberto/tfg/Reconocimiento-y-sintesis-visual-Tiago/workspace/install/play_motion2/share/play_motion2/cmake/ament_cmake_export_libraries-extras.cmake
[21.735s] -- Symlinking: /home/alberto/tfg/Reconocimiento-y-sintesis-visual-Tiago/workspace/install/play_motion2/share/play_motion2/cmake/play_motion2Config.cmake
[21.742s] -- Symlinking: /home/alberto/tfg/Reconocimiento-y-sintesis-visual-Tiago/workspace/install/play_motion2/share/play_motion2/cmake/play_motion2Config-version.cmake
[21.750s] -- Symlinking: /home/alberto/tfg/Reconocimiento-y-sintesis-visual-Tiago/workspace/install/play_motion2/share/play_motion2/package.xml
[21.789s] Listing '/home/alberto/tfg/Reconocimiento-y-sintesis-visual-Tiago/workspace/install/play_motion2/local/lib/python3.10/dist-packages/play_motion2'...
[21.789s] Compiling '/home/alberto/tfg/Reconocimiento-y-sintesis-visual-Tiago/workspace/install/play_motion2/local/lib/python3.10/dist-packages/play_motion2/__init__.py'...
[21.795s] Invoked command in '/home/alberto/tfg/Reconocimiento-y-sintesis-visual-Tiago/workspace/build/play_motion2' returned '0': CMAKE_PREFIX_PATH=/home/alberto/tfg/Reconocimiento-y-sintesis-visual-Tiago/workspace/install/play_motion2_msgs:/home/alberto/tfg/Reconocimiento-y-sintesis-visual-Tiago/workspace/install/urdf_test:/home/alberto/tfg/Reconocimiento-y-sintesis-visual-Tiago/workspace/install/tiago_simulation:/home/alberto/tfg/Reconocimiento-y-sintesis-visual-Tiago/workspace/install/tiago_robot:/home/alberto/tfg/Reconocimiento-y-sintesis-visual-Tiago/workspace/install/tiago_navigation:/home/alberto/tfg/Reconocimiento-y-sintesis-visual-Tiago/workspace/install/tiago_rgbd_sensors:/home/alberto/tfg/Reconocimiento-y-sintesis-visual-Tiago/workspace/install/tiago_gazebo:/home/alberto/tfg/Reconocimiento-y-sintesis-visual-Tiago/workspace/install/tiago_moveit_config:/home/alberto/tfg/Reconocimiento-y-sintesis-visual-Tiago/workspace/install/tiago_laser_sensors:/home/alberto/tfg/Reconocimiento-y-sintesis-visual-Tiago/workspace/install/tiago_bringup:/home/alberto/tfg/Reconocimiento-y-sintesis-visual-Tiago/workspace/install/tiago_description:/home/alberto/tfg/Reconocimiento-y-sintesis-visual-Tiago/workspace/install/tiago_controller_configuration:/home/alberto/tfg/Reconocimiento-y-sintesis-visual-Tiago/workspace/install/tiago_2dnav:/home/alberto/tfg/Reconocimiento-y-sintesis-visual-Tiago/workspace/install/pmb2_robot:/home/alberto/tfg/Reconocimiento-y-sintesis-visual-Tiago/workspace/install/pmb2_rgbd_sensors:/home/alberto/tfg/Reconocimiento-y-sintesis-visual-Tiago/workspace/install/pmb2_navigation:/home/alberto/tfg/Reconocimiento-y-sintesis-visual-Tiago/workspace/install/pmb2_laser_sensors:/home/alberto/tfg/Reconocimiento-y-sintesis-visual-Tiago/workspace/install/pmb2_bringup:/home/alberto/tfg/Reconocimiento-y-sintesis-visual-Tiago/workspace/install/pmb2_description:/home/alberto/tfg/Reconocimiento-y-sintesis-visual-Tiago/workspace/install/pmb2_controller_configuration:/home/alberto/tfg/Reconocimiento-y-sintesis-visual-Tiago/workspace/install/pmb2_2dnav:/home/alberto/tfg/Reconocimiento-y-sintesis-visual-Tiago/workspace/install/play_motion2:/home/alberto/tfg/Reconocimiento-y-sintesis-visual-Tiago/workspace/install/pal_hey5:/home/alberto/tfg/Reconocimiento-y-sintesis-visual-Tiago/workspace/install/pal_hey5_description:/home/alberto/tfg/Reconocimiento-y-sintesis-visual-Tiago/workspace/install/pal_gripper_simulation:/home/alberto/tfg/Reconocimiento-y-sintesis-visual-Tiago/workspace/install/pal_gripper:/home/alberto/tfg/Reconocimiento-y-sintesis-visual-Tiago/workspace/install/pal_gripper_description:/home/alberto/tfg/Reconocimiento-y-sintesis-visual-Tiago/workspace/install/pal_urdf_utils:/home/alberto/tfg/Reconocimiento-y-sintesis-visual-Tiago/workspace/install/pal_robotiq_gripper:/home/alberto/tfg/Reconocimiento-y-sintesis-visual-Tiago/workspace/install/pal_robotiq_description:/home/alberto/tfg/Reconocimiento-y-sintesis-visual-Tiago/workspace/install/pal_robotiq_controller_configuration:/home/alberto/tfg/Reconocimiento-y-sintesis-visual-Tiago/workspace/install/pal_navigation_cfg:/home/alberto/tfg/Reconocimiento-y-sintesis-visual-Tiago/workspace/install/pal_navigation_cfg_bringup:/home/alberto/tfg/Reconocimiento-y-sintesis-visual-Tiago/workspace/install/pal_navigation_cfg_params:/home/alberto/tfg/Reconocimiento-y-sintesis-visual-Tiago/workspace/install/pal_hey5_controller_configuration:/home/alberto/tfg/Reconocimiento-y-sintesis-visual-Tiago/workspace/install/pal_gripper_controller_configuration:/home/alberto/tfg/Reconocimiento-y-sintesis-visual-Tiago/workspace/install/pal_gazebo_worlds:/home/alberto/tfg/Reconocimiento-y-sintesis-visual-Tiago/workspace/install/tests:/home/alberto/tfg/Reconocimiento-y-sintesis-visual-Tiago/workspace/install/launch_pal:/opt/ros/humble LD_LIBRARY_PATH=/home/alberto/tfg/Reconocimiento-y-sintesis-visual-Tiago/workspace/install/play_motion2_msgs/lib:/home/alberto/tfg/Reconocimiento-y-sintesis-visual-Tiago/workspace/install/play_motion2/lib:/usr/lib/x86_64-linux-gnu/gazebo-11/plugins:/opt/ros/humble/opt/rviz_ogre_vendor/lib:/opt/ros/humble/lib/x86_64-linux-gnu:/opt/ros/humble/lib /usr/bin/cmake --install /home/alberto/tfg/Reconocimiento-y-sintesis-visual-Tiago/workspace/build/play_motion2
