[0.029s] Invoking command in '/home/alberto/tiago_public_ws/build/pal_navigation_cfg': AMENT_PREFIX_PATH=/home/alberto/tiago_public_ws/install/pal_navigation_cfg_bringup:/home/alberto/tiago_public_ws/install/pal_navigation_cfg_params:/home/alberto/tiago_public_ws/install/launch_pal:${AMENT_PREFIX_PATH} CMAKE_PREFIX_PATH=/home/alberto/tiago_public_ws/install/pal_navigation_cfg_bringup:/home/alberto/tiago_public_ws/install/pal_navigation_cfg_params:/opt/ros/humble PYTHONPATH=/home/alberto/tiago_public_ws/build/launch_pal:/home/alberto/tiago_public_ws/install/launch_pal/lib/python3.10/site-packages:${PYTHONPATH} /usr/bin/cmake --build /home/alberto/tiago_public_ws/build/pal_navigation_cfg -- -j12 -l12
[0.092s] Invoked command in '/home/alberto/tiago_public_ws/build/pal_navigation_cfg' returned '0': AMENT_PREFIX_PATH=/home/alberto/tiago_public_ws/install/pal_navigation_cfg_bringup:/home/alberto/tiago_public_ws/install/pal_navigation_cfg_params:/home/alberto/tiago_public_ws/install/launch_pal:${AMENT_PREFIX_PATH} CMAKE_PREFIX_PATH=/home/alberto/tiago_public_ws/install/pal_navigation_cfg_bringup:/home/alberto/tiago_public_ws/install/pal_navigation_cfg_params:/opt/ros/humble PYTHONPATH=/home/alberto/tiago_public_ws/build/launch_pal:/home/alberto/tiago_public_ws/install/launch_pal/lib/python3.10/site-packages:${PYTHONPATH} /usr/bin/cmake --build /home/alberto/tiago_public_ws/build/pal_navigation_cfg -- -j12 -l12
[0.095s] Invoking command in '/home/alberto/tiago_public_ws/build/pal_navigation_cfg': AMENT_PREFIX_PATH=/home/alberto/tiago_public_ws/install/pal_navigation_cfg_bringup:/home/alberto/tiago_public_ws/install/pal_navigation_cfg_params:/home/alberto/tiago_public_ws/install/launch_pal:${AMENT_PREFIX_PATH} CMAKE_PREFIX_PATH=/home/alberto/tiago_public_ws/install/pal_navigation_cfg_bringup:/home/alberto/tiago_public_ws/install/pal_navigation_cfg_params:/opt/ros/humble PYTHONPATH=/home/alberto/tiago_public_ws/build/launch_pal:/home/alberto/tiago_public_ws/install/launch_pal/lib/python3.10/site-packages:${PYTHONPATH} /usr/bin/cmake --install /home/alberto/tiago_public_ws/build/pal_navigation_cfg
[0.103s] -- Install configuration: ""
[0.104s] -- Execute custom install script
[0.107s] -- Up-to-date symlink: /home/alberto/tiago_public_ws/install/pal_navigation_cfg/share/ament_index/resource_index/package_run_dependencies/pal_navigation_cfg
[0.108s] -- Up-to-date symlink: /home/alberto/tiago_public_ws/install/pal_navigation_cfg/share/ament_index/resource_index/parent_prefix_path/pal_navigation_cfg
[0.109s] -- Up-to-date symlink: /home/alberto/tiago_public_ws/install/pal_navigation_cfg/share/pal_navigation_cfg/environment/ament_prefix_path.sh
[0.109s] -- Up-to-date symlink: /home/alberto/tiago_public_ws/install/pal_navigation_cfg/share/pal_navigation_cfg/environment/ament_prefix_path.dsv
[0.109s] -- Up-to-date symlink: /home/alberto/tiago_public_ws/install/pal_navigation_cfg/share/pal_navigation_cfg/environment/path.sh
[0.110s] -- Up-to-date symlink: /home/alberto/tiago_public_ws/install/pal_navigation_cfg/share/pal_navigation_cfg/environment/path.dsv
[0.111s] -- Up-to-date symlink: /home/alberto/tiago_public_ws/install/pal_navigation_cfg/share/pal_navigation_cfg/local_setup.bash
[0.111s] -- Up-to-date symlink: /home/alberto/tiago_public_ws/install/pal_navigation_cfg/share/pal_navigation_cfg/local_setup.sh
[0.111s] -- Up-to-date symlink: /home/alberto/tiago_public_ws/install/pal_navigation_cfg/share/pal_navigation_cfg/local_setup.zsh
[0.111s] -- Up-to-date symlink: /home/alberto/tiago_public_ws/install/pal_navigation_cfg/share/pal_navigation_cfg/local_setup.dsv
[0.111s] -- Symlinking: /home/alberto/tiago_public_ws/install/pal_navigation_cfg/share/pal_navigation_cfg/package.dsv
[0.121s] -- Up-to-date symlink: /home/alberto/tiago_public_ws/install/pal_navigation_cfg/share/ament_index/resource_index/packages/pal_navigation_cfg
[0.123s] -- Up-to-date symlink: /home/alberto/tiago_public_ws/install/pal_navigation_cfg/share/pal_navigation_cfg/cmake/pal_navigation_cfgConfig.cmake
[0.123s] -- Up-to-date symlink: /home/alberto/tiago_public_ws/install/pal_navigation_cfg/share/pal_navigation_cfg/cmake/pal_navigation_cfgConfig-version.cmake
[0.124s] -- Up-to-date symlink: /home/alberto/tiago_public_ws/install/pal_navigation_cfg/share/pal_navigation_cfg/package.xml
[0.135s] Invoked command in '/home/alberto/tiago_public_ws/build/pal_navigation_cfg' returned '0': AMENT_PREFIX_PATH=/home/alberto/tiago_public_ws/install/pal_navigation_cfg_bringup:/home/alberto/tiago_public_ws/install/pal_navigation_cfg_params:/home/alberto/tiago_public_ws/install/launch_pal:${AMENT_PREFIX_PATH} CMAKE_PREFIX_PATH=/home/alberto/tiago_public_ws/install/pal_navigation_cfg_bringup:/home/alberto/tiago_public_ws/install/pal_navigation_cfg_params:/opt/ros/humble PYTHONPATH=/home/alberto/tiago_public_ws/build/launch_pal:/home/alberto/tiago_public_ws/install/launch_pal/lib/python3.10/site-packages:${PYTHONPATH} /usr/bin/cmake --install /home/alberto/tiago_public_ws/build/pal_navigation_cfg
