[0.057s] Invoking command in '/home/alberto/tiago_public_ws/build/pal_robotiq_gripper': AMENT_PREFIX_PATH=/home/alberto/tiago_public_ws/install/pal_robotiq_description:/home/alberto/tiago_public_ws/install/pal_robotiq_controller_configuration:${AMENT_PREFIX_PATH} CMAKE_PREFIX_PATH=/home/alberto/tiago_public_ws/install/pal_robotiq_description:/home/alberto/tiago_public_ws/install/pal_robotiq_controller_configuration:/opt/ros/humble /usr/bin/cmake /home/alberto/tiago_public_ws/src/pal_robotiq_gripper/pal_robotiq_gripper -DAMENT_CMAKE_SYMLINK_INSTALL=1 -DCMAKE_INSTALL_PREFIX=/home/alberto/tiago_public_ws/install/pal_robotiq_gripper
[0.166s] -- The C compiler identification is GNU 11.4.0
[0.343s] -- The CXX compiler identification is GNU 11.4.0
[0.359s] -- Detecting C compiler ABI info
[0.525s] -- Detecting C compiler ABI info - done
[0.539s] -- Check for working C compiler: /usr/bin/cc - skipped
[0.539s] -- Detecting C compile features
[0.539s] -- Detecting C compile features - done
[0.550s] -- Detecting CXX compiler ABI info
[0.673s] -- Detecting CXX compiler ABI info - done
[0.691s] -- Check for working CXX compiler: /usr/bin/c++ - skipped
[0.691s] -- Detecting CXX compile features
[0.692s] -- Detecting CXX compile features - done
[0.702s] -- Found ament_cmake_auto: 1.3.12 (/opt/ros/humble/share/ament_cmake_auto/cmake)
[0.997s] -- Found Python3: /usr/bin/python3 (found version "3.10.12") found components: Interpreter 
[1.147s] -- Override CMake install command with custom implementation using symlinks instead of copying resources
[1.576s] -- Found rosidl_generator_c: 3.1.7 (/opt/ros/humble/share/rosidl_generator_c/cmake)
[1.591s] -- Found rosidl_adapter: 3.1.7 (/opt/ros/humble/share/rosidl_adapter/cmake)
[1.613s] -- Found rosidl_generator_cpp: 3.1.7 (/opt/ros/humble/share/rosidl_generator_cpp/cmake)
[1.649s] -- Using all available rosidl_typesupport_c: rosidl_typesupport_fastrtps_c;rosidl_typesupport_introspection_c
[1.697s] -- Using all available rosidl_typesupport_cpp: rosidl_typesupport_fastrtps_cpp;rosidl_typesupport_introspection_cpp
[1.896s] -- Found rmw_implementation_cmake: 6.1.2 (/opt/ros/humble/share/rmw_implementation_cmake/cmake)
[1.917s] -- Found rmw_fastrtps_cpp: 6.2.8 (/opt/ros/humble/share/rmw_fastrtps_cpp/cmake)
[2.282s] -- Found OpenSSL: /usr/lib/x86_64-linux-gnu/libcrypto.so (found version "3.0.2")  
[2.376s] -- Found FastRTPS: /opt/ros/humble/include  
[2.499s] -- Using RMW implementation 'rmw_fastrtps_cpp' as default
[2.570s] -- Looking for pthread.h
[2.769s] -- Looking for pthread.h - found
[2.769s] -- Performing Test CMAKE_HAVE_LIBC_PTHREAD
[3.001s] -- Performing Test CMAKE_HAVE_LIBC_PTHREAD - Success
[3.005s] -- Found Threads: TRUE  
[3.227s] -- Found ament_lint_auto: 0.12.14 (/opt/ros/humble/share/ament_lint_auto/cmake)
[3.265s] -- Added test 'copyright' to check source files copyright and LICENSE
[3.267s] -- Added test 'lint_cmake' to check CMake code style
[3.268s] -- Added test 'xmllint' to check XML markup files
[3.270s] -- Configuring done
[3.277s] -- Generating done
[3.281s] -- Build files have been written to: /home/alberto/tiago_public_ws/build/pal_robotiq_gripper
[3.312s] Invoked command in '/home/alberto/tiago_public_ws/build/pal_robotiq_gripper' returned '0': AMENT_PREFIX_PATH=/home/alberto/tiago_public_ws/install/pal_robotiq_description:/home/alberto/tiago_public_ws/install/pal_robotiq_controller_configuration:${AMENT_PREFIX_PATH} CMAKE_PREFIX_PATH=/home/alberto/tiago_public_ws/install/pal_robotiq_description:/home/alberto/tiago_public_ws/install/pal_robotiq_controller_configuration:/opt/ros/humble /usr/bin/cmake /home/alberto/tiago_public_ws/src/pal_robotiq_gripper/pal_robotiq_gripper -DAMENT_CMAKE_SYMLINK_INSTALL=1 -DCMAKE_INSTALL_PREFIX=/home/alberto/tiago_public_ws/install/pal_robotiq_gripper
[3.327s] Invoking command in '/home/alberto/tiago_public_ws/build/pal_robotiq_gripper': AMENT_PREFIX_PATH=/home/alberto/tiago_public_ws/install/pal_robotiq_description:/home/alberto/tiago_public_ws/install/pal_robotiq_controller_configuration:${AMENT_PREFIX_PATH} CMAKE_PREFIX_PATH=/home/alberto/tiago_public_ws/install/pal_robotiq_description:/home/alberto/tiago_public_ws/install/pal_robotiq_controller_configuration:/opt/ros/humble /usr/bin/cmake --build /home/alberto/tiago_public_ws/build/pal_robotiq_gripper -- -j8 -l8
[3.452s] Invoked command in '/home/alberto/tiago_public_ws/build/pal_robotiq_gripper' returned '0': AMENT_PREFIX_PATH=/home/alberto/tiago_public_ws/install/pal_robotiq_description:/home/alberto/tiago_public_ws/install/pal_robotiq_controller_configuration:${AMENT_PREFIX_PATH} CMAKE_PREFIX_PATH=/home/alberto/tiago_public_ws/install/pal_robotiq_description:/home/alberto/tiago_public_ws/install/pal_robotiq_controller_configuration:/opt/ros/humble /usr/bin/cmake --build /home/alberto/tiago_public_ws/build/pal_robotiq_gripper -- -j8 -l8
[3.453s] Invoking command in '/home/alberto/tiago_public_ws/build/pal_robotiq_gripper': AMENT_PREFIX_PATH=/home/alberto/tiago_public_ws/install/pal_robotiq_description:/home/alberto/tiago_public_ws/install/pal_robotiq_controller_configuration:${AMENT_PREFIX_PATH} CMAKE_PREFIX_PATH=/home/alberto/tiago_public_ws/install/pal_robotiq_description:/home/alberto/tiago_public_ws/install/pal_robotiq_controller_configuration:/opt/ros/humble /usr/bin/cmake --install /home/alberto/tiago_public_ws/build/pal_robotiq_gripper
[3.477s] -- Install configuration: ""
[3.477s] -- Execute custom install script
[3.477s] -- Symlinking: /home/alberto/tiago_public_ws/install/pal_robotiq_gripper/share/ament_index/resource_index/package_run_dependencies/pal_robotiq_gripper
[3.526s] -- Symlinking: /home/alberto/tiago_public_ws/install/pal_robotiq_gripper/share/ament_index/resource_index/parent_prefix_path/pal_robotiq_gripper
[3.562s] -- Symlinking: /home/alberto/tiago_public_ws/install/pal_robotiq_gripper/share/pal_robotiq_gripper/environment/ament_prefix_path.sh
[3.592s] -- Symlinking: /home/alberto/tiago_public_ws/install/pal_robotiq_gripper/share/pal_robotiq_gripper/environment/ament_prefix_path.dsv
[3.618s] -- Symlinking: /home/alberto/tiago_public_ws/install/pal_robotiq_gripper/share/pal_robotiq_gripper/environment/path.sh
[3.644s] -- Symlinking: /home/alberto/tiago_public_ws/install/pal_robotiq_gripper/share/pal_robotiq_gripper/environment/path.dsv
[3.679s] -- Symlinking: /home/alberto/tiago_public_ws/install/pal_robotiq_gripper/share/pal_robotiq_gripper/local_setup.bash
[3.708s] -- Symlinking: /home/alberto/tiago_public_ws/install/pal_robotiq_gripper/share/pal_robotiq_gripper/local_setup.sh
[3.730s] -- Symlinking: /home/alberto/tiago_public_ws/install/pal_robotiq_gripper/share/pal_robotiq_gripper/local_setup.zsh
[3.765s] -- Symlinking: /home/alberto/tiago_public_ws/install/pal_robotiq_gripper/share/pal_robotiq_gripper/local_setup.dsv
[3.800s] -- Symlinking: /home/alberto/tiago_public_ws/install/pal_robotiq_gripper/share/pal_robotiq_gripper/package.dsv
[3.827s] -- Symlinking: /home/alberto/tiago_public_ws/install/pal_robotiq_gripper/share/ament_index/resource_index/packages/pal_robotiq_gripper
[3.871s] -- Symlinking: /home/alberto/tiago_public_ws/install/pal_robotiq_gripper/share/pal_robotiq_gripper/cmake/pal_robotiq_gripperConfig.cmake
[3.891s] -- Symlinking: /home/alberto/tiago_public_ws/install/pal_robotiq_gripper/share/pal_robotiq_gripper/cmake/pal_robotiq_gripperConfig-version.cmake
[3.907s] -- Symlinking: /home/alberto/tiago_public_ws/install/pal_robotiq_gripper/share/pal_robotiq_gripper/package.xml
[4.106s] Invoked command in '/home/alberto/tiago_public_ws/build/pal_robotiq_gripper' returned '0': AMENT_PREFIX_PATH=/home/alberto/tiago_public_ws/install/pal_robotiq_description:/home/alberto/tiago_public_ws/install/pal_robotiq_controller_configuration:${AMENT_PREFIX_PATH} CMAKE_PREFIX_PATH=/home/alberto/tiago_public_ws/install/pal_robotiq_description:/home/alberto/tiago_public_ws/install/pal_robotiq_controller_configuration:/opt/ros/humble /usr/bin/cmake --install /home/alberto/tiago_public_ws/build/pal_robotiq_gripper
