[0.317s] Invoking command in '/home/alberto/tiago_public_ws/build/pmb2_laser_sensors': CMAKE_PREFIX_PATH=/opt/ros/humble /usr/bin/cmake --build /home/alberto/tiago_public_ws/build/pmb2_laser_sensors -- -j12 -l12
[0.452s] Invoked command in '/home/alberto/tiago_public_ws/build/pmb2_laser_sensors' returned '0': CMAKE_PREFIX_PATH=/opt/ros/humble /usr/bin/cmake --build /home/alberto/tiago_public_ws/build/pmb2_laser_sensors -- -j12 -l12
[0.454s] Invoking command in '/home/alberto/tiago_public_ws/build/pmb2_laser_sensors': CMAKE_PREFIX_PATH=/opt/ros/humble /usr/bin/cmake --install /home/alberto/tiago_public_ws/build/pmb2_laser_sensors
[0.494s] -- Install configuration: ""
[0.494s] -- Execute custom install script
[0.494s] -- Up-to-date symlink: /home/alberto/tiago_public_ws/install/pmb2_laser_sensors/share/pmb2_laser_sensors/config/laser_analyzers.yaml
[0.495s] -- Up-to-date symlink: /home/alberto/tiago_public_ws/install/pmb2_laser_sensors/share/pmb2_laser_sensors/launch/laser_hokuyo.launch.py
[0.495s] -- Up-to-date symlink: /home/alberto/tiago_public_ws/install/pmb2_laser_sensors/share/pmb2_laser_sensors/launch/laser_sick-561.launch.py
[0.495s] -- Up-to-date symlink: /home/alberto/tiago_public_ws/install/pmb2_laser_sensors/share/pmb2_laser_sensors/launch/laser_sick-571.launch.py
[0.495s] -- Up-to-date symlink: /home/alberto/tiago_public_ws/install/pmb2_laser_sensors/share/pmb2_laser_sensors/launch/laser_sim.launch.py
[0.495s] -- Up-to-date symlink: /home/alberto/tiago_public_ws/install/pmb2_laser_sensors/share/ament_index/resource_index/package_run_dependencies/pmb2_laser_sensors
[0.495s] -- Up-to-date symlink: /home/alberto/tiago_public_ws/install/pmb2_laser_sensors/share/ament_index/resource_index/parent_prefix_path/pmb2_laser_sensors
[0.499s] -- Up-to-date symlink: /home/alberto/tiago_public_ws/install/pmb2_laser_sensors/share/pmb2_laser_sensors/environment/ament_prefix_path.sh
[0.500s] -- Up-to-date symlink: /home/alberto/tiago_public_ws/install/pmb2_laser_sensors/share/pmb2_laser_sensors/environment/ament_prefix_path.dsv
[0.500s] -- Up-to-date symlink: /home/alberto/tiago_public_ws/install/pmb2_laser_sensors/share/pmb2_laser_sensors/environment/path.sh
[0.500s] -- Up-to-date symlink: /home/alberto/tiago_public_ws/install/pmb2_laser_sensors/share/pmb2_laser_sensors/environment/path.dsv
[0.500s] -- Up-to-date symlink: /home/alberto/tiago_public_ws/install/pmb2_laser_sensors/share/pmb2_laser_sensors/local_setup.bash
[0.500s] -- Up-to-date symlink: /home/alberto/tiago_public_ws/install/pmb2_laser_sensors/share/pmb2_laser_sensors/local_setup.sh
[0.501s] -- Up-to-date symlink: /home/alberto/tiago_public_ws/install/pmb2_laser_sensors/share/pmb2_laser_sensors/local_setup.zsh
[0.501s] -- Up-to-date symlink: /home/alberto/tiago_public_ws/install/pmb2_laser_sensors/share/pmb2_laser_sensors/local_setup.dsv
[0.501s] -- Symlinking: /home/alberto/tiago_public_ws/install/pmb2_laser_sensors/share/pmb2_laser_sensors/package.dsv
[0.520s] -- Up-to-date symlink: /home/alberto/tiago_public_ws/install/pmb2_laser_sensors/share/ament_index/resource_index/packages/pmb2_laser_sensors
[0.525s] -- Up-to-date symlink: /home/alberto/tiago_public_ws/install/pmb2_laser_sensors/share/pmb2_laser_sensors/cmake/pmb2_laser_sensorsConfig.cmake
[0.526s] -- Up-to-date symlink: /home/alberto/tiago_public_ws/install/pmb2_laser_sensors/share/pmb2_laser_sensors/cmake/pmb2_laser_sensorsConfig-version.cmake
[0.527s] -- Up-to-date symlink: /home/alberto/tiago_public_ws/install/pmb2_laser_sensors/share/pmb2_laser_sensors/package.xml
[0.627s] Invoked command in '/home/alberto/tiago_public_ws/build/pmb2_laser_sensors' returned '0': CMAKE_PREFIX_PATH=/opt/ros/humble /usr/bin/cmake --install /home/alberto/tiago_public_ws/build/pmb2_laser_sensors
