[0.012s] Invoking command in '/home/alberto/tfg/Reconocimiento-y-sintesis-visual-Tiago/build/hospital_interfaces': CMAKE_PREFIX_PATH=${CMAKE_PREFIX_PATH}:/opt/ros/humble /usr/bin/cmake --build /home/alberto/tfg/Reconocimiento-y-sintesis-visual-Tiago/build/hospital_interfaces -- -j16 -l16
[0.051s] [35m[1mConsolidate compiler generated dependencies of target hospital_interfaces__rosidl_generator_c[0m
[0.060s] [  2%] Built target hospital_interfaces__cpp
[0.062s] [ 12%] Built target hospital_interfaces__rosidl_generator_c
[0.070s] [ 12%] Built target ament_cmake_python_copy_hospital_interfaces
[0.071s] [35m[1mConsolidate compiler generated dependencies of target hospital_interfaces__rosidl_typesupport_cpp[0m
[0.071s] [35m[1mConsolidate compiler generated dependencies of target hospital_interfaces__rosidl_typesupport_introspection_cpp[0m
[0.071s] [35m[1mConsolidate compiler generated dependencies of target hospital_interfaces__rosidl_typesupport_fastrtps_cpp[0m
[0.071s] [35m[1mConsolidate compiler generated dependencies of target hospital_interfaces__rosidl_typesupport_introspection_c[0m
[0.071s] [35m[1mConsolidate compiler generated dependencies of target hospital_interfaces__rosidl_typesupport_fastrtps_c[0m
[0.071s] [35m[1mConsolidate compiler generated dependencies of target hospital_interfaces__rosidl_typesupport_c[0m
[0.083s] [ 33%] Built target hospital_interfaces__rosidl_typesupport_c
[0.083s] [ 33%] Built target hospital_interfaces__rosidl_typesupport_introspection_c
[0.084s] [ 43%] Built target hospital_interfaces__rosidl_typesupport_cpp
[0.084s] [ 53%] Built target hospital_interfaces__rosidl_typesupport_introspection_cpp
[0.085s] [ 64%] Built target hospital_interfaces__rosidl_typesupport_fastrtps_c
[0.086s] [ 74%] Built target hospital_interfaces__rosidl_typesupport_fastrtps_cpp
[0.105s] [ 74%] Built target hospital_interfaces
[0.127s] [ 76%] Built target hospital_interfaces__py
[0.137s] [35m[1mConsolidate compiler generated dependencies of target hospital_interfaces__rosidl_generator_py[0m
[0.151s] [ 84%] Built target hospital_interfaces__rosidl_generator_py
[0.161s] [35m[1mConsolidate compiler generated dependencies of target hospital_interfaces__rosidl_typesupport_fastrtps_c__pyext[0m
[0.162s] [35m[1mConsolidate compiler generated dependencies of target hospital_interfaces__rosidl_typesupport_introspection_c__pyext[0m
[0.162s] [35m[1mConsolidate compiler generated dependencies of target hospital_interfaces__rosidl_typesupport_c__pyext[0m
[0.175s] [100%] Built target hospital_interfaces__rosidl_typesupport_introspection_c__pyext
[0.175s] [100%] Built target hospital_interfaces__rosidl_typesupport_fastrtps_c__pyext
[0.175s] [100%] Built target hospital_interfaces__rosidl_typesupport_c__pyext
[0.299s] running egg_info
[0.299s] writing hospital_interfaces.egg-info/PKG-INFO
[0.299s] writing dependency_links to hospital_interfaces.egg-info/dependency_links.txt
[0.299s] writing top-level names to hospital_interfaces.egg-info/top_level.txt
[0.301s] reading manifest file 'hospital_interfaces.egg-info/SOURCES.txt'
[0.302s] writing manifest file 'hospital_interfaces.egg-info/SOURCES.txt'
[0.325s] [100%] Built target ament_cmake_python_build_hospital_interfaces_egg
[0.336s] Invoked command in '/home/alberto/tfg/Reconocimiento-y-sintesis-visual-Tiago/build/hospital_interfaces' returned '0': CMAKE_PREFIX_PATH=${CMAKE_PREFIX_PATH}:/opt/ros/humble /usr/bin/cmake --build /home/alberto/tfg/Reconocimiento-y-sintesis-visual-Tiago/build/hospital_interfaces -- -j16 -l16
[0.346s] Invoking command in '/home/alberto/tfg/Reconocimiento-y-sintesis-visual-Tiago/build/hospital_interfaces': CMAKE_PREFIX_PATH=${CMAKE_PREFIX_PATH}:/opt/ros/humble /usr/bin/cmake --install /home/alberto/tfg/Reconocimiento-y-sintesis-visual-Tiago/build/hospital_interfaces
[0.352s] -- Install configuration: ""
[0.352s] -- Up-to-date: /home/alberto/tfg/Reconocimiento-y-sintesis-visual-Tiago/install/hospital_interfaces/share/ament_index/resource_index/rosidl_interfaces/hospital_interfaces
[0.353s] -- Up-to-date: /home/alberto/tfg/Reconocimiento-y-sintesis-visual-Tiago/install/hospital_interfaces/include/hospital_interfaces/hospital_interfaces
[0.353s] -- Up-to-date: /home/alberto/tfg/Reconocimiento-y-sintesis-visual-Tiago/install/hospital_interfaces/include/hospital_interfaces/hospital_interfaces/srv
[0.353s] -- Up-to-date: /home/alberto/tfg/Reconocimiento-y-sintesis-visual-Tiago/install/hospital_interfaces/include/hospital_interfaces/hospital_interfaces/srv/detail
[0.353s] -- Up-to-date: /home/alberto/tfg/Reconocimiento-y-sintesis-visual-Tiago/install/hospital_interfaces/include/hospital_interfaces/hospital_interfaces/srv/detail/analyze_activity__struct.h
[0.353s] -- Up-to-date: /home/alberto/tfg/Reconocimiento-y-sintesis-visual-Tiago/install/hospital_interfaces/include/hospital_interfaces/hospital_interfaces/srv/detail/analyze_activity__functions.h
[0.353s] -- Up-to-date: /home/alberto/tfg/Reconocimiento-y-sintesis-visual-Tiago/install/hospital_interfaces/include/hospital_interfaces/hospital_interfaces/srv/detail/analyze_activity__functions.c
[0.353s] -- Up-to-date: /home/alberto/tfg/Reconocimiento-y-sintesis-visual-Tiago/install/hospital_interfaces/include/hospital_interfaces/hospital_interfaces/srv/detail/analyze_activity__type_support.h
[0.353s] -- Up-to-date: /home/alberto/tfg/Reconocimiento-y-sintesis-visual-Tiago/install/hospital_interfaces/include/hospital_interfaces/hospital_interfaces/srv/analyze_activity.h
[0.353s] -- Up-to-date: /home/alberto/tfg/Reconocimiento-y-sintesis-visual-Tiago/install/hospital_interfaces/include/hospital_interfaces/hospital_interfaces/action
[0.353s] -- Up-to-date: /home/alberto/tfg/Reconocimiento-y-sintesis-visual-Tiago/install/hospital_interfaces/include/hospital_interfaces/hospital_interfaces/action/detail
[0.353s] -- Up-to-date: /home/alberto/tfg/Reconocimiento-y-sintesis-visual-Tiago/install/hospital_interfaces/include/hospital_interfaces/hospital_interfaces/action/detail/generate_report__type_support.h
[0.354s] -- Up-to-date: /home/alberto/tfg/Reconocimiento-y-sintesis-visual-Tiago/install/hospital_interfaces/include/hospital_interfaces/hospital_interfaces/action/detail/generate_report__functions.c
[0.354s] -- Up-to-date: /home/alberto/tfg/Reconocimiento-y-sintesis-visual-Tiago/install/hospital_interfaces/include/hospital_interfaces/hospital_interfaces/action/detail/generate_report__struct.h
[0.354s] -- Up-to-date: /home/alberto/tfg/Reconocimiento-y-sintesis-visual-Tiago/install/hospital_interfaces/include/hospital_interfaces/hospital_interfaces/action/detail/generate_report__functions.h
[0.354s] -- Up-to-date: /home/alberto/tfg/Reconocimiento-y-sintesis-visual-Tiago/install/hospital_interfaces/include/hospital_interfaces/hospital_interfaces/action/generate_report.h
[0.354s] -- Up-to-date: /home/alberto/tfg/Reconocimiento-y-sintesis-visual-Tiago/install/hospital_interfaces/include/hospital_interfaces/hospital_interfaces/msg
[0.354s] -- Up-to-date: /home/alberto/tfg/Reconocimiento-y-sintesis-visual-Tiago/install/hospital_interfaces/include/hospital_interfaces/hospital_interfaces/msg/rosidl_generator_c__visibility_control.h
[0.354s] -- Up-to-date: /home/alberto/tfg/Reconocimiento-y-sintesis-visual-Tiago/install/hospital_interfaces/share/hospital_interfaces/environment/library_path.sh
[0.354s] -- Up-to-date: /home/alberto/tfg/Reconocimiento-y-sintesis-visual-Tiago/install/hospital_interfaces/share/hospital_interfaces/environment/library_path.dsv
[0.354s] -- Up-to-date: /home/alberto/tfg/Reconocimiento-y-sintesis-visual-Tiago/install/hospital_interfaces/lib/libhospital_interfaces__rosidl_generator_c.so
[0.354s] -- Up-to-date: /home/alberto/tfg/Reconocimiento-y-sintesis-visual-Tiago/install/hospital_interfaces/include/hospital_interfaces/hospital_interfaces
[0.354s] -- Up-to-date: /home/alberto/tfg/Reconocimiento-y-sintesis-visual-Tiago/install/hospital_interfaces/include/hospital_interfaces/hospital_interfaces/srv
[0.354s] -- Up-to-date: /home/alberto/tfg/Reconocimiento-y-sintesis-visual-Tiago/install/hospital_interfaces/include/hospital_interfaces/hospital_interfaces/srv/detail
[0.355s] -- Up-to-date: /home/alberto/tfg/Reconocimiento-y-sintesis-visual-Tiago/install/hospital_interfaces/include/hospital_interfaces/hospital_interfaces/srv/detail/analyze_activity__rosidl_typesupport_fastrtps_c.h
[0.355s] -- Up-to-date: /home/alberto/tfg/Reconocimiento-y-sintesis-visual-Tiago/install/hospital_interfaces/include/hospital_interfaces/hospital_interfaces/action
[0.355s] -- Up-to-date: /home/alberto/tfg/Reconocimiento-y-sintesis-visual-Tiago/install/hospital_interfaces/include/hospital_interfaces/hospital_interfaces/action/detail
[0.355s] -- Up-to-date: /home/alberto/tfg/Reconocimiento-y-sintesis-visual-Tiago/install/hospital_interfaces/include/hospital_interfaces/hospital_interfaces/action/detail/generate_report__rosidl_typesupport_fastrtps_c.h
[0.355s] -- Up-to-date: /home/alberto/tfg/Reconocimiento-y-sintesis-visual-Tiago/install/hospital_interfaces/include/hospital_interfaces/hospital_interfaces/msg
[0.355s] -- Up-to-date: /home/alberto/tfg/Reconocimiento-y-sintesis-visual-Tiago/install/hospital_interfaces/include/hospital_interfaces/hospital_interfaces/msg/rosidl_typesupport_fastrtps_c__visibility_control.h
[0.355s] -- Up-to-date: /home/alberto/tfg/Reconocimiento-y-sintesis-visual-Tiago/install/hospital_interfaces/lib/libhospital_interfaces__rosidl_typesupport_fastrtps_c.so
[0.355s] -- Up-to-date: /home/alberto/tfg/Reconocimiento-y-sintesis-visual-Tiago/install/hospital_interfaces/include/hospital_interfaces/hospital_interfaces
[0.355s] -- Up-to-date: /home/alberto/tfg/Reconocimiento-y-sintesis-visual-Tiago/install/hospital_interfaces/include/hospital_interfaces/hospital_interfaces/srv
[0.355s] -- Up-to-date: /home/alberto/tfg/Reconocimiento-y-sintesis-visual-Tiago/install/hospital_interfaces/include/hospital_interfaces/hospital_interfaces/srv/detail
[0.355s] -- Up-to-date: /home/alberto/tfg/Reconocimiento-y-sintesis-visual-Tiago/install/hospital_interfaces/include/hospital_interfaces/hospital_interfaces/srv/detail/analyze_activity__rosidl_typesupport_introspection_c.h
[0.355s] -- Up-to-date: /home/alberto/tfg/Reconocimiento-y-sintesis-visual-Tiago/install/hospital_interfaces/include/hospital_interfaces/hospital_interfaces/srv/detail/analyze_activity__type_support.c
[0.355s] -- Up-to-date: /home/alberto/tfg/Reconocimiento-y-sintesis-visual-Tiago/install/hospital_interfaces/include/hospital_interfaces/hospital_interfaces/action
[0.356s] -- Up-to-date: /home/alberto/tfg/Reconocimiento-y-sintesis-visual-Tiago/install/hospital_interfaces/include/hospital_interfaces/hospital_interfaces/action/detail
[0.356s] -- Up-to-date: /home/alberto/tfg/Reconocimiento-y-sintesis-visual-Tiago/install/hospital_interfaces/include/hospital_interfaces/hospital_interfaces/action/detail/generate_report__type_support.c
[0.356s] -- Up-to-date: /home/alberto/tfg/Reconocimiento-y-sintesis-visual-Tiago/install/hospital_interfaces/include/hospital_interfaces/hospital_interfaces/action/detail/generate_report__rosidl_typesupport_introspection_c.h
[0.356s] -- Up-to-date: /home/alberto/tfg/Reconocimiento-y-sintesis-visual-Tiago/install/hospital_interfaces/include/hospital_interfaces/hospital_interfaces/msg
[0.356s] -- Up-to-date: /home/alberto/tfg/Reconocimiento-y-sintesis-visual-Tiago/install/hospital_interfaces/include/hospital_interfaces/hospital_interfaces/msg/rosidl_typesupport_introspection_c__visibility_control.h
[0.356s] -- Up-to-date: /home/alberto/tfg/Reconocimiento-y-sintesis-visual-Tiago/install/hospital_interfaces/lib/libhospital_interfaces__rosidl_typesupport_introspection_c.so
[0.356s] -- Up-to-date: /home/alberto/tfg/Reconocimiento-y-sintesis-visual-Tiago/install/hospital_interfaces/lib/libhospital_interfaces__rosidl_typesupport_c.so
[0.356s] -- Up-to-date: /home/alberto/tfg/Reconocimiento-y-sintesis-visual-Tiago/install/hospital_interfaces/include/hospital_interfaces/hospital_interfaces
[0.356s] -- Up-to-date: /home/alberto/tfg/Reconocimiento-y-sintesis-visual-Tiago/install/hospital_interfaces/include/hospital_interfaces/hospital_interfaces/srv
[0.356s] -- Up-to-date: /home/alberto/tfg/Reconocimiento-y-sintesis-visual-Tiago/install/hospital_interfaces/include/hospital_interfaces/hospital_interfaces/srv/detail
[0.356s] -- Up-to-date: /home/alberto/tfg/Reconocimiento-y-sintesis-visual-Tiago/install/hospital_interfaces/include/hospital_interfaces/hospital_interfaces/srv/detail/analyze_activity__struct.hpp
[0.356s] -- Up-to-date: /home/alberto/tfg/Reconocimiento-y-sintesis-visual-Tiago/install/hospital_interfaces/include/hospital_interfaces/hospital_interfaces/srv/detail/analyze_activity__builder.hpp
[0.356s] -- Up-to-date: /home/alberto/tfg/Reconocimiento-y-sintesis-visual-Tiago/install/hospital_interfaces/include/hospital_interfaces/hospital_interfaces/srv/detail/analyze_activity__type_support.hpp
[0.357s] -- Up-to-date: /home/alberto/tfg/Reconocimiento-y-sintesis-visual-Tiago/install/hospital_interfaces/include/hospital_interfaces/hospital_interfaces/srv/detail/analyze_activity__traits.hpp
[0.357s] -- Up-to-date: /home/alberto/tfg/Reconocimiento-y-sintesis-visual-Tiago/install/hospital_interfaces/include/hospital_interfaces/hospital_interfaces/srv/analyze_activity.hpp
[0.357s] -- Up-to-date: /home/alberto/tfg/Reconocimiento-y-sintesis-visual-Tiago/install/hospital_interfaces/include/hospital_interfaces/hospital_interfaces/action
[0.357s] -- Up-to-date: /home/alberto/tfg/Reconocimiento-y-sintesis-visual-Tiago/install/hospital_interfaces/include/hospital_interfaces/hospital_interfaces/action/detail
[0.357s] -- Up-to-date: /home/alberto/tfg/Reconocimiento-y-sintesis-visual-Tiago/install/hospital_interfaces/include/hospital_interfaces/hospital_interfaces/action/detail/generate_report__builder.hpp
[0.357s] -- Up-to-date: /home/alberto/tfg/Reconocimiento-y-sintesis-visual-Tiago/install/hospital_interfaces/include/hospital_interfaces/hospital_interfaces/action/detail/generate_report__traits.hpp
[0.357s] -- Up-to-date: /home/alberto/tfg/Reconocimiento-y-sintesis-visual-Tiago/install/hospital_interfaces/include/hospital_interfaces/hospital_interfaces/action/detail/generate_report__type_support.hpp
[0.357s] -- Up-to-date: /home/alberto/tfg/Reconocimiento-y-sintesis-visual-Tiago/install/hospital_interfaces/include/hospital_interfaces/hospital_interfaces/action/detail/generate_report__struct.hpp
[0.357s] -- Up-to-date: /home/alberto/tfg/Reconocimiento-y-sintesis-visual-Tiago/install/hospital_interfaces/include/hospital_interfaces/hospital_interfaces/action/generate_report.hpp
[0.357s] -- Up-to-date: /home/alberto/tfg/Reconocimiento-y-sintesis-visual-Tiago/install/hospital_interfaces/include/hospital_interfaces/hospital_interfaces/msg
[0.357s] -- Up-to-date: /home/alberto/tfg/Reconocimiento-y-sintesis-visual-Tiago/install/hospital_interfaces/include/hospital_interfaces/hospital_interfaces/msg/rosidl_generator_cpp__visibility_control.hpp
[0.357s] -- Up-to-date: /home/alberto/tfg/Reconocimiento-y-sintesis-visual-Tiago/install/hospital_interfaces/include/hospital_interfaces/hospital_interfaces
[0.357s] -- Up-to-date: /home/alberto/tfg/Reconocimiento-y-sintesis-visual-Tiago/install/hospital_interfaces/include/hospital_interfaces/hospital_interfaces/srv
[0.357s] -- Up-to-date: /home/alberto/tfg/Reconocimiento-y-sintesis-visual-Tiago/install/hospital_interfaces/include/hospital_interfaces/hospital_interfaces/srv/detail
[0.357s] -- Up-to-date: /home/alberto/tfg/Reconocimiento-y-sintesis-visual-Tiago/install/hospital_interfaces/include/hospital_interfaces/hospital_interfaces/srv/detail/dds_fastrtps
[0.357s] -- Up-to-date: /home/alberto/tfg/Reconocimiento-y-sintesis-visual-Tiago/install/hospital_interfaces/include/hospital_interfaces/hospital_interfaces/srv/detail/analyze_activity__rosidl_typesupport_fastrtps_cpp.hpp
[0.358s] -- Up-to-date: /home/alberto/tfg/Reconocimiento-y-sintesis-visual-Tiago/install/hospital_interfaces/include/hospital_interfaces/hospital_interfaces/action
[0.358s] -- Up-to-date: /home/alberto/tfg/Reconocimiento-y-sintesis-visual-Tiago/install/hospital_interfaces/include/hospital_interfaces/hospital_interfaces/action/detail
[0.358s] -- Up-to-date: /home/alberto/tfg/Reconocimiento-y-sintesis-visual-Tiago/install/hospital_interfaces/include/hospital_interfaces/hospital_interfaces/action/detail/dds_fastrtps
[0.358s] -- Up-to-date: /home/alberto/tfg/Reconocimiento-y-sintesis-visual-Tiago/install/hospital_interfaces/include/hospital_interfaces/hospital_interfaces/action/detail/generate_report__rosidl_typesupport_fastrtps_cpp.hpp
[0.358s] -- Up-to-date: /home/alberto/tfg/Reconocimiento-y-sintesis-visual-Tiago/install/hospital_interfaces/include/hospital_interfaces/hospital_interfaces/msg
[0.358s] -- Up-to-date: /home/alberto/tfg/Reconocimiento-y-sintesis-visual-Tiago/install/hospital_interfaces/include/hospital_interfaces/hospital_interfaces/msg/rosidl_typesupport_fastrtps_cpp__visibility_control.h
[0.358s] -- Up-to-date: /home/alberto/tfg/Reconocimiento-y-sintesis-visual-Tiago/install/hospital_interfaces/lib/libhospital_interfaces__rosidl_typesupport_fastrtps_cpp.so
[0.358s] -- Up-to-date: /home/alberto/tfg/Reconocimiento-y-sintesis-visual-Tiago/install/hospital_interfaces/include/hospital_interfaces/hospital_interfaces
[0.358s] -- Up-to-date: /home/alberto/tfg/Reconocimiento-y-sintesis-visual-Tiago/install/hospital_interfaces/include/hospital_interfaces/hospital_interfaces/srv
[0.358s] -- Up-to-date: /home/alberto/tfg/Reconocimiento-y-sintesis-visual-Tiago/install/hospital_interfaces/include/hospital_interfaces/hospital_interfaces/srv/detail
[0.358s] -- Up-to-date: /home/alberto/tfg/Reconocimiento-y-sintesis-visual-Tiago/install/hospital_interfaces/include/hospital_interfaces/hospital_interfaces/srv/detail/analyze_activity__type_support.cpp
[0.358s] -- Up-to-date: /home/alberto/tfg/Reconocimiento-y-sintesis-visual-Tiago/install/hospital_interfaces/include/hospital_interfaces/hospital_interfaces/srv/detail/analyze_activity__rosidl_typesupport_introspection_cpp.hpp
[0.358s] -- Up-to-date: /home/alberto/tfg/Reconocimiento-y-sintesis-visual-Tiago/install/hospital_interfaces/include/hospital_interfaces/hospital_interfaces/action
[0.358s] -- Up-to-date: /home/alberto/tfg/Reconocimiento-y-sintesis-visual-Tiago/install/hospital_interfaces/include/hospital_interfaces/hospital_interfaces/action/detail
[0.358s] -- Up-to-date: /home/alberto/tfg/Reconocimiento-y-sintesis-visual-Tiago/install/hospital_interfaces/include/hospital_interfaces/hospital_interfaces/action/detail/generate_report__rosidl_typesupport_introspection_cpp.hpp
[0.359s] -- Up-to-date: /home/alberto/tfg/Reconocimiento-y-sintesis-visual-Tiago/install/hospital_interfaces/include/hospital_interfaces/hospital_interfaces/action/detail/generate_report__type_support.cpp
[0.359s] -- Up-to-date: /home/alberto/tfg/Reconocimiento-y-sintesis-visual-Tiago/install/hospital_interfaces/lib/libhospital_interfaces__rosidl_typesupport_introspection_cpp.so
[0.359s] -- Up-to-date: /home/alberto/tfg/Reconocimiento-y-sintesis-visual-Tiago/install/hospital_interfaces/lib/libhospital_interfaces__rosidl_typesupport_cpp.so
[0.359s] -- Up-to-date: /home/alberto/tfg/Reconocimiento-y-sintesis-visual-Tiago/install/hospital_interfaces/share/hospital_interfaces/environment/pythonpath.sh
[0.359s] -- Up-to-date: /home/alberto/tfg/Reconocimiento-y-sintesis-visual-Tiago/install/hospital_interfaces/share/hospital_interfaces/environment/pythonpath.dsv
[0.359s] -- Up-to-date: /home/alberto/tfg/Reconocimiento-y-sintesis-visual-Tiago/install/hospital_interfaces/local/lib/python3.10/dist-packages/hospital_interfaces-0.0.0-py3.10.egg-info
[0.359s] -- Installing: /home/alberto/tfg/Reconocimiento-y-sintesis-visual-Tiago/install/hospital_interfaces/local/lib/python3.10/dist-packages/hospital_interfaces-0.0.0-py3.10.egg-info/PKG-INFO
[0.359s] -- Installing: /home/alberto/tfg/Reconocimiento-y-sintesis-visual-Tiago/install/hospital_interfaces/local/lib/python3.10/dist-packages/hospital_interfaces-0.0.0-py3.10.egg-info/SOURCES.txt
[0.359s] -- Installing: /home/alberto/tfg/Reconocimiento-y-sintesis-visual-Tiago/install/hospital_interfaces/local/lib/python3.10/dist-packages/hospital_interfaces-0.0.0-py3.10.egg-info/dependency_links.txt
[0.359s] -- Installing: /home/alberto/tfg/Reconocimiento-y-sintesis-visual-Tiago/install/hospital_interfaces/local/lib/python3.10/dist-packages/hospital_interfaces-0.0.0-py3.10.egg-info/top_level.txt
[0.359s] -- Up-to-date: /home/alberto/tfg/Reconocimiento-y-sintesis-visual-Tiago/install/hospital_interfaces/local/lib/python3.10/dist-packages/hospital_interfaces
[0.359s] -- Up-to-date: /home/alberto/tfg/Reconocimiento-y-sintesis-visual-Tiago/install/hospital_interfaces/local/lib/python3.10/dist-packages/hospital_interfaces/hospital_interfaces_s__rosidl_typesupport_fastrtps_c.cpython-310-x86_64-linux-gnu.so
[0.359s] -- Up-to-date: /home/alberto/tfg/Reconocimiento-y-sintesis-visual-Tiago/install/hospital_interfaces/local/lib/python3.10/dist-packages/hospital_interfaces/hospital_interfaces_s__rosidl_typesupport_introspection_c.cpython-310-x86_64-linux-gnu.so
[0.359s] -- Up-to-date: /home/alberto/tfg/Reconocimiento-y-sintesis-visual-Tiago/install/hospital_interfaces/local/lib/python3.10/dist-packages/hospital_interfaces/libhospital_interfaces__rosidl_generator_py.so
[0.359s] -- Up-to-date: /home/alberto/tfg/Reconocimiento-y-sintesis-visual-Tiago/install/hospital_interfaces/local/lib/python3.10/dist-packages/hospital_interfaces/__init__.py
[0.360s] -- Up-to-date: /home/alberto/tfg/Reconocimiento-y-sintesis-visual-Tiago/install/hospital_interfaces/local/lib/python3.10/dist-packages/hospital_interfaces/srv
[0.360s] -- Up-to-date: /home/alberto/tfg/Reconocimiento-y-sintesis-visual-Tiago/install/hospital_interfaces/local/lib/python3.10/dist-packages/hospital_interfaces/srv/_analyze_activity.py
[0.360s] -- Up-to-date: /home/alberto/tfg/Reconocimiento-y-sintesis-visual-Tiago/install/hospital_interfaces/local/lib/python3.10/dist-packages/hospital_interfaces/srv/__init__.py
[0.360s] -- Up-to-date: /home/alberto/tfg/Reconocimiento-y-sintesis-visual-Tiago/install/hospital_interfaces/local/lib/python3.10/dist-packages/hospital_interfaces/srv/_analyze_activity_s.c
[0.360s] -- Up-to-date: /home/alberto/tfg/Reconocimiento-y-sintesis-visual-Tiago/install/hospital_interfaces/local/lib/python3.10/dist-packages/hospital_interfaces/action
[0.360s] -- Up-to-date: /home/alberto/tfg/Reconocimiento-y-sintesis-visual-Tiago/install/hospital_interfaces/local/lib/python3.10/dist-packages/hospital_interfaces/action/_generate_report_s.c
[0.360s] -- Up-to-date: /home/alberto/tfg/Reconocimiento-y-sintesis-visual-Tiago/install/hospital_interfaces/local/lib/python3.10/dist-packages/hospital_interfaces/action/_generate_report.py
[0.360s] -- Up-to-date: /home/alberto/tfg/Reconocimiento-y-sintesis-visual-Tiago/install/hospital_interfaces/local/lib/python3.10/dist-packages/hospital_interfaces/action/__init__.py
[0.360s] -- Up-to-date: /home/alberto/tfg/Reconocimiento-y-sintesis-visual-Tiago/install/hospital_interfaces/local/lib/python3.10/dist-packages/hospital_interfaces/_hospital_interfaces_s.ep.rosidl_typesupport_fastrtps_c.c
[0.360s] -- Up-to-date: /home/alberto/tfg/Reconocimiento-y-sintesis-visual-Tiago/install/hospital_interfaces/local/lib/python3.10/dist-packages/hospital_interfaces/_hospital_interfaces_s.ep.rosidl_typesupport_introspection_c.c
[0.360s] -- Up-to-date: /home/alberto/tfg/Reconocimiento-y-sintesis-visual-Tiago/install/hospital_interfaces/local/lib/python3.10/dist-packages/hospital_interfaces/hospital_interfaces_s__rosidl_typesupport_c.cpython-310-x86_64-linux-gnu.so
[0.360s] -- Up-to-date: /home/alberto/tfg/Reconocimiento-y-sintesis-visual-Tiago/install/hospital_interfaces/local/lib/python3.10/dist-packages/hospital_interfaces/_hospital_interfaces_s.ep.rosidl_typesupport_c.c
[0.385s] Listing '/home/alberto/tfg/Reconocimiento-y-sintesis-visual-Tiago/install/hospital_interfaces/local/lib/python3.10/dist-packages/hospital_interfaces'...
[0.385s] Listing '/home/alberto/tfg/Reconocimiento-y-sintesis-visual-Tiago/install/hospital_interfaces/local/lib/python3.10/dist-packages/hospital_interfaces/action'...
[0.385s] Listing '/home/alberto/tfg/Reconocimiento-y-sintesis-visual-Tiago/install/hospital_interfaces/local/lib/python3.10/dist-packages/hospital_interfaces/srv'...
[0.388s] -- Up-to-date: /home/alberto/tfg/Reconocimiento-y-sintesis-visual-Tiago/install/hospital_interfaces/local/lib/python3.10/dist-packages/hospital_interfaces/hospital_interfaces_s__rosidl_typesupport_fastrtps_c.cpython-310-x86_64-linux-gnu.so
[0.389s] -- Up-to-date: /home/alberto/tfg/Reconocimiento-y-sintesis-visual-Tiago/install/hospital_interfaces/local/lib/python3.10/dist-packages/hospital_interfaces/hospital_interfaces_s__rosidl_typesupport_introspection_c.cpython-310-x86_64-linux-gnu.so
[0.389s] -- Up-to-date: /home/alberto/tfg/Reconocimiento-y-sintesis-visual-Tiago/install/hospital_interfaces/local/lib/python3.10/dist-packages/hospital_interfaces/hospital_interfaces_s__rosidl_typesupport_c.cpython-310-x86_64-linux-gnu.so
[0.389s] -- Up-to-date: /home/alberto/tfg/Reconocimiento-y-sintesis-visual-Tiago/install/hospital_interfaces/lib/libhospital_interfaces__rosidl_generator_py.so
[0.390s] -- Up-to-date: /home/alberto/tfg/Reconocimiento-y-sintesis-visual-Tiago/install/hospital_interfaces/share/hospital_interfaces/srv/AnalyzeActivity.idl
[0.390s] -- Up-to-date: /home/alberto/tfg/Reconocimiento-y-sintesis-visual-Tiago/install/hospital_interfaces/share/hospital_interfaces/action/GenerateReport.idl
[0.390s] -- Up-to-date: /home/alberto/tfg/Reconocimiento-y-sintesis-visual-Tiago/install/hospital_interfaces/share/hospital_interfaces/srv/AnalyzeActivity.srv
[0.390s] -- Up-to-date: /home/alberto/tfg/Reconocimiento-y-sintesis-visual-Tiago/install/hospital_interfaces/share/hospital_interfaces/srv/AnalyzeActivity_Request.msg
[0.390s] -- Up-to-date: /home/alberto/tfg/Reconocimiento-y-sintesis-visual-Tiago/install/hospital_interfaces/share/hospital_interfaces/srv/AnalyzeActivity_Response.msg
[0.390s] -- Up-to-date: /home/alberto/tfg/Reconocimiento-y-sintesis-visual-Tiago/install/hospital_interfaces/share/hospital_interfaces/action/GenerateReport.action
[0.390s] -- Up-to-date: /home/alberto/tfg/Reconocimiento-y-sintesis-visual-Tiago/install/hospital_interfaces/share/ament_index/resource_index/package_run_dependencies/hospital_interfaces
[0.390s] -- Up-to-date: /home/alberto/tfg/Reconocimiento-y-sintesis-visual-Tiago/install/hospital_interfaces/share/ament_index/resource_index/parent_prefix_path/hospital_interfaces
[0.390s] -- Up-to-date: /home/alberto/tfg/Reconocimiento-y-sintesis-visual-Tiago/install/hospital_interfaces/share/hospital_interfaces/environment/ament_prefix_path.sh
[0.391s] -- Up-to-date: /home/alberto/tfg/Reconocimiento-y-sintesis-visual-Tiago/install/hospital_interfaces/share/hospital_interfaces/environment/ament_prefix_path.dsv
[0.391s] -- Up-to-date: /home/alberto/tfg/Reconocimiento-y-sintesis-visual-Tiago/install/hospital_interfaces/share/hospital_interfaces/environment/path.sh
[0.391s] -- Up-to-date: /home/alberto/tfg/Reconocimiento-y-sintesis-visual-Tiago/install/hospital_interfaces/share/hospital_interfaces/environment/path.dsv
[0.391s] -- Up-to-date: /home/alberto/tfg/Reconocimiento-y-sintesis-visual-Tiago/install/hospital_interfaces/share/hospital_interfaces/local_setup.bash
[0.391s] -- Up-to-date: /home/alberto/tfg/Reconocimiento-y-sintesis-visual-Tiago/install/hospital_interfaces/share/hospital_interfaces/local_setup.sh
[0.391s] -- Up-to-date: /home/alberto/tfg/Reconocimiento-y-sintesis-visual-Tiago/install/hospital_interfaces/share/hospital_interfaces/local_setup.zsh
[0.391s] -- Up-to-date: /home/alberto/tfg/Reconocimiento-y-sintesis-visual-Tiago/install/hospital_interfaces/share/hospital_interfaces/local_setup.dsv
[0.391s] -- Installing: /home/alberto/tfg/Reconocimiento-y-sintesis-visual-Tiago/install/hospital_interfaces/share/hospital_interfaces/package.dsv
[0.391s] -- Up-to-date: /home/alberto/tfg/Reconocimiento-y-sintesis-visual-Tiago/install/hospital_interfaces/share/ament_index/resource_index/packages/hospital_interfaces
[0.391s] -- Up-to-date: /home/alberto/tfg/Reconocimiento-y-sintesis-visual-Tiago/install/hospital_interfaces/share/hospital_interfaces/cmake/export_hospital_interfaces__rosidl_generator_cExport.cmake
[0.391s] -- Up-to-date: /home/alberto/tfg/Reconocimiento-y-sintesis-visual-Tiago/install/hospital_interfaces/share/hospital_interfaces/cmake/export_hospital_interfaces__rosidl_generator_cExport-noconfig.cmake
[0.391s] -- Up-to-date: /home/alberto/tfg/Reconocimiento-y-sintesis-visual-Tiago/install/hospital_interfaces/share/hospital_interfaces/cmake/export_hospital_interfaces__rosidl_typesupport_fastrtps_cExport.cmake
[0.391s] -- Up-to-date: /home/alberto/tfg/Reconocimiento-y-sintesis-visual-Tiago/install/hospital_interfaces/share/hospital_interfaces/cmake/export_hospital_interfaces__rosidl_typesupport_fastrtps_cExport-noconfig.cmake
[0.392s] -- Up-to-date: /home/alberto/tfg/Reconocimiento-y-sintesis-visual-Tiago/install/hospital_interfaces/share/hospital_interfaces/cmake/hospital_interfaces__rosidl_typesupport_introspection_cExport.cmake
[0.392s] -- Up-to-date: /home/alberto/tfg/Reconocimiento-y-sintesis-visual-Tiago/install/hospital_interfaces/share/hospital_interfaces/cmake/hospital_interfaces__rosidl_typesupport_introspection_cExport-noconfig.cmake
[0.392s] -- Up-to-date: /home/alberto/tfg/Reconocimiento-y-sintesis-visual-Tiago/install/hospital_interfaces/share/hospital_interfaces/cmake/hospital_interfaces__rosidl_typesupport_cExport.cmake
[0.392s] -- Up-to-date: /home/alberto/tfg/Reconocimiento-y-sintesis-visual-Tiago/install/hospital_interfaces/share/hospital_interfaces/cmake/hospital_interfaces__rosidl_typesupport_cExport-noconfig.cmake
[0.392s] -- Up-to-date: /home/alberto/tfg/Reconocimiento-y-sintesis-visual-Tiago/install/hospital_interfaces/share/hospital_interfaces/cmake/export_hospital_interfaces__rosidl_generator_cppExport.cmake
[0.392s] -- Up-to-date: /home/alberto/tfg/Reconocimiento-y-sintesis-visual-Tiago/install/hospital_interfaces/share/hospital_interfaces/cmake/export_hospital_interfaces__rosidl_typesupport_fastrtps_cppExport.cmake
[0.392s] -- Up-to-date: /home/alberto/tfg/Reconocimiento-y-sintesis-visual-Tiago/install/hospital_interfaces/share/hospital_interfaces/cmake/export_hospital_interfaces__rosidl_typesupport_fastrtps_cppExport-noconfig.cmake
[0.392s] -- Up-to-date: /home/alberto/tfg/Reconocimiento-y-sintesis-visual-Tiago/install/hospital_interfaces/share/hospital_interfaces/cmake/hospital_interfaces__rosidl_typesupport_introspection_cppExport.cmake
[0.392s] -- Up-to-date: /home/alberto/tfg/Reconocimiento-y-sintesis-visual-Tiago/install/hospital_interfaces/share/hospital_interfaces/cmake/hospital_interfaces__rosidl_typesupport_introspection_cppExport-noconfig.cmake
[0.392s] -- Up-to-date: /home/alberto/tfg/Reconocimiento-y-sintesis-visual-Tiago/install/hospital_interfaces/share/hospital_interfaces/cmake/hospital_interfaces__rosidl_typesupport_cppExport.cmake
[0.392s] -- Up-to-date: /home/alberto/tfg/Reconocimiento-y-sintesis-visual-Tiago/install/hospital_interfaces/share/hospital_interfaces/cmake/hospital_interfaces__rosidl_typesupport_cppExport-noconfig.cmake
[0.392s] -- Up-to-date: /home/alberto/tfg/Reconocimiento-y-sintesis-visual-Tiago/install/hospital_interfaces/share/hospital_interfaces/cmake/export_hospital_interfaces__rosidl_generator_pyExport.cmake
[0.393s] -- Up-to-date: /home/alberto/tfg/Reconocimiento-y-sintesis-visual-Tiago/install/hospital_interfaces/share/hospital_interfaces/cmake/export_hospital_interfaces__rosidl_generator_pyExport-noconfig.cmake
[0.393s] -- Up-to-date: /home/alberto/tfg/Reconocimiento-y-sintesis-visual-Tiago/install/hospital_interfaces/share/hospital_interfaces/cmake/rosidl_cmake-extras.cmake
[0.393s] -- Up-to-date: /home/alberto/tfg/Reconocimiento-y-sintesis-visual-Tiago/install/hospital_interfaces/share/hospital_interfaces/cmake/ament_cmake_export_dependencies-extras.cmake
[0.393s] -- Up-to-date: /home/alberto/tfg/Reconocimiento-y-sintesis-visual-Tiago/install/hospital_interfaces/share/hospital_interfaces/cmake/ament_cmake_export_include_directories-extras.cmake
[0.393s] -- Up-to-date: /home/alberto/tfg/Reconocimiento-y-sintesis-visual-Tiago/install/hospital_interfaces/share/hospital_interfaces/cmake/ament_cmake_export_libraries-extras.cmake
[0.393s] -- Up-to-date: /home/alberto/tfg/Reconocimiento-y-sintesis-visual-Tiago/install/hospital_interfaces/share/hospital_interfaces/cmake/ament_cmake_export_targets-extras.cmake
[0.393s] -- Up-to-date: /home/alberto/tfg/Reconocimiento-y-sintesis-visual-Tiago/install/hospital_interfaces/share/hospital_interfaces/cmake/rosidl_cmake_export_typesupport_targets-extras.cmake
[0.393s] -- Up-to-date: /home/alberto/tfg/Reconocimiento-y-sintesis-visual-Tiago/install/hospital_interfaces/share/hospital_interfaces/cmake/rosidl_cmake_export_typesupport_libraries-extras.cmake
[0.393s] -- Up-to-date: /home/alberto/tfg/Reconocimiento-y-sintesis-visual-Tiago/install/hospital_interfaces/share/hospital_interfaces/cmake/hospital_interfacesConfig.cmake
[0.393s] -- Up-to-date: /home/alberto/tfg/Reconocimiento-y-sintesis-visual-Tiago/install/hospital_interfaces/share/hospital_interfaces/cmake/hospital_interfacesConfig-version.cmake
[0.393s] -- Up-to-date: /home/alberto/tfg/Reconocimiento-y-sintesis-visual-Tiago/install/hospital_interfaces/share/hospital_interfaces/package.xml
[0.395s] Invoked command in '/home/alberto/tfg/Reconocimiento-y-sintesis-visual-Tiago/build/hospital_interfaces' returned '0': CMAKE_PREFIX_PATH=${CMAKE_PREFIX_PATH}:/opt/ros/humble /usr/bin/cmake --install /home/alberto/tfg/Reconocimiento-y-sintesis-visual-Tiago/build/hospital_interfaces
