[0.085s] Invoking command in '/home/alberto/tiago_public_ws/build/tiago_2dnav': AMENT_PREFIX_PATH=/home/alberto/tiago_public_ws/install/pmb2_2dnav:/home/alberto/tiago_public_ws/install/launch_pal:${AMENT_PREFIX_PATH} CMAKE_PREFIX_PATH=/home/alberto/tiago_public_ws/install/pmb2_2dnav:/opt/ros/humble PYTHONPATH=/home/alberto/tiago_public_ws/build/launch_pal:/home/alberto/tiago_public_ws/install/launch_pal/lib/python3.10/site-packages:${PYTHONPATH} /usr/bin/cmake --build /home/alberto/tiago_public_ws/build/tiago_2dnav -- -j12 -l12
[0.157s] Invoked command in '/home/alberto/tiago_public_ws/build/tiago_2dnav' returned '0': AMENT_PREFIX_PATH=/home/alberto/tiago_public_ws/install/pmb2_2dnav:/home/alberto/tiago_public_ws/install/launch_pal:${AMENT_PREFIX_PATH} CMAKE_PREFIX_PATH=/home/alberto/tiago_public_ws/install/pmb2_2dnav:/opt/ros/humble PYTHONPATH=/home/alberto/tiago_public_ws/build/launch_pal:/home/alberto/tiago_public_ws/install/launch_pal/lib/python3.10/site-packages:${PYTHONPATH} /usr/bin/cmake --build /home/alberto/tiago_public_ws/build/tiago_2dnav -- -j12 -l12
[0.160s] Invoking command in '/home/alberto/tiago_public_ws/build/tiago_2dnav': AMENT_PREFIX_PATH=/home/alberto/tiago_public_ws/install/pmb2_2dnav:/home/alberto/tiago_public_ws/install/launch_pal:${AMENT_PREFIX_PATH} CMAKE_PREFIX_PATH=/home/alberto/tiago_public_ws/install/pmb2_2dnav:/opt/ros/humble PYTHONPATH=/home/alberto/tiago_public_ws/build/launch_pal:/home/alberto/tiago_public_ws/install/launch_pal/lib/python3.10/site-packages:${PYTHONPATH} /usr/bin/cmake --install /home/alberto/tiago_public_ws/build/tiago_2dnav
[0.169s] -- Install configuration: ""
[0.169s] -- Execute custom install script
[0.171s] -- Up-to-date symlink: /home/alberto/tiago_public_ws/install/tiago_2dnav/share/ament_index/resource_index/package_run_dependencies/tiago_2dnav
[0.172s] -- Up-to-date symlink: /home/alberto/tiago_public_ws/install/tiago_2dnav/share/ament_index/resource_index/parent_prefix_path/tiago_2dnav
[0.174s] -- Up-to-date symlink: /home/alberto/tiago_public_ws/install/tiago_2dnav/share/tiago_2dnav/environment/ament_prefix_path.sh
[0.174s] -- Up-to-date symlink: /home/alberto/tiago_public_ws/install/tiago_2dnav/share/tiago_2dnav/environment/ament_prefix_path.dsv
[0.174s] -- Up-to-date symlink: /home/alberto/tiago_public_ws/install/tiago_2dnav/share/tiago_2dnav/environment/path.sh
[0.174s] -- Up-to-date symlink: /home/alberto/tiago_public_ws/install/tiago_2dnav/share/tiago_2dnav/environment/path.dsv
[0.174s] -- Up-to-date symlink: /home/alberto/tiago_public_ws/install/tiago_2dnav/share/tiago_2dnav/local_setup.bash
[0.174s] -- Up-to-date symlink: /home/alberto/tiago_public_ws/install/tiago_2dnav/share/tiago_2dnav/local_setup.sh
[0.174s] -- Up-to-date symlink: /home/alberto/tiago_public_ws/install/tiago_2dnav/share/tiago_2dnav/local_setup.zsh
[0.175s] -- Up-to-date symlink: /home/alberto/tiago_public_ws/install/tiago_2dnav/share/tiago_2dnav/local_setup.dsv
[0.175s] -- Symlinking: /home/alberto/tiago_public_ws/install/tiago_2dnav/share/tiago_2dnav/package.dsv
[0.186s] -- Up-to-date symlink: /home/alberto/tiago_public_ws/install/tiago_2dnav/share/ament_index/resource_index/packages/tiago_2dnav
[0.187s] -- Up-to-date symlink: /home/alberto/tiago_public_ws/install/tiago_2dnav/share/tiago_2dnav/cmake/tiago_2dnavConfig.cmake
[0.187s] -- Up-to-date symlink: /home/alberto/tiago_public_ws/install/tiago_2dnav/share/tiago_2dnav/cmake/tiago_2dnavConfig-version.cmake
[0.187s] -- Up-to-date symlink: /home/alberto/tiago_public_ws/install/tiago_2dnav/share/tiago_2dnav/package.xml
[0.191s] Invoked command in '/home/alberto/tiago_public_ws/build/tiago_2dnav' returned '0': AMENT_PREFIX_PATH=/home/alberto/tiago_public_ws/install/pmb2_2dnav:/home/alberto/tiago_public_ws/install/launch_pal:${AMENT_PREFIX_PATH} CMAKE_PREFIX_PATH=/home/alberto/tiago_public_ws/install/pmb2_2dnav:/opt/ros/humble PYTHONPATH=/home/alberto/tiago_public_ws/build/launch_pal:/home/alberto/tiago_public_ws/install/launch_pal/lib/python3.10/site-packages:${PYTHONPATH} /usr/bin/cmake --install /home/alberto/tiago_public_ws/build/tiago_2dnav
