[0.072s] Invoking command in '/home/alberto/tiago_public_ws/build/pmb2_navigation': AMENT_PREFIX_PATH=/home/alberto/tiago_public_ws/install/pmb2_2dnav:/home/alberto/tiago_public_ws/install/pmb2_laser_sensors:/home/alberto/tiago_public_ws/install/launch_pal:${AMENT_PREFIX_PATH} CMAKE_PREFIX_PATH=/home/alberto/tiago_public_ws/install/pmb2_2dnav:/home/alberto/tiago_public_ws/install/pmb2_laser_sensors:/opt/ros/humble PYTHONPATH=/home/alberto/tiago_public_ws/build/launch_pal:/home/alberto/tiago_public_ws/install/launch_pal/lib/python3.10/site-packages:${PYTHONPATH} /usr/bin/cmake /home/alberto/tiago_public_ws/src/pmb2_navigation/pmb2_navigation -DAMENT_CMAKE_SYMLINK_INSTALL=1 -DCMAKE_INSTALL_PREFIX=/home/alberto/tiago_public_ws/install/pmb2_navigation
[0.246s] -- The C compiler identification is GNU 11.4.0
[0.418s] -- The CXX compiler identification is GNU 11.4.0
[0.438s] -- Detecting C compiler ABI info
[0.578s] -- Detecting C compiler ABI info - done
[0.663s] -- Check for working C compiler: /usr/bin/cc - skipped
[0.664s] -- Detecting C compile features
[0.664s] -- Detecting C compile features - done
[0.687s] -- Detecting CXX compiler ABI info
[0.937s] -- Detecting CXX compiler ABI info - done
[0.949s] -- Check for working CXX compiler: /usr/bin/c++ - skipped
[0.950s] -- Detecting CXX compile features
[0.953s] -- Detecting CXX compile features - done
[0.961s] -- Found ament_cmake_auto: 1.3.12 (/opt/ros/humble/share/ament_cmake_auto/cmake)
[1.480s] -- Found Python3: /usr/bin/python3 (found version "3.10.12") found components: Interpreter 
[1.696s] -- Override CMake install command with custom implementation using symlinks instead of copying resources
[1.978s] -- Configuring done
[1.992s] -- Generating done
[2.005s] -- Build files have been written to: /home/alberto/tiago_public_ws/build/pmb2_navigation
[2.037s] Invoked command in '/home/alberto/tiago_public_ws/build/pmb2_navigation' returned '0': AMENT_PREFIX_PATH=/home/alberto/tiago_public_ws/install/pmb2_2dnav:/home/alberto/tiago_public_ws/install/pmb2_laser_sensors:/home/alberto/tiago_public_ws/install/launch_pal:${AMENT_PREFIX_PATH} CMAKE_PREFIX_PATH=/home/alberto/tiago_public_ws/install/pmb2_2dnav:/home/alberto/tiago_public_ws/install/pmb2_laser_sensors:/opt/ros/humble PYTHONPATH=/home/alberto/tiago_public_ws/build/launch_pal:/home/alberto/tiago_public_ws/install/launch_pal/lib/python3.10/site-packages:${PYTHONPATH} /usr/bin/cmake /home/alberto/tiago_public_ws/src/pmb2_navigation/pmb2_navigation -DAMENT_CMAKE_SYMLINK_INSTALL=1 -DCMAKE_INSTALL_PREFIX=/home/alberto/tiago_public_ws/install/pmb2_navigation
[2.037s] Invoking command in '/home/alberto/tiago_public_ws/build/pmb2_navigation': AMENT_PREFIX_PATH=/home/alberto/tiago_public_ws/install/pmb2_2dnav:/home/alberto/tiago_public_ws/install/pmb2_laser_sensors:/home/alberto/tiago_public_ws/install/launch_pal:${AMENT_PREFIX_PATH} CMAKE_PREFIX_PATH=/home/alberto/tiago_public_ws/install/pmb2_2dnav:/home/alberto/tiago_public_ws/install/pmb2_laser_sensors:/opt/ros/humble PYTHONPATH=/home/alberto/tiago_public_ws/build/launch_pal:/home/alberto/tiago_public_ws/install/launch_pal/lib/python3.10/site-packages:${PYTHONPATH} /usr/bin/cmake --build /home/alberto/tiago_public_ws/build/pmb2_navigation -- -j8 -l8
[2.177s] Invoked command in '/home/alberto/tiago_public_ws/build/pmb2_navigation' returned '0': AMENT_PREFIX_PATH=/home/alberto/tiago_public_ws/install/pmb2_2dnav:/home/alberto/tiago_public_ws/install/pmb2_laser_sensors:/home/alberto/tiago_public_ws/install/launch_pal:${AMENT_PREFIX_PATH} CMAKE_PREFIX_PATH=/home/alberto/tiago_public_ws/install/pmb2_2dnav:/home/alberto/tiago_public_ws/install/pmb2_laser_sensors:/opt/ros/humble PYTHONPATH=/home/alberto/tiago_public_ws/build/launch_pal:/home/alberto/tiago_public_ws/install/launch_pal/lib/python3.10/site-packages:${PYTHONPATH} /usr/bin/cmake --build /home/alberto/tiago_public_ws/build/pmb2_navigation -- -j8 -l8
[2.189s] Invoking command in '/home/alberto/tiago_public_ws/build/pmb2_navigation': AMENT_PREFIX_PATH=/home/alberto/tiago_public_ws/install/pmb2_2dnav:/home/alberto/tiago_public_ws/install/pmb2_laser_sensors:/home/alberto/tiago_public_ws/install/launch_pal:${AMENT_PREFIX_PATH} CMAKE_PREFIX_PATH=/home/alberto/tiago_public_ws/install/pmb2_2dnav:/home/alberto/tiago_public_ws/install/pmb2_laser_sensors:/opt/ros/humble PYTHONPATH=/home/alberto/tiago_public_ws/build/launch_pal:/home/alberto/tiago_public_ws/install/launch_pal/lib/python3.10/site-packages:${PYTHONPATH} /usr/bin/cmake --install /home/alberto/tiago_public_ws/build/pmb2_navigation
[2.214s] -- Install configuration: ""
[2.214s] -- Execute custom install script
[2.220s] -- Symlinking: /home/alberto/tiago_public_ws/install/pmb2_navigation/share/ament_index/resource_index/package_run_dependencies/pmb2_navigation
[2.244s] -- Symlinking: /home/alberto/tiago_public_ws/install/pmb2_navigation/share/ament_index/resource_index/parent_prefix_path/pmb2_navigation
[2.269s] -- Symlinking: /home/alberto/tiago_public_ws/install/pmb2_navigation/share/pmb2_navigation/environment/ament_prefix_path.sh
[2.295s] -- Symlinking: /home/alberto/tiago_public_ws/install/pmb2_navigation/share/pmb2_navigation/environment/ament_prefix_path.dsv
[2.326s] -- Symlinking: /home/alberto/tiago_public_ws/install/pmb2_navigation/share/pmb2_navigation/environment/path.sh
[2.361s] -- Symlinking: /home/alberto/tiago_public_ws/install/pmb2_navigation/share/pmb2_navigation/environment/path.dsv
[2.391s] -- Symlinking: /home/alberto/tiago_public_ws/install/pmb2_navigation/share/pmb2_navigation/local_setup.bash
[2.421s] -- Symlinking: /home/alberto/tiago_public_ws/install/pmb2_navigation/share/pmb2_navigation/local_setup.sh
[2.447s] -- Symlinking: /home/alberto/tiago_public_ws/install/pmb2_navigation/share/pmb2_navigation/local_setup.zsh
[2.477s] -- Symlinking: /home/alberto/tiago_public_ws/install/pmb2_navigation/share/pmb2_navigation/local_setup.dsv
[2.504s] -- Symlinking: /home/alberto/tiago_public_ws/install/pmb2_navigation/share/pmb2_navigation/package.dsv
[2.542s] -- Symlinking: /home/alberto/tiago_public_ws/install/pmb2_navigation/share/ament_index/resource_index/packages/pmb2_navigation
[2.569s] -- Symlinking: /home/alberto/tiago_public_ws/install/pmb2_navigation/share/pmb2_navigation/cmake/pmb2_navigationConfig.cmake
[2.605s] -- Symlinking: /home/alberto/tiago_public_ws/install/pmb2_navigation/share/pmb2_navigation/cmake/pmb2_navigationConfig-version.cmake
[2.629s] -- Symlinking: /home/alberto/tiago_public_ws/install/pmb2_navigation/share/pmb2_navigation/package.xml
[2.667s] Invoked command in '/home/alberto/tiago_public_ws/build/pmb2_navigation' returned '0': AMENT_PREFIX_PATH=/home/alberto/tiago_public_ws/install/pmb2_2dnav:/home/alberto/tiago_public_ws/install/pmb2_laser_sensors:/home/alberto/tiago_public_ws/install/launch_pal:${AMENT_PREFIX_PATH} CMAKE_PREFIX_PATH=/home/alberto/tiago_public_ws/install/pmb2_2dnav:/home/alberto/tiago_public_ws/install/pmb2_laser_sensors:/opt/ros/humble PYTHONPATH=/home/alberto/tiago_public_ws/build/launch_pal:/home/alberto/tiago_public_ws/install/launch_pal/lib/python3.10/site-packages:${PYTHONPATH} /usr/bin/cmake --install /home/alberto/tiago_public_ws/build/pmb2_navigation
