[0.015s] Invoking command in '/home/alberto/tiago_public_ws/build/pmb2_2dnav': AMENT_PREFIX_PATH=/home/alberto/tiago_public_ws/install/launch_pal:${AMENT_PREFIX_PATH} CMAKE_PREFIX_PATH=/opt/ros/humble PYTHONPATH=/home/alberto/tiago_public_ws/build/launch_pal:/home/alberto/tiago_public_ws/install/launch_pal/lib/python3.10/site-packages:${PYTHONPATH} /usr/bin/cmake /home/alberto/tiago_public_ws/src/pmb2_navigation/pmb2_2dnav -DAMENT_CMAKE_SYMLINK_INSTALL=1 -DCMAKE_INSTALL_PREFIX=/home/alberto/tiago_public_ws/install/pmb2_2dnav
[0.651s] -- The C compiler identification is GNU 11.4.0
[0.655s] -- The CXX compiler identification is GNU 11.4.0
[0.655s] -- Detecting C compiler ABI info
[0.656s] -- Detecting C compiler ABI info - done
[0.656s] -- Check for working C compiler: /usr/bin/cc - skipped
[0.656s] -- Detecting C compile features
[0.656s] -- Detecting C compile features - done
[0.656s] -- Detecting CXX compiler ABI info
[0.656s] -- Detecting CXX compiler ABI info - done
[0.656s] -- Check for working CXX compiler: /usr/bin/c++ - skipped
[0.656s] -- Detecting CXX compile features
[0.656s] -- Detecting CXX compile features - done
[0.656s] -- Found ament_cmake_auto: 1.3.12 (/opt/ros/humble/share/ament_cmake_auto/cmake)
[0.661s] -- Found Python3: /usr/bin/python3 (found version "3.10.12") found components: Interpreter 
[0.738s] -- Override CMake install command with custom implementation using symlinks instead of copying resources
[0.857s] -- Found ament_lint_auto: 0.12.14 (/opt/ros/humble/share/ament_lint_auto/cmake)
[0.887s] -- Added test 'copyright' to check source files copyright and LICENSE
[0.891s] -- Added test 'flake8' to check Python code syntax and style conventions
[0.891s] -- Added test 'lint_cmake' to check CMake code style
[0.892s] -- Added test 'pep257' to check Python code against some of the docstring style conventions in PEP 257
[0.894s] -- Added test 'xmllint' to check XML markup files
[0.898s] -- Configuring done
[0.900s] -- Generating done
[0.903s] -- Build files have been written to: /home/alberto/tiago_public_ws/build/pmb2_2dnav
[0.913s] Invoked command in '/home/alberto/tiago_public_ws/build/pmb2_2dnav' returned '0': AMENT_PREFIX_PATH=/home/alberto/tiago_public_ws/install/launch_pal:${AMENT_PREFIX_PATH} CMAKE_PREFIX_PATH=/opt/ros/humble PYTHONPATH=/home/alberto/tiago_public_ws/build/launch_pal:/home/alberto/tiago_public_ws/install/launch_pal/lib/python3.10/site-packages:${PYTHONPATH} /usr/bin/cmake /home/alberto/tiago_public_ws/src/pmb2_navigation/pmb2_2dnav -DAMENT_CMAKE_SYMLINK_INSTALL=1 -DCMAKE_INSTALL_PREFIX=/home/alberto/tiago_public_ws/install/pmb2_2dnav
[0.918s] Invoking command in '/home/alberto/tiago_public_ws/build/pmb2_2dnav': AMENT_PREFIX_PATH=/home/alberto/tiago_public_ws/install/launch_pal:${AMENT_PREFIX_PATH} CMAKE_PREFIX_PATH=/opt/ros/humble PYTHONPATH=/home/alberto/tiago_public_ws/build/launch_pal:/home/alberto/tiago_public_ws/install/launch_pal/lib/python3.10/site-packages:${PYTHONPATH} /usr/bin/cmake --build /home/alberto/tiago_public_ws/build/pmb2_2dnav -- -j8 -l8
[1.011s] Invoked command in '/home/alberto/tiago_public_ws/build/pmb2_2dnav' returned '0': AMENT_PREFIX_PATH=/home/alberto/tiago_public_ws/install/launch_pal:${AMENT_PREFIX_PATH} CMAKE_PREFIX_PATH=/opt/ros/humble PYTHONPATH=/home/alberto/tiago_public_ws/build/launch_pal:/home/alberto/tiago_public_ws/install/launch_pal/lib/python3.10/site-packages:${PYTHONPATH} /usr/bin/cmake --build /home/alberto/tiago_public_ws/build/pmb2_2dnav -- -j8 -l8
[1.012s] Invoking command in '/home/alberto/tiago_public_ws/build/pmb2_2dnav': AMENT_PREFIX_PATH=/home/alberto/tiago_public_ws/install/launch_pal:${AMENT_PREFIX_PATH} CMAKE_PREFIX_PATH=/opt/ros/humble PYTHONPATH=/home/alberto/tiago_public_ws/build/launch_pal:/home/alberto/tiago_public_ws/install/launch_pal/lib/python3.10/site-packages:${PYTHONPATH} /usr/bin/cmake --install /home/alberto/tiago_public_ws/build/pmb2_2dnav
[1.095s] -- Install configuration: ""
[1.095s] -- Execute custom install script
[1.095s] -- Symlinking: /home/alberto/tiago_public_ws/install/pmb2_2dnav/share/pmb2_2dnav/config/nav2_analyzers.yaml
[1.096s] -- Symlinking: /home/alberto/tiago_public_ws/install/pmb2_2dnav/share/pmb2_2dnav/config/nav_public_sim.yaml
[1.096s] -- Symlinking: /home/alberto/tiago_public_ws/install/pmb2_2dnav/share/pmb2_2dnav/config/rviz/navigation.rviz
[1.096s] -- Symlinking: /home/alberto/tiago_public_ws/install/pmb2_2dnav/share/pmb2_2dnav/launch/localization.launch.py
[1.096s] -- Symlinking: /home/alberto/tiago_public_ws/install/pmb2_2dnav/share/pmb2_2dnav/launch/navigation.launch.py
[1.096s] -- Symlinking: /home/alberto/tiago_public_ws/install/pmb2_2dnav/share/pmb2_2dnav/launch/slam.launch.py
[1.110s] -- Symlinking: /home/alberto/tiago_public_ws/install/pmb2_2dnav/share/ament_index/resource_index/package_run_dependencies/pmb2_2dnav
[1.117s] -- Symlinking: /home/alberto/tiago_public_ws/install/pmb2_2dnav/share/ament_index/resource_index/parent_prefix_path/pmb2_2dnav
[1.128s] -- Symlinking: /home/alberto/tiago_public_ws/install/pmb2_2dnav/share/pmb2_2dnav/environment/ament_prefix_path.sh
[1.141s] -- Symlinking: /home/alberto/tiago_public_ws/install/pmb2_2dnav/share/pmb2_2dnav/environment/ament_prefix_path.dsv
[1.164s] -- Symlinking: /home/alberto/tiago_public_ws/install/pmb2_2dnav/share/pmb2_2dnav/environment/path.sh
[1.181s] -- Symlinking: /home/alberto/tiago_public_ws/install/pmb2_2dnav/share/pmb2_2dnav/environment/path.dsv
[1.196s] -- Symlinking: /home/alberto/tiago_public_ws/install/pmb2_2dnav/share/pmb2_2dnav/local_setup.bash
[1.209s] -- Symlinking: /home/alberto/tiago_public_ws/install/pmb2_2dnav/share/pmb2_2dnav/local_setup.sh
[1.220s] -- Symlinking: /home/alberto/tiago_public_ws/install/pmb2_2dnav/share/pmb2_2dnav/local_setup.zsh
[1.241s] -- Symlinking: /home/alberto/tiago_public_ws/install/pmb2_2dnav/share/pmb2_2dnav/local_setup.dsv
[1.256s] -- Symlinking: /home/alberto/tiago_public_ws/install/pmb2_2dnav/share/pmb2_2dnav/package.dsv
[1.259s] -- Symlinking: /home/alberto/tiago_public_ws/install/pmb2_2dnav/share/ament_index/resource_index/packages/pmb2_2dnav
[1.290s] -- Symlinking: /home/alberto/tiago_public_ws/install/pmb2_2dnav/share/pmb2_2dnav/cmake/pmb2_2dnavConfig.cmake
[1.300s] -- Symlinking: /home/alberto/tiago_public_ws/install/pmb2_2dnav/share/pmb2_2dnav/cmake/pmb2_2dnavConfig-version.cmake
[1.326s] -- Symlinking: /home/alberto/tiago_public_ws/install/pmb2_2dnav/share/pmb2_2dnav/package.xml
[1.350s] Invoked command in '/home/alberto/tiago_public_ws/build/pmb2_2dnav' returned '0': AMENT_PREFIX_PATH=/home/alberto/tiago_public_ws/install/launch_pal:${AMENT_PREFIX_PATH} CMAKE_PREFIX_PATH=/opt/ros/humble PYTHONPATH=/home/alberto/tiago_public_ws/build/launch_pal:/home/alberto/tiago_public_ws/install/launch_pal/lib/python3.10/site-packages:${PYTHONPATH} /usr/bin/cmake --install /home/alberto/tiago_public_ws/build/pmb2_2dnav
