-- The C compiler identification is GNU 11.4.0
-- The CXX compiler identification is GNU 11.4.0
-- Detecting C compiler ABI info
-- Detecting C compiler ABI info - done
-- Check for working C compiler: /usr/bin/cc - skipped
-- Detecting C compile features
-- Detecting C compile features - done
-- Detecting CXX compiler ABI info
-- Detecting CXX compiler ABI info - done
-- Check for working CXX compiler: /usr/bin/c++ - skipped
-- Detecting CXX compile features
-- Detecting CXX compile features - done
-- Found ament_cmake: 1.3.13 (/opt/ros/humble/share/ament_cmake/cmake)
-- Found Python3: /usr/bin/python3 (found version "3.10.12") found components: Interpreter 
-- Found rosidl_default_generators: 1.2.0 (/opt/ros/humble/share/rosidl_default_generators/cmake)
-- Using all available rosidl_typesupport_c: rosidl_typesupport_fastrtps_c;rosidl_typesupport_introspection_c
-- Found rosidl_adapter: 3.1.8 (/opt/ros/humble/share/rosidl_adapter/cmake)
-- Using all available rosidl_typesupport_cpp: rosidl_typesupport_fastrtps_cpp;rosidl_typesupport_introspection_cpp
-- Found ament_cmake_ros: 0.10.0 (/opt/ros/humble/share/ament_cmake_ros/cmake)
-- Using all available rosidl_typesupport_c: rosidl_typesupport_fastrtps_c;rosidl_typesupport_introspection_c
-- Using all available rosidl_typesupport_cpp: rosidl_typesupport_fastrtps_cpp;rosidl_typesupport_introspection_cpp
-- Found PythonInterp: /usr/bin/python3 (found suitable version "3.10.12", minimum required is "3.6") 
-- Found python_cmake_module: 0.10.0 (/opt/ros/humble/share/python_cmake_module/cmake)
-- Found PythonLibs: /usr/lib/x86_64-linux-gnu/libpython3.10.so (found suitable version "3.10.12", minimum required is "3.5") 
-- Using PYTHON_EXECUTABLE: /usr/bin/python3
-- Using PYTHON_INCLUDE_DIRS: /usr/include/python3.10
-- Using PYTHON_LIBRARIES: /usr/lib/x86_64-linux-gnu/libpython3.10.so
-- Found PythonExtra: .so  
-- Found ament_lint_auto: 0.12.15 (/opt/ros/humble/share/ament_lint_auto/cmake)
-- Added test 'lint_cmake' to check CMake code style
-- Added test 'xmllint' to check XML markup files
-- Configuring done
-- Generating done
-- Build files have been written to: /home/alberto/tfg/Reconocimiento-y-sintesis-visual-Tiago/build/hospital_interfaces
[  2%] [34m[1mGenerating C code for ROS interfaces[0m
[  5%] [34m[1mGenerating C++ code for ROS interfaces[0m
[  5%] Built target ament_cmake_python_copy_hospital_interfaces
running egg_info
creating hospital_interfaces.egg-info
writing hospital_interfaces.egg-info/PKG-INFO
writing dependency_links to hospital_interfaces.egg-info/dependency_links.txt
writing top-level names to hospital_interfaces.egg-info/top_level.txt
writing manifest file 'hospital_interfaces.egg-info/SOURCES.txt'
reading manifest file 'hospital_interfaces.egg-info/SOURCES.txt'
writing manifest file 'hospital_interfaces.egg-info/SOURCES.txt'
[  5%] Built target ament_cmake_python_build_hospital_interfaces_egg
[ 10%] [32mBuilding C object CMakeFiles/hospital_interfaces__rosidl_generator_c.dir/rosidl_generator_c/hospital_interfaces/action/detail/generate_report__functions.c.o[0m
[ 10%] [32mBuilding C object CMakeFiles/hospital_interfaces__rosidl_generator_c.dir/rosidl_generator_c/hospital_interfaces/srv/detail/analyze_activity__functions.c.o[0m
[ 10%] Built target hospital_interfaces__cpp
[ 17%] [34m[1mGenerating C++ type support dispatch for ROS interfaces[0m
[ 17%] [34m[1mGenerating C++ type support for eProsima Fast-RTPS[0m
[ 17%] [34m[1mGenerating C++ introspection for ROS interfaces[0m
[ 20%] [32m[1mLinking C shared library libhospital_interfaces__rosidl_generator_c.so[0m
[ 20%] Built target hospital_interfaces__rosidl_generator_c
[ 28%] [34m[1mGenerating C type support dispatch for ROS interfaces[0m
[ 28%] [34m[1mGenerating C type support for eProsima Fast-RTPS[0m
[ 28%] [34m[1mGenerating C introspection for ROS interfaces[0m
[ 33%] [32mBuilding CXX object CMakeFiles/hospital_interfaces__rosidl_typesupport_cpp.dir/rosidl_typesupport_cpp/hospital_interfaces/action/generate_report__type_support.cpp.o[0m
[ 33%] [32mBuilding CXX object CMakeFiles/hospital_interfaces__rosidl_typesupport_cpp.dir/rosidl_typesupport_cpp/hospital_interfaces/srv/analyze_activity__type_support.cpp.o[0m
[ 35%] [32mBuilding CXX object CMakeFiles/hospital_interfaces__rosidl_typesupport_introspection_cpp.dir/rosidl_typesupport_introspection_cpp/hospital_interfaces/srv/detail/analyze_activity__type_support.cpp.o[0m
[ 38%] [32mBuilding CXX object CMakeFiles/hospital_interfaces__rosidl_typesupport_introspection_cpp.dir/rosidl_typesupport_introspection_cpp/hospital_interfaces/action/detail/generate_report__type_support.cpp.o[0m
[ 41%] [32mBuilding CXX object CMakeFiles/hospital_interfaces__rosidl_typesupport_fastrtps_cpp.dir/rosidl_typesupport_fastrtps_cpp/hospital_interfaces/action/detail/dds_fastrtps/generate_report__type_support.cpp.o[0m
[ 43%] [32mBuilding CXX object CMakeFiles/hospital_interfaces__rosidl_typesupport_fastrtps_cpp.dir/rosidl_typesupport_fastrtps_cpp/hospital_interfaces/srv/detail/dds_fastrtps/analyze_activity__type_support.cpp.o[0m
[ 48%] [32mBuilding CXX object CMakeFiles/hospital_interfaces__rosidl_typesupport_c.dir/rosidl_typesupport_c/hospital_interfaces/srv/analyze_activity__type_support.cpp.o[0m
[ 48%] [32mBuilding CXX object CMakeFiles/hospital_interfaces__rosidl_typesupport_c.dir/rosidl_typesupport_c/hospital_interfaces/action/generate_report__type_support.cpp.o[0m
[ 51%] [32m[1mLinking CXX shared library libhospital_interfaces__rosidl_typesupport_c.so[0m
[ 53%] [32mBuilding CXX object CMakeFiles/hospital_interfaces__rosidl_typesupport_fastrtps_c.dir/rosidl_typesupport_fastrtps_c/hospital_interfaces/srv/detail/analyze_activity__type_support_c.cpp.o[0m
[ 58%] [32mBuilding C object CMakeFiles/hospital_interfaces__rosidl_typesupport_introspection_c.dir/rosidl_typesupport_introspection_c/hospital_interfaces/action/detail/generate_report__type_support.c.o[0m
[ 58%] [32mBuilding C object CMakeFiles/hospital_interfaces__rosidl_typesupport_introspection_c.dir/rosidl_typesupport_introspection_c/hospital_interfaces/srv/detail/analyze_activity__type_support.c.o[0m
[ 61%] [32mBuilding CXX object CMakeFiles/hospital_interfaces__rosidl_typesupport_fastrtps_c.dir/rosidl_typesupport_fastrtps_c/hospital_interfaces/action/detail/generate_report__type_support_c.cpp.o[0m
[ 61%] Built target hospital_interfaces__rosidl_typesupport_c
[ 64%] [32m[1mLinking C shared library libhospital_interfaces__rosidl_typesupport_introspection_c.so[0m
[ 64%] Built target hospital_interfaces__rosidl_typesupport_introspection_c
[ 66%] [32m[1mLinking CXX shared library libhospital_interfaces__rosidl_typesupport_cpp.so[0m
[ 66%] Built target hospital_interfaces__rosidl_typesupport_cpp
[ 69%] [32m[1mLinking CXX shared library libhospital_interfaces__rosidl_typesupport_introspection_cpp.so[0m
[ 71%] [32m[1mLinking CXX shared library libhospital_interfaces__rosidl_typesupport_fastrtps_c.so[0m
[ 74%] [32m[1mLinking CXX shared library libhospital_interfaces__rosidl_typesupport_fastrtps_cpp.so[0m
[ 74%] Built target hospital_interfaces__rosidl_typesupport_introspection_cpp
[ 74%] Built target hospital_interfaces__rosidl_typesupport_fastrtps_c
[ 74%] Built target hospital_interfaces__rosidl_typesupport_fastrtps_cpp
[ 74%] Built target hospital_interfaces
[ 76%] [34m[1mGenerating Python code for ROS interfaces[0m
[ 76%] Built target hospital_interfaces__py
[ 82%] [32mBuilding C object CMakeFiles/hospital_interfaces__rosidl_generator_py.dir/rosidl_generator_py/hospital_interfaces/action/_generate_report_s.c.o[0m
[ 82%] [32mBuilding C object CMakeFiles/hospital_interfaces__rosidl_generator_py.dir/rosidl_generator_py/hospital_interfaces/srv/_analyze_activity_s.c.o[0m
[ 84%] [32m[1mLinking C shared library rosidl_generator_py/hospital_interfaces/libhospital_interfaces__rosidl_generator_py.so[0m
[ 84%] Built target hospital_interfaces__rosidl_generator_py
[ 92%] [32mBuilding C object CMakeFiles/hospital_interfaces__rosidl_typesupport_introspection_c__pyext.dir/rosidl_generator_py/hospital_interfaces/_hospital_interfaces_s.ep.rosidl_typesupport_introspection_c.c.o[0m
[ 92%] [32mBuilding C object CMakeFiles/hospital_interfaces__rosidl_typesupport_c__pyext.dir/rosidl_generator_py/hospital_interfaces/_hospital_interfaces_s.ep.rosidl_typesupport_c.c.o[0m
[ 92%] [32mBuilding C object CMakeFiles/hospital_interfaces__rosidl_typesupport_fastrtps_c__pyext.dir/rosidl_generator_py/hospital_interfaces/_hospital_interfaces_s.ep.rosidl_typesupport_fastrtps_c.c.o[0m
[100%] [32m[1mLinking C shared library rosidl_generator_py/hospital_interfaces/hospital_interfaces_s__rosidl_typesupport_fastrtps_c.cpython-310-x86_64-linux-gnu.so[0m
[100%] [32m[1mLinking C shared library rosidl_generator_py/hospital_interfaces/hospital_interfaces_s__rosidl_typesupport_introspection_c.cpython-310-x86_64-linux-gnu.so[0m
[100%] [32m[1mLinking C shared library rosidl_generator_py/hospital_interfaces/hospital_interfaces_s__rosidl_typesupport_c.cpython-310-x86_64-linux-gnu.so[0m
[100%] Built target hospital_interfaces__rosidl_typesupport_c__pyext
[100%] Built target hospital_interfaces__rosidl_typesupport_fastrtps_c__pyext
[100%] Built target hospital_interfaces__rosidl_typesupport_introspection_c__pyext
-- Install configuration: ""
-- Installing: /home/alberto/tfg/Reconocimiento-y-sintesis-visual-Tiago/install/hospital_interfaces/share/ament_index/resource_index/rosidl_interfaces/hospital_interfaces
-- Installing: /home/alberto/tfg/Reconocimiento-y-sintesis-visual-Tiago/install/hospital_interfaces/include/hospital_interfaces/hospital_interfaces
-- Installing: /home/alberto/tfg/Reconocimiento-y-sintesis-visual-Tiago/install/hospital_interfaces/include/hospital_interfaces/hospital_interfaces/srv
-- Installing: /home/alberto/tfg/Reconocimiento-y-sintesis-visual-Tiago/install/hospital_interfaces/include/hospital_interfaces/hospital_interfaces/srv/detail
-- Installing: /home/alberto/tfg/Reconocimiento-y-sintesis-visual-Tiago/install/hospital_interfaces/include/hospital_interfaces/hospital_interfaces/srv/detail/analyze_activity__struct.h
-- Installing: /home/alberto/tfg/Reconocimiento-y-sintesis-visual-Tiago/install/hospital_interfaces/include/hospital_interfaces/hospital_interfaces/srv/detail/analyze_activity__functions.h
-- Installing: /home/alberto/tfg/Reconocimiento-y-sintesis-visual-Tiago/install/hospital_interfaces/include/hospital_interfaces/hospital_interfaces/srv/detail/analyze_activity__functions.c
-- Installing: /home/alberto/tfg/Reconocimiento-y-sintesis-visual-Tiago/install/hospital_interfaces/include/hospital_interfaces/hospital_interfaces/srv/detail/analyze_activity__type_support.h
-- Installing: /home/alberto/tfg/Reconocimiento-y-sintesis-visual-Tiago/install/hospital_interfaces/include/hospital_interfaces/hospital_interfaces/srv/analyze_activity.h
-- Installing: /home/alberto/tfg/Reconocimiento-y-sintesis-visual-Tiago/install/hospital_interfaces/include/hospital_interfaces/hospital_interfaces/action
-- Installing: /home/alberto/tfg/Reconocimiento-y-sintesis-visual-Tiago/install/hospital_interfaces/include/hospital_interfaces/hospital_interfaces/action/detail
-- Installing: /home/alberto/tfg/Reconocimiento-y-sintesis-visual-Tiago/install/hospital_interfaces/include/hospital_interfaces/hospital_interfaces/action/detail/generate_report__type_support.h
-- Installing: /home/alberto/tfg/Reconocimiento-y-sintesis-visual-Tiago/install/hospital_interfaces/include/hospital_interfaces/hospital_interfaces/action/detail/generate_report__functions.c
-- Installing: /home/alberto/tfg/Reconocimiento-y-sintesis-visual-Tiago/install/hospital_interfaces/include/hospital_interfaces/hospital_interfaces/action/detail/generate_report__struct.h
-- Installing: /home/alberto/tfg/Reconocimiento-y-sintesis-visual-Tiago/install/hospital_interfaces/include/hospital_interfaces/hospital_interfaces/action/detail/generate_report__functions.h
-- Installing: /home/alberto/tfg/Reconocimiento-y-sintesis-visual-Tiago/install/hospital_interfaces/include/hospital_interfaces/hospital_interfaces/action/generate_report.h
-- Installing: /home/alberto/tfg/Reconocimiento-y-sintesis-visual-Tiago/install/hospital_interfaces/include/hospital_interfaces/hospital_interfaces/msg
-- Installing: /home/alberto/tfg/Reconocimiento-y-sintesis-visual-Tiago/install/hospital_interfaces/include/hospital_interfaces/hospital_interfaces/msg/rosidl_generator_c__visibility_control.h
-- Installing: /home/alberto/tfg/Reconocimiento-y-sintesis-visual-Tiago/install/hospital_interfaces/share/hospital_interfaces/environment/library_path.sh
-- Installing: /home/alberto/tfg/Reconocimiento-y-sintesis-visual-Tiago/install/hospital_interfaces/share/hospital_interfaces/environment/library_path.dsv
-- Installing: /home/alberto/tfg/Reconocimiento-y-sintesis-visual-Tiago/install/hospital_interfaces/lib/libhospital_interfaces__rosidl_generator_c.so
-- Set runtime path of "/home/alberto/tfg/Reconocimiento-y-sintesis-visual-Tiago/install/hospital_interfaces/lib/libhospital_interfaces__rosidl_generator_c.so" to ""
-- Up-to-date: /home/alberto/tfg/Reconocimiento-y-sintesis-visual-Tiago/install/hospital_interfaces/include/hospital_interfaces/hospital_interfaces
-- Up-to-date: /home/alberto/tfg/Reconocimiento-y-sintesis-visual-Tiago/install/hospital_interfaces/include/hospital_interfaces/hospital_interfaces/srv
-- Up-to-date: /home/alberto/tfg/Reconocimiento-y-sintesis-visual-Tiago/install/hospital_interfaces/include/hospital_interfaces/hospital_interfaces/srv/detail
-- Installing: /home/alberto/tfg/Reconocimiento-y-sintesis-visual-Tiago/install/hospital_interfaces/include/hospital_interfaces/hospital_interfaces/srv/detail/analyze_activity__rosidl_typesupport_fastrtps_c.h
-- Up-to-date: /home/alberto/tfg/Reconocimiento-y-sintesis-visual-Tiago/install/hospital_interfaces/include/hospital_interfaces/hospital_interfaces/action
-- Up-to-date: /home/alberto/tfg/Reconocimiento-y-sintesis-visual-Tiago/install/hospital_interfaces/include/hospital_interfaces/hospital_interfaces/action/detail
-- Installing: /home/alberto/tfg/Reconocimiento-y-sintesis-visual-Tiago/install/hospital_interfaces/include/hospital_interfaces/hospital_interfaces/action/detail/generate_report__rosidl_typesupport_fastrtps_c.h
-- Up-to-date: /home/alberto/tfg/Reconocimiento-y-sintesis-visual-Tiago/install/hospital_interfaces/include/hospital_interfaces/hospital_interfaces/msg
-- Installing: /home/alberto/tfg/Reconocimiento-y-sintesis-visual-Tiago/install/hospital_interfaces/include/hospital_interfaces/hospital_interfaces/msg/rosidl_typesupport_fastrtps_c__visibility_control.h
-- Installing: /home/alberto/tfg/Reconocimiento-y-sintesis-visual-Tiago/install/hospital_interfaces/lib/libhospital_interfaces__rosidl_typesupport_fastrtps_c.so
-- Set runtime path of "/home/alberto/tfg/Reconocimiento-y-sintesis-visual-Tiago/install/hospital_interfaces/lib/libhospital_interfaces__rosidl_typesupport_fastrtps_c.so" to ""
-- Up-to-date: /home/alberto/tfg/Reconocimiento-y-sintesis-visual-Tiago/install/hospital_interfaces/include/hospital_interfaces/hospital_interfaces
-- Up-to-date: /home/alberto/tfg/Reconocimiento-y-sintesis-visual-Tiago/install/hospital_interfaces/include/hospital_interfaces/hospital_interfaces/srv
-- Up-to-date: /home/alberto/tfg/Reconocimiento-y-sintesis-visual-Tiago/install/hospital_interfaces/include/hospital_interfaces/hospital_interfaces/srv/detail
-- Installing: /home/alberto/tfg/Reconocimiento-y-sintesis-visual-Tiago/install/hospital_interfaces/include/hospital_interfaces/hospital_interfaces/srv/detail/analyze_activity__rosidl_typesupport_introspection_c.h
-- Installing: /home/alberto/tfg/Reconocimiento-y-sintesis-visual-Tiago/install/hospital_interfaces/include/hospital_interfaces/hospital_interfaces/srv/detail/analyze_activity__type_support.c
-- Up-to-date: /home/alberto/tfg/Reconocimiento-y-sintesis-visual-Tiago/install/hospital_interfaces/include/hospital_interfaces/hospital_interfaces/action
-- Up-to-date: /home/alberto/tfg/Reconocimiento-y-sintesis-visual-Tiago/install/hospital_interfaces/include/hospital_interfaces/hospital_interfaces/action/detail
-- Installing: /home/alberto/tfg/Reconocimiento-y-sintesis-visual-Tiago/install/hospital_interfaces/include/hospital_interfaces/hospital_interfaces/action/detail/generate_report__type_support.c
-- Installing: /home/alberto/tfg/Reconocimiento-y-sintesis-visual-Tiago/install/hospital_interfaces/include/hospital_interfaces/hospital_interfaces/action/detail/generate_report__rosidl_typesupport_introspection_c.h
-- Up-to-date: /home/alberto/tfg/Reconocimiento-y-sintesis-visual-Tiago/install/hospital_interfaces/include/hospital_interfaces/hospital_interfaces/msg
-- Installing: /home/alberto/tfg/Reconocimiento-y-sintesis-visual-Tiago/install/hospital_interfaces/include/hospital_interfaces/hospital_interfaces/msg/rosidl_typesupport_introspection_c__visibility_control.h
-- Installing: /home/alberto/tfg/Reconocimiento-y-sintesis-visual-Tiago/install/hospital_interfaces/lib/libhospital_interfaces__rosidl_typesupport_introspection_c.so
-- Set runtime path of "/home/alberto/tfg/Reconocimiento-y-sintesis-visual-Tiago/install/hospital_interfaces/lib/libhospital_interfaces__rosidl_typesupport_introspection_c.so" to ""
-- Installing: /home/alberto/tfg/Reconocimiento-y-sintesis-visual-Tiago/install/hospital_interfaces/lib/libhospital_interfaces__rosidl_typesupport_c.so
-- Set runtime path of "/home/alberto/tfg/Reconocimiento-y-sintesis-visual-Tiago/install/hospital_interfaces/lib/libhospital_interfaces__rosidl_typesupport_c.so" to ""
-- Up-to-date: /home/alberto/tfg/Reconocimiento-y-sintesis-visual-Tiago/install/hospital_interfaces/include/hospital_interfaces/hospital_interfaces
-- Up-to-date: /home/alberto/tfg/Reconocimiento-y-sintesis-visual-Tiago/install/hospital_interfaces/include/hospital_interfaces/hospital_interfaces/srv
-- Up-to-date: /home/alberto/tfg/Reconocimiento-y-sintesis-visual-Tiago/install/hospital_interfaces/include/hospital_interfaces/hospital_interfaces/srv/detail
-- Installing: /home/alberto/tfg/Reconocimiento-y-sintesis-visual-Tiago/install/hospital_interfaces/include/hospital_interfaces/hospital_interfaces/srv/detail/analyze_activity__struct.hpp
-- Installing: /home/alberto/tfg/Reconocimiento-y-sintesis-visual-Tiago/install/hospital_interfaces/include/hospital_interfaces/hospital_interfaces/srv/detail/analyze_activity__builder.hpp
-- Installing: /home/alberto/tfg/Reconocimiento-y-sintesis-visual-Tiago/install/hospital_interfaces/include/hospital_interfaces/hospital_interfaces/srv/detail/analyze_activity__type_support.hpp
-- Installing: /home/alberto/tfg/Reconocimiento-y-sintesis-visual-Tiago/install/hospital_interfaces/include/hospital_interfaces/hospital_interfaces/srv/detail/analyze_activity__traits.hpp
-- Installing: /home/alberto/tfg/Reconocimiento-y-sintesis-visual-Tiago/install/hospital_interfaces/include/hospital_interfaces/hospital_interfaces/srv/analyze_activity.hpp
-- Up-to-date: /home/alberto/tfg/Reconocimiento-y-sintesis-visual-Tiago/install/hospital_interfaces/include/hospital_interfaces/hospital_interfaces/action
-- Up-to-date: /home/alberto/tfg/Reconocimiento-y-sintesis-visual-Tiago/install/hospital_interfaces/include/hospital_interfaces/hospital_interfaces/action/detail
-- Installing: /home/alberto/tfg/Reconocimiento-y-sintesis-visual-Tiago/install/hospital_interfaces/include/hospital_interfaces/hospital_interfaces/action/detail/generate_report__builder.hpp
-- Installing: /home/alberto/tfg/Reconocimiento-y-sintesis-visual-Tiago/install/hospital_interfaces/include/hospital_interfaces/hospital_interfaces/action/detail/generate_report__traits.hpp
-- Installing: /home/alberto/tfg/Reconocimiento-y-sintesis-visual-Tiago/install/hospital_interfaces/include/hospital_interfaces/hospital_interfaces/action/detail/generate_report__type_support.hpp
-- Installing: /home/alberto/tfg/Reconocimiento-y-sintesis-visual-Tiago/install/hospital_interfaces/include/hospital_interfaces/hospital_interfaces/action/detail/generate_report__struct.hpp
-- Installing: /home/alberto/tfg/Reconocimiento-y-sintesis-visual-Tiago/install/hospital_interfaces/include/hospital_interfaces/hospital_interfaces/action/generate_report.hpp
-- Up-to-date: /home/alberto/tfg/Reconocimiento-y-sintesis-visual-Tiago/install/hospital_interfaces/include/hospital_interfaces/hospital_interfaces/msg
-- Installing: /home/alberto/tfg/Reconocimiento-y-sintesis-visual-Tiago/install/hospital_interfaces/include/hospital_interfaces/hospital_interfaces/msg/rosidl_generator_cpp__visibility_control.hpp
-- Up-to-date: /home/alberto/tfg/Reconocimiento-y-sintesis-visual-Tiago/install/hospital_interfaces/include/hospital_interfaces/hospital_interfaces
-- Up-to-date: /home/alberto/tfg/Reconocimiento-y-sintesis-visual-Tiago/install/hospital_interfaces/include/hospital_interfaces/hospital_interfaces/srv
-- Up-to-date: /home/alberto/tfg/Reconocimiento-y-sintesis-visual-Tiago/install/hospital_interfaces/include/hospital_interfaces/hospital_interfaces/srv/detail
-- Installing: /home/alberto/tfg/Reconocimiento-y-sintesis-visual-Tiago/install/hospital_interfaces/include/hospital_interfaces/hospital_interfaces/srv/detail/dds_fastrtps
-- Installing: /home/alberto/tfg/Reconocimiento-y-sintesis-visual-Tiago/install/hospital_interfaces/include/hospital_interfaces/hospital_interfaces/srv/detail/analyze_activity__rosidl_typesupport_fastrtps_cpp.hpp
-- Up-to-date: /home/alberto/tfg/Reconocimiento-y-sintesis-visual-Tiago/install/hospital_interfaces/include/hospital_interfaces/hospital_interfaces/action
-- Up-to-date: /home/alberto/tfg/Reconocimiento-y-sintesis-visual-Tiago/install/hospital_interfaces/include/hospital_interfaces/hospital_interfaces/action/detail
-- Installing: /home/alberto/tfg/Reconocimiento-y-sintesis-visual-Tiago/install/hospital_interfaces/include/hospital_interfaces/hospital_interfaces/action/detail/dds_fastrtps
-- Installing: /home/alberto/tfg/Reconocimiento-y-sintesis-visual-Tiago/install/hospital_interfaces/include/hospital_interfaces/hospital_interfaces/action/detail/generate_report__rosidl_typesupport_fastrtps_cpp.hpp
-- Up-to-date: /home/alberto/tfg/Reconocimiento-y-sintesis-visual-Tiago/install/hospital_interfaces/include/hospital_interfaces/hospital_interfaces/msg
-- Installing: /home/alberto/tfg/Reconocimiento-y-sintesis-visual-Tiago/install/hospital_interfaces/include/hospital_interfaces/hospital_interfaces/msg/rosidl_typesupport_fastrtps_cpp__visibility_control.h
-- Installing: /home/alberto/tfg/Reconocimiento-y-sintesis-visual-Tiago/install/hospital_interfaces/lib/libhospital_interfaces__rosidl_typesupport_fastrtps_cpp.so
-- Set runtime path of "/home/alberto/tfg/Reconocimiento-y-sintesis-visual-Tiago/install/hospital_interfaces/lib/libhospital_interfaces__rosidl_typesupport_fastrtps_cpp.so" to ""
-- Up-to-date: /home/alberto/tfg/Reconocimiento-y-sintesis-visual-Tiago/install/hospital_interfaces/include/hospital_interfaces/hospital_interfaces
-- Up-to-date: /home/alberto/tfg/Reconocimiento-y-sintesis-visual-Tiago/install/hospital_interfaces/include/hospital_interfaces/hospital_interfaces/srv
-- Up-to-date: /home/alberto/tfg/Reconocimiento-y-sintesis-visual-Tiago/install/hospital_interfaces/include/hospital_interfaces/hospital_interfaces/srv/detail
-- Installing: /home/alberto/tfg/Reconocimiento-y-sintesis-visual-Tiago/install/hospital_interfaces/include/hospital_interfaces/hospital_interfaces/srv/detail/analyze_activity__type_support.cpp
-- Installing: /home/alberto/tfg/Reconocimiento-y-sintesis-visual-Tiago/install/hospital_interfaces/include/hospital_interfaces/hospital_interfaces/srv/detail/analyze_activity__rosidl_typesupport_introspection_cpp.hpp
-- Up-to-date: /home/alberto/tfg/Reconocimiento-y-sintesis-visual-Tiago/install/hospital_interfaces/include/hospital_interfaces/hospital_interfaces/action
-- Up-to-date: /home/alberto/tfg/Reconocimiento-y-sintesis-visual-Tiago/install/hospital_interfaces/include/hospital_interfaces/hospital_interfaces/action/detail
-- Installing: /home/alberto/tfg/Reconocimiento-y-sintesis-visual-Tiago/install/hospital_interfaces/include/hospital_interfaces/hospital_interfaces/action/detail/generate_report__rosidl_typesupport_introspection_cpp.hpp
-- Installing: /home/alberto/tfg/Reconocimiento-y-sintesis-visual-Tiago/install/hospital_interfaces/include/hospital_interfaces/hospital_interfaces/action/detail/generate_report__type_support.cpp
-- Installing: /home/alberto/tfg/Reconocimiento-y-sintesis-visual-Tiago/install/hospital_interfaces/lib/libhospital_interfaces__rosidl_typesupport_introspection_cpp.so
-- Set runtime path of "/home/alberto/tfg/Reconocimiento-y-sintesis-visual-Tiago/install/hospital_interfaces/lib/libhospital_interfaces__rosidl_typesupport_introspection_cpp.so" to ""
-- Installing: /home/alberto/tfg/Reconocimiento-y-sintesis-visual-Tiago/install/hospital_interfaces/lib/libhospital_interfaces__rosidl_typesupport_cpp.so
-- Set runtime path of "/home/alberto/tfg/Reconocimiento-y-sintesis-visual-Tiago/install/hospital_interfaces/lib/libhospital_interfaces__rosidl_typesupport_cpp.so" to ""
-- Installing: /home/alberto/tfg/Reconocimiento-y-sintesis-visual-Tiago/install/hospital_interfaces/share/hospital_interfaces/environment/pythonpath.sh
-- Installing: /home/alberto/tfg/Reconocimiento-y-sintesis-visual-Tiago/install/hospital_interfaces/share/hospital_interfaces/environment/pythonpath.dsv
-- Installing: /home/alberto/tfg/Reconocimiento-y-sintesis-visual-Tiago/install/hospital_interfaces/local/lib/python3.10/dist-packages/hospital_interfaces-0.0.0-py3.10.egg-info
-- Installing: /home/alberto/tfg/Reconocimiento-y-sintesis-visual-Tiago/install/hospital_interfaces/local/lib/python3.10/dist-packages/hospital_interfaces-0.0.0-py3.10.egg-info/PKG-INFO
-- Installing: /home/alberto/tfg/Reconocimiento-y-sintesis-visual-Tiago/install/hospital_interfaces/local/lib/python3.10/dist-packages/hospital_interfaces-0.0.0-py3.10.egg-info/SOURCES.txt
-- Installing: /home/alberto/tfg/Reconocimiento-y-sintesis-visual-Tiago/install/hospital_interfaces/local/lib/python3.10/dist-packages/hospital_interfaces-0.0.0-py3.10.egg-info/dependency_links.txt
-- Installing: /home/alberto/tfg/Reconocimiento-y-sintesis-visual-Tiago/install/hospital_interfaces/local/lib/python3.10/dist-packages/hospital_interfaces-0.0.0-py3.10.egg-info/top_level.txt
-- Installing: /home/alberto/tfg/Reconocimiento-y-sintesis-visual-Tiago/install/hospital_interfaces/local/lib/python3.10/dist-packages/hospital_interfaces
-- Installing: /home/alberto/tfg/Reconocimiento-y-sintesis-visual-Tiago/install/hospital_interfaces/local/lib/python3.10/dist-packages/hospital_interfaces/hospital_interfaces_s__rosidl_typesupport_fastrtps_c.cpython-310-x86_64-linux-gnu.so
-- Installing: /home/alberto/tfg/Reconocimiento-y-sintesis-visual-Tiago/install/hospital_interfaces/local/lib/python3.10/dist-packages/hospital_interfaces/hospital_interfaces_s__rosidl_typesupport_introspection_c.cpython-310-x86_64-linux-gnu.so
-- Installing: /home/alberto/tfg/Reconocimiento-y-sintesis-visual-Tiago/install/hospital_interfaces/local/lib/python3.10/dist-packages/hospital_interfaces/libhospital_interfaces__rosidl_generator_py.so
-- Installing: /home/alberto/tfg/Reconocimiento-y-sintesis-visual-Tiago/install/hospital_interfaces/local/lib/python3.10/dist-packages/hospital_interfaces/__init__.py
-- Installing: /home/alberto/tfg/Reconocimiento-y-sintesis-visual-Tiago/install/hospital_interfaces/local/lib/python3.10/dist-packages/hospital_interfaces/srv
-- Installing: /home/alberto/tfg/Reconocimiento-y-sintesis-visual-Tiago/install/hospital_interfaces/local/lib/python3.10/dist-packages/hospital_interfaces/srv/_analyze_activity.py
-- Installing: /home/alberto/tfg/Reconocimiento-y-sintesis-visual-Tiago/install/hospital_interfaces/local/lib/python3.10/dist-packages/hospital_interfaces/srv/__init__.py
-- Installing: /home/alberto/tfg/Reconocimiento-y-sintesis-visual-Tiago/install/hospital_interfaces/local/lib/python3.10/dist-packages/hospital_interfaces/srv/_analyze_activity_s.c
-- Installing: /home/alberto/tfg/Reconocimiento-y-sintesis-visual-Tiago/install/hospital_interfaces/local/lib/python3.10/dist-packages/hospital_interfaces/action
-- Installing: /home/alberto/tfg/Reconocimiento-y-sintesis-visual-Tiago/install/hospital_interfaces/local/lib/python3.10/dist-packages/hospital_interfaces/action/_generate_report_s.c
-- Installing: /home/alberto/tfg/Reconocimiento-y-sintesis-visual-Tiago/install/hospital_interfaces/local/lib/python3.10/dist-packages/hospital_interfaces/action/_generate_report.py
-- Installing: /home/alberto/tfg/Reconocimiento-y-sintesis-visual-Tiago/install/hospital_interfaces/local/lib/python3.10/dist-packages/hospital_interfaces/action/__init__.py
-- Installing: /home/alberto/tfg/Reconocimiento-y-sintesis-visual-Tiago/install/hospital_interfaces/local/lib/python3.10/dist-packages/hospital_interfaces/_hospital_interfaces_s.ep.rosidl_typesupport_fastrtps_c.c
-- Installing: /home/alberto/tfg/Reconocimiento-y-sintesis-visual-Tiago/install/hospital_interfaces/local/lib/python3.10/dist-packages/hospital_interfaces/_hospital_interfaces_s.ep.rosidl_typesupport_introspection_c.c
-- Installing: /home/alberto/tfg/Reconocimiento-y-sintesis-visual-Tiago/install/hospital_interfaces/local/lib/python3.10/dist-packages/hospital_interfaces/hospital_interfaces_s__rosidl_typesupport_c.cpython-310-x86_64-linux-gnu.so
-- Installing: /home/alberto/tfg/Reconocimiento-y-sintesis-visual-Tiago/install/hospital_interfaces/local/lib/python3.10/dist-packages/hospital_interfaces/_hospital_interfaces_s.ep.rosidl_typesupport_c.c
Listing '/home/alberto/tfg/Reconocimiento-y-sintesis-visual-Tiago/install/hospital_interfaces/local/lib/python3.10/dist-packages/hospital_interfaces'...
Compiling '/home/alberto/tfg/Reconocimiento-y-sintesis-visual-Tiago/install/hospital_interfaces/local/lib/python3.10/dist-packages/hospital_interfaces/__init__.py'...
Listing '/home/alberto/tfg/Reconocimiento-y-sintesis-visual-Tiago/install/hospital_interfaces/local/lib/python3.10/dist-packages/hospital_interfaces/action'...
Compiling '/home/alberto/tfg/Reconocimiento-y-sintesis-visual-Tiago/install/hospital_interfaces/local/lib/python3.10/dist-packages/hospital_interfaces/action/__init__.py'...
Compiling '/home/alberto/tfg/Reconocimiento-y-sintesis-visual-Tiago/install/hospital_interfaces/local/lib/python3.10/dist-packages/hospital_interfaces/action/_generate_report.py'...
Listing '/home/alberto/tfg/Reconocimiento-y-sintesis-visual-Tiago/install/hospital_interfaces/local/lib/python3.10/dist-packages/hospital_interfaces/srv'...
Compiling '/home/alberto/tfg/Reconocimiento-y-sintesis-visual-Tiago/install/hospital_interfaces/local/lib/python3.10/dist-packages/hospital_interfaces/srv/__init__.py'...
Compiling '/home/alberto/tfg/Reconocimiento-y-sintesis-visual-Tiago/install/hospital_interfaces/local/lib/python3.10/dist-packages/hospital_interfaces/srv/_analyze_activity.py'...
-- Installing: /home/alberto/tfg/Reconocimiento-y-sintesis-visual-Tiago/install/hospital_interfaces/local/lib/python3.10/dist-packages/hospital_interfaces/hospital_interfaces_s__rosidl_typesupport_fastrtps_c.cpython-310-x86_64-linux-gnu.so
-- Set runtime path of "/home/alberto/tfg/Reconocimiento-y-sintesis-visual-Tiago/install/hospital_interfaces/local/lib/python3.10/dist-packages/hospital_interfaces/hospital_interfaces_s__rosidl_typesupport_fastrtps_c.cpython-310-x86_64-linux-gnu.so" to ""
-- Installing: /home/alberto/tfg/Reconocimiento-y-sintesis-visual-Tiago/install/hospital_interfaces/local/lib/python3.10/dist-packages/hospital_interfaces/hospital_interfaces_s__rosidl_typesupport_introspection_c.cpython-310-x86_64-linux-gnu.so
-- Set runtime path of "/home/alberto/tfg/Reconocimiento-y-sintesis-visual-Tiago/install/hospital_interfaces/local/lib/python3.10/dist-packages/hospital_interfaces/hospital_interfaces_s__rosidl_typesupport_introspection_c.cpython-310-x86_64-linux-gnu.so" to ""
-- Installing: /home/alberto/tfg/Reconocimiento-y-sintesis-visual-Tiago/install/hospital_interfaces/local/lib/python3.10/dist-packages/hospital_interfaces/hospital_interfaces_s__rosidl_typesupport_c.cpython-310-x86_64-linux-gnu.so
-- Set runtime path of "/home/alberto/tfg/Reconocimiento-y-sintesis-visual-Tiago/install/hospital_interfaces/local/lib/python3.10/dist-packages/hospital_interfaces/hospital_interfaces_s__rosidl_typesupport_c.cpython-310-x86_64-linux-gnu.so" to ""
-- Installing: /home/alberto/tfg/Reconocimiento-y-sintesis-visual-Tiago/install/hospital_interfaces/lib/libhospital_interfaces__rosidl_generator_py.so
-- Set runtime path of "/home/alberto/tfg/Reconocimiento-y-sintesis-visual-Tiago/install/hospital_interfaces/lib/libhospital_interfaces__rosidl_generator_py.so" to ""
-- Installing: /home/alberto/tfg/Reconocimiento-y-sintesis-visual-Tiago/install/hospital_interfaces/share/hospital_interfaces/srv/AnalyzeActivity.idl
-- Installing: /home/alberto/tfg/Reconocimiento-y-sintesis-visual-Tiago/install/hospital_interfaces/share/hospital_interfaces/action/GenerateReport.idl
-- Installing: /home/alberto/tfg/Reconocimiento-y-sintesis-visual-Tiago/install/hospital_interfaces/share/hospital_interfaces/srv/AnalyzeActivity.srv
-- Installing: /home/alberto/tfg/Reconocimiento-y-sintesis-visual-Tiago/install/hospital_interfaces/share/hospital_interfaces/srv/AnalyzeActivity_Request.msg
-- Installing: /home/alberto/tfg/Reconocimiento-y-sintesis-visual-Tiago/install/hospital_interfaces/share/hospital_interfaces/srv/AnalyzeActivity_Response.msg
-- Installing: /home/alberto/tfg/Reconocimiento-y-sintesis-visual-Tiago/install/hospital_interfaces/share/hospital_interfaces/action/GenerateReport.action
-- Installing: /home/alberto/tfg/Reconocimiento-y-sintesis-visual-Tiago/install/hospital_interfaces/share/ament_index/resource_index/package_run_dependencies/hospital_interfaces
-- Installing: /home/alberto/tfg/Reconocimiento-y-sintesis-visual-Tiago/install/hospital_interfaces/share/ament_index/resource_index/parent_prefix_path/hospital_interfaces
-- Installing: /home/alberto/tfg/Reconocimiento-y-sintesis-visual-Tiago/install/hospital_interfaces/share/hospital_interfaces/environment/ament_prefix_path.sh
-- Installing: /home/alberto/tfg/Reconocimiento-y-sintesis-visual-Tiago/install/hospital_interfaces/share/hospital_interfaces/environment/ament_prefix_path.dsv
-- Installing: /home/alberto/tfg/Reconocimiento-y-sintesis-visual-Tiago/install/hospital_interfaces/share/hospital_interfaces/environment/path.sh
-- Installing: /home/alberto/tfg/Reconocimiento-y-sintesis-visual-Tiago/install/hospital_interfaces/share/hospital_interfaces/environment/path.dsv
-- Installing: /home/alberto/tfg/Reconocimiento-y-sintesis-visual-Tiago/install/hospital_interfaces/share/hospital_interfaces/local_setup.bash
-- Installing: /home/alberto/tfg/Reconocimiento-y-sintesis-visual-Tiago/install/hospital_interfaces/share/hospital_interfaces/local_setup.sh
-- Installing: /home/alberto/tfg/Reconocimiento-y-sintesis-visual-Tiago/install/hospital_interfaces/share/hospital_interfaces/local_setup.zsh
-- Installing: /home/alberto/tfg/Reconocimiento-y-sintesis-visual-Tiago/install/hospital_interfaces/share/hospital_interfaces/local_setup.dsv
-- Installing: /home/alberto/tfg/Reconocimiento-y-sintesis-visual-Tiago/install/hospital_interfaces/share/hospital_interfaces/package.dsv
-- Installing: /home/alberto/tfg/Reconocimiento-y-sintesis-visual-Tiago/install/hospital_interfaces/share/ament_index/resource_index/packages/hospital_interfaces
-- Installing: /home/alberto/tfg/Reconocimiento-y-sintesis-visual-Tiago/install/hospital_interfaces/share/hospital_interfaces/cmake/export_hospital_interfaces__rosidl_generator_cExport.cmake
-- Installing: /home/alberto/tfg/Reconocimiento-y-sintesis-visual-Tiago/install/hospital_interfaces/share/hospital_interfaces/cmake/export_hospital_interfaces__rosidl_generator_cExport-noconfig.cmake
-- Installing: /home/alberto/tfg/Reconocimiento-y-sintesis-visual-Tiago/install/hospital_interfaces/share/hospital_interfaces/cmake/export_hospital_interfaces__rosidl_typesupport_fastrtps_cExport.cmake
-- Installing: /home/alberto/tfg/Reconocimiento-y-sintesis-visual-Tiago/install/hospital_interfaces/share/hospital_interfaces/cmake/export_hospital_interfaces__rosidl_typesupport_fastrtps_cExport-noconfig.cmake
-- Installing: /home/alberto/tfg/Reconocimiento-y-sintesis-visual-Tiago/install/hospital_interfaces/share/hospital_interfaces/cmake/hospital_interfaces__rosidl_typesupport_introspection_cExport.cmake
-- Installing: /home/alberto/tfg/Reconocimiento-y-sintesis-visual-Tiago/install/hospital_interfaces/share/hospital_interfaces/cmake/hospital_interfaces__rosidl_typesupport_introspection_cExport-noconfig.cmake
-- Installing: /home/alberto/tfg/Reconocimiento-y-sintesis-visual-Tiago/install/hospital_interfaces/share/hospital_interfaces/cmake/hospital_interfaces__rosidl_typesupport_cExport.cmake
-- Installing: /home/alberto/tfg/Reconocimiento-y-sintesis-visual-Tiago/install/hospital_interfaces/share/hospital_interfaces/cmake/hospital_interfaces__rosidl_typesupport_cExport-noconfig.cmake
-- Installing: /home/alberto/tfg/Reconocimiento-y-sintesis-visual-Tiago/install/hospital_interfaces/share/hospital_interfaces/cmake/export_hospital_interfaces__rosidl_generator_cppExport.cmake
-- Installing: /home/alberto/tfg/Reconocimiento-y-sintesis-visual-Tiago/install/hospital_interfaces/share/hospital_interfaces/cmake/export_hospital_interfaces__rosidl_typesupport_fastrtps_cppExport.cmake
-- Installing: /home/alberto/tfg/Reconocimiento-y-sintesis-visual-Tiago/install/hospital_interfaces/share/hospital_interfaces/cmake/export_hospital_interfaces__rosidl_typesupport_fastrtps_cppExport-noconfig.cmake
-- Installing: /home/alberto/tfg/Reconocimiento-y-sintesis-visual-Tiago/install/hospital_interfaces/share/hospital_interfaces/cmake/hospital_interfaces__rosidl_typesupport_introspection_cppExport.cmake
-- Installing: /home/alberto/tfg/Reconocimiento-y-sintesis-visual-Tiago/install/hospital_interfaces/share/hospital_interfaces/cmake/hospital_interfaces__rosidl_typesupport_introspection_cppExport-noconfig.cmake
-- Installing: /home/alberto/tfg/Reconocimiento-y-sintesis-visual-Tiago/install/hospital_interfaces/share/hospital_interfaces/cmake/hospital_interfaces__rosidl_typesupport_cppExport.cmake
-- Installing: /home/alberto/tfg/Reconocimiento-y-sintesis-visual-Tiago/install/hospital_interfaces/share/hospital_interfaces/cmake/hospital_interfaces__rosidl_typesupport_cppExport-noconfig.cmake
-- Installing: /home/alberto/tfg/Reconocimiento-y-sintesis-visual-Tiago/install/hospital_interfaces/share/hospital_interfaces/cmake/export_hospital_interfaces__rosidl_generator_pyExport.cmake
-- Installing: /home/alberto/tfg/Reconocimiento-y-sintesis-visual-Tiago/install/hospital_interfaces/share/hospital_interfaces/cmake/export_hospital_interfaces__rosidl_generator_pyExport-noconfig.cmake
-- Installing: /home/alberto/tfg/Reconocimiento-y-sintesis-visual-Tiago/install/hospital_interfaces/share/hospital_interfaces/cmake/rosidl_cmake-extras.cmake
-- Installing: /home/alberto/tfg/Reconocimiento-y-sintesis-visual-Tiago/install/hospital_interfaces/share/hospital_interfaces/cmake/ament_cmake_export_dependencies-extras.cmake
-- Installing: /home/alberto/tfg/Reconocimiento-y-sintesis-visual-Tiago/install/hospital_interfaces/share/hospital_interfaces/cmake/ament_cmake_export_include_directories-extras.cmake
-- Installing: /home/alberto/tfg/Reconocimiento-y-sintesis-visual-Tiago/install/hospital_interfaces/share/hospital_interfaces/cmake/ament_cmake_export_libraries-extras.cmake
-- Installing: /home/alberto/tfg/Reconocimiento-y-sintesis-visual-Tiago/install/hospital_interfaces/share/hospital_interfaces/cmake/ament_cmake_export_targets-extras.cmake
-- Installing: /home/alberto/tfg/Reconocimiento-y-sintesis-visual-Tiago/install/hospital_interfaces/share/hospital_interfaces/cmake/rosidl_cmake_export_typesupport_targets-extras.cmake
-- Installing: /home/alberto/tfg/Reconocimiento-y-sintesis-visual-Tiago/install/hospital_interfaces/share/hospital_interfaces/cmake/rosidl_cmake_export_typesupport_libraries-extras.cmake
-- Installing: /home/alberto/tfg/Reconocimiento-y-sintesis-visual-Tiago/install/hospital_interfaces/share/hospital_interfaces/cmake/hospital_interfacesConfig.cmake
-- Installing: /home/alberto/tfg/Reconocimiento-y-sintesis-visual-Tiago/install/hospital_interfaces/share/hospital_interfaces/cmake/hospital_interfacesConfig-version.cmake
-- Installing: /home/alberto/tfg/Reconocimiento-y-sintesis-visual-Tiago/install/hospital_interfaces/share/hospital_interfaces/package.xml
