[0.011s] Invoking command in '/home/alberto/tfg/Reconocimiento-y-sintesis-visual-Tiago/build/hospital_interfaces': CMAKE_PREFIX_PATH=/opt/ros/humble /usr/bin/cmake /home/alberto/tfg/Reconocimiento-y-sintesis-visual-Tiago/workspace/src/hospital_interfaces -DCMAKE_INSTALL_PREFIX=/home/alberto/tfg/Reconocimiento-y-sintesis-visual-Tiago/install/hospital_interfaces
[0.141s] -- The C compiler identification is GNU 11.4.0
[0.231s] -- The CXX compiler identification is GNU 11.4.0
[0.241s] -- Detecting C compiler ABI info
[0.309s] -- Detecting C compiler ABI info - done
[0.314s] -- Check for working C compiler: /usr/bin/cc - skipped
[0.315s] -- Detecting C compile features
[0.315s] -- Detecting C compile features - done
[0.319s] -- Detecting CXX compiler ABI info
[0.392s] -- Detecting CXX compiler ABI info - done
[0.397s] -- Check for working CXX compiler: /usr/bin/c++ - skipped
[0.397s] -- Detecting CXX compile features
[0.398s] -- Detecting CXX compile features - done
[0.401s] -- Found ament_cmake: 1.3.13 (/opt/ros/humble/share/ament_cmake/cmake)
[0.533s] -- Found Python3: /usr/bin/python3 (found version "3.10.12") found components: Interpreter 
[0.629s] -- Found rosidl_default_generators: 1.2.0 (/opt/ros/humble/share/rosidl_default_generators/cmake)
[0.634s] -- Using all available rosidl_typesupport_c: rosidl_typesupport_fastrtps_c;rosidl_typesupport_introspection_c
[0.642s] -- Found rosidl_adapter: 3.1.8 (/opt/ros/humble/share/rosidl_adapter/cmake)
[0.691s] -- Using all available rosidl_typesupport_cpp: rosidl_typesupport_fastrtps_cpp;rosidl_typesupport_introspection_cpp
[1.018s] -- Found ament_cmake_ros: 0.10.0 (/opt/ros/humble/share/ament_cmake_ros/cmake)
[1.184s] -- Using all available rosidl_typesupport_c: rosidl_typesupport_fastrtps_c;rosidl_typesupport_introspection_c
[1.390s] -- Using all available rosidl_typesupport_cpp: rosidl_typesupport_fastrtps_cpp;rosidl_typesupport_introspection_cpp
[1.410s] -- Found PythonInterp: /usr/bin/python3 (found suitable version "3.10.12", minimum required is "3.6") 
[1.412s] -- Found python_cmake_module: 0.10.0 (/opt/ros/humble/share/python_cmake_module/cmake)
[1.436s] -- Found PythonLibs: /usr/lib/x86_64-linux-gnu/libpython3.10.so (found suitable version "3.10.12", minimum required is "3.5") 
[1.436s] -- Using PYTHON_EXECUTABLE: /usr/bin/python3
[1.436s] -- Using PYTHON_INCLUDE_DIRS: /usr/include/python3.10
[1.436s] -- Using PYTHON_LIBRARIES: /usr/lib/x86_64-linux-gnu/libpython3.10.so
[1.456s] -- Found PythonExtra: .so  
[1.490s] -- Found ament_lint_auto: 0.12.15 (/opt/ros/humble/share/ament_lint_auto/cmake)
[1.519s] -- Added test 'lint_cmake' to check CMake code style
[1.521s] -- Added test 'xmllint' to check XML markup files
[1.523s] -- Configuring done
[1.557s] -- Generating done
[1.567s] -- Build files have been written to: /home/alberto/tfg/Reconocimiento-y-sintesis-visual-Tiago/build/hospital_interfaces
[1.573s] Invoked command in '/home/alberto/tfg/Reconocimiento-y-sintesis-visual-Tiago/build/hospital_interfaces' returned '0': CMAKE_PREFIX_PATH=/opt/ros/humble /usr/bin/cmake /home/alberto/tfg/Reconocimiento-y-sintesis-visual-Tiago/workspace/src/hospital_interfaces -DCMAKE_INSTALL_PREFIX=/home/alberto/tfg/Reconocimiento-y-sintesis-visual-Tiago/install/hospital_interfaces
[1.575s] Invoking command in '/home/alberto/tfg/Reconocimiento-y-sintesis-visual-Tiago/build/hospital_interfaces': CMAKE_PREFIX_PATH=/opt/ros/humble /usr/bin/cmake --build /home/alberto/tfg/Reconocimiento-y-sintesis-visual-Tiago/build/hospital_interfaces -- -j16 -l16
[1.613s] [  2%] [34m[1mGenerating C code for ROS interfaces[0m
[1.622s] [  5%] [34m[1mGenerating C++ code for ROS interfaces[0m
[1.629s] [  5%] Built target ament_cmake_python_copy_hospital_interfaces
[1.861s] running egg_info
[1.861s] creating hospital_interfaces.egg-info
[1.861s] writing hospital_interfaces.egg-info/PKG-INFO
[1.862s] writing dependency_links to hospital_interfaces.egg-info/dependency_links.txt
[1.862s] writing top-level names to hospital_interfaces.egg-info/top_level.txt
[1.862s] writing manifest file 'hospital_interfaces.egg-info/SOURCES.txt'
[1.864s] reading manifest file 'hospital_interfaces.egg-info/SOURCES.txt'
[1.864s] writing manifest file 'hospital_interfaces.egg-info/SOURCES.txt'
[1.886s] [  5%] Built target ament_cmake_python_build_hospital_interfaces_egg
[2.035s] [ 10%] [32mBuilding C object CMakeFiles/hospital_interfaces__rosidl_generator_c.dir/rosidl_generator_c/hospital_interfaces/action/detail/generate_report__functions.c.o[0m
[2.035s] [ 10%] [32mBuilding C object CMakeFiles/hospital_interfaces__rosidl_generator_c.dir/rosidl_generator_c/hospital_interfaces/srv/detail/analyze_activity__functions.c.o[0m
[2.036s] [ 10%] Built target hospital_interfaces__cpp
[2.046s] [ 17%] [34m[1mGenerating C++ type support dispatch for ROS interfaces[0m
[2.047s] [ 17%] [34m[1mGenerating C++ type support for eProsima Fast-RTPS[0m
[2.047s] [ 17%] [34m[1mGenerating C++ introspection for ROS interfaces[0m
[2.154s] [ 20%] [32m[1mLinking C shared library libhospital_interfaces__rosidl_generator_c.so[0m
[2.191s] [ 20%] Built target hospital_interfaces__rosidl_generator_c
[2.201s] [ 28%] [34m[1mGenerating C type support dispatch for ROS interfaces[0m
[2.201s] [ 28%] [34m[1mGenerating C type support for eProsima Fast-RTPS[0m
[2.201s] [ 28%] [34m[1mGenerating C introspection for ROS interfaces[0m
[2.345s] [ 33%] [32mBuilding CXX object CMakeFiles/hospital_interfaces__rosidl_typesupport_cpp.dir/rosidl_typesupport_cpp/hospital_interfaces/action/generate_report__type_support.cpp.o[0m
[2.345s] [ 33%] [32mBuilding CXX object CMakeFiles/hospital_interfaces__rosidl_typesupport_cpp.dir/rosidl_typesupport_cpp/hospital_interfaces/srv/analyze_activity__type_support.cpp.o[0m
[2.391s] [ 35%] [32mBuilding CXX object CMakeFiles/hospital_interfaces__rosidl_typesupport_introspection_cpp.dir/rosidl_typesupport_introspection_cpp/hospital_interfaces/srv/detail/analyze_activity__type_support.cpp.o[0m
[2.392s] [ 38%] [32mBuilding CXX object CMakeFiles/hospital_interfaces__rosidl_typesupport_introspection_cpp.dir/rosidl_typesupport_introspection_cpp/hospital_interfaces/action/detail/generate_report__type_support.cpp.o[0m
[2.452s] [ 41%] [32mBuilding CXX object CMakeFiles/hospital_interfaces__rosidl_typesupport_fastrtps_cpp.dir/rosidl_typesupport_fastrtps_cpp/hospital_interfaces/action/detail/dds_fastrtps/generate_report__type_support.cpp.o[0m
[2.452s] [ 43%] [32mBuilding CXX object CMakeFiles/hospital_interfaces__rosidl_typesupport_fastrtps_cpp.dir/rosidl_typesupport_fastrtps_cpp/hospital_interfaces/srv/detail/dds_fastrtps/analyze_activity__type_support.cpp.o[0m
[2.531s] [ 48%] [32mBuilding CXX object CMakeFiles/hospital_interfaces__rosidl_typesupport_c.dir/rosidl_typesupport_c/hospital_interfaces/srv/analyze_activity__type_support.cpp.o[0m
[2.531s] [ 48%] [32mBuilding CXX object CMakeFiles/hospital_interfaces__rosidl_typesupport_c.dir/rosidl_typesupport_c/hospital_interfaces/action/generate_report__type_support.cpp.o[0m
[2.602s] [ 51%] [32m[1mLinking CXX shared library libhospital_interfaces__rosidl_typesupport_c.so[0m
[2.616s] [ 53%] [32mBuilding CXX object CMakeFiles/hospital_interfaces__rosidl_typesupport_fastrtps_c.dir/rosidl_typesupport_fastrtps_c/hospital_interfaces/srv/detail/analyze_activity__type_support_c.cpp.o[0m
[2.616s] [ 58%] [32mBuilding C object CMakeFiles/hospital_interfaces__rosidl_typesupport_introspection_c.dir/rosidl_typesupport_introspection_c/hospital_interfaces/action/detail/generate_report__type_support.c.o[0m
[2.616s] [ 58%] [32mBuilding C object CMakeFiles/hospital_interfaces__rosidl_typesupport_introspection_c.dir/rosidl_typesupport_introspection_c/hospital_interfaces/srv/detail/analyze_activity__type_support.c.o[0m
[2.618s] [ 61%] [32mBuilding CXX object CMakeFiles/hospital_interfaces__rosidl_typesupport_fastrtps_c.dir/rosidl_typesupport_fastrtps_c/hospital_interfaces/action/detail/generate_report__type_support_c.cpp.o[0m
[2.657s] [ 61%] Built target hospital_interfaces__rosidl_typesupport_c
[2.678s] [ 64%] [32m[1mLinking C shared library libhospital_interfaces__rosidl_typesupport_introspection_c.so[0m
[2.726s] [ 64%] Built target hospital_interfaces__rosidl_typesupport_introspection_c
[2.833s] [ 66%] [32m[1mLinking CXX shared library libhospital_interfaces__rosidl_typesupport_cpp.so[0m
[2.877s] [ 66%] Built target hospital_interfaces__rosidl_typesupport_cpp
[2.967s] [ 69%] [32m[1mLinking CXX shared library libhospital_interfaces__rosidl_typesupport_introspection_cpp.so[0m
[2.985s] [ 71%] [32m[1mLinking CXX shared library libhospital_interfaces__rosidl_typesupport_fastrtps_c.so[0m
[2.995s] [ 74%] [32m[1mLinking CXX shared library libhospital_interfaces__rosidl_typesupport_fastrtps_cpp.so[0m
[3.038s] [ 74%] Built target hospital_interfaces__rosidl_typesupport_introspection_cpp
[3.058s] [ 74%] Built target hospital_interfaces__rosidl_typesupport_fastrtps_c
[3.068s] [ 74%] Built target hospital_interfaces__rosidl_typesupport_fastrtps_cpp
[3.086s] [ 74%] Built target hospital_interfaces
[3.104s] [ 76%] [34m[1mGenerating Python code for ROS interfaces[0m
[3.787s] [ 76%] Built target hospital_interfaces__py
[3.806s] [ 82%] [32mBuilding C object CMakeFiles/hospital_interfaces__rosidl_generator_py.dir/rosidl_generator_py/hospital_interfaces/action/_generate_report_s.c.o[0m
[3.806s] [ 82%] [32mBuilding C object CMakeFiles/hospital_interfaces__rosidl_generator_py.dir/rosidl_generator_py/hospital_interfaces/srv/_analyze_activity_s.c.o[0m
[3.942s] [ 84%] [32m[1mLinking C shared library rosidl_generator_py/hospital_interfaces/libhospital_interfaces__rosidl_generator_py.so[0m
[3.979s] [ 84%] Built target hospital_interfaces__rosidl_generator_py
[3.998s] [ 92%] [32mBuilding C object CMakeFiles/hospital_interfaces__rosidl_typesupport_introspection_c__pyext.dir/rosidl_generator_py/hospital_interfaces/_hospital_interfaces_s.ep.rosidl_typesupport_introspection_c.c.o[0m
[3.998s] [ 92%] [32mBuilding C object CMakeFiles/hospital_interfaces__rosidl_typesupport_c__pyext.dir/rosidl_generator_py/hospital_interfaces/_hospital_interfaces_s.ep.rosidl_typesupport_c.c.o[0m
[3.998s] [ 92%] [32mBuilding C object CMakeFiles/hospital_interfaces__rosidl_typesupport_fastrtps_c__pyext.dir/rosidl_generator_py/hospital_interfaces/_hospital_interfaces_s.ep.rosidl_typesupport_fastrtps_c.c.o[0m
[4.100s] [100%] [32m[1mLinking C shared library rosidl_generator_py/hospital_interfaces/hospital_interfaces_s__rosidl_typesupport_fastrtps_c.cpython-310-x86_64-linux-gnu.so[0m
[4.100s] [100%] [32m[1mLinking C shared library rosidl_generator_py/hospital_interfaces/hospital_interfaces_s__rosidl_typesupport_introspection_c.cpython-310-x86_64-linux-gnu.so[0m
[4.100s] [100%] [32m[1mLinking C shared library rosidl_generator_py/hospital_interfaces/hospital_interfaces_s__rosidl_typesupport_c.cpython-310-x86_64-linux-gnu.so[0m
[4.137s] [100%] Built target hospital_interfaces__rosidl_typesupport_c__pyext
[4.137s] [100%] Built target hospital_interfaces__rosidl_typesupport_fastrtps_c__pyext
[4.138s] [100%] Built target hospital_interfaces__rosidl_typesupport_introspection_c__pyext
[4.149s] Invoked command in '/home/alberto/tfg/Reconocimiento-y-sintesis-visual-Tiago/build/hospital_interfaces' returned '0': CMAKE_PREFIX_PATH=/opt/ros/humble /usr/bin/cmake --build /home/alberto/tfg/Reconocimiento-y-sintesis-visual-Tiago/build/hospital_interfaces -- -j16 -l16
[4.158s] Invoking command in '/home/alberto/tfg/Reconocimiento-y-sintesis-visual-Tiago/build/hospital_interfaces': CMAKE_PREFIX_PATH=/opt/ros/humble /usr/bin/cmake --install /home/alberto/tfg/Reconocimiento-y-sintesis-visual-Tiago/build/hospital_interfaces
[4.164s] -- Install configuration: ""
[4.165s] -- Installing: /home/alberto/tfg/Reconocimiento-y-sintesis-visual-Tiago/install/hospital_interfaces/share/ament_index/resource_index/rosidl_interfaces/hospital_interfaces
[4.165s] -- Installing: /home/alberto/tfg/Reconocimiento-y-sintesis-visual-Tiago/install/hospital_interfaces/include/hospital_interfaces/hospital_interfaces
[4.165s] -- Installing: /home/alberto/tfg/Reconocimiento-y-sintesis-visual-Tiago/install/hospital_interfaces/include/hospital_interfaces/hospital_interfaces/srv
[4.165s] -- Installing: /home/alberto/tfg/Reconocimiento-y-sintesis-visual-Tiago/install/hospital_interfaces/include/hospital_interfaces/hospital_interfaces/srv/detail
[4.165s] -- Installing: /home/alberto/tfg/Reconocimiento-y-sintesis-visual-Tiago/install/hospital_interfaces/include/hospital_interfaces/hospital_interfaces/srv/detail/analyze_activity__struct.h
[4.165s] -- Installing: /home/alberto/tfg/Reconocimiento-y-sintesis-visual-Tiago/install/hospital_interfaces/include/hospital_interfaces/hospital_interfaces/srv/detail/analyze_activity__functions.h
[4.165s] -- Installing: /home/alberto/tfg/Reconocimiento-y-sintesis-visual-Tiago/install/hospital_interfaces/include/hospital_interfaces/hospital_interfaces/srv/detail/analyze_activity__functions.c
[4.166s] -- Installing: /home/alberto/tfg/Reconocimiento-y-sintesis-visual-Tiago/install/hospital_interfaces/include/hospital_interfaces/hospital_interfaces/srv/detail/analyze_activity__type_support.h
[4.166s] -- Installing: /home/alberto/tfg/Reconocimiento-y-sintesis-visual-Tiago/install/hospital_interfaces/include/hospital_interfaces/hospital_interfaces/srv/analyze_activity.h
[4.166s] -- Installing: /home/alberto/tfg/Reconocimiento-y-sintesis-visual-Tiago/install/hospital_interfaces/include/hospital_interfaces/hospital_interfaces/action
[4.166s] -- Installing: /home/alberto/tfg/Reconocimiento-y-sintesis-visual-Tiago/install/hospital_interfaces/include/hospital_interfaces/hospital_interfaces/action/detail
[4.166s] -- Installing: /home/alberto/tfg/Reconocimiento-y-sintesis-visual-Tiago/install/hospital_interfaces/include/hospital_interfaces/hospital_interfaces/action/detail/generate_report__type_support.h
[4.166s] -- Installing: /home/alberto/tfg/Reconocimiento-y-sintesis-visual-Tiago/install/hospital_interfaces/include/hospital_interfaces/hospital_interfaces/action/detail/generate_report__functions.c
[4.166s] -- Installing: /home/alberto/tfg/Reconocimiento-y-sintesis-visual-Tiago/install/hospital_interfaces/include/hospital_interfaces/hospital_interfaces/action/detail/generate_report__struct.h
[4.167s] -- Installing: /home/alberto/tfg/Reconocimiento-y-sintesis-visual-Tiago/install/hospital_interfaces/include/hospital_interfaces/hospital_interfaces/action/detail/generate_report__functions.h
[4.167s] -- Installing: /home/alberto/tfg/Reconocimiento-y-sintesis-visual-Tiago/install/hospital_interfaces/include/hospital_interfaces/hospital_interfaces/action/generate_report.h
[4.167s] -- Installing: /home/alberto/tfg/Reconocimiento-y-sintesis-visual-Tiago/install/hospital_interfaces/include/hospital_interfaces/hospital_interfaces/msg
[4.167s] -- Installing: /home/alberto/tfg/Reconocimiento-y-sintesis-visual-Tiago/install/hospital_interfaces/include/hospital_interfaces/hospital_interfaces/msg/rosidl_generator_c__visibility_control.h
[4.167s] -- Installing: /home/alberto/tfg/Reconocimiento-y-sintesis-visual-Tiago/install/hospital_interfaces/share/hospital_interfaces/environment/library_path.sh
[4.168s] -- Installing: /home/alberto/tfg/Reconocimiento-y-sintesis-visual-Tiago/install/hospital_interfaces/share/hospital_interfaces/environment/library_path.dsv
[4.168s] -- Installing: /home/alberto/tfg/Reconocimiento-y-sintesis-visual-Tiago/install/hospital_interfaces/lib/libhospital_interfaces__rosidl_generator_c.so
[4.168s] -- Set runtime path of "/home/alberto/tfg/Reconocimiento-y-sintesis-visual-Tiago/install/hospital_interfaces/lib/libhospital_interfaces__rosidl_generator_c.so" to ""
[4.168s] -- Up-to-date: /home/alberto/tfg/Reconocimiento-y-sintesis-visual-Tiago/install/hospital_interfaces/include/hospital_interfaces/hospital_interfaces
[4.168s] -- Up-to-date: /home/alberto/tfg/Reconocimiento-y-sintesis-visual-Tiago/install/hospital_interfaces/include/hospital_interfaces/hospital_interfaces/srv
[4.168s] -- Up-to-date: /home/alberto/tfg/Reconocimiento-y-sintesis-visual-Tiago/install/hospital_interfaces/include/hospital_interfaces/hospital_interfaces/srv/detail
[4.168s] -- Installing: /home/alberto/tfg/Reconocimiento-y-sintesis-visual-Tiago/install/hospital_interfaces/include/hospital_interfaces/hospital_interfaces/srv/detail/analyze_activity__rosidl_typesupport_fastrtps_c.h
[4.169s] -- Up-to-date: /home/alberto/tfg/Reconocimiento-y-sintesis-visual-Tiago/install/hospital_interfaces/include/hospital_interfaces/hospital_interfaces/action
[4.169s] -- Up-to-date: /home/alberto/tfg/Reconocimiento-y-sintesis-visual-Tiago/install/hospital_interfaces/include/hospital_interfaces/hospital_interfaces/action/detail
[4.169s] -- Installing: /home/alberto/tfg/Reconocimiento-y-sintesis-visual-Tiago/install/hospital_interfaces/include/hospital_interfaces/hospital_interfaces/action/detail/generate_report__rosidl_typesupport_fastrtps_c.h
[4.169s] -- Up-to-date: /home/alberto/tfg/Reconocimiento-y-sintesis-visual-Tiago/install/hospital_interfaces/include/hospital_interfaces/hospital_interfaces/msg
[4.169s] -- Installing: /home/alberto/tfg/Reconocimiento-y-sintesis-visual-Tiago/install/hospital_interfaces/include/hospital_interfaces/hospital_interfaces/msg/rosidl_typesupport_fastrtps_c__visibility_control.h
[4.169s] -- Installing: /home/alberto/tfg/Reconocimiento-y-sintesis-visual-Tiago/install/hospital_interfaces/lib/libhospital_interfaces__rosidl_typesupport_fastrtps_c.so
[4.169s] -- Set runtime path of "/home/alberto/tfg/Reconocimiento-y-sintesis-visual-Tiago/install/hospital_interfaces/lib/libhospital_interfaces__rosidl_typesupport_fastrtps_c.so" to ""
[4.170s] -- Up-to-date: /home/alberto/tfg/Reconocimiento-y-sintesis-visual-Tiago/install/hospital_interfaces/include/hospital_interfaces/hospital_interfaces
[4.170s] -- Up-to-date: /home/alberto/tfg/Reconocimiento-y-sintesis-visual-Tiago/install/hospital_interfaces/include/hospital_interfaces/hospital_interfaces/srv
[4.170s] -- Up-to-date: /home/alberto/tfg/Reconocimiento-y-sintesis-visual-Tiago/install/hospital_interfaces/include/hospital_interfaces/hospital_interfaces/srv/detail
[4.170s] -- Installing: /home/alberto/tfg/Reconocimiento-y-sintesis-visual-Tiago/install/hospital_interfaces/include/hospital_interfaces/hospital_interfaces/srv/detail/analyze_activity__rosidl_typesupport_introspection_c.h
[4.170s] -- Installing: /home/alberto/tfg/Reconocimiento-y-sintesis-visual-Tiago/install/hospital_interfaces/include/hospital_interfaces/hospital_interfaces/srv/detail/analyze_activity__type_support.c
[4.170s] -- Up-to-date: /home/alberto/tfg/Reconocimiento-y-sintesis-visual-Tiago/install/hospital_interfaces/include/hospital_interfaces/hospital_interfaces/action
[4.170s] -- Up-to-date: /home/alberto/tfg/Reconocimiento-y-sintesis-visual-Tiago/install/hospital_interfaces/include/hospital_interfaces/hospital_interfaces/action/detail
[4.170s] -- Installing: /home/alberto/tfg/Reconocimiento-y-sintesis-visual-Tiago/install/hospital_interfaces/include/hospital_interfaces/hospital_interfaces/action/detail/generate_report__type_support.c
[4.170s] -- Installing: /home/alberto/tfg/Reconocimiento-y-sintesis-visual-Tiago/install/hospital_interfaces/include/hospital_interfaces/hospital_interfaces/action/detail/generate_report__rosidl_typesupport_introspection_c.h
[4.170s] -- Up-to-date: /home/alberto/tfg/Reconocimiento-y-sintesis-visual-Tiago/install/hospital_interfaces/include/hospital_interfaces/hospital_interfaces/msg
[4.170s] -- Installing: /home/alberto/tfg/Reconocimiento-y-sintesis-visual-Tiago/install/hospital_interfaces/include/hospital_interfaces/hospital_interfaces/msg/rosidl_typesupport_introspection_c__visibility_control.h
[4.171s] -- Installing: /home/alberto/tfg/Reconocimiento-y-sintesis-visual-Tiago/install/hospital_interfaces/lib/libhospital_interfaces__rosidl_typesupport_introspection_c.so
[4.171s] -- Set runtime path of "/home/alberto/tfg/Reconocimiento-y-sintesis-visual-Tiago/install/hospital_interfaces/lib/libhospital_interfaces__rosidl_typesupport_introspection_c.so" to ""
[4.171s] -- Installing: /home/alberto/tfg/Reconocimiento-y-sintesis-visual-Tiago/install/hospital_interfaces/lib/libhospital_interfaces__rosidl_typesupport_c.so
[4.171s] -- Set runtime path of "/home/alberto/tfg/Reconocimiento-y-sintesis-visual-Tiago/install/hospital_interfaces/lib/libhospital_interfaces__rosidl_typesupport_c.so" to ""
[4.172s] -- Up-to-date: /home/alberto/tfg/Reconocimiento-y-sintesis-visual-Tiago/install/hospital_interfaces/include/hospital_interfaces/hospital_interfaces
[4.172s] -- Up-to-date: /home/alberto/tfg/Reconocimiento-y-sintesis-visual-Tiago/install/hospital_interfaces/include/hospital_interfaces/hospital_interfaces/srv
[4.172s] -- Up-to-date: /home/alberto/tfg/Reconocimiento-y-sintesis-visual-Tiago/install/hospital_interfaces/include/hospital_interfaces/hospital_interfaces/srv/detail
[4.172s] -- Installing: /home/alberto/tfg/Reconocimiento-y-sintesis-visual-Tiago/install/hospital_interfaces/include/hospital_interfaces/hospital_interfaces/srv/detail/analyze_activity__struct.hpp
[4.172s] -- Installing: /home/alberto/tfg/Reconocimiento-y-sintesis-visual-Tiago/install/hospital_interfaces/include/hospital_interfaces/hospital_interfaces/srv/detail/analyze_activity__builder.hpp
[4.172s] -- Installing: /home/alberto/tfg/Reconocimiento-y-sintesis-visual-Tiago/install/hospital_interfaces/include/hospital_interfaces/hospital_interfaces/srv/detail/analyze_activity__type_support.hpp
[4.172s] -- Installing: /home/alberto/tfg/Reconocimiento-y-sintesis-visual-Tiago/install/hospital_interfaces/include/hospital_interfaces/hospital_interfaces/srv/detail/analyze_activity__traits.hpp
[4.172s] -- Installing: /home/alberto/tfg/Reconocimiento-y-sintesis-visual-Tiago/install/hospital_interfaces/include/hospital_interfaces/hospital_interfaces/srv/analyze_activity.hpp
[4.172s] -- Up-to-date: /home/alberto/tfg/Reconocimiento-y-sintesis-visual-Tiago/install/hospital_interfaces/include/hospital_interfaces/hospital_interfaces/action
[4.173s] -- Up-to-date: /home/alberto/tfg/Reconocimiento-y-sintesis-visual-Tiago/install/hospital_interfaces/include/hospital_interfaces/hospital_interfaces/action/detail
[4.173s] -- Installing: /home/alberto/tfg/Reconocimiento-y-sintesis-visual-Tiago/install/hospital_interfaces/include/hospital_interfaces/hospital_interfaces/action/detail/generate_report__builder.hpp
[4.173s] -- Installing: /home/alberto/tfg/Reconocimiento-y-sintesis-visual-Tiago/install/hospital_interfaces/include/hospital_interfaces/hospital_interfaces/action/detail/generate_report__traits.hpp
[4.173s] -- Installing: /home/alberto/tfg/Reconocimiento-y-sintesis-visual-Tiago/install/hospital_interfaces/include/hospital_interfaces/hospital_interfaces/action/detail/generate_report__type_support.hpp
[4.173s] -- Installing: /home/alberto/tfg/Reconocimiento-y-sintesis-visual-Tiago/install/hospital_interfaces/include/hospital_interfaces/hospital_interfaces/action/detail/generate_report__struct.hpp
[4.173s] -- Installing: /home/alberto/tfg/Reconocimiento-y-sintesis-visual-Tiago/install/hospital_interfaces/include/hospital_interfaces/hospital_interfaces/action/generate_report.hpp
[4.173s] -- Up-to-date: /home/alberto/tfg/Reconocimiento-y-sintesis-visual-Tiago/install/hospital_interfaces/include/hospital_interfaces/hospital_interfaces/msg
[4.173s] -- Installing: /home/alberto/tfg/Reconocimiento-y-sintesis-visual-Tiago/install/hospital_interfaces/include/hospital_interfaces/hospital_interfaces/msg/rosidl_generator_cpp__visibility_control.hpp
[4.174s] -- Up-to-date: /home/alberto/tfg/Reconocimiento-y-sintesis-visual-Tiago/install/hospital_interfaces/include/hospital_interfaces/hospital_interfaces
[4.174s] -- Up-to-date: /home/alberto/tfg/Reconocimiento-y-sintesis-visual-Tiago/install/hospital_interfaces/include/hospital_interfaces/hospital_interfaces/srv
[4.174s] -- Up-to-date: /home/alberto/tfg/Reconocimiento-y-sintesis-visual-Tiago/install/hospital_interfaces/include/hospital_interfaces/hospital_interfaces/srv/detail
[4.174s] -- Installing: /home/alberto/tfg/Reconocimiento-y-sintesis-visual-Tiago/install/hospital_interfaces/include/hospital_interfaces/hospital_interfaces/srv/detail/dds_fastrtps
[4.174s] -- Installing: /home/alberto/tfg/Reconocimiento-y-sintesis-visual-Tiago/install/hospital_interfaces/include/hospital_interfaces/hospital_interfaces/srv/detail/analyze_activity__rosidl_typesupport_fastrtps_cpp.hpp
[4.174s] -- Up-to-date: /home/alberto/tfg/Reconocimiento-y-sintesis-visual-Tiago/install/hospital_interfaces/include/hospital_interfaces/hospital_interfaces/action
[4.174s] -- Up-to-date: /home/alberto/tfg/Reconocimiento-y-sintesis-visual-Tiago/install/hospital_interfaces/include/hospital_interfaces/hospital_interfaces/action/detail
[4.174s] -- Installing: /home/alberto/tfg/Reconocimiento-y-sintesis-visual-Tiago/install/hospital_interfaces/include/hospital_interfaces/hospital_interfaces/action/detail/dds_fastrtps
[4.174s] -- Installing: /home/alberto/tfg/Reconocimiento-y-sintesis-visual-Tiago/install/hospital_interfaces/include/hospital_interfaces/hospital_interfaces/action/detail/generate_report__rosidl_typesupport_fastrtps_cpp.hpp
[4.174s] -- Up-to-date: /home/alberto/tfg/Reconocimiento-y-sintesis-visual-Tiago/install/hospital_interfaces/include/hospital_interfaces/hospital_interfaces/msg
[4.174s] -- Installing: /home/alberto/tfg/Reconocimiento-y-sintesis-visual-Tiago/install/hospital_interfaces/include/hospital_interfaces/hospital_interfaces/msg/rosidl_typesupport_fastrtps_cpp__visibility_control.h
[4.175s] -- Installing: /home/alberto/tfg/Reconocimiento-y-sintesis-visual-Tiago/install/hospital_interfaces/lib/libhospital_interfaces__rosidl_typesupport_fastrtps_cpp.so
[4.175s] -- Set runtime path of "/home/alberto/tfg/Reconocimiento-y-sintesis-visual-Tiago/install/hospital_interfaces/lib/libhospital_interfaces__rosidl_typesupport_fastrtps_cpp.so" to ""
[4.175s] -- Up-to-date: /home/alberto/tfg/Reconocimiento-y-sintesis-visual-Tiago/install/hospital_interfaces/include/hospital_interfaces/hospital_interfaces
[4.175s] -- Up-to-date: /home/alberto/tfg/Reconocimiento-y-sintesis-visual-Tiago/install/hospital_interfaces/include/hospital_interfaces/hospital_interfaces/srv
[4.175s] -- Up-to-date: /home/alberto/tfg/Reconocimiento-y-sintesis-visual-Tiago/install/hospital_interfaces/include/hospital_interfaces/hospital_interfaces/srv/detail
[4.175s] -- Installing: /home/alberto/tfg/Reconocimiento-y-sintesis-visual-Tiago/install/hospital_interfaces/include/hospital_interfaces/hospital_interfaces/srv/detail/analyze_activity__type_support.cpp
[4.175s] -- Installing: /home/alberto/tfg/Reconocimiento-y-sintesis-visual-Tiago/install/hospital_interfaces/include/hospital_interfaces/hospital_interfaces/srv/detail/analyze_activity__rosidl_typesupport_introspection_cpp.hpp
[4.175s] -- Up-to-date: /home/alberto/tfg/Reconocimiento-y-sintesis-visual-Tiago/install/hospital_interfaces/include/hospital_interfaces/hospital_interfaces/action
[4.176s] -- Up-to-date: /home/alberto/tfg/Reconocimiento-y-sintesis-visual-Tiago/install/hospital_interfaces/include/hospital_interfaces/hospital_interfaces/action/detail
[4.176s] -- Installing: /home/alberto/tfg/Reconocimiento-y-sintesis-visual-Tiago/install/hospital_interfaces/include/hospital_interfaces/hospital_interfaces/action/detail/generate_report__rosidl_typesupport_introspection_cpp.hpp
[4.176s] -- Installing: /home/alberto/tfg/Reconocimiento-y-sintesis-visual-Tiago/install/hospital_interfaces/include/hospital_interfaces/hospital_interfaces/action/detail/generate_report__type_support.cpp
[4.176s] -- Installing: /home/alberto/tfg/Reconocimiento-y-sintesis-visual-Tiago/install/hospital_interfaces/lib/libhospital_interfaces__rosidl_typesupport_introspection_cpp.so
[4.176s] -- Set runtime path of "/home/alberto/tfg/Reconocimiento-y-sintesis-visual-Tiago/install/hospital_interfaces/lib/libhospital_interfaces__rosidl_typesupport_introspection_cpp.so" to ""
[4.177s] -- Installing: /home/alberto/tfg/Reconocimiento-y-sintesis-visual-Tiago/install/hospital_interfaces/lib/libhospital_interfaces__rosidl_typesupport_cpp.so
[4.177s] -- Set runtime path of "/home/alberto/tfg/Reconocimiento-y-sintesis-visual-Tiago/install/hospital_interfaces/lib/libhospital_interfaces__rosidl_typesupport_cpp.so" to ""
[4.177s] -- Installing: /home/alberto/tfg/Reconocimiento-y-sintesis-visual-Tiago/install/hospital_interfaces/share/hospital_interfaces/environment/pythonpath.sh
[4.177s] -- Installing: /home/alberto/tfg/Reconocimiento-y-sintesis-visual-Tiago/install/hospital_interfaces/share/hospital_interfaces/environment/pythonpath.dsv
[4.177s] -- Installing: /home/alberto/tfg/Reconocimiento-y-sintesis-visual-Tiago/install/hospital_interfaces/local/lib/python3.10/dist-packages/hospital_interfaces-0.0.0-py3.10.egg-info
[4.177s] -- Installing: /home/alberto/tfg/Reconocimiento-y-sintesis-visual-Tiago/install/hospital_interfaces/local/lib/python3.10/dist-packages/hospital_interfaces-0.0.0-py3.10.egg-info/PKG-INFO
[4.178s] -- Installing: /home/alberto/tfg/Reconocimiento-y-sintesis-visual-Tiago/install/hospital_interfaces/local/lib/python3.10/dist-packages/hospital_interfaces-0.0.0-py3.10.egg-info/SOURCES.txt
[4.178s] -- Installing: /home/alberto/tfg/Reconocimiento-y-sintesis-visual-Tiago/install/hospital_interfaces/local/lib/python3.10/dist-packages/hospital_interfaces-0.0.0-py3.10.egg-info/dependency_links.txt
[4.178s] -- Installing: /home/alberto/tfg/Reconocimiento-y-sintesis-visual-Tiago/install/hospital_interfaces/local/lib/python3.10/dist-packages/hospital_interfaces-0.0.0-py3.10.egg-info/top_level.txt
[4.178s] -- Installing: /home/alberto/tfg/Reconocimiento-y-sintesis-visual-Tiago/install/hospital_interfaces/local/lib/python3.10/dist-packages/hospital_interfaces
[4.178s] -- Installing: /home/alberto/tfg/Reconocimiento-y-sintesis-visual-Tiago/install/hospital_interfaces/local/lib/python3.10/dist-packages/hospital_interfaces/hospital_interfaces_s__rosidl_typesupport_fastrtps_c.cpython-310-x86_64-linux-gnu.so
[4.178s] -- Installing: /home/alberto/tfg/Reconocimiento-y-sintesis-visual-Tiago/install/hospital_interfaces/local/lib/python3.10/dist-packages/hospital_interfaces/hospital_interfaces_s__rosidl_typesupport_introspection_c.cpython-310-x86_64-linux-gnu.so
[4.179s] -- Installing: /home/alberto/tfg/Reconocimiento-y-sintesis-visual-Tiago/install/hospital_interfaces/local/lib/python3.10/dist-packages/hospital_interfaces/libhospital_interfaces__rosidl_generator_py.so
[4.179s] -- Installing: /home/alberto/tfg/Reconocimiento-y-sintesis-visual-Tiago/install/hospital_interfaces/local/lib/python3.10/dist-packages/hospital_interfaces/__init__.py
[4.179s] -- Installing: /home/alberto/tfg/Reconocimiento-y-sintesis-visual-Tiago/install/hospital_interfaces/local/lib/python3.10/dist-packages/hospital_interfaces/srv
[4.179s] -- Installing: /home/alberto/tfg/Reconocimiento-y-sintesis-visual-Tiago/install/hospital_interfaces/local/lib/python3.10/dist-packages/hospital_interfaces/srv/_analyze_activity.py
[4.179s] -- Installing: /home/alberto/tfg/Reconocimiento-y-sintesis-visual-Tiago/install/hospital_interfaces/local/lib/python3.10/dist-packages/hospital_interfaces/srv/__init__.py
[4.179s] -- Installing: /home/alberto/tfg/Reconocimiento-y-sintesis-visual-Tiago/install/hospital_interfaces/local/lib/python3.10/dist-packages/hospital_interfaces/srv/_analyze_activity_s.c
[4.179s] -- Installing: /home/alberto/tfg/Reconocimiento-y-sintesis-visual-Tiago/install/hospital_interfaces/local/lib/python3.10/dist-packages/hospital_interfaces/action
[4.179s] -- Installing: /home/alberto/tfg/Reconocimiento-y-sintesis-visual-Tiago/install/hospital_interfaces/local/lib/python3.10/dist-packages/hospital_interfaces/action/_generate_report_s.c
[4.180s] -- Installing: /home/alberto/tfg/Reconocimiento-y-sintesis-visual-Tiago/install/hospital_interfaces/local/lib/python3.10/dist-packages/hospital_interfaces/action/_generate_report.py
[4.180s] -- Installing: /home/alberto/tfg/Reconocimiento-y-sintesis-visual-Tiago/install/hospital_interfaces/local/lib/python3.10/dist-packages/hospital_interfaces/action/__init__.py
[4.180s] -- Installing: /home/alberto/tfg/Reconocimiento-y-sintesis-visual-Tiago/install/hospital_interfaces/local/lib/python3.10/dist-packages/hospital_interfaces/_hospital_interfaces_s.ep.rosidl_typesupport_fastrtps_c.c
[4.180s] -- Installing: /home/alberto/tfg/Reconocimiento-y-sintesis-visual-Tiago/install/hospital_interfaces/local/lib/python3.10/dist-packages/hospital_interfaces/_hospital_interfaces_s.ep.rosidl_typesupport_introspection_c.c
[4.180s] -- Installing: /home/alberto/tfg/Reconocimiento-y-sintesis-visual-Tiago/install/hospital_interfaces/local/lib/python3.10/dist-packages/hospital_interfaces/hospital_interfaces_s__rosidl_typesupport_c.cpython-310-x86_64-linux-gnu.so
[4.181s] -- Installing: /home/alberto/tfg/Reconocimiento-y-sintesis-visual-Tiago/install/hospital_interfaces/local/lib/python3.10/dist-packages/hospital_interfaces/_hospital_interfaces_s.ep.rosidl_typesupport_c.c
[4.215s] Listing '/home/alberto/tfg/Reconocimiento-y-sintesis-visual-Tiago/install/hospital_interfaces/local/lib/python3.10/dist-packages/hospital_interfaces'...
[4.215s] Compiling '/home/alberto/tfg/Reconocimiento-y-sintesis-visual-Tiago/install/hospital_interfaces/local/lib/python3.10/dist-packages/hospital_interfaces/__init__.py'...
[4.215s] Listing '/home/alberto/tfg/Reconocimiento-y-sintesis-visual-Tiago/install/hospital_interfaces/local/lib/python3.10/dist-packages/hospital_interfaces/action'...
[4.215s] Compiling '/home/alberto/tfg/Reconocimiento-y-sintesis-visual-Tiago/install/hospital_interfaces/local/lib/python3.10/dist-packages/hospital_interfaces/action/__init__.py'...
[4.215s] Compiling '/home/alberto/tfg/Reconocimiento-y-sintesis-visual-Tiago/install/hospital_interfaces/local/lib/python3.10/dist-packages/hospital_interfaces/action/_generate_report.py'...
[4.215s] Listing '/home/alberto/tfg/Reconocimiento-y-sintesis-visual-Tiago/install/hospital_interfaces/local/lib/python3.10/dist-packages/hospital_interfaces/srv'...
[4.215s] Compiling '/home/alberto/tfg/Reconocimiento-y-sintesis-visual-Tiago/install/hospital_interfaces/local/lib/python3.10/dist-packages/hospital_interfaces/srv/__init__.py'...
[4.215s] Compiling '/home/alberto/tfg/Reconocimiento-y-sintesis-visual-Tiago/install/hospital_interfaces/local/lib/python3.10/dist-packages/hospital_interfaces/srv/_analyze_activity.py'...
[4.219s] -- Installing: /home/alberto/tfg/Reconocimiento-y-sintesis-visual-Tiago/install/hospital_interfaces/local/lib/python3.10/dist-packages/hospital_interfaces/hospital_interfaces_s__rosidl_typesupport_fastrtps_c.cpython-310-x86_64-linux-gnu.so
[4.220s] -- Set runtime path of "/home/alberto/tfg/Reconocimiento-y-sintesis-visual-Tiago/install/hospital_interfaces/local/lib/python3.10/dist-packages/hospital_interfaces/hospital_interfaces_s__rosidl_typesupport_fastrtps_c.cpython-310-x86_64-linux-gnu.so" to ""
[4.220s] -- Installing: /home/alberto/tfg/Reconocimiento-y-sintesis-visual-Tiago/install/hospital_interfaces/local/lib/python3.10/dist-packages/hospital_interfaces/hospital_interfaces_s__rosidl_typesupport_introspection_c.cpython-310-x86_64-linux-gnu.so
[4.220s] -- Set runtime path of "/home/alberto/tfg/Reconocimiento-y-sintesis-visual-Tiago/install/hospital_interfaces/local/lib/python3.10/dist-packages/hospital_interfaces/hospital_interfaces_s__rosidl_typesupport_introspection_c.cpython-310-x86_64-linux-gnu.so" to ""
[4.221s] -- Installing: /home/alberto/tfg/Reconocimiento-y-sintesis-visual-Tiago/install/hospital_interfaces/local/lib/python3.10/dist-packages/hospital_interfaces/hospital_interfaces_s__rosidl_typesupport_c.cpython-310-x86_64-linux-gnu.so
[4.221s] -- Set runtime path of "/home/alberto/tfg/Reconocimiento-y-sintesis-visual-Tiago/install/hospital_interfaces/local/lib/python3.10/dist-packages/hospital_interfaces/hospital_interfaces_s__rosidl_typesupport_c.cpython-310-x86_64-linux-gnu.so" to ""
[4.221s] -- Installing: /home/alberto/tfg/Reconocimiento-y-sintesis-visual-Tiago/install/hospital_interfaces/lib/libhospital_interfaces__rosidl_generator_py.so
[4.221s] -- Set runtime path of "/home/alberto/tfg/Reconocimiento-y-sintesis-visual-Tiago/install/hospital_interfaces/lib/libhospital_interfaces__rosidl_generator_py.so" to ""
[4.221s] -- Installing: /home/alberto/tfg/Reconocimiento-y-sintesis-visual-Tiago/install/hospital_interfaces/share/hospital_interfaces/srv/AnalyzeActivity.idl
[4.222s] -- Installing: /home/alberto/tfg/Reconocimiento-y-sintesis-visual-Tiago/install/hospital_interfaces/share/hospital_interfaces/action/GenerateReport.idl
[4.222s] -- Installing: /home/alberto/tfg/Reconocimiento-y-sintesis-visual-Tiago/install/hospital_interfaces/share/hospital_interfaces/srv/AnalyzeActivity.srv
[4.222s] -- Installing: /home/alberto/tfg/Reconocimiento-y-sintesis-visual-Tiago/install/hospital_interfaces/share/hospital_interfaces/srv/AnalyzeActivity_Request.msg
[4.222s] -- Installing: /home/alberto/tfg/Reconocimiento-y-sintesis-visual-Tiago/install/hospital_interfaces/share/hospital_interfaces/srv/AnalyzeActivity_Response.msg
[4.222s] -- Installing: /home/alberto/tfg/Reconocimiento-y-sintesis-visual-Tiago/install/hospital_interfaces/share/hospital_interfaces/action/GenerateReport.action
[4.223s] -- Installing: /home/alberto/tfg/Reconocimiento-y-sintesis-visual-Tiago/install/hospital_interfaces/share/ament_index/resource_index/package_run_dependencies/hospital_interfaces
[4.223s] -- Installing: /home/alberto/tfg/Reconocimiento-y-sintesis-visual-Tiago/install/hospital_interfaces/share/ament_index/resource_index/parent_prefix_path/hospital_interfaces
[4.223s] -- Installing: /home/alberto/tfg/Reconocimiento-y-sintesis-visual-Tiago/install/hospital_interfaces/share/hospital_interfaces/environment/ament_prefix_path.sh
[4.223s] -- Installing: /home/alberto/tfg/Reconocimiento-y-sintesis-visual-Tiago/install/hospital_interfaces/share/hospital_interfaces/environment/ament_prefix_path.dsv
[4.223s] -- Installing: /home/alberto/tfg/Reconocimiento-y-sintesis-visual-Tiago/install/hospital_interfaces/share/hospital_interfaces/environment/path.sh
[4.223s] -- Installing: /home/alberto/tfg/Reconocimiento-y-sintesis-visual-Tiago/install/hospital_interfaces/share/hospital_interfaces/environment/path.dsv
[4.224s] -- Installing: /home/alberto/tfg/Reconocimiento-y-sintesis-visual-Tiago/install/hospital_interfaces/share/hospital_interfaces/local_setup.bash
[4.224s] -- Installing: /home/alberto/tfg/Reconocimiento-y-sintesis-visual-Tiago/install/hospital_interfaces/share/hospital_interfaces/local_setup.sh
[4.224s] -- Installing: /home/alberto/tfg/Reconocimiento-y-sintesis-visual-Tiago/install/hospital_interfaces/share/hospital_interfaces/local_setup.zsh
[4.224s] -- Installing: /home/alberto/tfg/Reconocimiento-y-sintesis-visual-Tiago/install/hospital_interfaces/share/hospital_interfaces/local_setup.dsv
[4.224s] -- Installing: /home/alberto/tfg/Reconocimiento-y-sintesis-visual-Tiago/install/hospital_interfaces/share/hospital_interfaces/package.dsv
[4.225s] -- Installing: /home/alberto/tfg/Reconocimiento-y-sintesis-visual-Tiago/install/hospital_interfaces/share/ament_index/resource_index/packages/hospital_interfaces
[4.225s] -- Installing: /home/alberto/tfg/Reconocimiento-y-sintesis-visual-Tiago/install/hospital_interfaces/share/hospital_interfaces/cmake/export_hospital_interfaces__rosidl_generator_cExport.cmake
[4.225s] -- Installing: /home/alberto/tfg/Reconocimiento-y-sintesis-visual-Tiago/install/hospital_interfaces/share/hospital_interfaces/cmake/export_hospital_interfaces__rosidl_generator_cExport-noconfig.cmake
[4.225s] -- Installing: /home/alberto/tfg/Reconocimiento-y-sintesis-visual-Tiago/install/hospital_interfaces/share/hospital_interfaces/cmake/export_hospital_interfaces__rosidl_typesupport_fastrtps_cExport.cmake
[4.225s] -- Installing: /home/alberto/tfg/Reconocimiento-y-sintesis-visual-Tiago/install/hospital_interfaces/share/hospital_interfaces/cmake/export_hospital_interfaces__rosidl_typesupport_fastrtps_cExport-noconfig.cmake
[4.225s] -- Installing: /home/alberto/tfg/Reconocimiento-y-sintesis-visual-Tiago/install/hospital_interfaces/share/hospital_interfaces/cmake/hospital_interfaces__rosidl_typesupport_introspection_cExport.cmake
[4.226s] -- Installing: /home/alberto/tfg/Reconocimiento-y-sintesis-visual-Tiago/install/hospital_interfaces/share/hospital_interfaces/cmake/hospital_interfaces__rosidl_typesupport_introspection_cExport-noconfig.cmake
[4.226s] -- Installing: /home/alberto/tfg/Reconocimiento-y-sintesis-visual-Tiago/install/hospital_interfaces/share/hospital_interfaces/cmake/hospital_interfaces__rosidl_typesupport_cExport.cmake
[4.226s] -- Installing: /home/alberto/tfg/Reconocimiento-y-sintesis-visual-Tiago/install/hospital_interfaces/share/hospital_interfaces/cmake/hospital_interfaces__rosidl_typesupport_cExport-noconfig.cmake
[4.226s] -- Installing: /home/alberto/tfg/Reconocimiento-y-sintesis-visual-Tiago/install/hospital_interfaces/share/hospital_interfaces/cmake/export_hospital_interfaces__rosidl_generator_cppExport.cmake
[4.226s] -- Installing: /home/alberto/tfg/Reconocimiento-y-sintesis-visual-Tiago/install/hospital_interfaces/share/hospital_interfaces/cmake/export_hospital_interfaces__rosidl_typesupport_fastrtps_cppExport.cmake
[4.227s] -- Installing: /home/alberto/tfg/Reconocimiento-y-sintesis-visual-Tiago/install/hospital_interfaces/share/hospital_interfaces/cmake/export_hospital_interfaces__rosidl_typesupport_fastrtps_cppExport-noconfig.cmake
[4.227s] -- Installing: /home/alberto/tfg/Reconocimiento-y-sintesis-visual-Tiago/install/hospital_interfaces/share/hospital_interfaces/cmake/hospital_interfaces__rosidl_typesupport_introspection_cppExport.cmake
[4.227s] -- Installing: /home/alberto/tfg/Reconocimiento-y-sintesis-visual-Tiago/install/hospital_interfaces/share/hospital_interfaces/cmake/hospital_interfaces__rosidl_typesupport_introspection_cppExport-noconfig.cmake
[4.227s] -- Installing: /home/alberto/tfg/Reconocimiento-y-sintesis-visual-Tiago/install/hospital_interfaces/share/hospital_interfaces/cmake/hospital_interfaces__rosidl_typesupport_cppExport.cmake
[4.227s] -- Installing: /home/alberto/tfg/Reconocimiento-y-sintesis-visual-Tiago/install/hospital_interfaces/share/hospital_interfaces/cmake/hospital_interfaces__rosidl_typesupport_cppExport-noconfig.cmake
[4.228s] -- Installing: /home/alberto/tfg/Reconocimiento-y-sintesis-visual-Tiago/install/hospital_interfaces/share/hospital_interfaces/cmake/export_hospital_interfaces__rosidl_generator_pyExport.cmake
[4.228s] -- Installing: /home/alberto/tfg/Reconocimiento-y-sintesis-visual-Tiago/install/hospital_interfaces/share/hospital_interfaces/cmake/export_hospital_interfaces__rosidl_generator_pyExport-noconfig.cmake
[4.228s] -- Installing: /home/alberto/tfg/Reconocimiento-y-sintesis-visual-Tiago/install/hospital_interfaces/share/hospital_interfaces/cmake/rosidl_cmake-extras.cmake
[4.228s] -- Installing: /home/alberto/tfg/Reconocimiento-y-sintesis-visual-Tiago/install/hospital_interfaces/share/hospital_interfaces/cmake/ament_cmake_export_dependencies-extras.cmake
[4.228s] -- Installing: /home/alberto/tfg/Reconocimiento-y-sintesis-visual-Tiago/install/hospital_interfaces/share/hospital_interfaces/cmake/ament_cmake_export_include_directories-extras.cmake
[4.228s] -- Installing: /home/alberto/tfg/Reconocimiento-y-sintesis-visual-Tiago/install/hospital_interfaces/share/hospital_interfaces/cmake/ament_cmake_export_libraries-extras.cmake
[4.229s] -- Installing: /home/alberto/tfg/Reconocimiento-y-sintesis-visual-Tiago/install/hospital_interfaces/share/hospital_interfaces/cmake/ament_cmake_export_targets-extras.cmake
[4.229s] -- Installing: /home/alberto/tfg/Reconocimiento-y-sintesis-visual-Tiago/install/hospital_interfaces/share/hospital_interfaces/cmake/rosidl_cmake_export_typesupport_targets-extras.cmake
[4.229s] -- Installing: /home/alberto/tfg/Reconocimiento-y-sintesis-visual-Tiago/install/hospital_interfaces/share/hospital_interfaces/cmake/rosidl_cmake_export_typesupport_libraries-extras.cmake
[4.229s] -- Installing: /home/alberto/tfg/Reconocimiento-y-sintesis-visual-Tiago/install/hospital_interfaces/share/hospital_interfaces/cmake/hospital_interfacesConfig.cmake
[4.229s] -- Installing: /home/alberto/tfg/Reconocimiento-y-sintesis-visual-Tiago/install/hospital_interfaces/share/hospital_interfaces/cmake/hospital_interfacesConfig-version.cmake
[4.229s] -- Installing: /home/alberto/tfg/Reconocimiento-y-sintesis-visual-Tiago/install/hospital_interfaces/share/hospital_interfaces/package.xml
[4.232s] Invoked command in '/home/alberto/tfg/Reconocimiento-y-sintesis-visual-Tiago/build/hospital_interfaces' returned '0': CMAKE_PREFIX_PATH=/opt/ros/humble /usr/bin/cmake --install /home/alberto/tfg/Reconocimiento-y-sintesis-visual-Tiago/build/hospital_interfaces
