[0.270s] Invoking command in '/home/alberto/tfg/Reconocimiento-y-sintesis-visual-Tiago/workspace/build/pal_hey5_controller_configuration': CMAKE_PREFIX_PATH=${CMAKE_PREFIX_PATH}:/home/alberto/tfg/Reconocimiento-y-sintesis-visual-Tiago/workspace/install/tests:/home/alberto/tfg/Reconocimiento-y-sintesis-visual-Tiago/workspace/install/launch_pal:/opt/ros/humble /usr/bin/cmake --build /home/alberto/tfg/Reconocimiento-y-sintesis-visual-Tiago/workspace/build/pal_hey5_controller_configuration -- -j16 -l16
[0.329s] Invoked command in '/home/alberto/tfg/Reconocimiento-y-sintesis-visual-Tiago/workspace/build/pal_hey5_controller_configuration' returned '0': CMAKE_PREFIX_PATH=${CMAKE_PREFIX_PATH}:/home/alberto/tfg/Reconocimiento-y-sintesis-visual-Tiago/workspace/install/tests:/home/alberto/tfg/Reconocimiento-y-sintesis-visual-Tiago/workspace/install/launch_pal:/opt/ros/humble /usr/bin/cmake --build /home/alberto/tfg/Reconocimiento-y-sintesis-visual-Tiago/workspace/build/pal_hey5_controller_configuration -- -j16 -l16
[0.332s] Invoking command in '/home/alberto/tfg/Reconocimiento-y-sintesis-visual-Tiago/workspace/build/pal_hey5_controller_configuration': CMAKE_PREFIX_PATH=${CMAKE_PREFIX_PATH}:/home/alberto/tfg/Reconocimiento-y-sintesis-visual-Tiago/workspace/install/tests:/home/alberto/tfg/Reconocimiento-y-sintesis-visual-Tiago/workspace/install/launch_pal:/opt/ros/humble /usr/bin/cmake --install /home/alberto/tfg/Reconocimiento-y-sintesis-visual-Tiago/workspace/build/pal_hey5_controller_configuration
[0.389s] -- Install configuration: ""
[0.390s] -- Execute custom install script
[0.391s] -- Up-to-date symlink: /home/alberto/tfg/Reconocimiento-y-sintesis-visual-Tiago/workspace/install/pal_hey5_controller_configuration/share/pal_hey5_controller_configuration/config/pal_hey5_controller.yaml
[0.392s] -- Up-to-date symlink: /home/alberto/tfg/Reconocimiento-y-sintesis-visual-Tiago/workspace/install/pal_hey5_controller_configuration/share/pal_hey5_controller_configuration/launch/pal_hey5_controller.launch.py
[0.392s] -- Up-to-date symlink: /home/alberto/tfg/Reconocimiento-y-sintesis-visual-Tiago/workspace/install/pal_hey5_controller_configuration/share/ament_index/resource_index/package_run_dependencies/pal_hey5_controller_configuration
[0.393s] -- Up-to-date symlink: /home/alberto/tfg/Reconocimiento-y-sintesis-visual-Tiago/workspace/install/pal_hey5_controller_configuration/share/ament_index/resource_index/parent_prefix_path/pal_hey5_controller_configuration
[0.393s] -- Up-to-date symlink: /home/alberto/tfg/Reconocimiento-y-sintesis-visual-Tiago/workspace/install/pal_hey5_controller_configuration/share/pal_hey5_controller_configuration/environment/ament_prefix_path.sh
[0.393s] -- Up-to-date symlink: /home/alberto/tfg/Reconocimiento-y-sintesis-visual-Tiago/workspace/install/pal_hey5_controller_configuration/share/pal_hey5_controller_configuration/environment/ament_prefix_path.dsv
[0.393s] -- Up-to-date symlink: /home/alberto/tfg/Reconocimiento-y-sintesis-visual-Tiago/workspace/install/pal_hey5_controller_configuration/share/pal_hey5_controller_configuration/environment/path.sh
[0.393s] -- Up-to-date symlink: /home/alberto/tfg/Reconocimiento-y-sintesis-visual-Tiago/workspace/install/pal_hey5_controller_configuration/share/pal_hey5_controller_configuration/environment/path.dsv
[0.393s] -- Up-to-date symlink: /home/alberto/tfg/Reconocimiento-y-sintesis-visual-Tiago/workspace/install/pal_hey5_controller_configuration/share/pal_hey5_controller_configuration/local_setup.bash
[0.394s] -- Up-to-date symlink: /home/alberto/tfg/Reconocimiento-y-sintesis-visual-Tiago/workspace/install/pal_hey5_controller_configuration/share/pal_hey5_controller_configuration/local_setup.sh
[0.394s] -- Up-to-date symlink: /home/alberto/tfg/Reconocimiento-y-sintesis-visual-Tiago/workspace/install/pal_hey5_controller_configuration/share/pal_hey5_controller_configuration/local_setup.zsh
[0.394s] -- Up-to-date symlink: /home/alberto/tfg/Reconocimiento-y-sintesis-visual-Tiago/workspace/install/pal_hey5_controller_configuration/share/pal_hey5_controller_configuration/local_setup.dsv
[0.394s] -- Symlinking: /home/alberto/tfg/Reconocimiento-y-sintesis-visual-Tiago/workspace/install/pal_hey5_controller_configuration/share/pal_hey5_controller_configuration/package.dsv
[0.403s] -- Up-to-date symlink: /home/alberto/tfg/Reconocimiento-y-sintesis-visual-Tiago/workspace/install/pal_hey5_controller_configuration/share/ament_index/resource_index/packages/pal_hey5_controller_configuration
[0.403s] -- Up-to-date symlink: /home/alberto/tfg/Reconocimiento-y-sintesis-visual-Tiago/workspace/install/pal_hey5_controller_configuration/share/pal_hey5_controller_configuration/cmake/pal_hey5_controller_configurationConfig.cmake
[0.403s] -- Up-to-date symlink: /home/alberto/tfg/Reconocimiento-y-sintesis-visual-Tiago/workspace/install/pal_hey5_controller_configuration/share/pal_hey5_controller_configuration/cmake/pal_hey5_controller_configurationConfig-version.cmake
[0.403s] -- Up-to-date symlink: /home/alberto/tfg/Reconocimiento-y-sintesis-visual-Tiago/workspace/install/pal_hey5_controller_configuration/share/pal_hey5_controller_configuration/package.xml
[0.541s] Invoked command in '/home/alberto/tfg/Reconocimiento-y-sintesis-visual-Tiago/workspace/build/pal_hey5_controller_configuration' returned '0': CMAKE_PREFIX_PATH=${CMAKE_PREFIX_PATH}:/home/alberto/tfg/Reconocimiento-y-sintesis-visual-Tiago/workspace/install/tests:/home/alberto/tfg/Reconocimiento-y-sintesis-visual-Tiago/workspace/install/launch_pal:/opt/ros/humble /usr/bin/cmake --install /home/alberto/tfg/Reconocimiento-y-sintesis-visual-Tiago/workspace/build/pal_hey5_controller_configuration
