[0.355s] Invoking command in '/home/alberto/tiago_public_ws/build/pal_robotiq_description': CMAKE_PREFIX_PATH=/opt/ros/humble /usr/bin/cmake /home/alberto/tiago_public_ws/src/pal_robotiq_gripper/pal_robotiq_description -DAMENT_CMAKE_SYMLINK_INSTALL=1 -DCMAKE_INSTALL_PREFIX=/home/alberto/tiago_public_ws/install/pal_robotiq_description
[0.560s] -- The C compiler identification is GNU 11.4.0
[0.720s] -- The CXX compiler identification is GNU 11.4.0
[0.737s] -- Detecting C compiler ABI info
[0.841s] -- Detecting C compiler ABI info - done
[0.850s] -- Check for working C compiler: /usr/bin/cc - skipped
[0.850s] -- Detecting C compile features
[0.851s] -- Detecting C compile features - done
[0.855s] -- Detecting CXX compiler ABI info
[0.972s] -- Detecting CXX compiler ABI info - done
[0.983s] -- Check for working CXX compiler: /usr/bin/c++ - skipped
[0.983s] -- Detecting CXX compile features
[0.986s] -- Detecting CXX compile features - done
[0.989s] -- Found ament_cmake_auto: 1.3.12 (/opt/ros/humble/share/ament_cmake_auto/cmake)
[1.218s] -- Found Python3: /usr/bin/python3 (found version "3.10.12") found components: Interpreter 
[1.313s] -- Override CMake install command with custom implementation using symlinks instead of copying resources
[1.456s] -- Found ament_lint_auto: 0.12.14 (/opt/ros/humble/share/ament_lint_auto/cmake)
[1.509s] -- Added test 'copyright' to check source files copyright and LICENSE
[1.519s] -- Added test 'flake8' to check Python code syntax and style conventions
[1.522s] -- Added test 'lint_cmake' to check CMake code style
[1.522s] -- Added test 'pep257' to check Python code against some of the docstring style conventions in PEP 257
[1.525s] -- Added test 'xmllint' to check XML markup files
[1.529s] -- Configuring done
[1.541s] -- Generating done
[1.542s] -- Build files have been written to: /home/alberto/tiago_public_ws/build/pal_robotiq_description
[1.554s] Invoked command in '/home/alberto/tiago_public_ws/build/pal_robotiq_description' returned '0': CMAKE_PREFIX_PATH=/opt/ros/humble /usr/bin/cmake /home/alberto/tiago_public_ws/src/pal_robotiq_gripper/pal_robotiq_description -DAMENT_CMAKE_SYMLINK_INSTALL=1 -DCMAKE_INSTALL_PREFIX=/home/alberto/tiago_public_ws/install/pal_robotiq_description
[1.555s] Invoking command in '/home/alberto/tiago_public_ws/build/pal_robotiq_description': CMAKE_PREFIX_PATH=/opt/ros/humble /usr/bin/cmake --build /home/alberto/tiago_public_ws/build/pal_robotiq_description -- -j8 -l8
[1.630s] Invoked command in '/home/alberto/tiago_public_ws/build/pal_robotiq_description' returned '0': CMAKE_PREFIX_PATH=/opt/ros/humble /usr/bin/cmake --build /home/alberto/tiago_public_ws/build/pal_robotiq_description -- -j8 -l8
[1.637s] Invoking command in '/home/alberto/tiago_public_ws/build/pal_robotiq_description': CMAKE_PREFIX_PATH=/opt/ros/humble /usr/bin/cmake --install /home/alberto/tiago_public_ws/build/pal_robotiq_description
[1.839s] -- Install configuration: ""
[1.839s] -- Execute custom install script
[1.839s] -- Symlinking: /home/alberto/tiago_public_ws/install/pal_robotiq_description/share/pal_robotiq_description/meshes/collision/robotiq_140_inner_finger.stl
[1.842s] -- Symlinking: /home/alberto/tiago_public_ws/install/pal_robotiq_description/share/pal_robotiq_description/meshes/collision/robotiq_140_inner_knuckle.stl
[1.842s] -- Symlinking: /home/alberto/tiago_public_ws/install/pal_robotiq_description/share/pal_robotiq_description/meshes/collision/robotiq_140_outer_finger.stl
[1.842s] -- Symlinking: /home/alberto/tiago_public_ws/install/pal_robotiq_description/share/pal_robotiq_description/meshes/collision/robotiq_140_outer_knuckle.stl
[1.842s] -- Symlinking: /home/alberto/tiago_public_ws/install/pal_robotiq_description/share/pal_robotiq_description/meshes/collision/robotiq_85_base_link.stl
[1.842s] -- Symlinking: /home/alberto/tiago_public_ws/install/pal_robotiq_description/share/pal_robotiq_description/meshes/collision/robotiq_85_inner_finger.dae
[1.843s] -- Symlinking: /home/alberto/tiago_public_ws/install/pal_robotiq_description/share/pal_robotiq_description/meshes/collision/robotiq_85_inner_knuckle.dae
[1.843s] -- Symlinking: /home/alberto/tiago_public_ws/install/pal_robotiq_description/share/pal_robotiq_description/meshes/collision/robotiq_85_outer_finger.dae
[1.843s] -- Symlinking: /home/alberto/tiago_public_ws/install/pal_robotiq_description/share/pal_robotiq_description/meshes/collision/robotiq_85_outer_knuckle.dae
[1.843s] -- Symlinking: /home/alberto/tiago_public_ws/install/pal_robotiq_description/share/pal_robotiq_description/meshes/collision/robotiq_base_link.stl
[1.843s] -- Symlinking: /home/alberto/tiago_public_ws/install/pal_robotiq_description/share/pal_robotiq_description/meshes/collision/robotiq_coupling.stl
[1.843s] -- Symlinking: /home/alberto/tiago_public_ws/install/pal_robotiq_description/share/pal_robotiq_description/meshes/visual/pal_robotiq_coupling.stl
[1.843s] -- Symlinking: /home/alberto/tiago_public_ws/install/pal_robotiq_description/share/pal_robotiq_description/meshes/visual/robotiq_140_inner_finger.stl
[1.843s] -- Symlinking: /home/alberto/tiago_public_ws/install/pal_robotiq_description/share/pal_robotiq_description/meshes/visual/robotiq_140_inner_knuckle.stl
[1.843s] -- Symlinking: /home/alberto/tiago_public_ws/install/pal_robotiq_description/share/pal_robotiq_description/meshes/visual/robotiq_140_outer_finger.stl
[1.843s] -- Symlinking: /home/alberto/tiago_public_ws/install/pal_robotiq_description/share/pal_robotiq_description/meshes/visual/robotiq_140_outer_knuckle.stl
[1.848s] -- Symlinking: /home/alberto/tiago_public_ws/install/pal_robotiq_description/share/pal_robotiq_description/meshes/visual/robotiq_85_inner_finger.dae
[1.855s] -- Symlinking: /home/alberto/tiago_public_ws/install/pal_robotiq_description/share/pal_robotiq_description/meshes/visual/robotiq_85_inner_knuckle.dae
[1.867s] -- Symlinking: /home/alberto/tiago_public_ws/install/pal_robotiq_description/share/pal_robotiq_description/meshes/visual/robotiq_85_outer_finger.dae
[1.880s] -- Symlinking: /home/alberto/tiago_public_ws/install/pal_robotiq_description/share/pal_robotiq_description/meshes/visual/robotiq_85_outer_knuckle.dae
[1.896s] -- Symlinking: /home/alberto/tiago_public_ws/install/pal_robotiq_description/share/pal_robotiq_description/meshes/visual/robotiq_85_pad.dae
[1.911s] -- Symlinking: /home/alberto/tiago_public_ws/install/pal_robotiq_description/share/pal_robotiq_description/meshes/visual/robotiq_base_link.stl
[1.921s] -- Symlinking: /home/alberto/tiago_public_ws/install/pal_robotiq_description/share/pal_robotiq_description/meshes/visual/robotiq_coupling.stl
[1.936s] -- Symlinking: /home/alberto/tiago_public_ws/install/pal_robotiq_description/share/pal_robotiq_description/robots/pal_robotiq_2f_140_gripper.urdf.xacro
[1.955s] -- Symlinking: /home/alberto/tiago_public_ws/install/pal_robotiq_description/share/pal_robotiq_description/robots/pal_robotiq_2f_85_gripper.urdf.xacro
[1.969s] -- Symlinking: /home/alberto/tiago_public_ws/install/pal_robotiq_description/share/pal_robotiq_description/robots/pal_robotiq_epick_gripper.urdf.xacro
[1.985s] -- Symlinking: /home/alberto/tiago_public_ws/install/pal_robotiq_description/share/pal_robotiq_description/urdf/grasping_frames.xacro
[2.000s] -- Symlinking: /home/alberto/tiago_public_ws/install/pal_robotiq_description/share/pal_robotiq_description/urdf/robotiq.ros2_control.xacro
[2.019s] -- Symlinking: /home/alberto/tiago_public_ws/install/pal_robotiq_description/share/pal_robotiq_description/urdf/robotiq.transmission.xacro
[2.030s] -- Symlinking: /home/alberto/tiago_public_ws/install/pal_robotiq_description/share/pal_robotiq_description/urdf/robotiq_140_gripper.urdf.xacro
[2.046s] -- Symlinking: /home/alberto/tiago_public_ws/install/pal_robotiq_description/share/pal_robotiq_description/urdf/robotiq_85_gripper.urdf.xacro
[2.061s] -- Symlinking: /home/alberto/tiago_public_ws/install/pal_robotiq_description/share/pal_robotiq_description/launch/robot_state_publisher.launch.py
[2.074s] -- Symlinking: /home/alberto/tiago_public_ws/install/pal_robotiq_description/share/pal_robotiq_description/launch/show.launch.py
[2.089s] -- Symlinking: /home/alberto/tiago_public_ws/install/pal_robotiq_description/share/pal_robotiq_description/config/pal_robotiq_urdf.rviz
[2.107s] -- Symlinking: /home/alberto/tiago_public_ws/install/pal_robotiq_description/share/ament_index/resource_index/package_run_dependencies/pal_robotiq_description
[2.122s] -- Symlinking: /home/alberto/tiago_public_ws/install/pal_robotiq_description/share/ament_index/resource_index/parent_prefix_path/pal_robotiq_description
[2.137s] -- Symlinking: /home/alberto/tiago_public_ws/install/pal_robotiq_description/share/pal_robotiq_description/environment/ament_prefix_path.sh
[2.152s] -- Symlinking: /home/alberto/tiago_public_ws/install/pal_robotiq_description/share/pal_robotiq_description/environment/ament_prefix_path.dsv
[2.160s] -- Symlinking: /home/alberto/tiago_public_ws/install/pal_robotiq_description/share/pal_robotiq_description/environment/path.sh
[2.171s] -- Symlinking: /home/alberto/tiago_public_ws/install/pal_robotiq_description/share/pal_robotiq_description/environment/path.dsv
[2.186s] -- Symlinking: /home/alberto/tiago_public_ws/install/pal_robotiq_description/share/pal_robotiq_description/local_setup.bash
[2.199s] -- Symlinking: /home/alberto/tiago_public_ws/install/pal_robotiq_description/share/pal_robotiq_description/local_setup.sh
[2.223s] -- Symlinking: /home/alberto/tiago_public_ws/install/pal_robotiq_description/share/pal_robotiq_description/local_setup.zsh
[2.236s] -- Symlinking: /home/alberto/tiago_public_ws/install/pal_robotiq_description/share/pal_robotiq_description/local_setup.dsv
[2.252s] -- Symlinking: /home/alberto/tiago_public_ws/install/pal_robotiq_description/share/pal_robotiq_description/package.dsv
[2.264s] -- Symlinking: /home/alberto/tiago_public_ws/install/pal_robotiq_description/share/ament_index/resource_index/packages/pal_robotiq_description
[2.274s] -- Symlinking: /home/alberto/tiago_public_ws/install/pal_robotiq_description/share/pal_robotiq_description/cmake/pal_robotiq_descriptionConfig.cmake
[2.286s] -- Symlinking: /home/alberto/tiago_public_ws/install/pal_robotiq_description/share/pal_robotiq_description/cmake/pal_robotiq_descriptionConfig-version.cmake
[2.298s] -- Symlinking: /home/alberto/tiago_public_ws/install/pal_robotiq_description/share/pal_robotiq_description/package.xml
[2.323s] Invoked command in '/home/alberto/tiago_public_ws/build/pal_robotiq_description' returned '0': CMAKE_PREFIX_PATH=/opt/ros/humble /usr/bin/cmake --install /home/alberto/tiago_public_ws/build/pal_robotiq_description
