[0.277s] Invoking command in '/home/alberto/tfg/Reconocimiento-y-sintesis-visual-Tiago/workspace/build/pal_gripper_controller_configuration': CMAKE_PREFIX_PATH=${CMAKE_PREFIX_PATH}:/home/alberto/tfg/Reconocimiento-y-sintesis-visual-Tiago/workspace/install/tests:/home/alberto/tfg/Reconocimiento-y-sintesis-visual-Tiago/workspace/install/launch_pal:/opt/ros/humble /usr/bin/cmake --build /home/alberto/tfg/Reconocimiento-y-sintesis-visual-Tiago/workspace/build/pal_gripper_controller_configuration -- -j16 -l16
[0.332s] Invoked command in '/home/alberto/tfg/Reconocimiento-y-sintesis-visual-Tiago/workspace/build/pal_gripper_controller_configuration' returned '0': CMAKE_PREFIX_PATH=${CMAKE_PREFIX_PATH}:/home/alberto/tfg/Reconocimiento-y-sintesis-visual-Tiago/workspace/install/tests:/home/alberto/tfg/Reconocimiento-y-sintesis-visual-Tiago/workspace/install/launch_pal:/opt/ros/humble /usr/bin/cmake --build /home/alberto/tfg/Reconocimiento-y-sintesis-visual-Tiago/workspace/build/pal_gripper_controller_configuration -- -j16 -l16
[0.334s] Invoking command in '/home/alberto/tfg/Reconocimiento-y-sintesis-visual-Tiago/workspace/build/pal_gripper_controller_configuration': CMAKE_PREFIX_PATH=${CMAKE_PREFIX_PATH}:/home/alberto/tfg/Reconocimiento-y-sintesis-visual-Tiago/workspace/install/tests:/home/alberto/tfg/Reconocimiento-y-sintesis-visual-Tiago/workspace/install/launch_pal:/opt/ros/humble /usr/bin/cmake --install /home/alberto/tfg/Reconocimiento-y-sintesis-visual-Tiago/workspace/build/pal_gripper_controller_configuration
[0.355s] -- Install configuration: ""
[0.361s] -- Execute custom install script
[0.361s] -- Up-to-date symlink: /home/alberto/tfg/Reconocimiento-y-sintesis-visual-Tiago/workspace/install/pal_gripper_controller_configuration/share/pal_gripper_controller_configuration/config/current_limit_controllers.yaml
[0.361s] -- Up-to-date symlink: /home/alberto/tfg/Reconocimiento-y-sintesis-visual-Tiago/workspace/install/pal_gripper_controller_configuration/share/pal_gripper_controller_configuration/config/current_limit_controllers_left.yaml
[0.362s] -- Up-to-date symlink: /home/alberto/tfg/Reconocimiento-y-sintesis-visual-Tiago/workspace/install/pal_gripper_controller_configuration/share/pal_gripper_controller_configuration/config/current_limit_controllers_right.yaml
[0.362s] -- Up-to-date symlink: /home/alberto/tfg/Reconocimiento-y-sintesis-visual-Tiago/workspace/install/pal_gripper_controller_configuration/share/pal_gripper_controller_configuration/config/gazebo_controller_manager_cfg.yaml
[0.363s] -- Up-to-date symlink: /home/alberto/tfg/Reconocimiento-y-sintesis-visual-Tiago/workspace/install/pal_gripper_controller_configuration/share/pal_gripper_controller_configuration/config/gripper_controller.yaml
[0.370s] -- Up-to-date symlink: /home/alberto/tfg/Reconocimiento-y-sintesis-visual-Tiago/workspace/install/pal_gripper_controller_configuration/share/pal_gripper_controller_configuration/config/joint_state_broadcaster.yaml
[0.370s] -- Up-to-date symlink: /home/alberto/tfg/Reconocimiento-y-sintesis-visual-Tiago/workspace/install/pal_gripper_controller_configuration/share/pal_gripper_controller_configuration/config/joint_trajectory_controllers.yaml
[0.370s] -- Up-to-date symlink: /home/alberto/tfg/Reconocimiento-y-sintesis-visual-Tiago/workspace/install/pal_gripper_controller_configuration/share/pal_gripper_controller_configuration/config/pids.yaml
[0.373s] -- Up-to-date symlink: /home/alberto/tfg/Reconocimiento-y-sintesis-visual-Tiago/workspace/install/pal_gripper_controller_configuration/share/pal_gripper_controller_configuration/launch/current_limit_controllers.launch
[0.378s] -- Up-to-date symlink: /home/alberto/tfg/Reconocimiento-y-sintesis-visual-Tiago/workspace/install/pal_gripper_controller_configuration/share/pal_gripper_controller_configuration/launch/gripper_controller.launch
[0.378s] -- Up-to-date symlink: /home/alberto/tfg/Reconocimiento-y-sintesis-visual-Tiago/workspace/install/pal_gripper_controller_configuration/share/pal_gripper_controller_configuration/launch/joint_state_broadcaster.launch.py
[0.378s] -- Up-to-date symlink: /home/alberto/tfg/Reconocimiento-y-sintesis-visual-Tiago/workspace/install/pal_gripper_controller_configuration/share/pal_gripper_controller_configuration/launch/pal_gripper_controller.launch.py
[0.379s] -- Up-to-date symlink: /home/alberto/tfg/Reconocimiento-y-sintesis-visual-Tiago/workspace/install/pal_gripper_controller_configuration/share/ament_index/resource_index/package_run_dependencies/pal_gripper_controller_configuration
[0.379s] -- Up-to-date symlink: /home/alberto/tfg/Reconocimiento-y-sintesis-visual-Tiago/workspace/install/pal_gripper_controller_configuration/share/ament_index/resource_index/parent_prefix_path/pal_gripper_controller_configuration
[0.379s] -- Up-to-date symlink: /home/alberto/tfg/Reconocimiento-y-sintesis-visual-Tiago/workspace/install/pal_gripper_controller_configuration/share/pal_gripper_controller_configuration/environment/ament_prefix_path.sh
[0.379s] -- Up-to-date symlink: /home/alberto/tfg/Reconocimiento-y-sintesis-visual-Tiago/workspace/install/pal_gripper_controller_configuration/share/pal_gripper_controller_configuration/environment/ament_prefix_path.dsv
[0.379s] -- Up-to-date symlink: /home/alberto/tfg/Reconocimiento-y-sintesis-visual-Tiago/workspace/install/pal_gripper_controller_configuration/share/pal_gripper_controller_configuration/environment/path.sh
[0.379s] -- Up-to-date symlink: /home/alberto/tfg/Reconocimiento-y-sintesis-visual-Tiago/workspace/install/pal_gripper_controller_configuration/share/pal_gripper_controller_configuration/environment/path.dsv
[0.383s] -- Up-to-date symlink: /home/alberto/tfg/Reconocimiento-y-sintesis-visual-Tiago/workspace/install/pal_gripper_controller_configuration/share/pal_gripper_controller_configuration/local_setup.bash
[0.383s] -- Up-to-date symlink: /home/alberto/tfg/Reconocimiento-y-sintesis-visual-Tiago/workspace/install/pal_gripper_controller_configuration/share/pal_gripper_controller_configuration/local_setup.sh
[0.384s] -- Up-to-date symlink: /home/alberto/tfg/Reconocimiento-y-sintesis-visual-Tiago/workspace/install/pal_gripper_controller_configuration/share/pal_gripper_controller_configuration/local_setup.zsh
[0.384s] -- Up-to-date symlink: /home/alberto/tfg/Reconocimiento-y-sintesis-visual-Tiago/workspace/install/pal_gripper_controller_configuration/share/pal_gripper_controller_configuration/local_setup.dsv
[0.385s] -- Symlinking: /home/alberto/tfg/Reconocimiento-y-sintesis-visual-Tiago/workspace/install/pal_gripper_controller_configuration/share/pal_gripper_controller_configuration/package.dsv
[0.405s] -- Up-to-date symlink: /home/alberto/tfg/Reconocimiento-y-sintesis-visual-Tiago/workspace/install/pal_gripper_controller_configuration/share/ament_index/resource_index/packages/pal_gripper_controller_configuration
[0.405s] -- Up-to-date symlink: /home/alberto/tfg/Reconocimiento-y-sintesis-visual-Tiago/workspace/install/pal_gripper_controller_configuration/share/pal_gripper_controller_configuration/cmake/pal_gripper_controller_configurationConfig.cmake
[0.405s] -- Up-to-date symlink: /home/alberto/tfg/Reconocimiento-y-sintesis-visual-Tiago/workspace/install/pal_gripper_controller_configuration/share/pal_gripper_controller_configuration/cmake/pal_gripper_controller_configurationConfig-version.cmake
[0.406s] -- Up-to-date symlink: /home/alberto/tfg/Reconocimiento-y-sintesis-visual-Tiago/workspace/install/pal_gripper_controller_configuration/share/pal_gripper_controller_configuration/package.xml
[0.428s] Invoked command in '/home/alberto/tfg/Reconocimiento-y-sintesis-visual-Tiago/workspace/build/pal_gripper_controller_configuration' returned '0': CMAKE_PREFIX_PATH=${CMAKE_PREFIX_PATH}:/home/alberto/tfg/Reconocimiento-y-sintesis-visual-Tiago/workspace/install/tests:/home/alberto/tfg/Reconocimiento-y-sintesis-visual-Tiago/workspace/install/launch_pal:/opt/ros/humble /usr/bin/cmake --install /home/alberto/tfg/Reconocimiento-y-sintesis-visual-Tiago/workspace/build/pal_gripper_controller_configuration
