[0.217s] Invoking command in '/home/alberto/tiago_public_ws/build/tiago_laser_sensors': AMENT_PREFIX_PATH=/home/alberto/tiago_public_ws/install/pmb2_laser_sensors:${AMENT_PREFIX_PATH} CMAKE_PREFIX_PATH=/home/alberto/tiago_public_ws/install/pmb2_laser_sensors:/opt/ros/humble /usr/bin/cmake --build /home/alberto/tiago_public_ws/build/tiago_laser_sensors -- -j12 -l12
[0.290s] Invoked command in '/home/alberto/tiago_public_ws/build/tiago_laser_sensors' returned '0': AMENT_PREFIX_PATH=/home/alberto/tiago_public_ws/install/pmb2_laser_sensors:${AMENT_PREFIX_PATH} CMAKE_PREFIX_PATH=/home/alberto/tiago_public_ws/install/pmb2_laser_sensors:/opt/ros/humble /usr/bin/cmake --build /home/alberto/tiago_public_ws/build/tiago_laser_sensors -- -j12 -l12
[0.293s] Invoking command in '/home/alberto/tiago_public_ws/build/tiago_laser_sensors': AMENT_PREFIX_PATH=/home/alberto/tiago_public_ws/install/pmb2_laser_sensors:${AMENT_PREFIX_PATH} CMAKE_PREFIX_PATH=/home/alberto/tiago_public_ws/install/pmb2_laser_sensors:/opt/ros/humble /usr/bin/cmake --install /home/alberto/tiago_public_ws/build/tiago_laser_sensors
[0.302s] -- Install configuration: ""
[0.303s] -- Execute custom install script
[0.305s] -- Up-to-date symlink: /home/alberto/tiago_public_ws/install/tiago_laser_sensors/share/ament_index/resource_index/package_run_dependencies/tiago_laser_sensors
[0.306s] -- Up-to-date symlink: /home/alberto/tiago_public_ws/install/tiago_laser_sensors/share/ament_index/resource_index/parent_prefix_path/tiago_laser_sensors
[0.307s] -- Up-to-date symlink: /home/alberto/tiago_public_ws/install/tiago_laser_sensors/share/tiago_laser_sensors/environment/ament_prefix_path.sh
[0.307s] -- Up-to-date symlink: /home/alberto/tiago_public_ws/install/tiago_laser_sensors/share/tiago_laser_sensors/environment/ament_prefix_path.dsv
[0.307s] -- Up-to-date symlink: /home/alberto/tiago_public_ws/install/tiago_laser_sensors/share/tiago_laser_sensors/environment/path.sh
[0.307s] -- Up-to-date symlink: /home/alberto/tiago_public_ws/install/tiago_laser_sensors/share/tiago_laser_sensors/environment/path.dsv
[0.308s] -- Up-to-date symlink: /home/alberto/tiago_public_ws/install/tiago_laser_sensors/share/tiago_laser_sensors/local_setup.bash
[0.309s] -- Up-to-date symlink: /home/alberto/tiago_public_ws/install/tiago_laser_sensors/share/tiago_laser_sensors/local_setup.sh
[0.310s] -- Up-to-date symlink: /home/alberto/tiago_public_ws/install/tiago_laser_sensors/share/tiago_laser_sensors/local_setup.zsh
[0.310s] -- Up-to-date symlink: /home/alberto/tiago_public_ws/install/tiago_laser_sensors/share/tiago_laser_sensors/local_setup.dsv
[0.310s] -- Symlinking: /home/alberto/tiago_public_ws/install/tiago_laser_sensors/share/tiago_laser_sensors/package.dsv
[0.334s] -- Up-to-date symlink: /home/alberto/tiago_public_ws/install/tiago_laser_sensors/share/ament_index/resource_index/packages/tiago_laser_sensors
[0.334s] -- Up-to-date symlink: /home/alberto/tiago_public_ws/install/tiago_laser_sensors/share/tiago_laser_sensors/cmake/tiago_laser_sensorsConfig.cmake
[0.334s] -- Up-to-date symlink: /home/alberto/tiago_public_ws/install/tiago_laser_sensors/share/tiago_laser_sensors/cmake/tiago_laser_sensorsConfig-version.cmake
[0.334s] -- Up-to-date symlink: /home/alberto/tiago_public_ws/install/tiago_laser_sensors/share/tiago_laser_sensors/package.xml
[0.337s] Invoked command in '/home/alberto/tiago_public_ws/build/tiago_laser_sensors' returned '0': AMENT_PREFIX_PATH=/home/alberto/tiago_public_ws/install/pmb2_laser_sensors:${AMENT_PREFIX_PATH} CMAKE_PREFIX_PATH=/home/alberto/tiago_public_ws/install/pmb2_laser_sensors:/opt/ros/humble /usr/bin/cmake --install /home/alberto/tiago_public_ws/build/tiago_laser_sensors
