[0.061s] Invoking command in '/home/alberto/tiago_public_ws/build/pmb2_bringup': AMENT_PREFIX_PATH=/home/alberto/tiago_public_ws/install/pmb2_description:/home/alberto/tiago_public_ws/install/pmb2_controller_configuration:/home/alberto/tiago_public_ws/install/urdf_test:/home/alberto/tiago_public_ws/install/pal_urdf_utils:/home/alberto/tiago_public_ws/install/launch_pal:${AMENT_PREFIX_PATH} CMAKE_PREFIX_PATH=/home/alberto/tiago_public_ws/install/pmb2_description:/home/alberto/tiago_public_ws/install/pmb2_controller_configuration:/home/alberto/tiago_public_ws/install/urdf_test:/home/alberto/tiago_public_ws/install/pal_urdf_utils:/opt/ros/humble PYTHONPATH=/home/alberto/tiago_public_ws/install/pmb2_description/local/lib/python3.10/dist-packages:/home/alberto/tiago_public_ws/install/urdf_test/local/lib/python3.10/dist-packages:/home/alberto/tiago_public_ws/build/launch_pal:/home/alberto/tiago_public_ws/install/launch_pal/lib/python3.10/site-packages:${PYTHONPATH} /usr/bin/cmake /home/alberto/tiago_public_ws/src/pmb2_robot/pmb2_bringup -DAMENT_CMAKE_SYMLINK_INSTALL=1 -DCMAKE_INSTALL_PREFIX=/home/alberto/tiago_public_ws/install/pmb2_bringup
[0.420s] -- The C compiler identification is GNU 11.4.0
[0.420s] -- The CXX compiler identification is GNU 11.4.0
[0.431s] -- Detecting C compiler ABI info
[0.587s] -- Detecting C compiler ABI info - done
[0.606s] -- Check for working C compiler: /usr/bin/cc - skipped
[0.606s] -- Detecting C compile features
[0.610s] -- Detecting C compile features - done
[0.617s] -- Detecting CXX compiler ABI info
[0.865s] -- Detecting CXX compiler ABI info - done
[0.894s] -- Check for working CXX compiler: /usr/bin/c++ - skipped
[0.895s] -- Detecting CXX compile features
[0.895s] -- Detecting CXX compile features - done
[0.909s] -- Found ament_cmake_auto: 1.3.12 (/opt/ros/humble/share/ament_cmake_auto/cmake)
[1.257s] -- Found Python3: /usr/bin/python3 (found version "3.10.12") found components: Interpreter 
[1.473s] -- Override CMake install command with custom implementation using symlinks instead of copying resources
[1.798s] -- Found ament_lint_auto: 0.12.14 (/opt/ros/humble/share/ament_lint_auto/cmake)
[1.893s] -- Added test 'copyright' to check source files copyright and LICENSE
[1.903s] -- Added test 'flake8' to check Python code syntax and style conventions
[1.903s] -- Added test 'lint_cmake' to check CMake code style
[1.903s] -- Added test 'pep257' to check Python code against some of the docstring style conventions in PEP 257
[1.907s] -- Added test 'xmllint' to check XML markup files
[1.909s] -- Configuring done
[1.923s] -- Generating done
[1.929s] -- Build files have been written to: /home/alberto/tiago_public_ws/build/pmb2_bringup
[1.944s] Invoked command in '/home/alberto/tiago_public_ws/build/pmb2_bringup' returned '0': AMENT_PREFIX_PATH=/home/alberto/tiago_public_ws/install/pmb2_description:/home/alberto/tiago_public_ws/install/pmb2_controller_configuration:/home/alberto/tiago_public_ws/install/urdf_test:/home/alberto/tiago_public_ws/install/pal_urdf_utils:/home/alberto/tiago_public_ws/install/launch_pal:${AMENT_PREFIX_PATH} CMAKE_PREFIX_PATH=/home/alberto/tiago_public_ws/install/pmb2_description:/home/alberto/tiago_public_ws/install/pmb2_controller_configuration:/home/alberto/tiago_public_ws/install/urdf_test:/home/alberto/tiago_public_ws/install/pal_urdf_utils:/opt/ros/humble PYTHONPATH=/home/alberto/tiago_public_ws/install/pmb2_description/local/lib/python3.10/dist-packages:/home/alberto/tiago_public_ws/install/urdf_test/local/lib/python3.10/dist-packages:/home/alberto/tiago_public_ws/build/launch_pal:/home/alberto/tiago_public_ws/install/launch_pal/lib/python3.10/site-packages:${PYTHONPATH} /usr/bin/cmake /home/alberto/tiago_public_ws/src/pmb2_robot/pmb2_bringup -DAMENT_CMAKE_SYMLINK_INSTALL=1 -DCMAKE_INSTALL_PREFIX=/home/alberto/tiago_public_ws/install/pmb2_bringup
[1.949s] Invoking command in '/home/alberto/tiago_public_ws/build/pmb2_bringup': AMENT_PREFIX_PATH=/home/alberto/tiago_public_ws/install/pmb2_description:/home/alberto/tiago_public_ws/install/pmb2_controller_configuration:/home/alberto/tiago_public_ws/install/urdf_test:/home/alberto/tiago_public_ws/install/pal_urdf_utils:/home/alberto/tiago_public_ws/install/launch_pal:${AMENT_PREFIX_PATH} CMAKE_PREFIX_PATH=/home/alberto/tiago_public_ws/install/pmb2_description:/home/alberto/tiago_public_ws/install/pmb2_controller_configuration:/home/alberto/tiago_public_ws/install/urdf_test:/home/alberto/tiago_public_ws/install/pal_urdf_utils:/opt/ros/humble PYTHONPATH=/home/alberto/tiago_public_ws/install/pmb2_description/local/lib/python3.10/dist-packages:/home/alberto/tiago_public_ws/install/urdf_test/local/lib/python3.10/dist-packages:/home/alberto/tiago_public_ws/build/launch_pal:/home/alberto/tiago_public_ws/install/launch_pal/lib/python3.10/site-packages:${PYTHONPATH} /usr/bin/cmake --build /home/alberto/tiago_public_ws/build/pmb2_bringup -- -j8 -l8
[2.069s] Invoked command in '/home/alberto/tiago_public_ws/build/pmb2_bringup' returned '0': AMENT_PREFIX_PATH=/home/alberto/tiago_public_ws/install/pmb2_description:/home/alberto/tiago_public_ws/install/pmb2_controller_configuration:/home/alberto/tiago_public_ws/install/urdf_test:/home/alberto/tiago_public_ws/install/pal_urdf_utils:/home/alberto/tiago_public_ws/install/launch_pal:${AMENT_PREFIX_PATH} CMAKE_PREFIX_PATH=/home/alberto/tiago_public_ws/install/pmb2_description:/home/alberto/tiago_public_ws/install/pmb2_controller_configuration:/home/alberto/tiago_public_ws/install/urdf_test:/home/alberto/tiago_public_ws/install/pal_urdf_utils:/opt/ros/humble PYTHONPATH=/home/alberto/tiago_public_ws/install/pmb2_description/local/lib/python3.10/dist-packages:/home/alberto/tiago_public_ws/install/urdf_test/local/lib/python3.10/dist-packages:/home/alberto/tiago_public_ws/build/launch_pal:/home/alberto/tiago_public_ws/install/launch_pal/lib/python3.10/site-packages:${PYTHONPATH} /usr/bin/cmake --build /home/alberto/tiago_public_ws/build/pmb2_bringup -- -j8 -l8
[2.070s] Invoking command in '/home/alberto/tiago_public_ws/build/pmb2_bringup': AMENT_PREFIX_PATH=/home/alberto/tiago_public_ws/install/pmb2_description:/home/alberto/tiago_public_ws/install/pmb2_controller_configuration:/home/alberto/tiago_public_ws/install/urdf_test:/home/alberto/tiago_public_ws/install/pal_urdf_utils:/home/alberto/tiago_public_ws/install/launch_pal:${AMENT_PREFIX_PATH} CMAKE_PREFIX_PATH=/home/alberto/tiago_public_ws/install/pmb2_description:/home/alberto/tiago_public_ws/install/pmb2_controller_configuration:/home/alberto/tiago_public_ws/install/urdf_test:/home/alberto/tiago_public_ws/install/pal_urdf_utils:/opt/ros/humble PYTHONPATH=/home/alberto/tiago_public_ws/install/pmb2_description/local/lib/python3.10/dist-packages:/home/alberto/tiago_public_ws/install/urdf_test/local/lib/python3.10/dist-packages:/home/alberto/tiago_public_ws/build/launch_pal:/home/alberto/tiago_public_ws/install/launch_pal/lib/python3.10/site-packages:${PYTHONPATH} /usr/bin/cmake --install /home/alberto/tiago_public_ws/build/pmb2_bringup
[2.089s] -- Install configuration: ""
[2.089s] -- Execute custom install script
[2.089s] -- Symlinking: /home/alberto/tiago_public_ws/install/pmb2_bringup/share/pmb2_bringup/config/joy_teleop/joy_config.yaml
[2.115s] -- Symlinking: /home/alberto/tiago_public_ws/install/pmb2_bringup/share/pmb2_bringup/config/joy_teleop/joy_teleop.yaml
[2.143s] -- Symlinking: /home/alberto/tiago_public_ws/install/pmb2_bringup/share/pmb2_bringup/config/joy_teleop/joystick_analyzers.yaml
[2.170s] -- Symlinking: /home/alberto/tiago_public_ws/install/pmb2_bringup/share/pmb2_bringup/config/twist_mux/joystick.yaml
[2.199s] -- Symlinking: /home/alberto/tiago_public_ws/install/pmb2_bringup/share/pmb2_bringup/config/twist_mux/twist_mux_analyzers.yaml
[2.224s] -- Symlinking: /home/alberto/tiago_public_ws/install/pmb2_bringup/share/pmb2_bringup/config/twist_mux/twist_mux_locks.yaml
[2.258s] -- Symlinking: /home/alberto/tiago_public_ws/install/pmb2_bringup/share/pmb2_bringup/config/twist_mux/twist_mux_topics.yaml
[2.285s] -- Symlinking: /home/alberto/tiago_public_ws/install/pmb2_bringup/share/pmb2_bringup/launch/joystick_teleop.launch.py
[2.306s] -- Symlinking: /home/alberto/tiago_public_ws/install/pmb2_bringup/share/pmb2_bringup/launch/pmb2_bringup.launch.py
[2.324s] -- Symlinking: /home/alberto/tiago_public_ws/install/pmb2_bringup/share/pmb2_bringup/launch/twist_mux.launch.py
[2.344s] -- Symlinking: /home/alberto/tiago_public_ws/install/pmb2_bringup/share/ament_index/resource_index/package_run_dependencies/pmb2_bringup
[2.360s] -- Symlinking: /home/alberto/tiago_public_ws/install/pmb2_bringup/share/ament_index/resource_index/parent_prefix_path/pmb2_bringup
[2.373s] -- Symlinking: /home/alberto/tiago_public_ws/install/pmb2_bringup/share/pmb2_bringup/environment/ament_prefix_path.sh
[2.385s] -- Symlinking: /home/alberto/tiago_public_ws/install/pmb2_bringup/share/pmb2_bringup/environment/ament_prefix_path.dsv
[2.399s] -- Symlinking: /home/alberto/tiago_public_ws/install/pmb2_bringup/share/pmb2_bringup/environment/path.sh
[2.415s] -- Symlinking: /home/alberto/tiago_public_ws/install/pmb2_bringup/share/pmb2_bringup/environment/path.dsv
[2.429s] -- Symlinking: /home/alberto/tiago_public_ws/install/pmb2_bringup/share/pmb2_bringup/local_setup.bash
[2.441s] -- Symlinking: /home/alberto/tiago_public_ws/install/pmb2_bringup/share/pmb2_bringup/local_setup.sh
[2.457s] -- Symlinking: /home/alberto/tiago_public_ws/install/pmb2_bringup/share/pmb2_bringup/local_setup.zsh
[2.470s] -- Symlinking: /home/alberto/tiago_public_ws/install/pmb2_bringup/share/pmb2_bringup/local_setup.dsv
[2.483s] -- Symlinking: /home/alberto/tiago_public_ws/install/pmb2_bringup/share/pmb2_bringup/package.dsv
[2.497s] -- Symlinking: /home/alberto/tiago_public_ws/install/pmb2_bringup/share/ament_index/resource_index/packages/pmb2_bringup
[2.506s] -- Symlinking: /home/alberto/tiago_public_ws/install/pmb2_bringup/share/pmb2_bringup/cmake/pmb2_bringupConfig.cmake
[2.519s] -- Symlinking: /home/alberto/tiago_public_ws/install/pmb2_bringup/share/pmb2_bringup/cmake/pmb2_bringupConfig-version.cmake
[2.532s] -- Symlinking: /home/alberto/tiago_public_ws/install/pmb2_bringup/share/pmb2_bringup/package.xml
[2.547s] Invoked command in '/home/alberto/tiago_public_ws/build/pmb2_bringup' returned '0': AMENT_PREFIX_PATH=/home/alberto/tiago_public_ws/install/pmb2_description:/home/alberto/tiago_public_ws/install/pmb2_controller_configuration:/home/alberto/tiago_public_ws/install/urdf_test:/home/alberto/tiago_public_ws/install/pal_urdf_utils:/home/alberto/tiago_public_ws/install/launch_pal:${AMENT_PREFIX_PATH} CMAKE_PREFIX_PATH=/home/alberto/tiago_public_ws/install/pmb2_description:/home/alberto/tiago_public_ws/install/pmb2_controller_configuration:/home/alberto/tiago_public_ws/install/urdf_test:/home/alberto/tiago_public_ws/install/pal_urdf_utils:/opt/ros/humble PYTHONPATH=/home/alberto/tiago_public_ws/install/pmb2_description/local/lib/python3.10/dist-packages:/home/alberto/tiago_public_ws/install/urdf_test/local/lib/python3.10/dist-packages:/home/alberto/tiago_public_ws/build/launch_pal:/home/alberto/tiago_public_ws/install/launch_pal/lib/python3.10/site-packages:${PYTHONPATH} /usr/bin/cmake --install /home/alberto/tiago_public_ws/build/pmb2_bringup
