[0.028s] Invoking command in '/home/alberto/tiago_public_ws/build/pmb2_description': AMENT_PREFIX_PATH=/home/alberto/tiago_public_ws/install/urdf_test:/home/alberto/tiago_public_ws/install/pal_urdf_utils:/home/alberto/tiago_public_ws/install/launch_pal:${AMENT_PREFIX_PATH} CMAKE_PREFIX_PATH=/home/alberto/tiago_public_ws/install/urdf_test:/home/alberto/tiago_public_ws/install/pal_urdf_utils:/opt/ros/humble PYTHONPATH=/home/alberto/tiago_public_ws/install/urdf_test/local/lib/python3.10/dist-packages:/home/alberto/tiago_public_ws/build/launch_pal:/home/alberto/tiago_public_ws/install/launch_pal/lib/python3.10/site-packages:${PYTHONPATH} /usr/bin/cmake --build /home/alberto/tiago_public_ws/build/pmb2_description -- -j12 -l12
[0.115s] Built target ament_cmake_python_symlink_pmb2_description
[0.446s] running egg_info
[0.447s] writing pmb2_description.egg-info/PKG-INFO
[0.447s] writing dependency_links to pmb2_description.egg-info/dependency_links.txt
[0.447s] writing top-level names to pmb2_description.egg-info/top_level.txt
[0.450s] reading manifest file 'pmb2_description.egg-info/SOURCES.txt'
[0.451s] writing manifest file 'pmb2_description.egg-info/SOURCES.txt'
[0.476s] Built target ament_cmake_python_build_pmb2_description_egg
[0.493s] Invoked command in '/home/alberto/tiago_public_ws/build/pmb2_description' returned '0': AMENT_PREFIX_PATH=/home/alberto/tiago_public_ws/install/urdf_test:/home/alberto/tiago_public_ws/install/pal_urdf_utils:/home/alberto/tiago_public_ws/install/launch_pal:${AMENT_PREFIX_PATH} CMAKE_PREFIX_PATH=/home/alberto/tiago_public_ws/install/urdf_test:/home/alberto/tiago_public_ws/install/pal_urdf_utils:/opt/ros/humble PYTHONPATH=/home/alberto/tiago_public_ws/install/urdf_test/local/lib/python3.10/dist-packages:/home/alberto/tiago_public_ws/build/launch_pal:/home/alberto/tiago_public_ws/install/launch_pal/lib/python3.10/site-packages:${PYTHONPATH} /usr/bin/cmake --build /home/alberto/tiago_public_ws/build/pmb2_description -- -j12 -l12
[0.496s] Invoking command in '/home/alberto/tiago_public_ws/build/pmb2_description': AMENT_PREFIX_PATH=/home/alberto/tiago_public_ws/install/urdf_test:/home/alberto/tiago_public_ws/install/pal_urdf_utils:/home/alberto/tiago_public_ws/install/launch_pal:${AMENT_PREFIX_PATH} CMAKE_PREFIX_PATH=/home/alberto/tiago_public_ws/install/urdf_test:/home/alberto/tiago_public_ws/install/pal_urdf_utils:/opt/ros/humble PYTHONPATH=/home/alberto/tiago_public_ws/install/urdf_test/local/lib/python3.10/dist-packages:/home/alberto/tiago_public_ws/build/launch_pal:/home/alberto/tiago_public_ws/install/launch_pal/lib/python3.10/site-packages:${PYTHONPATH} /usr/bin/cmake --install /home/alberto/tiago_public_ws/build/pmb2_description
[0.507s] -- Install configuration: ""
[0.510s] -- Execute custom install script
[0.511s] -- Up-to-date symlink: /home/alberto/tiago_public_ws/install/pmb2_description/share/pmb2_description/environment/pythonpath.sh
[0.511s] -- Up-to-date symlink: /home/alberto/tiago_public_ws/install/pmb2_description/share/pmb2_description/environment/pythonpath.dsv
[0.512s] -- Up-to-date symlink: /home/alberto/tiago_public_ws/install/pmb2_description/local/lib/python3.10/dist-packages/pmb2_description-5.10.2-py3.10.egg-info/PKG-INFO
[0.512s] -- Up-to-date symlink: /home/alberto/tiago_public_ws/install/pmb2_description/local/lib/python3.10/dist-packages/pmb2_description-5.10.2-py3.10.egg-info/SOURCES.txt
[0.512s] -- Up-to-date symlink: /home/alberto/tiago_public_ws/install/pmb2_description/local/lib/python3.10/dist-packages/pmb2_description-5.10.2-py3.10.egg-info/dependency_links.txt
[0.513s] -- Up-to-date symlink: /home/alberto/tiago_public_ws/install/pmb2_description/local/lib/python3.10/dist-packages/pmb2_description-5.10.2-py3.10.egg-info/top_level.txt
[0.514s] -- Up-to-date symlink: /home/alberto/tiago_public_ws/install/pmb2_description/local/lib/python3.10/dist-packages/pmb2_description/__init__.py
[0.514s] -- Up-to-date symlink: /home/alberto/tiago_public_ws/install/pmb2_description/local/lib/python3.10/dist-packages/pmb2_description/launch_arguments.py
[0.515s] -- Up-to-date symlink: /home/alberto/tiago_public_ws/install/pmb2_description/share/pmb2_description/rviz/pmb2.rviz
[0.517s] -- Up-to-date symlink: /home/alberto/tiago_public_ws/install/pmb2_description/share/pmb2_description/launch/robot_state_publisher.launch.py
[0.519s] -- Up-to-date symlink: /home/alberto/tiago_public_ws/install/pmb2_description/share/pmb2_description/launch/show.launch.py
[0.521s] -- Up-to-date symlink: /home/alberto/tiago_public_ws/install/pmb2_description/share/pmb2_description/meshes/base/base.stl
[0.522s] -- Up-to-date symlink: /home/alberto/tiago_public_ws/install/pmb2_description/share/pmb2_description/meshes/base/base_collision.dae
[0.523s] -- Up-to-date symlink: /home/alberto/tiago_public_ws/install/pmb2_description/share/pmb2_description/meshes/base/base_dock_link.stl
[0.523s] -- Up-to-date symlink: /home/alberto/tiago_public_ws/install/pmb2_description/share/pmb2_description/meshes/base/base_ring.stl
[0.523s] -- Up-to-date symlink: /home/alberto/tiago_public_ws/install/pmb2_description/share/pmb2_description/meshes/base/high_resolution/base.stl
[0.524s] -- Up-to-date symlink: /home/alberto/tiago_public_ws/install/pmb2_description/share/pmb2_description/meshes/base/high_resolution/base_collision.stl
[0.524s] -- Up-to-date symlink: /home/alberto/tiago_public_ws/install/pmb2_description/share/pmb2_description/meshes/cameras_add_on/cameras_add_on.stl
[0.525s] -- Up-to-date symlink: /home/alberto/tiago_public_ws/install/pmb2_description/share/pmb2_description/meshes/cameras_add_on/cameras_add_on_collision.stl
[0.525s] -- Up-to-date symlink: /home/alberto/tiago_public_ws/install/pmb2_description/share/pmb2_description/meshes/dock/dock.stl
[0.525s] -- Up-to-date symlink: /home/alberto/tiago_public_ws/install/pmb2_description/share/pmb2_description/meshes/dock/dock_collision.stl
[0.527s] -- Up-to-date symlink: /home/alberto/tiago_public_ws/install/pmb2_description/share/pmb2_description/meshes/objects/antenna.stl
[0.527s] -- Up-to-date symlink: /home/alberto/tiago_public_ws/install/pmb2_description/share/pmb2_description/meshes/objects/cover.stl
[0.527s] -- Up-to-date symlink: /home/alberto/tiago_public_ws/install/pmb2_description/share/pmb2_description/meshes/objects/high_resolution/cover.stl
[0.528s] -- Up-to-date symlink: /home/alberto/tiago_public_ws/install/pmb2_description/share/pmb2_description/meshes/wheels/caster_1.stl
[0.528s] -- Up-to-date symlink: /home/alberto/tiago_public_ws/install/pmb2_description/share/pmb2_description/meshes/wheels/caster_2.stl
[0.529s] -- Up-to-date symlink: /home/alberto/tiago_public_ws/install/pmb2_description/share/pmb2_description/meshes/wheels/high_resolution/caster_1.stl
[0.529s] -- Up-to-date symlink: /home/alberto/tiago_public_ws/install/pmb2_description/share/pmb2_description/meshes/wheels/high_resolution/caster_2.stl
[0.529s] -- Up-to-date symlink: /home/alberto/tiago_public_ws/install/pmb2_description/share/pmb2_description/meshes/wheels/high_resolution/wheel.stl
[0.530s] -- Up-to-date symlink: /home/alberto/tiago_public_ws/install/pmb2_description/share/pmb2_description/meshes/wheels/wheel.stl
[0.530s] -- Up-to-date symlink: /home/alberto/tiago_public_ws/install/pmb2_description/share/pmb2_description/config/pmb2_configuration.yaml
[0.531s] -- Up-to-date symlink: /home/alberto/tiago_public_ws/install/pmb2_description/share/pmb2_description/robots/pmb2.urdf.xacro
[0.532s] -- Up-to-date symlink: /home/alberto/tiago_public_ws/install/pmb2_description/share/pmb2_description/ros2_control/gazebo_controller_manager_cfg.yaml
[0.532s] -- Up-to-date symlink: /home/alberto/tiago_public_ws/install/pmb2_description/share/pmb2_description/ros2_control/ros2_control.urdf.xacro
[0.535s] -- Up-to-date symlink: /home/alberto/tiago_public_ws/install/pmb2_description/share/pmb2_description/urdf/base/base.gazebo.xacro
[0.535s] -- Up-to-date symlink: /home/alberto/tiago_public_ws/install/pmb2_description/share/pmb2_description/urdf/base/base.urdf.xacro
[0.536s] -- Up-to-date symlink: /home/alberto/tiago_public_ws/install/pmb2_description/share/pmb2_description/urdf/base/base_sensors.urdf.xacro
[0.536s] -- Up-to-date symlink: /home/alberto/tiago_public_ws/install/pmb2_description/share/pmb2_description/urdf/cameras_add_on/cameras_add_on.urdf.xacro
[0.537s] -- Up-to-date symlink: /home/alberto/tiago_public_ws/install/pmb2_description/share/pmb2_description/urdf/dock/dock.urdf.xacro
[0.537s] -- Up-to-date symlink: /home/alberto/tiago_public_ws/install/pmb2_description/share/pmb2_description/urdf/objects/antenna.urdf.xacro
[0.538s] -- Up-to-date symlink: /home/alberto/tiago_public_ws/install/pmb2_description/share/pmb2_description/urdf/objects/cover.urdf.xacro
[0.538s] -- Up-to-date symlink: /home/alberto/tiago_public_ws/install/pmb2_description/share/pmb2_description/urdf/wheels/caster.gazebo.xacro
[0.539s] -- Up-to-date symlink: /home/alberto/tiago_public_ws/install/pmb2_description/share/pmb2_description/urdf/wheels/caster.urdf.xacro
[0.539s] -- Up-to-date symlink: /home/alberto/tiago_public_ws/install/pmb2_description/share/pmb2_description/urdf/wheels/wheel.gazebo.xacro
[0.539s] -- Up-to-date symlink: /home/alberto/tiago_public_ws/install/pmb2_description/share/pmb2_description/urdf/wheels/wheel.ros2_control.xacro
[0.540s] -- Up-to-date symlink: /home/alberto/tiago_public_ws/install/pmb2_description/share/pmb2_description/urdf/wheels/wheel.urdf.xacro
[0.541s] -- Up-to-date symlink: /home/alberto/tiago_public_ws/install/pmb2_description/share/ament_index/resource_index/package_run_dependencies/pmb2_description
[0.541s] -- Up-to-date symlink: /home/alberto/tiago_public_ws/install/pmb2_description/share/ament_index/resource_index/parent_prefix_path/pmb2_description
[0.542s] -- Up-to-date symlink: /home/alberto/tiago_public_ws/install/pmb2_description/share/pmb2_description/environment/ament_prefix_path.sh
[0.542s] -- Up-to-date symlink: /home/alberto/tiago_public_ws/install/pmb2_description/share/pmb2_description/environment/ament_prefix_path.dsv
[0.543s] -- Up-to-date symlink: /home/alberto/tiago_public_ws/install/pmb2_description/share/pmb2_description/environment/path.sh
[0.543s] -- Up-to-date symlink: /home/alberto/tiago_public_ws/install/pmb2_description/share/pmb2_description/environment/path.dsv
[0.543s] -- Up-to-date symlink: /home/alberto/tiago_public_ws/install/pmb2_description/share/pmb2_description/local_setup.bash
[0.544s] -- Up-to-date symlink: /home/alberto/tiago_public_ws/install/pmb2_description/share/pmb2_description/local_setup.sh
[0.544s] -- Up-to-date symlink: /home/alberto/tiago_public_ws/install/pmb2_description/share/pmb2_description/local_setup.zsh
[0.544s] -- Up-to-date symlink: /home/alberto/tiago_public_ws/install/pmb2_description/share/pmb2_description/local_setup.dsv
[0.544s] -- Symlinking: /home/alberto/tiago_public_ws/install/pmb2_description/share/pmb2_description/package.dsv
[0.557s] -- Up-to-date symlink: /home/alberto/tiago_public_ws/install/pmb2_description/share/ament_index/resource_index/packages/pmb2_description
[0.558s] -- Up-to-date symlink: /home/alberto/tiago_public_ws/install/pmb2_description/share/pmb2_description/cmake/pmb2_descriptionConfig.cmake
[0.558s] -- Up-to-date symlink: /home/alberto/tiago_public_ws/install/pmb2_description/share/pmb2_description/cmake/pmb2_descriptionConfig-version.cmake
[0.558s] -- Up-to-date symlink: /home/alberto/tiago_public_ws/install/pmb2_description/share/pmb2_description/package.xml
[0.593s] Listing '/home/alberto/tiago_public_ws/install/pmb2_description/local/lib/python3.10/dist-packages/pmb2_description'...
[0.602s] Invoked command in '/home/alberto/tiago_public_ws/build/pmb2_description' returned '0': AMENT_PREFIX_PATH=/home/alberto/tiago_public_ws/install/urdf_test:/home/alberto/tiago_public_ws/install/pal_urdf_utils:/home/alberto/tiago_public_ws/install/launch_pal:${AMENT_PREFIX_PATH} CMAKE_PREFIX_PATH=/home/alberto/tiago_public_ws/install/urdf_test:/home/alberto/tiago_public_ws/install/pal_urdf_utils:/opt/ros/humble PYTHONPATH=/home/alberto/tiago_public_ws/install/urdf_test/local/lib/python3.10/dist-packages:/home/alberto/tiago_public_ws/build/launch_pal:/home/alberto/tiago_public_ws/install/launch_pal/lib/python3.10/site-packages:${PYTHONPATH} /usr/bin/cmake --install /home/alberto/tiago_public_ws/build/pmb2_description
