[0.265s] Invoking command in '/home/alberto/tfg/Reconocimiento-y-sintesis-visual-Tiago/workspace/build/play_motion2_msgs': CMAKE_PREFIX_PATH=${CMAKE_PREFIX_PATH}:/home/alberto/tfg/Reconocimiento-y-sintesis-visual-Tiago/workspace/install/tests:/home/alberto/tfg/Reconocimiento-y-sintesis-visual-Tiago/workspace/install/launch_pal:/opt/ros/humble /usr/bin/cmake --build /home/alberto/tfg/Reconocimiento-y-sintesis-visual-Tiago/workspace/build/play_motion2_msgs -- -j16 -l16
[0.318s] [35m[1mConsolidate compiler generated dependencies of target play_motion2_msgs__rosidl_generator_c[0m
[0.351s] [  0%] Built target play_motion2_msgs__cpp
[0.384s] [  0%] Built target ament_cmake_python_symlink_play_motion2_msgs
[0.384s] [ 12%] Built target play_motion2_msgs__rosidl_generator_c
[0.388s] [35m[1mConsolidate compiler generated dependencies of target play_motion2_msgs__rosidl_typesupport_cpp[0m
[0.388s] [35m[1mConsolidate compiler generated dependencies of target play_motion2_msgs__rosidl_typesupport_introspection_cpp[0m
[0.389s] [35m[1mConsolidate compiler generated dependencies of target play_motion2_msgs__rosidl_typesupport_fastrtps_cpp[0m
[0.395s] [35m[1mConsolidate compiler generated dependencies of target play_motion2_msgs__rosidl_typesupport_introspection_c[0m
[0.395s] [35m[1mConsolidate compiler generated dependencies of target play_motion2_msgs__rosidl_typesupport_fastrtps_c[0m
[0.395s] [35m[1mConsolidate compiler generated dependencies of target play_motion2_msgs__rosidl_typesupport_c[0m
[0.405s] [ 24%] Built target play_motion2_msgs__rosidl_typesupport_cpp
[0.405s] [ 48%] Built target play_motion2_msgs__rosidl_typesupport_c
[0.405s] [ 59%] Built target play_motion2_msgs__rosidl_typesupport_introspection_c
[0.405s] [ 59%] Built target play_motion2_msgs__rosidl_typesupport_introspection_cpp
[0.405s] [ 70%] Built target play_motion2_msgs__rosidl_typesupport_fastrtps_cpp
[0.413s] [ 82%] Built target play_motion2_msgs__rosidl_typesupport_fastrtps_c
[0.430s] [ 82%] Built target play_motion2_msgs
[0.448s] [ 83%] Built target play_motion2_msgs__py
[0.448s] [35m[1mConsolidate compiler generated dependencies of target play_motion2_msgs__rosidl_generator_py[0m
[0.465s] [ 94%] Built target play_motion2_msgs__rosidl_generator_py
[0.487s] [35m[1mConsolidate compiler generated dependencies of target play_motion2_msgs__rosidl_typesupport_introspection_c__pyext[0m
[0.488s] [35m[1mConsolidate compiler generated dependencies of target play_motion2_msgs__rosidl_typesupport_c__pyext[0m
[0.490s] [35m[1mConsolidate compiler generated dependencies of target play_motion2_msgs__rosidl_typesupport_fastrtps_c__pyext[0m
[0.502s] [ 98%] Built target play_motion2_msgs__rosidl_typesupport_c__pyext
[0.502s] [ 98%] Built target play_motion2_msgs__rosidl_typesupport_introspection_c__pyext
[0.504s] [100%] Built target play_motion2_msgs__rosidl_typesupport_fastrtps_c__pyext
[0.603s] running egg_info
[0.604s] writing play_motion2_msgs.egg-info/PKG-INFO
[0.604s] writing dependency_links to play_motion2_msgs.egg-info/dependency_links.txt
[0.604s] writing top-level names to play_motion2_msgs.egg-info/top_level.txt
[0.605s] reading manifest file 'play_motion2_msgs.egg-info/SOURCES.txt'
[0.606s] writing manifest file 'play_motion2_msgs.egg-info/SOURCES.txt'
[0.635s] [100%] Built target ament_cmake_python_build_play_motion2_msgs_egg
[0.662s] Invoked command in '/home/alberto/tfg/Reconocimiento-y-sintesis-visual-Tiago/workspace/build/play_motion2_msgs' returned '0': CMAKE_PREFIX_PATH=${CMAKE_PREFIX_PATH}:/home/alberto/tfg/Reconocimiento-y-sintesis-visual-Tiago/workspace/install/tests:/home/alberto/tfg/Reconocimiento-y-sintesis-visual-Tiago/workspace/install/launch_pal:/opt/ros/humble /usr/bin/cmake --build /home/alberto/tfg/Reconocimiento-y-sintesis-visual-Tiago/workspace/build/play_motion2_msgs -- -j16 -l16
[0.662s] Invoking command in '/home/alberto/tfg/Reconocimiento-y-sintesis-visual-Tiago/workspace/build/play_motion2_msgs': CMAKE_PREFIX_PATH=${CMAKE_PREFIX_PATH}:/home/alberto/tfg/Reconocimiento-y-sintesis-visual-Tiago/workspace/install/tests:/home/alberto/tfg/Reconocimiento-y-sintesis-visual-Tiago/workspace/install/launch_pal:/opt/ros/humble /usr/bin/cmake --install /home/alberto/tfg/Reconocimiento-y-sintesis-visual-Tiago/workspace/build/play_motion2_msgs
[0.668s] -- Install configuration: ""
[0.670s] -- Execute custom install script
[0.670s] -- Up-to-date symlink: /home/alberto/tfg/Reconocimiento-y-sintesis-visual-Tiago/workspace/install/play_motion2_msgs/share/ament_index/resource_index/rosidl_interfaces/play_motion2_msgs
[0.670s] -- Up-to-date symlink: /home/alberto/tfg/Reconocimiento-y-sintesis-visual-Tiago/workspace/install/play_motion2_msgs/include/play_motion2_msgs/play_motion2_msgs/action/detail/play_motion2__functions.h
[0.670s] -- Up-to-date symlink: /home/alberto/tfg/Reconocimiento-y-sintesis-visual-Tiago/workspace/install/play_motion2_msgs/include/play_motion2_msgs/play_motion2_msgs/action/detail/play_motion2__struct.h
[0.670s] -- Up-to-date symlink: /home/alberto/tfg/Reconocimiento-y-sintesis-visual-Tiago/workspace/install/play_motion2_msgs/include/play_motion2_msgs/play_motion2_msgs/action/detail/play_motion2__type_support.h
[0.670s] -- Up-to-date symlink: /home/alberto/tfg/Reconocimiento-y-sintesis-visual-Tiago/workspace/install/play_motion2_msgs/include/play_motion2_msgs/play_motion2_msgs/action/detail/play_motion2_raw__functions.h
[0.671s] -- Up-to-date symlink: /home/alberto/tfg/Reconocimiento-y-sintesis-visual-Tiago/workspace/install/play_motion2_msgs/include/play_motion2_msgs/play_motion2_msgs/action/detail/play_motion2_raw__struct.h
[0.671s] -- Up-to-date symlink: /home/alberto/tfg/Reconocimiento-y-sintesis-visual-Tiago/workspace/install/play_motion2_msgs/include/play_motion2_msgs/play_motion2_msgs/action/detail/play_motion2_raw__type_support.h
[0.671s] -- Up-to-date symlink: /home/alberto/tfg/Reconocimiento-y-sintesis-visual-Tiago/workspace/install/play_motion2_msgs/include/play_motion2_msgs/play_motion2_msgs/action/play_motion2.h
[0.671s] -- Up-to-date symlink: /home/alberto/tfg/Reconocimiento-y-sintesis-visual-Tiago/workspace/install/play_motion2_msgs/include/play_motion2_msgs/play_motion2_msgs/action/play_motion2_raw.h
[0.671s] -- Up-to-date symlink: /home/alberto/tfg/Reconocimiento-y-sintesis-visual-Tiago/workspace/install/play_motion2_msgs/include/play_motion2_msgs/play_motion2_msgs/msg/detail/motion__functions.h
[0.671s] -- Up-to-date symlink: /home/alberto/tfg/Reconocimiento-y-sintesis-visual-Tiago/workspace/install/play_motion2_msgs/include/play_motion2_msgs/play_motion2_msgs/msg/detail/motion__struct.h
[0.671s] -- Up-to-date symlink: /home/alberto/tfg/Reconocimiento-y-sintesis-visual-Tiago/workspace/install/play_motion2_msgs/include/play_motion2_msgs/play_motion2_msgs/msg/detail/motion__type_support.h
[0.671s] -- Up-to-date symlink: /home/alberto/tfg/Reconocimiento-y-sintesis-visual-Tiago/workspace/install/play_motion2_msgs/include/play_motion2_msgs/play_motion2_msgs/msg/motion.h
[0.671s] -- Up-to-date symlink: /home/alberto/tfg/Reconocimiento-y-sintesis-visual-Tiago/workspace/install/play_motion2_msgs/include/play_motion2_msgs/play_motion2_msgs/msg/rosidl_generator_c__visibility_control.h
[0.671s] -- Up-to-date symlink: /home/alberto/tfg/Reconocimiento-y-sintesis-visual-Tiago/workspace/install/play_motion2_msgs/include/play_motion2_msgs/play_motion2_msgs/srv/add_motion.h
[0.672s] -- Up-to-date symlink: /home/alberto/tfg/Reconocimiento-y-sintesis-visual-Tiago/workspace/install/play_motion2_msgs/include/play_motion2_msgs/play_motion2_msgs/srv/detail/add_motion__functions.h
[0.672s] -- Up-to-date symlink: /home/alberto/tfg/Reconocimiento-y-sintesis-visual-Tiago/workspace/install/play_motion2_msgs/include/play_motion2_msgs/play_motion2_msgs/srv/detail/add_motion__struct.h
[0.672s] -- Up-to-date symlink: /home/alberto/tfg/Reconocimiento-y-sintesis-visual-Tiago/workspace/install/play_motion2_msgs/include/play_motion2_msgs/play_motion2_msgs/srv/detail/add_motion__type_support.h
[0.672s] -- Up-to-date symlink: /home/alberto/tfg/Reconocimiento-y-sintesis-visual-Tiago/workspace/install/play_motion2_msgs/include/play_motion2_msgs/play_motion2_msgs/srv/detail/get_motion_info__functions.h
[0.672s] -- Up-to-date symlink: /home/alberto/tfg/Reconocimiento-y-sintesis-visual-Tiago/workspace/install/play_motion2_msgs/include/play_motion2_msgs/play_motion2_msgs/srv/detail/get_motion_info__struct.h
[0.672s] -- Up-to-date symlink: /home/alberto/tfg/Reconocimiento-y-sintesis-visual-Tiago/workspace/install/play_motion2_msgs/include/play_motion2_msgs/play_motion2_msgs/srv/detail/get_motion_info__type_support.h
[0.672s] -- Up-to-date symlink: /home/alberto/tfg/Reconocimiento-y-sintesis-visual-Tiago/workspace/install/play_motion2_msgs/include/play_motion2_msgs/play_motion2_msgs/srv/detail/is_joint_list_ready__functions.h
[0.672s] -- Up-to-date symlink: /home/alberto/tfg/Reconocimiento-y-sintesis-visual-Tiago/workspace/install/play_motion2_msgs/include/play_motion2_msgs/play_motion2_msgs/srv/detail/is_joint_list_ready__struct.h
[0.672s] -- Up-to-date symlink: /home/alberto/tfg/Reconocimiento-y-sintesis-visual-Tiago/workspace/install/play_motion2_msgs/include/play_motion2_msgs/play_motion2_msgs/srv/detail/is_joint_list_ready__type_support.h
[0.672s] -- Up-to-date symlink: /home/alberto/tfg/Reconocimiento-y-sintesis-visual-Tiago/workspace/install/play_motion2_msgs/include/play_motion2_msgs/play_motion2_msgs/srv/detail/is_motion_ready__functions.h
[0.673s] -- Up-to-date symlink: /home/alberto/tfg/Reconocimiento-y-sintesis-visual-Tiago/workspace/install/play_motion2_msgs/include/play_motion2_msgs/play_motion2_msgs/srv/detail/is_motion_ready__struct.h
[0.673s] -- Up-to-date symlink: /home/alberto/tfg/Reconocimiento-y-sintesis-visual-Tiago/workspace/install/play_motion2_msgs/include/play_motion2_msgs/play_motion2_msgs/srv/detail/is_motion_ready__type_support.h
[0.673s] -- Up-to-date symlink: /home/alberto/tfg/Reconocimiento-y-sintesis-visual-Tiago/workspace/install/play_motion2_msgs/include/play_motion2_msgs/play_motion2_msgs/srv/detail/list_motions__functions.h
[0.673s] -- Up-to-date symlink: /home/alberto/tfg/Reconocimiento-y-sintesis-visual-Tiago/workspace/install/play_motion2_msgs/include/play_motion2_msgs/play_motion2_msgs/srv/detail/list_motions__struct.h
[0.673s] -- Up-to-date symlink: /home/alberto/tfg/Reconocimiento-y-sintesis-visual-Tiago/workspace/install/play_motion2_msgs/include/play_motion2_msgs/play_motion2_msgs/srv/detail/list_motions__type_support.h
[0.673s] -- Up-to-date symlink: /home/alberto/tfg/Reconocimiento-y-sintesis-visual-Tiago/workspace/install/play_motion2_msgs/include/play_motion2_msgs/play_motion2_msgs/srv/detail/remove_motion__functions.h
[0.673s] -- Up-to-date symlink: /home/alberto/tfg/Reconocimiento-y-sintesis-visual-Tiago/workspace/install/play_motion2_msgs/include/play_motion2_msgs/play_motion2_msgs/srv/detail/remove_motion__struct.h
[0.673s] -- Up-to-date symlink: /home/alberto/tfg/Reconocimiento-y-sintesis-visual-Tiago/workspace/install/play_motion2_msgs/include/play_motion2_msgs/play_motion2_msgs/srv/detail/remove_motion__type_support.h
[0.673s] -- Up-to-date symlink: /home/alberto/tfg/Reconocimiento-y-sintesis-visual-Tiago/workspace/install/play_motion2_msgs/include/play_motion2_msgs/play_motion2_msgs/srv/detail/save_motion__functions.h
[0.674s] -- Up-to-date symlink: /home/alberto/tfg/Reconocimiento-y-sintesis-visual-Tiago/workspace/install/play_motion2_msgs/include/play_motion2_msgs/play_motion2_msgs/srv/detail/save_motion__struct.h
[0.674s] -- Up-to-date symlink: /home/alberto/tfg/Reconocimiento-y-sintesis-visual-Tiago/workspace/install/play_motion2_msgs/include/play_motion2_msgs/play_motion2_msgs/srv/detail/save_motion__type_support.h
[0.674s] -- Up-to-date symlink: /home/alberto/tfg/Reconocimiento-y-sintesis-visual-Tiago/workspace/install/play_motion2_msgs/include/play_motion2_msgs/play_motion2_msgs/srv/get_motion_info.h
[0.674s] -- Up-to-date symlink: /home/alberto/tfg/Reconocimiento-y-sintesis-visual-Tiago/workspace/install/play_motion2_msgs/include/play_motion2_msgs/play_motion2_msgs/srv/is_joint_list_ready.h
[0.674s] -- Up-to-date symlink: /home/alberto/tfg/Reconocimiento-y-sintesis-visual-Tiago/workspace/install/play_motion2_msgs/include/play_motion2_msgs/play_motion2_msgs/srv/is_motion_ready.h
[0.674s] -- Up-to-date symlink: /home/alberto/tfg/Reconocimiento-y-sintesis-visual-Tiago/workspace/install/play_motion2_msgs/include/play_motion2_msgs/play_motion2_msgs/srv/list_motions.h
[0.674s] -- Up-to-date symlink: /home/alberto/tfg/Reconocimiento-y-sintesis-visual-Tiago/workspace/install/play_motion2_msgs/include/play_motion2_msgs/play_motion2_msgs/srv/remove_motion.h
[0.674s] -- Up-to-date symlink: /home/alberto/tfg/Reconocimiento-y-sintesis-visual-Tiago/workspace/install/play_motion2_msgs/include/play_motion2_msgs/play_motion2_msgs/srv/save_motion.h
[0.674s] -- Up-to-date symlink: /home/alberto/tfg/Reconocimiento-y-sintesis-visual-Tiago/workspace/install/play_motion2_msgs/share/play_motion2_msgs/environment/library_path.sh
[0.674s] -- Up-to-date symlink: /home/alberto/tfg/Reconocimiento-y-sintesis-visual-Tiago/workspace/install/play_motion2_msgs/share/play_motion2_msgs/environment/library_path.dsv
[0.675s] -- Up-to-date symlink: /home/alberto/tfg/Reconocimiento-y-sintesis-visual-Tiago/workspace/install/play_motion2_msgs/include/play_motion2_msgs/play_motion2_msgs/action/detail/play_motion2__rosidl_typesupport_fastrtps_c.h
[0.675s] -- Up-to-date symlink: /home/alberto/tfg/Reconocimiento-y-sintesis-visual-Tiago/workspace/install/play_motion2_msgs/include/play_motion2_msgs/play_motion2_msgs/action/detail/play_motion2_raw__rosidl_typesupport_fastrtps_c.h
[0.675s] -- Up-to-date symlink: /home/alberto/tfg/Reconocimiento-y-sintesis-visual-Tiago/workspace/install/play_motion2_msgs/include/play_motion2_msgs/play_motion2_msgs/msg/detail/motion__rosidl_typesupport_fastrtps_c.h
[0.675s] -- Up-to-date symlink: /home/alberto/tfg/Reconocimiento-y-sintesis-visual-Tiago/workspace/install/play_motion2_msgs/include/play_motion2_msgs/play_motion2_msgs/msg/rosidl_typesupport_fastrtps_c__visibility_control.h
[0.675s] -- Up-to-date symlink: /home/alberto/tfg/Reconocimiento-y-sintesis-visual-Tiago/workspace/install/play_motion2_msgs/include/play_motion2_msgs/play_motion2_msgs/srv/detail/add_motion__rosidl_typesupport_fastrtps_c.h
[0.675s] -- Up-to-date symlink: /home/alberto/tfg/Reconocimiento-y-sintesis-visual-Tiago/workspace/install/play_motion2_msgs/include/play_motion2_msgs/play_motion2_msgs/srv/detail/get_motion_info__rosidl_typesupport_fastrtps_c.h
[0.676s] -- Up-to-date symlink: /home/alberto/tfg/Reconocimiento-y-sintesis-visual-Tiago/workspace/install/play_motion2_msgs/include/play_motion2_msgs/play_motion2_msgs/srv/detail/is_joint_list_ready__rosidl_typesupport_fastrtps_c.h
[0.676s] -- Up-to-date symlink: /home/alberto/tfg/Reconocimiento-y-sintesis-visual-Tiago/workspace/install/play_motion2_msgs/include/play_motion2_msgs/play_motion2_msgs/srv/detail/is_motion_ready__rosidl_typesupport_fastrtps_c.h
[0.676s] -- Up-to-date symlink: /home/alberto/tfg/Reconocimiento-y-sintesis-visual-Tiago/workspace/install/play_motion2_msgs/include/play_motion2_msgs/play_motion2_msgs/srv/detail/list_motions__rosidl_typesupport_fastrtps_c.h
[0.676s] -- Up-to-date symlink: /home/alberto/tfg/Reconocimiento-y-sintesis-visual-Tiago/workspace/install/play_motion2_msgs/include/play_motion2_msgs/play_motion2_msgs/srv/detail/remove_motion__rosidl_typesupport_fastrtps_c.h
[0.676s] -- Up-to-date symlink: /home/alberto/tfg/Reconocimiento-y-sintesis-visual-Tiago/workspace/install/play_motion2_msgs/include/play_motion2_msgs/play_motion2_msgs/srv/detail/save_motion__rosidl_typesupport_fastrtps_c.h
[0.676s] -- Up-to-date symlink: /home/alberto/tfg/Reconocimiento-y-sintesis-visual-Tiago/workspace/install/play_motion2_msgs/include/play_motion2_msgs/play_motion2_msgs/action/detail/play_motion2__builder.hpp
[0.676s] -- Up-to-date symlink: /home/alberto/tfg/Reconocimiento-y-sintesis-visual-Tiago/workspace/install/play_motion2_msgs/include/play_motion2_msgs/play_motion2_msgs/action/detail/play_motion2__struct.hpp
[0.677s] -- Up-to-date symlink: /home/alberto/tfg/Reconocimiento-y-sintesis-visual-Tiago/workspace/install/play_motion2_msgs/include/play_motion2_msgs/play_motion2_msgs/action/detail/play_motion2__traits.hpp
[0.677s] -- Up-to-date symlink: /home/alberto/tfg/Reconocimiento-y-sintesis-visual-Tiago/workspace/install/play_motion2_msgs/include/play_motion2_msgs/play_motion2_msgs/action/detail/play_motion2__type_support.hpp
[0.677s] -- Up-to-date symlink: /home/alberto/tfg/Reconocimiento-y-sintesis-visual-Tiago/workspace/install/play_motion2_msgs/include/play_motion2_msgs/play_motion2_msgs/action/detail/play_motion2_raw__builder.hpp
[0.677s] -- Up-to-date symlink: /home/alberto/tfg/Reconocimiento-y-sintesis-visual-Tiago/workspace/install/play_motion2_msgs/include/play_motion2_msgs/play_motion2_msgs/action/detail/play_motion2_raw__struct.hpp
[0.677s] -- Up-to-date symlink: /home/alberto/tfg/Reconocimiento-y-sintesis-visual-Tiago/workspace/install/play_motion2_msgs/include/play_motion2_msgs/play_motion2_msgs/action/detail/play_motion2_raw__traits.hpp
[0.677s] -- Up-to-date symlink: /home/alberto/tfg/Reconocimiento-y-sintesis-visual-Tiago/workspace/install/play_motion2_msgs/include/play_motion2_msgs/play_motion2_msgs/action/detail/play_motion2_raw__type_support.hpp
[0.677s] -- Up-to-date symlink: /home/alberto/tfg/Reconocimiento-y-sintesis-visual-Tiago/workspace/install/play_motion2_msgs/include/play_motion2_msgs/play_motion2_msgs/action/play_motion2.hpp
[0.677s] -- Up-to-date symlink: /home/alberto/tfg/Reconocimiento-y-sintesis-visual-Tiago/workspace/install/play_motion2_msgs/include/play_motion2_msgs/play_motion2_msgs/action/play_motion2_raw.hpp
[0.677s] -- Up-to-date symlink: /home/alberto/tfg/Reconocimiento-y-sintesis-visual-Tiago/workspace/install/play_motion2_msgs/include/play_motion2_msgs/play_motion2_msgs/msg/detail/motion__builder.hpp
[0.677s] -- Up-to-date symlink: /home/alberto/tfg/Reconocimiento-y-sintesis-visual-Tiago/workspace/install/play_motion2_msgs/include/play_motion2_msgs/play_motion2_msgs/msg/detail/motion__struct.hpp
[0.677s] -- Up-to-date symlink: /home/alberto/tfg/Reconocimiento-y-sintesis-visual-Tiago/workspace/install/play_motion2_msgs/include/play_motion2_msgs/play_motion2_msgs/msg/detail/motion__traits.hpp
[0.678s] -- Up-to-date symlink: /home/alberto/tfg/Reconocimiento-y-sintesis-visual-Tiago/workspace/install/play_motion2_msgs/include/play_motion2_msgs/play_motion2_msgs/msg/detail/motion__type_support.hpp
[0.678s] -- Up-to-date symlink: /home/alberto/tfg/Reconocimiento-y-sintesis-visual-Tiago/workspace/install/play_motion2_msgs/include/play_motion2_msgs/play_motion2_msgs/msg/motion.hpp
[0.678s] -- Up-to-date symlink: /home/alberto/tfg/Reconocimiento-y-sintesis-visual-Tiago/workspace/install/play_motion2_msgs/include/play_motion2_msgs/play_motion2_msgs/msg/rosidl_generator_cpp__visibility_control.hpp
[0.678s] -- Up-to-date symlink: /home/alberto/tfg/Reconocimiento-y-sintesis-visual-Tiago/workspace/install/play_motion2_msgs/include/play_motion2_msgs/play_motion2_msgs/srv/add_motion.hpp
[0.678s] -- Up-to-date symlink: /home/alberto/tfg/Reconocimiento-y-sintesis-visual-Tiago/workspace/install/play_motion2_msgs/include/play_motion2_msgs/play_motion2_msgs/srv/detail/add_motion__builder.hpp
[0.678s] -- Up-to-date symlink: /home/alberto/tfg/Reconocimiento-y-sintesis-visual-Tiago/workspace/install/play_motion2_msgs/include/play_motion2_msgs/play_motion2_msgs/srv/detail/add_motion__struct.hpp
[0.679s] -- Up-to-date symlink: /home/alberto/tfg/Reconocimiento-y-sintesis-visual-Tiago/workspace/install/play_motion2_msgs/include/play_motion2_msgs/play_motion2_msgs/srv/detail/add_motion__traits.hpp
[0.679s] -- Up-to-date symlink: /home/alberto/tfg/Reconocimiento-y-sintesis-visual-Tiago/workspace/install/play_motion2_msgs/include/play_motion2_msgs/play_motion2_msgs/srv/detail/add_motion__type_support.hpp
[0.679s] -- Up-to-date symlink: /home/alberto/tfg/Reconocimiento-y-sintesis-visual-Tiago/workspace/install/play_motion2_msgs/include/play_motion2_msgs/play_motion2_msgs/srv/detail/get_motion_info__builder.hpp
[0.679s] -- Up-to-date symlink: /home/alberto/tfg/Reconocimiento-y-sintesis-visual-Tiago/workspace/install/play_motion2_msgs/include/play_motion2_msgs/play_motion2_msgs/srv/detail/get_motion_info__struct.hpp
[0.679s] -- Up-to-date symlink: /home/alberto/tfg/Reconocimiento-y-sintesis-visual-Tiago/workspace/install/play_motion2_msgs/include/play_motion2_msgs/play_motion2_msgs/srv/detail/get_motion_info__traits.hpp
[0.679s] -- Up-to-date symlink: /home/alberto/tfg/Reconocimiento-y-sintesis-visual-Tiago/workspace/install/play_motion2_msgs/include/play_motion2_msgs/play_motion2_msgs/srv/detail/get_motion_info__type_support.hpp
[0.679s] -- Up-to-date symlink: /home/alberto/tfg/Reconocimiento-y-sintesis-visual-Tiago/workspace/install/play_motion2_msgs/include/play_motion2_msgs/play_motion2_msgs/srv/detail/is_joint_list_ready__builder.hpp
[0.679s] -- Up-to-date symlink: /home/alberto/tfg/Reconocimiento-y-sintesis-visual-Tiago/workspace/install/play_motion2_msgs/include/play_motion2_msgs/play_motion2_msgs/srv/detail/is_joint_list_ready__struct.hpp
[0.680s] -- Up-to-date symlink: /home/alberto/tfg/Reconocimiento-y-sintesis-visual-Tiago/workspace/install/play_motion2_msgs/include/play_motion2_msgs/play_motion2_msgs/srv/detail/is_joint_list_ready__traits.hpp
[0.680s] -- Up-to-date symlink: /home/alberto/tfg/Reconocimiento-y-sintesis-visual-Tiago/workspace/install/play_motion2_msgs/include/play_motion2_msgs/play_motion2_msgs/srv/detail/is_joint_list_ready__type_support.hpp
[0.680s] -- Up-to-date symlink: /home/alberto/tfg/Reconocimiento-y-sintesis-visual-Tiago/workspace/install/play_motion2_msgs/include/play_motion2_msgs/play_motion2_msgs/srv/detail/is_motion_ready__builder.hpp
[0.680s] -- Up-to-date symlink: /home/alberto/tfg/Reconocimiento-y-sintesis-visual-Tiago/workspace/install/play_motion2_msgs/include/play_motion2_msgs/play_motion2_msgs/srv/detail/is_motion_ready__struct.hpp
[0.680s] -- Up-to-date symlink: /home/alberto/tfg/Reconocimiento-y-sintesis-visual-Tiago/workspace/install/play_motion2_msgs/include/play_motion2_msgs/play_motion2_msgs/srv/detail/is_motion_ready__traits.hpp
[0.680s] -- Up-to-date symlink: /home/alberto/tfg/Reconocimiento-y-sintesis-visual-Tiago/workspace/install/play_motion2_msgs/include/play_motion2_msgs/play_motion2_msgs/srv/detail/is_motion_ready__type_support.hpp
[0.680s] -- Up-to-date symlink: /home/alberto/tfg/Reconocimiento-y-sintesis-visual-Tiago/workspace/install/play_motion2_msgs/include/play_motion2_msgs/play_motion2_msgs/srv/detail/list_motions__builder.hpp
[0.680s] -- Up-to-date symlink: /home/alberto/tfg/Reconocimiento-y-sintesis-visual-Tiago/workspace/install/play_motion2_msgs/include/play_motion2_msgs/play_motion2_msgs/srv/detail/list_motions__struct.hpp
[0.681s] -- Up-to-date symlink: /home/alberto/tfg/Reconocimiento-y-sintesis-visual-Tiago/workspace/install/play_motion2_msgs/include/play_motion2_msgs/play_motion2_msgs/srv/detail/list_motions__traits.hpp
[0.681s] -- Up-to-date symlink: /home/alberto/tfg/Reconocimiento-y-sintesis-visual-Tiago/workspace/install/play_motion2_msgs/include/play_motion2_msgs/play_motion2_msgs/srv/detail/list_motions__type_support.hpp
[0.681s] -- Up-to-date symlink: /home/alberto/tfg/Reconocimiento-y-sintesis-visual-Tiago/workspace/install/play_motion2_msgs/include/play_motion2_msgs/play_motion2_msgs/srv/detail/remove_motion__builder.hpp
[0.681s] -- Up-to-date symlink: /home/alberto/tfg/Reconocimiento-y-sintesis-visual-Tiago/workspace/install/play_motion2_msgs/include/play_motion2_msgs/play_motion2_msgs/srv/detail/remove_motion__struct.hpp
[0.681s] -- Up-to-date symlink: /home/alberto/tfg/Reconocimiento-y-sintesis-visual-Tiago/workspace/install/play_motion2_msgs/include/play_motion2_msgs/play_motion2_msgs/srv/detail/remove_motion__traits.hpp
[0.681s] -- Up-to-date symlink: /home/alberto/tfg/Reconocimiento-y-sintesis-visual-Tiago/workspace/install/play_motion2_msgs/include/play_motion2_msgs/play_motion2_msgs/srv/detail/remove_motion__type_support.hpp
[0.681s] -- Up-to-date symlink: /home/alberto/tfg/Reconocimiento-y-sintesis-visual-Tiago/workspace/install/play_motion2_msgs/include/play_motion2_msgs/play_motion2_msgs/srv/detail/save_motion__builder.hpp
[0.681s] -- Up-to-date symlink: /home/alberto/tfg/Reconocimiento-y-sintesis-visual-Tiago/workspace/install/play_motion2_msgs/include/play_motion2_msgs/play_motion2_msgs/srv/detail/save_motion__struct.hpp
[0.682s] -- Up-to-date symlink: /home/alberto/tfg/Reconocimiento-y-sintesis-visual-Tiago/workspace/install/play_motion2_msgs/include/play_motion2_msgs/play_motion2_msgs/srv/detail/save_motion__traits.hpp
[0.682s] -- Up-to-date symlink: /home/alberto/tfg/Reconocimiento-y-sintesis-visual-Tiago/workspace/install/play_motion2_msgs/include/play_motion2_msgs/play_motion2_msgs/srv/detail/save_motion__type_support.hpp
[0.682s] -- Up-to-date symlink: /home/alberto/tfg/Reconocimiento-y-sintesis-visual-Tiago/workspace/install/play_motion2_msgs/include/play_motion2_msgs/play_motion2_msgs/srv/get_motion_info.hpp
[0.682s] -- Up-to-date symlink: /home/alberto/tfg/Reconocimiento-y-sintesis-visual-Tiago/workspace/install/play_motion2_msgs/include/play_motion2_msgs/play_motion2_msgs/srv/is_joint_list_ready.hpp
[0.682s] -- Up-to-date symlink: /home/alberto/tfg/Reconocimiento-y-sintesis-visual-Tiago/workspace/install/play_motion2_msgs/include/play_motion2_msgs/play_motion2_msgs/srv/is_motion_ready.hpp
[0.682s] -- Up-to-date symlink: /home/alberto/tfg/Reconocimiento-y-sintesis-visual-Tiago/workspace/install/play_motion2_msgs/include/play_motion2_msgs/play_motion2_msgs/srv/list_motions.hpp
[0.682s] -- Up-to-date symlink: /home/alberto/tfg/Reconocimiento-y-sintesis-visual-Tiago/workspace/install/play_motion2_msgs/include/play_motion2_msgs/play_motion2_msgs/srv/remove_motion.hpp
[0.682s] -- Up-to-date symlink: /home/alberto/tfg/Reconocimiento-y-sintesis-visual-Tiago/workspace/install/play_motion2_msgs/include/play_motion2_msgs/play_motion2_msgs/srv/save_motion.hpp
[0.683s] -- Up-to-date symlink: /home/alberto/tfg/Reconocimiento-y-sintesis-visual-Tiago/workspace/install/play_motion2_msgs/include/play_motion2_msgs/play_motion2_msgs/action/detail/play_motion2__rosidl_typesupport_fastrtps_cpp.hpp
[0.683s] -- Up-to-date symlink: /home/alberto/tfg/Reconocimiento-y-sintesis-visual-Tiago/workspace/install/play_motion2_msgs/include/play_motion2_msgs/play_motion2_msgs/action/detail/play_motion2_raw__rosidl_typesupport_fastrtps_cpp.hpp
[0.683s] -- Up-to-date symlink: /home/alberto/tfg/Reconocimiento-y-sintesis-visual-Tiago/workspace/install/play_motion2_msgs/include/play_motion2_msgs/play_motion2_msgs/msg/detail/motion__rosidl_typesupport_fastrtps_cpp.hpp
[0.683s] -- Up-to-date symlink: /home/alberto/tfg/Reconocimiento-y-sintesis-visual-Tiago/workspace/install/play_motion2_msgs/include/play_motion2_msgs/play_motion2_msgs/msg/rosidl_typesupport_fastrtps_cpp__visibility_control.h
[0.683s] -- Up-to-date symlink: /home/alberto/tfg/Reconocimiento-y-sintesis-visual-Tiago/workspace/install/play_motion2_msgs/include/play_motion2_msgs/play_motion2_msgs/srv/detail/add_motion__rosidl_typesupport_fastrtps_cpp.hpp
[0.683s] -- Up-to-date symlink: /home/alberto/tfg/Reconocimiento-y-sintesis-visual-Tiago/workspace/install/play_motion2_msgs/include/play_motion2_msgs/play_motion2_msgs/srv/detail/get_motion_info__rosidl_typesupport_fastrtps_cpp.hpp
[0.684s] -- Up-to-date symlink: /home/alberto/tfg/Reconocimiento-y-sintesis-visual-Tiago/workspace/install/play_motion2_msgs/include/play_motion2_msgs/play_motion2_msgs/srv/detail/is_joint_list_ready__rosidl_typesupport_fastrtps_cpp.hpp
[0.684s] -- Up-to-date symlink: /home/alberto/tfg/Reconocimiento-y-sintesis-visual-Tiago/workspace/install/play_motion2_msgs/include/play_motion2_msgs/play_motion2_msgs/srv/detail/is_motion_ready__rosidl_typesupport_fastrtps_cpp.hpp
[0.684s] -- Up-to-date symlink: /home/alberto/tfg/Reconocimiento-y-sintesis-visual-Tiago/workspace/install/play_motion2_msgs/include/play_motion2_msgs/play_motion2_msgs/srv/detail/list_motions__rosidl_typesupport_fastrtps_cpp.hpp
[0.684s] -- Up-to-date symlink: /home/alberto/tfg/Reconocimiento-y-sintesis-visual-Tiago/workspace/install/play_motion2_msgs/include/play_motion2_msgs/play_motion2_msgs/srv/detail/remove_motion__rosidl_typesupport_fastrtps_cpp.hpp
[0.684s] -- Up-to-date symlink: /home/alberto/tfg/Reconocimiento-y-sintesis-visual-Tiago/workspace/install/play_motion2_msgs/include/play_motion2_msgs/play_motion2_msgs/srv/detail/save_motion__rosidl_typesupport_fastrtps_cpp.hpp
[0.685s] -- Up-to-date symlink: /home/alberto/tfg/Reconocimiento-y-sintesis-visual-Tiago/workspace/install/play_motion2_msgs/include/play_motion2_msgs/play_motion2_msgs/action/detail/play_motion2__rosidl_typesupport_introspection_c.h
[0.685s] -- Up-to-date symlink: /home/alberto/tfg/Reconocimiento-y-sintesis-visual-Tiago/workspace/install/play_motion2_msgs/include/play_motion2_msgs/play_motion2_msgs/action/detail/play_motion2_raw__rosidl_typesupport_introspection_c.h
[0.685s] -- Up-to-date symlink: /home/alberto/tfg/Reconocimiento-y-sintesis-visual-Tiago/workspace/install/play_motion2_msgs/include/play_motion2_msgs/play_motion2_msgs/msg/detail/motion__rosidl_typesupport_introspection_c.h
[0.685s] -- Up-to-date symlink: /home/alberto/tfg/Reconocimiento-y-sintesis-visual-Tiago/workspace/install/play_motion2_msgs/include/play_motion2_msgs/play_motion2_msgs/msg/rosidl_typesupport_introspection_c__visibility_control.h
[0.685s] -- Up-to-date symlink: /home/alberto/tfg/Reconocimiento-y-sintesis-visual-Tiago/workspace/install/play_motion2_msgs/include/play_motion2_msgs/play_motion2_msgs/srv/detail/add_motion__rosidl_typesupport_introspection_c.h
[0.685s] -- Up-to-date symlink: /home/alberto/tfg/Reconocimiento-y-sintesis-visual-Tiago/workspace/install/play_motion2_msgs/include/play_motion2_msgs/play_motion2_msgs/srv/detail/get_motion_info__rosidl_typesupport_introspection_c.h
[0.686s] -- Up-to-date symlink: /home/alberto/tfg/Reconocimiento-y-sintesis-visual-Tiago/workspace/install/play_motion2_msgs/include/play_motion2_msgs/play_motion2_msgs/srv/detail/is_joint_list_ready__rosidl_typesupport_introspection_c.h
[0.686s] -- Up-to-date symlink: /home/alberto/tfg/Reconocimiento-y-sintesis-visual-Tiago/workspace/install/play_motion2_msgs/include/play_motion2_msgs/play_motion2_msgs/srv/detail/is_motion_ready__rosidl_typesupport_introspection_c.h
[0.686s] -- Up-to-date symlink: /home/alberto/tfg/Reconocimiento-y-sintesis-visual-Tiago/workspace/install/play_motion2_msgs/include/play_motion2_msgs/play_motion2_msgs/srv/detail/list_motions__rosidl_typesupport_introspection_c.h
[0.686s] -- Up-to-date symlink: /home/alberto/tfg/Reconocimiento-y-sintesis-visual-Tiago/workspace/install/play_motion2_msgs/include/play_motion2_msgs/play_motion2_msgs/srv/detail/remove_motion__rosidl_typesupport_introspection_c.h
[0.686s] -- Up-to-date symlink: /home/alberto/tfg/Reconocimiento-y-sintesis-visual-Tiago/workspace/install/play_motion2_msgs/include/play_motion2_msgs/play_motion2_msgs/srv/detail/save_motion__rosidl_typesupport_introspection_c.h
[0.686s] -- Up-to-date symlink: /home/alberto/tfg/Reconocimiento-y-sintesis-visual-Tiago/workspace/install/play_motion2_msgs/include/play_motion2_msgs/play_motion2_msgs/action/detail/play_motion2__rosidl_typesupport_introspection_cpp.hpp
[0.686s] -- Up-to-date symlink: /home/alberto/tfg/Reconocimiento-y-sintesis-visual-Tiago/workspace/install/play_motion2_msgs/include/play_motion2_msgs/play_motion2_msgs/action/detail/play_motion2_raw__rosidl_typesupport_introspection_cpp.hpp
[0.687s] -- Up-to-date symlink: /home/alberto/tfg/Reconocimiento-y-sintesis-visual-Tiago/workspace/install/play_motion2_msgs/include/play_motion2_msgs/play_motion2_msgs/msg/detail/motion__rosidl_typesupport_introspection_cpp.hpp
[0.687s] -- Up-to-date symlink: /home/alberto/tfg/Reconocimiento-y-sintesis-visual-Tiago/workspace/install/play_motion2_msgs/include/play_motion2_msgs/play_motion2_msgs/srv/detail/add_motion__rosidl_typesupport_introspection_cpp.hpp
[0.687s] -- Up-to-date symlink: /home/alberto/tfg/Reconocimiento-y-sintesis-visual-Tiago/workspace/install/play_motion2_msgs/include/play_motion2_msgs/play_motion2_msgs/srv/detail/get_motion_info__rosidl_typesupport_introspection_cpp.hpp
[0.687s] -- Up-to-date symlink: /home/alberto/tfg/Reconocimiento-y-sintesis-visual-Tiago/workspace/install/play_motion2_msgs/include/play_motion2_msgs/play_motion2_msgs/srv/detail/is_joint_list_ready__rosidl_typesupport_introspection_cpp.hpp
[0.687s] -- Up-to-date symlink: /home/alberto/tfg/Reconocimiento-y-sintesis-visual-Tiago/workspace/install/play_motion2_msgs/include/play_motion2_msgs/play_motion2_msgs/srv/detail/is_motion_ready__rosidl_typesupport_introspection_cpp.hpp
[0.687s] -- Up-to-date symlink: /home/alberto/tfg/Reconocimiento-y-sintesis-visual-Tiago/workspace/install/play_motion2_msgs/include/play_motion2_msgs/play_motion2_msgs/srv/detail/list_motions__rosidl_typesupport_introspection_cpp.hpp
[0.687s] -- Up-to-date symlink: /home/alberto/tfg/Reconocimiento-y-sintesis-visual-Tiago/workspace/install/play_motion2_msgs/include/play_motion2_msgs/play_motion2_msgs/srv/detail/remove_motion__rosidl_typesupport_introspection_cpp.hpp
[0.687s] -- Up-to-date symlink: /home/alberto/tfg/Reconocimiento-y-sintesis-visual-Tiago/workspace/install/play_motion2_msgs/include/play_motion2_msgs/play_motion2_msgs/srv/detail/save_motion__rosidl_typesupport_introspection_cpp.hpp
[0.688s] -- Up-to-date symlink: /home/alberto/tfg/Reconocimiento-y-sintesis-visual-Tiago/workspace/install/play_motion2_msgs/share/play_motion2_msgs/environment/pythonpath.sh
[0.688s] -- Up-to-date symlink: /home/alberto/tfg/Reconocimiento-y-sintesis-visual-Tiago/workspace/install/play_motion2_msgs/share/play_motion2_msgs/environment/pythonpath.dsv
[0.688s] -- Up-to-date symlink: /home/alberto/tfg/Reconocimiento-y-sintesis-visual-Tiago/workspace/install/play_motion2_msgs/local/lib/python3.10/dist-packages/play_motion2_msgs-1.7.0-py3.10.egg-info/PKG-INFO
[0.688s] -- Up-to-date symlink: /home/alberto/tfg/Reconocimiento-y-sintesis-visual-Tiago/workspace/install/play_motion2_msgs/local/lib/python3.10/dist-packages/play_motion2_msgs-1.7.0-py3.10.egg-info/SOURCES.txt
[0.688s] -- Up-to-date symlink: /home/alberto/tfg/Reconocimiento-y-sintesis-visual-Tiago/workspace/install/play_motion2_msgs/local/lib/python3.10/dist-packages/play_motion2_msgs-1.7.0-py3.10.egg-info/dependency_links.txt
[0.689s] -- Up-to-date symlink: /home/alberto/tfg/Reconocimiento-y-sintesis-visual-Tiago/workspace/install/play_motion2_msgs/local/lib/python3.10/dist-packages/play_motion2_msgs-1.7.0-py3.10.egg-info/top_level.txt
[0.689s] -- Up-to-date symlink: /home/alberto/tfg/Reconocimiento-y-sintesis-visual-Tiago/workspace/install/play_motion2_msgs/local/lib/python3.10/dist-packages/play_motion2_msgs/__init__.py
[0.690s] -- Up-to-date symlink: /home/alberto/tfg/Reconocimiento-y-sintesis-visual-Tiago/workspace/install/play_motion2_msgs/local/lib/python3.10/dist-packages/play_motion2_msgs/_play_motion2_msgs_s.ep.rosidl_typesupport_c.c
[0.690s] -- Up-to-date symlink: /home/alberto/tfg/Reconocimiento-y-sintesis-visual-Tiago/workspace/install/play_motion2_msgs/local/lib/python3.10/dist-packages/play_motion2_msgs/_play_motion2_msgs_s.ep.rosidl_typesupport_fastrtps_c.c
[0.690s] -- Up-to-date symlink: /home/alberto/tfg/Reconocimiento-y-sintesis-visual-Tiago/workspace/install/play_motion2_msgs/local/lib/python3.10/dist-packages/play_motion2_msgs/_play_motion2_msgs_s.ep.rosidl_typesupport_introspection_c.c
[0.690s] -- Up-to-date symlink: /home/alberto/tfg/Reconocimiento-y-sintesis-visual-Tiago/workspace/install/play_motion2_msgs/local/lib/python3.10/dist-packages/play_motion2_msgs/action/__init__.py
[0.690s] -- Up-to-date symlink: /home/alberto/tfg/Reconocimiento-y-sintesis-visual-Tiago/workspace/install/play_motion2_msgs/local/lib/python3.10/dist-packages/play_motion2_msgs/action/_play_motion2.py
[0.690s] -- Up-to-date symlink: /home/alberto/tfg/Reconocimiento-y-sintesis-visual-Tiago/workspace/install/play_motion2_msgs/local/lib/python3.10/dist-packages/play_motion2_msgs/action/_play_motion2_raw.py
[0.690s] -- Up-to-date symlink: /home/alberto/tfg/Reconocimiento-y-sintesis-visual-Tiago/workspace/install/play_motion2_msgs/local/lib/python3.10/dist-packages/play_motion2_msgs/action/_play_motion2_raw_s.c
[0.690s] -- Up-to-date symlink: /home/alberto/tfg/Reconocimiento-y-sintesis-visual-Tiago/workspace/install/play_motion2_msgs/local/lib/python3.10/dist-packages/play_motion2_msgs/action/_play_motion2_s.c
[0.690s] -- Up-to-date symlink: /home/alberto/tfg/Reconocimiento-y-sintesis-visual-Tiago/workspace/install/play_motion2_msgs/local/lib/python3.10/dist-packages/play_motion2_msgs/libplay_motion2_msgs__rosidl_generator_py.so
[0.691s] -- Up-to-date symlink: /home/alberto/tfg/Reconocimiento-y-sintesis-visual-Tiago/workspace/install/play_motion2_msgs/local/lib/python3.10/dist-packages/play_motion2_msgs/msg/__init__.py
[0.691s] -- Up-to-date symlink: /home/alberto/tfg/Reconocimiento-y-sintesis-visual-Tiago/workspace/install/play_motion2_msgs/local/lib/python3.10/dist-packages/play_motion2_msgs/msg/_motion.py
[0.691s] -- Up-to-date symlink: /home/alberto/tfg/Reconocimiento-y-sintesis-visual-Tiago/workspace/install/play_motion2_msgs/local/lib/python3.10/dist-packages/play_motion2_msgs/msg/_motion_s.c
[0.691s] -- Up-to-date symlink: /home/alberto/tfg/Reconocimiento-y-sintesis-visual-Tiago/workspace/install/play_motion2_msgs/local/lib/python3.10/dist-packages/play_motion2_msgs/play_motion2_msgs_s__rosidl_typesupport_c.cpython-310-x86_64-linux-gnu.so
[0.691s] -- Up-to-date symlink: /home/alberto/tfg/Reconocimiento-y-sintesis-visual-Tiago/workspace/install/play_motion2_msgs/local/lib/python3.10/dist-packages/play_motion2_msgs/play_motion2_msgs_s__rosidl_typesupport_fastrtps_c.cpython-310-x86_64-linux-gnu.so
[0.691s] -- Up-to-date symlink: /home/alberto/tfg/Reconocimiento-y-sintesis-visual-Tiago/workspace/install/play_motion2_msgs/local/lib/python3.10/dist-packages/play_motion2_msgs/play_motion2_msgs_s__rosidl_typesupport_introspection_c.cpython-310-x86_64-linux-gnu.so
[0.691s] -- Up-to-date symlink: /home/alberto/tfg/Reconocimiento-y-sintesis-visual-Tiago/workspace/install/play_motion2_msgs/local/lib/python3.10/dist-packages/play_motion2_msgs/srv/__init__.py
[0.692s] -- Up-to-date symlink: /home/alberto/tfg/Reconocimiento-y-sintesis-visual-Tiago/workspace/install/play_motion2_msgs/local/lib/python3.10/dist-packages/play_motion2_msgs/srv/_add_motion.py
[0.692s] -- Up-to-date symlink: /home/alberto/tfg/Reconocimiento-y-sintesis-visual-Tiago/workspace/install/play_motion2_msgs/local/lib/python3.10/dist-packages/play_motion2_msgs/srv/_add_motion_s.c
[0.692s] -- Up-to-date symlink: /home/alberto/tfg/Reconocimiento-y-sintesis-visual-Tiago/workspace/install/play_motion2_msgs/local/lib/python3.10/dist-packages/play_motion2_msgs/srv/_get_motion_info.py
[0.692s] -- Up-to-date symlink: /home/alberto/tfg/Reconocimiento-y-sintesis-visual-Tiago/workspace/install/play_motion2_msgs/local/lib/python3.10/dist-packages/play_motion2_msgs/srv/_get_motion_info_s.c
[0.692s] -- Up-to-date symlink: /home/alberto/tfg/Reconocimiento-y-sintesis-visual-Tiago/workspace/install/play_motion2_msgs/local/lib/python3.10/dist-packages/play_motion2_msgs/srv/_is_joint_list_ready.py
[0.692s] -- Up-to-date symlink: /home/alberto/tfg/Reconocimiento-y-sintesis-visual-Tiago/workspace/install/play_motion2_msgs/local/lib/python3.10/dist-packages/play_motion2_msgs/srv/_is_joint_list_ready_s.c
[0.692s] -- Up-to-date symlink: /home/alberto/tfg/Reconocimiento-y-sintesis-visual-Tiago/workspace/install/play_motion2_msgs/local/lib/python3.10/dist-packages/play_motion2_msgs/srv/_is_motion_ready.py
[0.693s] -- Up-to-date symlink: /home/alberto/tfg/Reconocimiento-y-sintesis-visual-Tiago/workspace/install/play_motion2_msgs/local/lib/python3.10/dist-packages/play_motion2_msgs/srv/_is_motion_ready_s.c
[0.693s] -- Up-to-date symlink: /home/alberto/tfg/Reconocimiento-y-sintesis-visual-Tiago/workspace/install/play_motion2_msgs/local/lib/python3.10/dist-packages/play_motion2_msgs/srv/_list_motions.py
[0.693s] -- Up-to-date symlink: /home/alberto/tfg/Reconocimiento-y-sintesis-visual-Tiago/workspace/install/play_motion2_msgs/local/lib/python3.10/dist-packages/play_motion2_msgs/srv/_list_motions_s.c
[0.693s] -- Up-to-date symlink: /home/alberto/tfg/Reconocimiento-y-sintesis-visual-Tiago/workspace/install/play_motion2_msgs/local/lib/python3.10/dist-packages/play_motion2_msgs/srv/_remove_motion.py
[0.693s] -- Up-to-date symlink: /home/alberto/tfg/Reconocimiento-y-sintesis-visual-Tiago/workspace/install/play_motion2_msgs/local/lib/python3.10/dist-packages/play_motion2_msgs/srv/_remove_motion_s.c
[0.693s] -- Up-to-date symlink: /home/alberto/tfg/Reconocimiento-y-sintesis-visual-Tiago/workspace/install/play_motion2_msgs/local/lib/python3.10/dist-packages/play_motion2_msgs/srv/_save_motion.py
[0.693s] -- Up-to-date symlink: /home/alberto/tfg/Reconocimiento-y-sintesis-visual-Tiago/workspace/install/play_motion2_msgs/local/lib/python3.10/dist-packages/play_motion2_msgs/srv/_save_motion_s.c
[0.694s] -- Up-to-date symlink: /home/alberto/tfg/Reconocimiento-y-sintesis-visual-Tiago/workspace/install/play_motion2_msgs/local/lib/python3.10/dist-packages/play_motion2_msgs/play_motion2_msgs_s__rosidl_typesupport_fastrtps_c.cpython-310-x86_64-linux-gnu.so
[0.694s] -- Up-to-date symlink: /home/alberto/tfg/Reconocimiento-y-sintesis-visual-Tiago/workspace/install/play_motion2_msgs/local/lib/python3.10/dist-packages/play_motion2_msgs/play_motion2_msgs_s__rosidl_typesupport_introspection_c.cpython-310-x86_64-linux-gnu.so
[0.694s] -- Up-to-date symlink: /home/alberto/tfg/Reconocimiento-y-sintesis-visual-Tiago/workspace/install/play_motion2_msgs/local/lib/python3.10/dist-packages/play_motion2_msgs/play_motion2_msgs_s__rosidl_typesupport_c.cpython-310-x86_64-linux-gnu.so
[0.695s] -- Up-to-date symlink: /home/alberto/tfg/Reconocimiento-y-sintesis-visual-Tiago/workspace/install/play_motion2_msgs/share/play_motion2_msgs/msg/Motion.idl
[0.697s] -- Up-to-date symlink: /home/alberto/tfg/Reconocimiento-y-sintesis-visual-Tiago/workspace/install/play_motion2_msgs/share/play_motion2_msgs/srv/AddMotion.idl
[0.697s] -- Up-to-date symlink: /home/alberto/tfg/Reconocimiento-y-sintesis-visual-Tiago/workspace/install/play_motion2_msgs/share/play_motion2_msgs/srv/GetMotionInfo.idl
[0.697s] -- Up-to-date symlink: /home/alberto/tfg/Reconocimiento-y-sintesis-visual-Tiago/workspace/install/play_motion2_msgs/share/play_motion2_msgs/srv/IsMotionReady.idl
[0.697s] -- Up-to-date symlink: /home/alberto/tfg/Reconocimiento-y-sintesis-visual-Tiago/workspace/install/play_motion2_msgs/share/play_motion2_msgs/srv/IsJointListReady.idl
[0.697s] -- Up-to-date symlink: /home/alberto/tfg/Reconocimiento-y-sintesis-visual-Tiago/workspace/install/play_motion2_msgs/share/play_motion2_msgs/srv/ListMotions.idl
[0.697s] -- Up-to-date symlink: /home/alberto/tfg/Reconocimiento-y-sintesis-visual-Tiago/workspace/install/play_motion2_msgs/share/play_motion2_msgs/srv/RemoveMotion.idl
[0.697s] -- Up-to-date symlink: /home/alberto/tfg/Reconocimiento-y-sintesis-visual-Tiago/workspace/install/play_motion2_msgs/share/play_motion2_msgs/srv/SaveMotion.idl
[0.698s] -- Up-to-date symlink: /home/alberto/tfg/Reconocimiento-y-sintesis-visual-Tiago/workspace/install/play_motion2_msgs/share/play_motion2_msgs/action/PlayMotion2.idl
[0.698s] -- Up-to-date symlink: /home/alberto/tfg/Reconocimiento-y-sintesis-visual-Tiago/workspace/install/play_motion2_msgs/share/play_motion2_msgs/action/PlayMotion2Raw.idl
[0.698s] -- Up-to-date symlink: /home/alberto/tfg/Reconocimiento-y-sintesis-visual-Tiago/workspace/install/play_motion2_msgs/share/play_motion2_msgs/msg/Motion.msg
[0.698s] -- Up-to-date symlink: /home/alberto/tfg/Reconocimiento-y-sintesis-visual-Tiago/workspace/install/play_motion2_msgs/share/play_motion2_msgs/srv/AddMotion.srv
[0.698s] -- Up-to-date symlink: /home/alberto/tfg/Reconocimiento-y-sintesis-visual-Tiago/workspace/install/play_motion2_msgs/share/play_motion2_msgs/srv/AddMotion_Request.msg
[0.698s] -- Up-to-date symlink: /home/alberto/tfg/Reconocimiento-y-sintesis-visual-Tiago/workspace/install/play_motion2_msgs/share/play_motion2_msgs/srv/AddMotion_Response.msg
[0.699s] -- Up-to-date symlink: /home/alberto/tfg/Reconocimiento-y-sintesis-visual-Tiago/workspace/install/play_motion2_msgs/share/play_motion2_msgs/srv/GetMotionInfo.srv
[0.699s] -- Up-to-date symlink: /home/alberto/tfg/Reconocimiento-y-sintesis-visual-Tiago/workspace/install/play_motion2_msgs/share/play_motion2_msgs/srv/GetMotionInfo_Request.msg
[0.699s] -- Up-to-date symlink: /home/alberto/tfg/Reconocimiento-y-sintesis-visual-Tiago/workspace/install/play_motion2_msgs/share/play_motion2_msgs/srv/GetMotionInfo_Response.msg
[0.699s] -- Up-to-date symlink: /home/alberto/tfg/Reconocimiento-y-sintesis-visual-Tiago/workspace/install/play_motion2_msgs/share/play_motion2_msgs/srv/IsMotionReady.srv
[0.699s] -- Up-to-date symlink: /home/alberto/tfg/Reconocimiento-y-sintesis-visual-Tiago/workspace/install/play_motion2_msgs/share/play_motion2_msgs/srv/IsMotionReady_Request.msg
[0.699s] -- Up-to-date symlink: /home/alberto/tfg/Reconocimiento-y-sintesis-visual-Tiago/workspace/install/play_motion2_msgs/share/play_motion2_msgs/srv/IsMotionReady_Response.msg
[0.699s] -- Up-to-date symlink: /home/alberto/tfg/Reconocimiento-y-sintesis-visual-Tiago/workspace/install/play_motion2_msgs/share/play_motion2_msgs/srv/IsJointListReady.srv
[0.699s] -- Up-to-date symlink: /home/alberto/tfg/Reconocimiento-y-sintesis-visual-Tiago/workspace/install/play_motion2_msgs/share/play_motion2_msgs/srv/IsJointListReady_Request.msg
[0.699s] -- Up-to-date symlink: /home/alberto/tfg/Reconocimiento-y-sintesis-visual-Tiago/workspace/install/play_motion2_msgs/share/play_motion2_msgs/srv/IsJointListReady_Response.msg
[0.700s] -- Up-to-date symlink: /home/alberto/tfg/Reconocimiento-y-sintesis-visual-Tiago/workspace/install/play_motion2_msgs/share/play_motion2_msgs/srv/ListMotions.srv
[0.700s] -- Up-to-date symlink: /home/alberto/tfg/Reconocimiento-y-sintesis-visual-Tiago/workspace/install/play_motion2_msgs/share/play_motion2_msgs/srv/ListMotions_Request.msg
[0.701s] -- Up-to-date symlink: /home/alberto/tfg/Reconocimiento-y-sintesis-visual-Tiago/workspace/install/play_motion2_msgs/share/play_motion2_msgs/srv/ListMotions_Response.msg
[0.701s] -- Up-to-date symlink: /home/alberto/tfg/Reconocimiento-y-sintesis-visual-Tiago/workspace/install/play_motion2_msgs/share/play_motion2_msgs/srv/RemoveMotion.srv
[0.702s] -- Up-to-date symlink: /home/alberto/tfg/Reconocimiento-y-sintesis-visual-Tiago/workspace/install/play_motion2_msgs/share/play_motion2_msgs/srv/RemoveMotion_Request.msg
[0.702s] -- Up-to-date symlink: /home/alberto/tfg/Reconocimiento-y-sintesis-visual-Tiago/workspace/install/play_motion2_msgs/share/play_motion2_msgs/srv/RemoveMotion_Response.msg
[0.702s] -- Up-to-date symlink: /home/alberto/tfg/Reconocimiento-y-sintesis-visual-Tiago/workspace/install/play_motion2_msgs/share/play_motion2_msgs/srv/SaveMotion.srv
[0.702s] -- Up-to-date symlink: /home/alberto/tfg/Reconocimiento-y-sintesis-visual-Tiago/workspace/install/play_motion2_msgs/share/play_motion2_msgs/srv/SaveMotion_Request.msg
[0.702s] -- Up-to-date symlink: /home/alberto/tfg/Reconocimiento-y-sintesis-visual-Tiago/workspace/install/play_motion2_msgs/share/play_motion2_msgs/srv/SaveMotion_Response.msg
[0.702s] -- Up-to-date symlink: /home/alberto/tfg/Reconocimiento-y-sintesis-visual-Tiago/workspace/install/play_motion2_msgs/share/play_motion2_msgs/action/PlayMotion2.action
[0.702s] -- Up-to-date symlink: /home/alberto/tfg/Reconocimiento-y-sintesis-visual-Tiago/workspace/install/play_motion2_msgs/share/play_motion2_msgs/action/PlayMotion2Raw.action
[0.702s] -- Up-to-date symlink: /home/alberto/tfg/Reconocimiento-y-sintesis-visual-Tiago/workspace/install/play_motion2_msgs/share/ament_index/resource_index/package_run_dependencies/play_motion2_msgs
[0.702s] -- Up-to-date symlink: /home/alberto/tfg/Reconocimiento-y-sintesis-visual-Tiago/workspace/install/play_motion2_msgs/share/ament_index/resource_index/parent_prefix_path/play_motion2_msgs
[0.702s] -- Up-to-date symlink: /home/alberto/tfg/Reconocimiento-y-sintesis-visual-Tiago/workspace/install/play_motion2_msgs/share/play_motion2_msgs/environment/ament_prefix_path.sh
[0.702s] -- Up-to-date symlink: /home/alberto/tfg/Reconocimiento-y-sintesis-visual-Tiago/workspace/install/play_motion2_msgs/share/play_motion2_msgs/environment/ament_prefix_path.dsv
[0.703s] -- Up-to-date symlink: /home/alberto/tfg/Reconocimiento-y-sintesis-visual-Tiago/workspace/install/play_motion2_msgs/share/play_motion2_msgs/environment/path.sh
[0.703s] -- Up-to-date symlink: /home/alberto/tfg/Reconocimiento-y-sintesis-visual-Tiago/workspace/install/play_motion2_msgs/share/play_motion2_msgs/environment/path.dsv
[0.703s] -- Up-to-date symlink: /home/alberto/tfg/Reconocimiento-y-sintesis-visual-Tiago/workspace/install/play_motion2_msgs/share/play_motion2_msgs/local_setup.bash
[0.703s] -- Up-to-date symlink: /home/alberto/tfg/Reconocimiento-y-sintesis-visual-Tiago/workspace/install/play_motion2_msgs/share/play_motion2_msgs/local_setup.sh
[0.704s] -- Up-to-date symlink: /home/alberto/tfg/Reconocimiento-y-sintesis-visual-Tiago/workspace/install/play_motion2_msgs/share/play_motion2_msgs/local_setup.zsh
[0.704s] -- Up-to-date symlink: /home/alberto/tfg/Reconocimiento-y-sintesis-visual-Tiago/workspace/install/play_motion2_msgs/share/play_motion2_msgs/local_setup.dsv
[0.704s] -- Symlinking: /home/alberto/tfg/Reconocimiento-y-sintesis-visual-Tiago/workspace/install/play_motion2_msgs/share/play_motion2_msgs/package.dsv
[0.711s] -- Up-to-date symlink: /home/alberto/tfg/Reconocimiento-y-sintesis-visual-Tiago/workspace/install/play_motion2_msgs/share/ament_index/resource_index/packages/play_motion2_msgs
[0.711s] -- Up-to-date symlink: /home/alberto/tfg/Reconocimiento-y-sintesis-visual-Tiago/workspace/install/play_motion2_msgs/share/play_motion2_msgs/cmake/rosidl_cmake-extras.cmake
[0.711s] -- Up-to-date symlink: /home/alberto/tfg/Reconocimiento-y-sintesis-visual-Tiago/workspace/install/play_motion2_msgs/share/play_motion2_msgs/cmake/ament_cmake_export_dependencies-extras.cmake
[0.711s] -- Up-to-date symlink: /home/alberto/tfg/Reconocimiento-y-sintesis-visual-Tiago/workspace/install/play_motion2_msgs/share/play_motion2_msgs/cmake/ament_cmake_export_include_directories-extras.cmake
[0.712s] -- Up-to-date symlink: /home/alberto/tfg/Reconocimiento-y-sintesis-visual-Tiago/workspace/install/play_motion2_msgs/share/play_motion2_msgs/cmake/ament_cmake_export_libraries-extras.cmake
[0.712s] -- Up-to-date symlink: /home/alberto/tfg/Reconocimiento-y-sintesis-visual-Tiago/workspace/install/play_motion2_msgs/share/play_motion2_msgs/cmake/ament_cmake_export_targets-extras.cmake
[0.712s] -- Up-to-date symlink: /home/alberto/tfg/Reconocimiento-y-sintesis-visual-Tiago/workspace/install/play_motion2_msgs/share/play_motion2_msgs/cmake/rosidl_cmake_export_typesupport_targets-extras.cmake
[0.712s] -- Up-to-date symlink: /home/alberto/tfg/Reconocimiento-y-sintesis-visual-Tiago/workspace/install/play_motion2_msgs/share/play_motion2_msgs/cmake/rosidl_cmake_export_typesupport_libraries-extras.cmake
[0.712s] -- Up-to-date symlink: /home/alberto/tfg/Reconocimiento-y-sintesis-visual-Tiago/workspace/install/play_motion2_msgs/share/play_motion2_msgs/cmake/play_motion2_msgsConfig.cmake
[0.712s] -- Up-to-date symlink: /home/alberto/tfg/Reconocimiento-y-sintesis-visual-Tiago/workspace/install/play_motion2_msgs/share/play_motion2_msgs/cmake/play_motion2_msgsConfig-version.cmake
[0.712s] -- Up-to-date symlink: /home/alberto/tfg/Reconocimiento-y-sintesis-visual-Tiago/workspace/install/play_motion2_msgs/share/play_motion2_msgs/package.xml
[0.712s] -- Up-to-date: /home/alberto/tfg/Reconocimiento-y-sintesis-visual-Tiago/workspace/install/play_motion2_msgs/lib/libplay_motion2_msgs__rosidl_generator_c.so
[0.712s] -- Up-to-date: /home/alberto/tfg/Reconocimiento-y-sintesis-visual-Tiago/workspace/install/play_motion2_msgs/lib/libplay_motion2_msgs__rosidl_typesupport_fastrtps_c.so
[0.712s] -- Up-to-date: /home/alberto/tfg/Reconocimiento-y-sintesis-visual-Tiago/workspace/install/play_motion2_msgs/lib/libplay_motion2_msgs__rosidl_typesupport_fastrtps_cpp.so
[0.712s] -- Up-to-date: /home/alberto/tfg/Reconocimiento-y-sintesis-visual-Tiago/workspace/install/play_motion2_msgs/lib/libplay_motion2_msgs__rosidl_typesupport_introspection_c.so
[0.713s] -- Up-to-date: /home/alberto/tfg/Reconocimiento-y-sintesis-visual-Tiago/workspace/install/play_motion2_msgs/lib/libplay_motion2_msgs__rosidl_typesupport_c.so
[0.713s] -- Up-to-date: /home/alberto/tfg/Reconocimiento-y-sintesis-visual-Tiago/workspace/install/play_motion2_msgs/lib/libplay_motion2_msgs__rosidl_typesupport_introspection_cpp.so
[0.713s] -- Up-to-date: /home/alberto/tfg/Reconocimiento-y-sintesis-visual-Tiago/workspace/install/play_motion2_msgs/lib/libplay_motion2_msgs__rosidl_typesupport_cpp.so
[0.745s] Listing '/home/alberto/tfg/Reconocimiento-y-sintesis-visual-Tiago/workspace/install/play_motion2_msgs/local/lib/python3.10/dist-packages/play_motion2_msgs'...
[0.745s] Listing '/home/alberto/tfg/Reconocimiento-y-sintesis-visual-Tiago/workspace/install/play_motion2_msgs/local/lib/python3.10/dist-packages/play_motion2_msgs/action'...
[0.745s] Listing '/home/alberto/tfg/Reconocimiento-y-sintesis-visual-Tiago/workspace/install/play_motion2_msgs/local/lib/python3.10/dist-packages/play_motion2_msgs/msg'...
[0.745s] Listing '/home/alberto/tfg/Reconocimiento-y-sintesis-visual-Tiago/workspace/install/play_motion2_msgs/local/lib/python3.10/dist-packages/play_motion2_msgs/srv'...
[0.749s] -- Up-to-date: /home/alberto/tfg/Reconocimiento-y-sintesis-visual-Tiago/workspace/install/play_motion2_msgs/lib/libplay_motion2_msgs__rosidl_generator_py.so
[0.749s] -- Up-to-date: /home/alberto/tfg/Reconocimiento-y-sintesis-visual-Tiago/workspace/install/play_motion2_msgs/share/play_motion2_msgs/cmake/export_play_motion2_msgs__rosidl_generator_cExport.cmake
[0.749s] -- Up-to-date: /home/alberto/tfg/Reconocimiento-y-sintesis-visual-Tiago/workspace/install/play_motion2_msgs/share/play_motion2_msgs/cmake/export_play_motion2_msgs__rosidl_generator_cExport-noconfig.cmake
[0.749s] -- Up-to-date: /home/alberto/tfg/Reconocimiento-y-sintesis-visual-Tiago/workspace/install/play_motion2_msgs/share/play_motion2_msgs/cmake/export_play_motion2_msgs__rosidl_typesupport_fastrtps_cExport.cmake
[0.750s] -- Up-to-date: /home/alberto/tfg/Reconocimiento-y-sintesis-visual-Tiago/workspace/install/play_motion2_msgs/share/play_motion2_msgs/cmake/export_play_motion2_msgs__rosidl_typesupport_fastrtps_cExport-noconfig.cmake
[0.750s] -- Up-to-date: /home/alberto/tfg/Reconocimiento-y-sintesis-visual-Tiago/workspace/install/play_motion2_msgs/share/play_motion2_msgs/cmake/export_play_motion2_msgs__rosidl_generator_cppExport.cmake
[0.750s] -- Up-to-date: /home/alberto/tfg/Reconocimiento-y-sintesis-visual-Tiago/workspace/install/play_motion2_msgs/share/play_motion2_msgs/cmake/export_play_motion2_msgs__rosidl_typesupport_fastrtps_cppExport.cmake
[0.750s] -- Up-to-date: /home/alberto/tfg/Reconocimiento-y-sintesis-visual-Tiago/workspace/install/play_motion2_msgs/share/play_motion2_msgs/cmake/export_play_motion2_msgs__rosidl_typesupport_fastrtps_cppExport-noconfig.cmake
[0.750s] -- Up-to-date: /home/alberto/tfg/Reconocimiento-y-sintesis-visual-Tiago/workspace/install/play_motion2_msgs/share/play_motion2_msgs/cmake/play_motion2_msgs__rosidl_typesupport_introspection_cExport.cmake
[0.750s] -- Up-to-date: /home/alberto/tfg/Reconocimiento-y-sintesis-visual-Tiago/workspace/install/play_motion2_msgs/share/play_motion2_msgs/cmake/play_motion2_msgs__rosidl_typesupport_introspection_cExport-noconfig.cmake
[0.750s] -- Up-to-date: /home/alberto/tfg/Reconocimiento-y-sintesis-visual-Tiago/workspace/install/play_motion2_msgs/share/play_motion2_msgs/cmake/play_motion2_msgs__rosidl_typesupport_cExport.cmake
[0.750s] -- Up-to-date: /home/alberto/tfg/Reconocimiento-y-sintesis-visual-Tiago/workspace/install/play_motion2_msgs/share/play_motion2_msgs/cmake/play_motion2_msgs__rosidl_typesupport_cExport-noconfig.cmake
[0.751s] -- Up-to-date: /home/alberto/tfg/Reconocimiento-y-sintesis-visual-Tiago/workspace/install/play_motion2_msgs/share/play_motion2_msgs/cmake/play_motion2_msgs__rosidl_typesupport_introspection_cppExport.cmake
[0.751s] -- Up-to-date: /home/alberto/tfg/Reconocimiento-y-sintesis-visual-Tiago/workspace/install/play_motion2_msgs/share/play_motion2_msgs/cmake/play_motion2_msgs__rosidl_typesupport_introspection_cppExport-noconfig.cmake
[0.751s] -- Up-to-date: /home/alberto/tfg/Reconocimiento-y-sintesis-visual-Tiago/workspace/install/play_motion2_msgs/share/play_motion2_msgs/cmake/play_motion2_msgs__rosidl_typesupport_cppExport.cmake
[0.751s] -- Up-to-date: /home/alberto/tfg/Reconocimiento-y-sintesis-visual-Tiago/workspace/install/play_motion2_msgs/share/play_motion2_msgs/cmake/play_motion2_msgs__rosidl_typesupport_cppExport-noconfig.cmake
[0.751s] -- Up-to-date: /home/alberto/tfg/Reconocimiento-y-sintesis-visual-Tiago/workspace/install/play_motion2_msgs/share/play_motion2_msgs/cmake/export_play_motion2_msgs__rosidl_generator_pyExport.cmake
[0.751s] -- Up-to-date: /home/alberto/tfg/Reconocimiento-y-sintesis-visual-Tiago/workspace/install/play_motion2_msgs/share/play_motion2_msgs/cmake/export_play_motion2_msgs__rosidl_generator_pyExport-noconfig.cmake
[0.779s] Invoked command in '/home/alberto/tfg/Reconocimiento-y-sintesis-visual-Tiago/workspace/build/play_motion2_msgs' returned '0': CMAKE_PREFIX_PATH=${CMAKE_PREFIX_PATH}:/home/alberto/tfg/Reconocimiento-y-sintesis-visual-Tiago/workspace/install/tests:/home/alberto/tfg/Reconocimiento-y-sintesis-visual-Tiago/workspace/install/launch_pal:/opt/ros/humble /usr/bin/cmake --install /home/alberto/tfg/Reconocimiento-y-sintesis-visual-Tiago/workspace/build/play_motion2_msgs
