[0.259s] Invoking command in '/home/alberto/tfg/Reconocimiento-y-sintesis-visual-Tiago/workspace/build/pal_navigation_cfg_params': CMAKE_PREFIX_PATH=${CMAKE_PREFIX_PATH}:/home/alberto/tfg/Reconocimiento-y-sintesis-visual-Tiago/workspace/install/tests:/home/alberto/tfg/Reconocimiento-y-sintesis-visual-Tiago/workspace/install/launch_pal:/opt/ros/humble /usr/bin/cmake --build /home/alberto/tfg/Reconocimiento-y-sintesis-visual-Tiago/workspace/build/pal_navigation_cfg_params -- -j16 -l16
[0.374s] Invoked command in '/home/alberto/tfg/Reconocimiento-y-sintesis-visual-Tiago/workspace/build/pal_navigation_cfg_params' returned '0': CMAKE_PREFIX_PATH=${CMAKE_PREFIX_PATH}:/home/alberto/tfg/Reconocimiento-y-sintesis-visual-Tiago/workspace/install/tests:/home/alberto/tfg/Reconocimiento-y-sintesis-visual-Tiago/workspace/install/launch_pal:/opt/ros/humble /usr/bin/cmake --build /home/alberto/tfg/Reconocimiento-y-sintesis-visual-Tiago/workspace/build/pal_navigation_cfg_params -- -j16 -l16
[0.376s] Invoking command in '/home/alberto/tfg/Reconocimiento-y-sintesis-visual-Tiago/workspace/build/pal_navigation_cfg_params': CMAKE_PREFIX_PATH=${CMAKE_PREFIX_PATH}:/home/alberto/tfg/Reconocimiento-y-sintesis-visual-Tiago/workspace/install/tests:/home/alberto/tfg/Reconocimiento-y-sintesis-visual-Tiago/workspace/install/launch_pal:/opt/ros/humble /usr/bin/cmake --install /home/alberto/tfg/Reconocimiento-y-sintesis-visual-Tiago/workspace/build/pal_navigation_cfg_params
[0.382s] -- Install configuration: ""
[0.382s] -- Execute custom install script
[0.383s] -- Up-to-date symlink: /home/alberto/tfg/Reconocimiento-y-sintesis-visual-Tiago/workspace/install/pal_navigation_cfg_params/share/pal_navigation_cfg_params/params/omni_base_nav2.yaml
[0.383s] -- Up-to-date symlink: /home/alberto/tfg/Reconocimiento-y-sintesis-visual-Tiago/workspace/install/pal_navigation_cfg_params/share/pal_navigation_cfg_params/params/pmb2_nav2.yaml
[0.383s] -- Up-to-date symlink: /home/alberto/tfg/Reconocimiento-y-sintesis-visual-Tiago/workspace/install/pal_navigation_cfg_params/share/pal_navigation_cfg_params/params/tiago_dual_nav2.yaml
[0.383s] -- Up-to-date symlink: /home/alberto/tfg/Reconocimiento-y-sintesis-visual-Tiago/workspace/install/pal_navigation_cfg_params/share/pal_navigation_cfg_params/params/tiago_nav2.yaml
[0.384s] -- Up-to-date symlink: /home/alberto/tfg/Reconocimiento-y-sintesis-visual-Tiago/workspace/install/pal_navigation_cfg_params/share/ament_index/resource_index/package_run_dependencies/pal_navigation_cfg_params
[0.384s] -- Up-to-date symlink: /home/alberto/tfg/Reconocimiento-y-sintesis-visual-Tiago/workspace/install/pal_navigation_cfg_params/share/ament_index/resource_index/parent_prefix_path/pal_navigation_cfg_params
[0.384s] -- Up-to-date symlink: /home/alberto/tfg/Reconocimiento-y-sintesis-visual-Tiago/workspace/install/pal_navigation_cfg_params/share/pal_navigation_cfg_params/environment/ament_prefix_path.sh
[0.384s] -- Up-to-date symlink: /home/alberto/tfg/Reconocimiento-y-sintesis-visual-Tiago/workspace/install/pal_navigation_cfg_params/share/pal_navigation_cfg_params/environment/ament_prefix_path.dsv
[0.384s] -- Up-to-date symlink: /home/alberto/tfg/Reconocimiento-y-sintesis-visual-Tiago/workspace/install/pal_navigation_cfg_params/share/pal_navigation_cfg_params/environment/path.sh
[0.385s] -- Up-to-date symlink: /home/alberto/tfg/Reconocimiento-y-sintesis-visual-Tiago/workspace/install/pal_navigation_cfg_params/share/pal_navigation_cfg_params/environment/path.dsv
[0.385s] -- Up-to-date symlink: /home/alberto/tfg/Reconocimiento-y-sintesis-visual-Tiago/workspace/install/pal_navigation_cfg_params/share/pal_navigation_cfg_params/local_setup.bash
[0.385s] -- Up-to-date symlink: /home/alberto/tfg/Reconocimiento-y-sintesis-visual-Tiago/workspace/install/pal_navigation_cfg_params/share/pal_navigation_cfg_params/local_setup.sh
[0.385s] -- Up-to-date symlink: /home/alberto/tfg/Reconocimiento-y-sintesis-visual-Tiago/workspace/install/pal_navigation_cfg_params/share/pal_navigation_cfg_params/local_setup.zsh
[0.385s] -- Up-to-date symlink: /home/alberto/tfg/Reconocimiento-y-sintesis-visual-Tiago/workspace/install/pal_navigation_cfg_params/share/pal_navigation_cfg_params/local_setup.dsv
[0.385s] -- Symlinking: /home/alberto/tfg/Reconocimiento-y-sintesis-visual-Tiago/workspace/install/pal_navigation_cfg_params/share/pal_navigation_cfg_params/package.dsv
[0.394s] -- Up-to-date symlink: /home/alberto/tfg/Reconocimiento-y-sintesis-visual-Tiago/workspace/install/pal_navigation_cfg_params/share/ament_index/resource_index/packages/pal_navigation_cfg_params
[0.395s] -- Up-to-date symlink: /home/alberto/tfg/Reconocimiento-y-sintesis-visual-Tiago/workspace/install/pal_navigation_cfg_params/share/pal_navigation_cfg_params/cmake/pal_navigation_cfg_paramsConfig.cmake
[0.395s] -- Up-to-date symlink: /home/alberto/tfg/Reconocimiento-y-sintesis-visual-Tiago/workspace/install/pal_navigation_cfg_params/share/pal_navigation_cfg_params/cmake/pal_navigation_cfg_paramsConfig-version.cmake
[0.395s] -- Up-to-date symlink: /home/alberto/tfg/Reconocimiento-y-sintesis-visual-Tiago/workspace/install/pal_navigation_cfg_params/share/pal_navigation_cfg_params/package.xml
[0.587s] Invoked command in '/home/alberto/tfg/Reconocimiento-y-sintesis-visual-Tiago/workspace/build/pal_navigation_cfg_params' returned '0': CMAKE_PREFIX_PATH=${CMAKE_PREFIX_PATH}:/home/alberto/tfg/Reconocimiento-y-sintesis-visual-Tiago/workspace/install/tests:/home/alberto/tfg/Reconocimiento-y-sintesis-visual-Tiago/workspace/install/launch_pal:/opt/ros/humble /usr/bin/cmake --install /home/alberto/tfg/Reconocimiento-y-sintesis-visual-Tiago/workspace/build/pal_navigation_cfg_params
