running develop
running egg_info
creating launch_pal.egg-info
writing launch_pal.egg-info/PKG-INFO
writing dependency_links to launch_pal.egg-info/dependency_links.txt
writing entry points to launch_pal.egg-info/entry_points.txt
writing requirements to launch_pal.egg-info/requires.txt
writing top-level names to launch_pal.egg-info/top_level.txt
writing manifest file 'launch_pal.egg-info/SOURCES.txt'
reading manifest file 'launch_pal.egg-info/SOURCES.txt'
writing manifest file 'launch_pal.egg-info/SOURCES.txt'
running build_ext
Creating /home/alberto/tfg/Reconocimiento-y-sintesis-visual-Tiago/workspace/install/launch_pal/lib/python3.10/site-packages/launch-pal.egg-link (link to .)

Installed /home/alberto/tfg/Reconocimiento-y-sintesis-visual-Tiago/workspace/build/launch_pal
running symlink_data
creating /home/alberto/tfg/Reconocimiento-y-sintesis-visual-Tiago/workspace/install/launch_pal/share/ament_index
creating /home/alberto/tfg/Reconocimiento-y-sintesis-visual-Tiago/workspace/install/launch_pal/share/ament_index/resource_index
creating /home/alberto/tfg/Reconocimiento-y-sintesis-visual-Tiago/workspace/install/launch_pal/share/ament_index/resource_index/packages
symbolically linking /home/alberto/tfg/Reconocimiento-y-sintesis-visual-Tiago/workspace/build/launch_pal/resource/launch_pal -> /home/alberto/tfg/Reconocimiento-y-sintesis-visual-Tiago/workspace/install/launch_pal/share/ament_index/resource_index/packages
symbolically linking /home/alberto/tfg/Reconocimiento-y-sintesis-visual-Tiago/workspace/build/launch_pal/package.xml -> /home/alberto/tfg/Reconocimiento-y-sintesis-visual-Tiago/workspace/install/launch_pal/share/launch_pal
creating /home/alberto/tfg/Reconocimiento-y-sintesis-visual-Tiago/workspace/install/launch_pal/share/launch_pal/config
symbolically linking /home/alberto/tfg/Reconocimiento-y-sintesis-visual-Tiago/workspace/build/launch_pal/config/robot_configuration.yaml -> /home/alberto/tfg/Reconocimiento-y-sintesis-visual-Tiago/workspace/install/launch_pal/share/launch_pal/config
