[0.945s] Invoking command in '/home/alberto/tfg/Reconocimiento-y-sintesis-visual-Tiago/workspace/build/launch_pal': PYTHONPATH=/home/alberto/tfg/Reconocimiento-y-sintesis-visual-Tiago/workspace/build/launch_pal/prefix_override:/usr/lib/python3/dist-packages/colcon_core/task/python/colcon_distutils_commands:/home/alberto/tfg/Reconocimiento-y-sintesis-visual-Tiago/workspace/install/launch_pal/lib/python3.10/site-packages:${PYTHONPATH} /usr/bin/python3 -W ignore:setup.py install is deprecated -W ignore:easy_install command is deprecated setup.py develop --editable --build-directory /home/alberto/tfg/Reconocimiento-y-sintesis-visual-Tiago/workspace/build/launch_pal/build --no-deps symlink_data
[1.335s] running develop
[1.560s] running egg_info
[1.561s] creating launch_pal.egg-info
[1.561s] writing launch_pal.egg-info/PKG-INFO
[1.561s] writing dependency_links to launch_pal.egg-info/dependency_links.txt
[1.561s] writing entry points to launch_pal.egg-info/entry_points.txt
[1.561s] writing requirements to launch_pal.egg-info/requires.txt
[1.561s] writing top-level names to launch_pal.egg-info/top_level.txt
[1.561s] writing manifest file 'launch_pal.egg-info/SOURCES.txt'
[1.561s] reading manifest file 'launch_pal.egg-info/SOURCES.txt'
[1.562s] writing manifest file 'launch_pal.egg-info/SOURCES.txt'
[1.564s] running build_ext
[1.565s] Creating /home/alberto/tfg/Reconocimiento-y-sintesis-visual-Tiago/workspace/install/launch_pal/lib/python3.10/site-packages/launch-pal.egg-link (link to .)
[1.565s] 
[1.566s] Installed /home/alberto/tfg/Reconocimiento-y-sintesis-visual-Tiago/workspace/build/launch_pal
[1.566s] running symlink_data
[1.566s] creating /home/alberto/tfg/Reconocimiento-y-sintesis-visual-Tiago/workspace/install/launch_pal/share/ament_index
[1.566s] creating /home/alberto/tfg/Reconocimiento-y-sintesis-visual-Tiago/workspace/install/launch_pal/share/ament_index/resource_index
[1.566s] creating /home/alberto/tfg/Reconocimiento-y-sintesis-visual-Tiago/workspace/install/launch_pal/share/ament_index/resource_index/packages
[1.566s] symbolically linking /home/alberto/tfg/Reconocimiento-y-sintesis-visual-Tiago/workspace/build/launch_pal/resource/launch_pal -> /home/alberto/tfg/Reconocimiento-y-sintesis-visual-Tiago/workspace/install/launch_pal/share/ament_index/resource_index/packages
[1.566s] symbolically linking /home/alberto/tfg/Reconocimiento-y-sintesis-visual-Tiago/workspace/build/launch_pal/package.xml -> /home/alberto/tfg/Reconocimiento-y-sintesis-visual-Tiago/workspace/install/launch_pal/share/launch_pal
[1.566s] creating /home/alberto/tfg/Reconocimiento-y-sintesis-visual-Tiago/workspace/install/launch_pal/share/launch_pal/config
[1.566s] symbolically linking /home/alberto/tfg/Reconocimiento-y-sintesis-visual-Tiago/workspace/build/launch_pal/config/robot_configuration.yaml -> /home/alberto/tfg/Reconocimiento-y-sintesis-visual-Tiago/workspace/install/launch_pal/share/launch_pal/config
[1.700s] Invoked command in '/home/alberto/tfg/Reconocimiento-y-sintesis-visual-Tiago/workspace/build/launch_pal' returned '0': PYTHONPATH=/home/alberto/tfg/Reconocimiento-y-sintesis-visual-Tiago/workspace/build/launch_pal/prefix_override:/usr/lib/python3/dist-packages/colcon_core/task/python/colcon_distutils_commands:/home/alberto/tfg/Reconocimiento-y-sintesis-visual-Tiago/workspace/install/launch_pal/lib/python3.10/site-packages:${PYTHONPATH} /usr/bin/python3 -W ignore:setup.py install is deprecated -W ignore:easy_install command is deprecated setup.py develop --editable --build-directory /home/alberto/tfg/Reconocimiento-y-sintesis-visual-Tiago/workspace/build/launch_pal/build --no-deps symlink_data
