[0.028s] Invoking command in '/home/alberto/tiago_public_ws/build/tiago_2dnav': AMENT_PREFIX_PATH=/home/alberto/tiago_public_ws/install/pmb2_2dnav:/home/alberto/tiago_public_ws/install/launch_pal:${AMENT_PREFIX_PATH} CMAKE_PREFIX_PATH=/home/alberto/tiago_public_ws/install/pmb2_2dnav:/opt/ros/humble PYTHONPATH=/home/alberto/tiago_public_ws/build/launch_pal:/home/alberto/tiago_public_ws/install/launch_pal/lib/python3.10/site-packages:${PYTHONPATH} /usr/bin/cmake /home/alberto/tiago_public_ws/src/tiago_navigation/tiago_2dnav -DAMENT_CMAKE_SYMLINK_INSTALL=1 -DCMAKE_INSTALL_PREFIX=/home/alberto/tiago_public_ws/install/tiago_2dnav
[0.349s] -- The C compiler identification is GNU 11.4.0
[0.349s] -- The CXX compiler identification is GNU 11.4.0
[0.349s] -- Detecting C compiler ABI info
[0.349s] -- Detecting C compiler ABI info - done
[0.353s] -- Check for working C compiler: /usr/bin/cc - skipped
[0.353s] -- Detecting C compile features
[0.353s] -- Detecting C compile features - done
[0.362s] -- Detecting CXX compiler ABI info
[0.577s] -- Detecting CXX compiler ABI info - done
[0.593s] -- Check for working CXX compiler: /usr/bin/c++ - skipped
[0.593s] -- Detecting CXX compile features
[0.593s] -- Detecting CXX compile features - done
[0.600s] -- Found ament_cmake_auto: 1.3.12 (/opt/ros/humble/share/ament_cmake_auto/cmake)
[0.807s] -- Found Python3: /usr/bin/python3 (found version "3.10.12") found components: Interpreter 
[0.900s] -- Override CMake install command with custom implementation using symlinks instead of copying resources
[1.035s] -- Found ament_lint_auto: 0.12.14 (/opt/ros/humble/share/ament_lint_auto/cmake)
[1.098s] -- Added test 'copyright' to check source files copyright and LICENSE
[1.103s] -- Added test 'lint_cmake' to check CMake code style
[1.105s] -- Added test 'xmllint' to check XML markup files
[1.107s] -- Configuring done
[1.115s] -- Generating done
[1.117s] -- Build files have been written to: /home/alberto/tiago_public_ws/build/tiago_2dnav
[1.137s] Invoked command in '/home/alberto/tiago_public_ws/build/tiago_2dnav' returned '0': AMENT_PREFIX_PATH=/home/alberto/tiago_public_ws/install/pmb2_2dnav:/home/alberto/tiago_public_ws/install/launch_pal:${AMENT_PREFIX_PATH} CMAKE_PREFIX_PATH=/home/alberto/tiago_public_ws/install/pmb2_2dnav:/opt/ros/humble PYTHONPATH=/home/alberto/tiago_public_ws/build/launch_pal:/home/alberto/tiago_public_ws/install/launch_pal/lib/python3.10/site-packages:${PYTHONPATH} /usr/bin/cmake /home/alberto/tiago_public_ws/src/tiago_navigation/tiago_2dnav -DAMENT_CMAKE_SYMLINK_INSTALL=1 -DCMAKE_INSTALL_PREFIX=/home/alberto/tiago_public_ws/install/tiago_2dnav
[1.143s] Invoking command in '/home/alberto/tiago_public_ws/build/tiago_2dnav': AMENT_PREFIX_PATH=/home/alberto/tiago_public_ws/install/pmb2_2dnav:/home/alberto/tiago_public_ws/install/launch_pal:${AMENT_PREFIX_PATH} CMAKE_PREFIX_PATH=/home/alberto/tiago_public_ws/install/pmb2_2dnav:/opt/ros/humble PYTHONPATH=/home/alberto/tiago_public_ws/build/launch_pal:/home/alberto/tiago_public_ws/install/launch_pal/lib/python3.10/site-packages:${PYTHONPATH} /usr/bin/cmake --build /home/alberto/tiago_public_ws/build/tiago_2dnav -- -j8 -l8
[1.313s] Invoked command in '/home/alberto/tiago_public_ws/build/tiago_2dnav' returned '0': AMENT_PREFIX_PATH=/home/alberto/tiago_public_ws/install/pmb2_2dnav:/home/alberto/tiago_public_ws/install/launch_pal:${AMENT_PREFIX_PATH} CMAKE_PREFIX_PATH=/home/alberto/tiago_public_ws/install/pmb2_2dnav:/opt/ros/humble PYTHONPATH=/home/alberto/tiago_public_ws/build/launch_pal:/home/alberto/tiago_public_ws/install/launch_pal/lib/python3.10/site-packages:${PYTHONPATH} /usr/bin/cmake --build /home/alberto/tiago_public_ws/build/tiago_2dnav -- -j8 -l8
[1.326s] Invoking command in '/home/alberto/tiago_public_ws/build/tiago_2dnav': AMENT_PREFIX_PATH=/home/alberto/tiago_public_ws/install/pmb2_2dnav:/home/alberto/tiago_public_ws/install/launch_pal:${AMENT_PREFIX_PATH} CMAKE_PREFIX_PATH=/home/alberto/tiago_public_ws/install/pmb2_2dnav:/opt/ros/humble PYTHONPATH=/home/alberto/tiago_public_ws/build/launch_pal:/home/alberto/tiago_public_ws/install/launch_pal/lib/python3.10/site-packages:${PYTHONPATH} /usr/bin/cmake --install /home/alberto/tiago_public_ws/build/tiago_2dnav
[1.467s] -- Install configuration: ""
[1.468s] -- Execute custom install script
[1.468s] -- Symlinking: /home/alberto/tiago_public_ws/install/tiago_2dnav/share/ament_index/resource_index/package_run_dependencies/tiago_2dnav
[1.479s] -- Symlinking: /home/alberto/tiago_public_ws/install/tiago_2dnav/share/ament_index/resource_index/parent_prefix_path/tiago_2dnav
[1.480s] -- Symlinking: /home/alberto/tiago_public_ws/install/tiago_2dnav/share/tiago_2dnav/environment/ament_prefix_path.sh
[1.480s] -- Symlinking: /home/alberto/tiago_public_ws/install/tiago_2dnav/share/tiago_2dnav/environment/ament_prefix_path.dsv
[1.480s] -- Symlinking: /home/alberto/tiago_public_ws/install/tiago_2dnav/share/tiago_2dnav/environment/path.sh
[1.480s] -- Symlinking: /home/alberto/tiago_public_ws/install/tiago_2dnav/share/tiago_2dnav/environment/path.dsv
[1.481s] -- Symlinking: /home/alberto/tiago_public_ws/install/tiago_2dnav/share/tiago_2dnav/local_setup.bash
[1.495s] -- Symlinking: /home/alberto/tiago_public_ws/install/tiago_2dnav/share/tiago_2dnav/local_setup.sh
[1.509s] -- Symlinking: /home/alberto/tiago_public_ws/install/tiago_2dnav/share/tiago_2dnav/local_setup.zsh
[1.532s] -- Symlinking: /home/alberto/tiago_public_ws/install/tiago_2dnav/share/tiago_2dnav/local_setup.dsv
[1.546s] -- Symlinking: /home/alberto/tiago_public_ws/install/tiago_2dnav/share/tiago_2dnav/package.dsv
[1.578s] -- Symlinking: /home/alberto/tiago_public_ws/install/tiago_2dnav/share/ament_index/resource_index/packages/tiago_2dnav
[1.579s] -- Symlinking: /home/alberto/tiago_public_ws/install/tiago_2dnav/share/tiago_2dnav/cmake/tiago_2dnavConfig.cmake
[1.610s] -- Symlinking: /home/alberto/tiago_public_ws/install/tiago_2dnav/share/tiago_2dnav/cmake/tiago_2dnavConfig-version.cmake
[1.641s] -- Symlinking: /home/alberto/tiago_public_ws/install/tiago_2dnav/share/tiago_2dnav/package.xml
[1.668s] Invoked command in '/home/alberto/tiago_public_ws/build/tiago_2dnav' returned '0': AMENT_PREFIX_PATH=/home/alberto/tiago_public_ws/install/pmb2_2dnav:/home/alberto/tiago_public_ws/install/launch_pal:${AMENT_PREFIX_PATH} CMAKE_PREFIX_PATH=/home/alberto/tiago_public_ws/install/pmb2_2dnav:/opt/ros/humble PYTHONPATH=/home/alberto/tiago_public_ws/build/launch_pal:/home/alberto/tiago_public_ws/install/launch_pal/lib/python3.10/site-packages:${PYTHONPATH} /usr/bin/cmake --install /home/alberto/tiago_public_ws/build/tiago_2dnav
