[0.017s] Invoking command in '/home/alberto/tiago_public_ws/build/play_motion2': AMENT_PREFIX_PATH=/home/alberto/tiago_public_ws/install/play_motion2_msgs:${AMENT_PREFIX_PATH} CMAKE_PREFIX_PATH=/home/alberto/tiago_public_ws/install/play_motion2_msgs:/opt/ros/humble LD_LIBRARY_PATH=/home/alberto/tiago_public_ws/install/play_motion2_msgs/lib:${LD_LIBRARY_PATH} PYTHONPATH=/home/alberto/tiago_public_ws/install/play_motion2_msgs/local/lib/python3.10/dist-packages:${PYTHONPATH} /usr/bin/cmake --build /home/alberto/tiago_public_ws/build/play_motion2 -- -j12 -l12
[0.153s] [35m[1mConsolidate compiler generated dependencies of target gtest_main[0m
[0.157s] [35m[1mConsolidate compiler generated dependencies of target client[0m
[0.162s] [35m[1mConsolidate compiler generated dependencies of target gtest[0m
[0.164s] [35m[1mConsolidate compiler generated dependencies of target play_motion2_node[0m
[0.177s] [  8%] Built target passthrough_controller_parameters
[0.179s] [ 16%] Built target gtest_main
[0.188s] [ 16%] Built target ament_cmake_python_symlink_play_motion2
[0.189s] [ 24%] Built target gtest
[0.205s] [35m[1mConsolidate compiler generated dependencies of target passthrough_controller[0m
[0.210s] [35m[1mConsolidate compiler generated dependencies of target play_motion2_node_test[0m
[0.218s] [ 32%] Built target client
[0.247s] [35m[1mConsolidate compiler generated dependencies of target run_motion[0m
[0.247s] [ 40%] Built target passthrough_controller
[0.248s] [35m[1mConsolidate compiler generated dependencies of target rrbot_system[0m
[0.256s] [ 48%] Built target play_motion2_node_test
[0.269s] [ 56%] Built target run_motion
[0.271s] [ 64%] Built target rrbot_system
[0.296s] [35m[1mConsolidate compiler generated dependencies of target motion_loader_test[0m
[0.324s] [ 76%] Built target motion_loader_test
[0.335s] [100%] Built target play_motion2_node
[0.455s] running egg_info
[0.456s] writing play_motion2.egg-info/PKG-INFO
[0.456s] writing dependency_links to play_motion2.egg-info/dependency_links.txt
[0.457s] writing top-level names to play_motion2.egg-info/top_level.txt
[0.458s] reading manifest file 'play_motion2.egg-info/SOURCES.txt'
[0.459s] writing manifest file 'play_motion2.egg-info/SOURCES.txt'
[0.486s] [100%] Built target ament_cmake_python_build_play_motion2_egg
[0.533s] Invoked command in '/home/alberto/tiago_public_ws/build/play_motion2' returned '0': AMENT_PREFIX_PATH=/home/alberto/tiago_public_ws/install/play_motion2_msgs:${AMENT_PREFIX_PATH} CMAKE_PREFIX_PATH=/home/alberto/tiago_public_ws/install/play_motion2_msgs:/opt/ros/humble LD_LIBRARY_PATH=/home/alberto/tiago_public_ws/install/play_motion2_msgs/lib:${LD_LIBRARY_PATH} PYTHONPATH=/home/alberto/tiago_public_ws/install/play_motion2_msgs/local/lib/python3.10/dist-packages:${PYTHONPATH} /usr/bin/cmake --build /home/alberto/tiago_public_ws/build/play_motion2 -- -j12 -l12
[0.536s] Invoking command in '/home/alberto/tiago_public_ws/build/play_motion2': AMENT_PREFIX_PATH=/home/alberto/tiago_public_ws/install/play_motion2_msgs:${AMENT_PREFIX_PATH} CMAKE_PREFIX_PATH=/home/alberto/tiago_public_ws/install/play_motion2_msgs:/opt/ros/humble LD_LIBRARY_PATH=/home/alberto/tiago_public_ws/install/play_motion2_msgs/lib:${LD_LIBRARY_PATH} PYTHONPATH=/home/alberto/tiago_public_ws/install/play_motion2_msgs/local/lib/python3.10/dist-packages:${PYTHONPATH} /usr/bin/cmake --install /home/alberto/tiago_public_ws/build/play_motion2
[0.545s] -- Install configuration: ""
[0.546s] -- Execute custom install script
[0.546s] -- Up-to-date symlink: /home/alberto/tiago_public_ws/install/play_motion2/share/play_motion2/environment/pythonpath.sh
[0.546s] -- Up-to-date symlink: /home/alberto/tiago_public_ws/install/play_motion2/share/play_motion2/environment/pythonpath.dsv
[0.547s] -- Up-to-date symlink: /home/alberto/tiago_public_ws/install/play_motion2/local/lib/python3.10/dist-packages/play_motion2-1.7.0-py3.10.egg-info/PKG-INFO
[0.548s] -- Up-to-date symlink: /home/alberto/tiago_public_ws/install/play_motion2/local/lib/python3.10/dist-packages/play_motion2-1.7.0-py3.10.egg-info/SOURCES.txt
[0.548s] -- Up-to-date symlink: /home/alberto/tiago_public_ws/install/play_motion2/local/lib/python3.10/dist-packages/play_motion2-1.7.0-py3.10.egg-info/dependency_links.txt
[0.549s] -- Up-to-date symlink: /home/alberto/tiago_public_ws/install/play_motion2/local/lib/python3.10/dist-packages/play_motion2-1.7.0-py3.10.egg-info/top_level.txt
[0.550s] -- Up-to-date symlink: /home/alberto/tiago_public_ws/install/play_motion2/local/lib/python3.10/dist-packages/play_motion2/__init__.py
[0.551s] -- Up-to-date symlink: /home/alberto/tiago_public_ws/install/play_motion2/share/play_motion2/test/rrbot/rrbot_system.xml
[0.553s] -- Up-to-date symlink: /home/alberto/tiago_public_ws/install/play_motion2/include/play_motion2/passthrough_controller_parameters.hpp
[0.553s] -- Up-to-date symlink: /home/alberto/tiago_public_ws/install/play_motion2/share/play_motion2/test/controllers/passthrough_controller.xml
[0.554s] -- Up-to-date symlink: /home/alberto/tiago_public_ws/install/play_motion2/lib/libpassthrough_controller.so
[0.555s] -- Up-to-date symlink: /home/alberto/tiago_public_ws/install/play_motion2/lib/play_motion2/play_motion2_node_test
[0.556s] -- Up-to-date symlink: /home/alberto/tiago_public_ws/install/play_motion2/include/play_motion2/play_motion2/client.hpp
[0.557s] -- Up-to-date symlink: /home/alberto/tiago_public_ws/install/play_motion2/include/play_motion2/play_motion2/motion_loader.hpp
[0.557s] -- Up-to-date symlink: /home/alberto/tiago_public_ws/install/play_motion2/include/play_motion2/play_motion2/types.hpp
[0.558s] -- Up-to-date symlink: /home/alberto/tiago_public_ws/install/play_motion2/share/play_motion2/environment/library_path.sh
[0.558s] -- Up-to-date symlink: /home/alberto/tiago_public_ws/install/play_motion2/share/play_motion2/environment/library_path.dsv
[0.559s] -- Up-to-date symlink: /home/alberto/tiago_public_ws/install/play_motion2/lib/libclient.so
[0.559s] -- Up-to-date symlink: /home/alberto/tiago_public_ws/install/play_motion2/lib/librrbot_system.so
[0.560s] -- Up-to-date symlink: /home/alberto/tiago_public_ws/install/play_motion2/lib/play_motion2/play_motion2_node
[0.560s] -- Up-to-date symlink: /home/alberto/tiago_public_ws/install/play_motion2/lib/play_motion2/run_motion
[0.562s] -- Up-to-date symlink: /home/alberto/tiago_public_ws/install/play_motion2/share/play_motion2/config/motion_planner_config.yaml
[0.563s] -- Up-to-date symlink: /home/alberto/tiago_public_ws/install/play_motion2/share/play_motion2/launch/play_motion2.launch.py
[0.564s] -- Up-to-date symlink: /home/alberto/tiago_public_ws/install/play_motion2/share/ament_index/resource_index/package_run_dependencies/play_motion2
[0.565s] -- Up-to-date symlink: /home/alberto/tiago_public_ws/install/play_motion2/share/ament_index/resource_index/parent_prefix_path/play_motion2
[0.565s] -- Up-to-date symlink: /home/alberto/tiago_public_ws/install/play_motion2/share/play_motion2/environment/ament_prefix_path.sh
[0.566s] -- Up-to-date symlink: /home/alberto/tiago_public_ws/install/play_motion2/share/play_motion2/environment/ament_prefix_path.dsv
[0.566s] -- Up-to-date symlink: /home/alberto/tiago_public_ws/install/play_motion2/share/play_motion2/environment/path.sh
[0.566s] -- Up-to-date symlink: /home/alberto/tiago_public_ws/install/play_motion2/share/play_motion2/environment/path.dsv
[0.567s] -- Up-to-date symlink: /home/alberto/tiago_public_ws/install/play_motion2/share/play_motion2/local_setup.bash
[0.569s] -- Up-to-date symlink: /home/alberto/tiago_public_ws/install/play_motion2/share/play_motion2/local_setup.sh
[0.569s] -- Up-to-date symlink: /home/alberto/tiago_public_ws/install/play_motion2/share/play_motion2/local_setup.zsh
[0.569s] -- Up-to-date symlink: /home/alberto/tiago_public_ws/install/play_motion2/share/play_motion2/local_setup.dsv
[0.569s] -- Symlinking: /home/alberto/tiago_public_ws/install/play_motion2/share/play_motion2/package.dsv
[0.584s] -- Up-to-date symlink: /home/alberto/tiago_public_ws/install/play_motion2/share/ament_index/resource_index/packages/play_motion2
[0.586s] -- Up-to-date symlink: /home/alberto/tiago_public_ws/install/play_motion2/share/ament_index/resource_index/hardware_interface__pluginlib__plugin/play_motion2
[0.587s] -- Up-to-date symlink: /home/alberto/tiago_public_ws/install/play_motion2/share/ament_index/resource_index/controller_interface__pluginlib__plugin/play_motion2
[0.590s] -- Up-to-date symlink: /home/alberto/tiago_public_ws/install/play_motion2/share/play_motion2/cmake/ament_cmake_export_dependencies-extras.cmake
[0.590s] -- Up-to-date symlink: /home/alberto/tiago_public_ws/install/play_motion2/share/play_motion2/cmake/ament_cmake_export_include_directories-extras.cmake
[0.590s] -- Up-to-date symlink: /home/alberto/tiago_public_ws/install/play_motion2/share/play_motion2/cmake/ament_cmake_export_libraries-extras.cmake
[0.590s] -- Up-to-date symlink: /home/alberto/tiago_public_ws/install/play_motion2/share/play_motion2/cmake/play_motion2Config.cmake
[0.590s] -- Up-to-date symlink: /home/alberto/tiago_public_ws/install/play_motion2/share/play_motion2/cmake/play_motion2Config-version.cmake
[0.591s] -- Up-to-date symlink: /home/alberto/tiago_public_ws/install/play_motion2/share/play_motion2/package.xml
[0.632s] Listing '/home/alberto/tiago_public_ws/install/play_motion2/local/lib/python3.10/dist-packages/play_motion2'...
[0.697s] Invoked command in '/home/alberto/tiago_public_ws/build/play_motion2' returned '0': AMENT_PREFIX_PATH=/home/alberto/tiago_public_ws/install/play_motion2_msgs:${AMENT_PREFIX_PATH} CMAKE_PREFIX_PATH=/home/alberto/tiago_public_ws/install/play_motion2_msgs:/opt/ros/humble LD_LIBRARY_PATH=/home/alberto/tiago_public_ws/install/play_motion2_msgs/lib:${LD_LIBRARY_PATH} PYTHONPATH=/home/alberto/tiago_public_ws/install/play_motion2_msgs/local/lib/python3.10/dist-packages:${PYTHONPATH} /usr/bin/cmake --install /home/alberto/tiago_public_ws/build/play_motion2
