[0.268s] Invoking command in '/home/alberto/tfg/Reconocimiento-y-sintesis-visual-Tiago/workspace/build/play_motion2_msgs': CMAKE_PREFIX_PATH=${CMAKE_PREFIX_PATH}:/home/alberto/tfg/Reconocimiento-y-sintesis-visual-Tiago/workspace/install/tests:/home/alberto/tfg/Reconocimiento-y-sintesis-visual-Tiago/workspace/install/launch_pal:/opt/ros/humble /usr/bin/cmake /home/alberto/tfg/Reconocimiento-y-sintesis-visual-Tiago/workspace/src/play_motion2/play_motion2_msgs -DAMENT_CMAKE_SYMLINK_INSTALL=1 -DCMAKE_INSTALL_PREFIX=/home/alberto/tfg/Reconocimiento-y-sintesis-visual-Tiago/workspace/install/play_motion2_msgs
[0.361s] -- The C compiler identification is GNU 11.4.0
[0.469s] -- The CXX compiler identification is GNU 11.4.0
[0.478s] -- Detecting C compiler ABI info
[0.580s] -- Detecting C compiler ABI info - done
[0.591s] -- Check for working C compiler: /usr/bin/cc - skipped
[0.591s] -- Detecting C compile features
[0.592s] -- Detecting C compile features - done
[0.596s] -- Detecting CXX compiler ABI info
[0.722s] -- Detecting CXX compiler ABI info - done
[0.734s] -- Check for working CXX compiler: /usr/bin/c++ - skipped
[0.734s] -- Detecting CXX compile features
[0.734s] -- Detecting CXX compile features - done
[0.738s] -- Found ament_cmake: 1.3.12 (/opt/ros/humble/share/ament_cmake/cmake)
[0.988s] -- Found Python3: /usr/bin/python3 (found version "3.10.12") found components: Interpreter 
[1.075s] -- Override CMake install command with custom implementation using symlinks instead of copying resources
[1.127s] -- Found builtin_interfaces: 1.2.2 (/opt/ros/humble/share/builtin_interfaces/cmake)
[1.176s] -- Found rosidl_generator_c: 3.1.8 (/opt/ros/humble/share/rosidl_generator_c/cmake)
[1.184s] -- Found rosidl_adapter: 3.1.8 (/opt/ros/humble/share/rosidl_adapter/cmake)
[1.196s] -- Found rosidl_generator_cpp: 3.1.8 (/opt/ros/humble/share/rosidl_generator_cpp/cmake)
[1.220s] -- Using all available rosidl_typesupport_c: rosidl_typesupport_fastrtps_c;rosidl_typesupport_introspection_c
[1.251s] -- Using all available rosidl_typesupport_cpp: rosidl_typesupport_fastrtps_cpp;rosidl_typesupport_introspection_cpp
[1.283s] -- Found rosidl_default_generators: 1.2.0 (/opt/ros/humble/share/rosidl_default_generators/cmake)
[1.811s] -- Found ament_cmake_cppcheck: 0.12.14 (/opt/ros/humble/share/ament_cmake_cppcheck/cmake)
[1.816s] -- Found ament_cmake_cpplint: 0.12.14 (/opt/ros/humble/share/ament_cmake_cpplint/cmake)
[1.823s] -- Found ament_cmake_uncrustify: 0.12.14 (/opt/ros/humble/share/ament_cmake_uncrustify/cmake)
[1.829s] -- Found ament_cmake_ros: 0.10.0 (/opt/ros/humble/share/ament_cmake_ros/cmake)
[2.276s] -- Using all available rosidl_typesupport_c: rosidl_typesupport_fastrtps_c;rosidl_typesupport_introspection_c
[2.450s] -- Using all available rosidl_typesupport_cpp: rosidl_typesupport_fastrtps_cpp;rosidl_typesupport_introspection_cpp
[2.488s] -- Found PythonInterp: /usr/bin/python3 (found suitable version "3.10.12", minimum required is "3.6") 
[2.499s] -- Found python_cmake_module: 0.10.0 (/opt/ros/humble/share/python_cmake_module/cmake)
[2.532s] -- Found PythonLibs: /usr/lib/x86_64-linux-gnu/libpython3.10.so (found suitable version "3.10.12", minimum required is "3.5") 
[2.533s] -- Using PYTHON_EXECUTABLE: /usr/bin/python3
[2.533s] -- Using PYTHON_INCLUDE_DIRS: /usr/include/python3.10
[2.533s] -- Using PYTHON_LIBRARIES: /usr/lib/x86_64-linux-gnu/libpython3.10.so
[2.562s] -- Found PythonExtra: .so  
[2.669s] -- Found ament_cmake_flake8: 0.12.14 (/opt/ros/humble/share/ament_cmake_flake8/cmake)
[2.674s] -- Found ament_cmake_pep257: 0.12.14 (/opt/ros/humble/share/ament_cmake_pep257/cmake)
[2.690s] -- Configuring done
[2.757s] -- Generating done
[2.776s] -- Build files have been written to: /home/alberto/tfg/Reconocimiento-y-sintesis-visual-Tiago/workspace/build/play_motion2_msgs
[2.805s] Invoked command in '/home/alberto/tfg/Reconocimiento-y-sintesis-visual-Tiago/workspace/build/play_motion2_msgs' returned '0': CMAKE_PREFIX_PATH=${CMAKE_PREFIX_PATH}:/home/alberto/tfg/Reconocimiento-y-sintesis-visual-Tiago/workspace/install/tests:/home/alberto/tfg/Reconocimiento-y-sintesis-visual-Tiago/workspace/install/launch_pal:/opt/ros/humble /usr/bin/cmake /home/alberto/tfg/Reconocimiento-y-sintesis-visual-Tiago/workspace/src/play_motion2/play_motion2_msgs -DAMENT_CMAKE_SYMLINK_INSTALL=1 -DCMAKE_INSTALL_PREFIX=/home/alberto/tfg/Reconocimiento-y-sintesis-visual-Tiago/workspace/install/play_motion2_msgs
[2.805s] Invoking command in '/home/alberto/tfg/Reconocimiento-y-sintesis-visual-Tiago/workspace/build/play_motion2_msgs': CMAKE_PREFIX_PATH=${CMAKE_PREFIX_PATH}:/home/alberto/tfg/Reconocimiento-y-sintesis-visual-Tiago/workspace/install/tests:/home/alberto/tfg/Reconocimiento-y-sintesis-visual-Tiago/workspace/install/launch_pal:/opt/ros/humble /usr/bin/cmake --build /home/alberto/tfg/Reconocimiento-y-sintesis-visual-Tiago/workspace/build/play_motion2_msgs -- -j16 -l16
[2.979s] [  1%] [34m[1mGenerating C code for ROS interfaces[0m
[2.979s] [  1%] [34m[1mGenerating C++ code for ROS interfaces[0m
[2.979s] [  1%] Built target ament_cmake_python_symlink_play_motion2_msgs
[3.237s] running egg_info
[3.238s] creating play_motion2_msgs.egg-info
[3.238s] writing play_motion2_msgs.egg-info/PKG-INFO
[3.238s] writing dependency_links to play_motion2_msgs.egg-info/dependency_links.txt
[3.239s] writing top-level names to play_motion2_msgs.egg-info/top_level.txt
[3.239s] writing manifest file 'play_motion2_msgs.egg-info/SOURCES.txt'
[3.241s] reading manifest file 'play_motion2_msgs.egg-info/SOURCES.txt'
[3.242s] writing manifest file 'play_motion2_msgs.egg-info/SOURCES.txt'
[3.307s] [  1%] Built target ament_cmake_python_build_play_motion2_msgs_egg
[4.357s] [  1%] Built target play_motion2_msgs__cpp
[4.377s] [  2%] [34m[1mGenerating C++ type support dispatch for ROS interfaces[0m
[4.377s] [  3%] [34m[1mGenerating C++ introspection for ROS interfaces[0m
[4.378s] [  4%] [34m[1mGenerating C++ type support for eProsima Fast-RTPS[0m
[4.439s] [  6%] [32mBuilding C object CMakeFiles/play_motion2_msgs__rosidl_generator_c.dir/rosidl_generator_c/play_motion2_msgs/srv/detail/is_motion_ready__functions.c.o[0m
[4.440s] [  6%] [32mBuilding C object CMakeFiles/play_motion2_msgs__rosidl_generator_c.dir/rosidl_generator_c/play_motion2_msgs/srv/detail/list_motions__functions.c.o[0m
[4.440s] [  7%] [32mBuilding C object CMakeFiles/play_motion2_msgs__rosidl_generator_c.dir/rosidl_generator_c/play_motion2_msgs/msg/detail/motion__functions.c.o[0m
[4.442s] [  8%] [32mBuilding C object CMakeFiles/play_motion2_msgs__rosidl_generator_c.dir/rosidl_generator_c/play_motion2_msgs/srv/detail/is_joint_list_ready__functions.c.o[0m
[4.447s] [  9%] [32mBuilding C object CMakeFiles/play_motion2_msgs__rosidl_generator_c.dir/rosidl_generator_c/play_motion2_msgs/srv/detail/add_motion__functions.c.o[0m
[4.447s] [ 10%] [32mBuilding C object CMakeFiles/play_motion2_msgs__rosidl_generator_c.dir/rosidl_generator_c/play_motion2_msgs/action/detail/play_motion2_raw__functions.c.o[0m
[4.447s] [ 12%] [32mBuilding C object CMakeFiles/play_motion2_msgs__rosidl_generator_c.dir/rosidl_generator_c/play_motion2_msgs/srv/detail/get_motion_info__functions.c.o[0m
[4.447s] [ 12%] [32mBuilding C object CMakeFiles/play_motion2_msgs__rosidl_generator_c.dir/rosidl_generator_c/play_motion2_msgs/action/detail/play_motion2__functions.c.o[0m
[4.447s] [ 13%] [32mBuilding C object CMakeFiles/play_motion2_msgs__rosidl_generator_c.dir/rosidl_generator_c/play_motion2_msgs/srv/detail/save_motion__functions.c.o[0m
[4.451s] [ 14%] [32mBuilding C object CMakeFiles/play_motion2_msgs__rosidl_generator_c.dir/rosidl_generator_c/play_motion2_msgs/srv/detail/remove_motion__functions.c.o[0m
[4.683s] [ 15%] [32m[1mLinking C shared library libplay_motion2_msgs__rosidl_generator_c.so[0m
[4.738s] [ 15%] Built target play_motion2_msgs__rosidl_generator_c
[4.750s] [ 16%] [34m[1mGenerating C introspection for ROS interfaces[0m
[4.752s] [ 18%] [34m[1mGenerating C type support for eProsima Fast-RTPS[0m
[4.752s] [ 18%] [34m[1mGenerating C type support dispatch for ROS interfaces[0m
[5.324s] [ 21%] [32mBuilding CXX object CMakeFiles/play_motion2_msgs__rosidl_typesupport_cpp.dir/rosidl_typesupport_cpp/play_motion2_msgs/msg/motion__type_support.cpp.o[0m
[5.324s] [ 21%] [32mBuilding CXX object CMakeFiles/play_motion2_msgs__rosidl_typesupport_cpp.dir/rosidl_typesupport_cpp/play_motion2_msgs/srv/is_motion_ready__type_support.cpp.o[0m
[5.328s] [ 21%] [32mBuilding CXX object CMakeFiles/play_motion2_msgs__rosidl_typesupport_cpp.dir/rosidl_typesupport_cpp/play_motion2_msgs/srv/add_motion__type_support.cpp.o[0m
[5.329s] [ 22%] [32mBuilding CXX object CMakeFiles/play_motion2_msgs__rosidl_typesupport_cpp.dir/rosidl_typesupport_cpp/play_motion2_msgs/srv/get_motion_info__type_support.cpp.o[0m
[5.329s] [ 23%] [32mBuilding CXX object CMakeFiles/play_motion2_msgs__rosidl_typesupport_cpp.dir/rosidl_typesupport_cpp/play_motion2_msgs/srv/is_joint_list_ready__type_support.cpp.o[0m
[5.329s] [ 24%] [32mBuilding CXX object CMakeFiles/play_motion2_msgs__rosidl_typesupport_cpp.dir/rosidl_typesupport_cpp/play_motion2_msgs/srv/list_motions__type_support.cpp.o[0m
[5.333s] [ 25%] [32mBuilding CXX object CMakeFiles/play_motion2_msgs__rosidl_typesupport_cpp.dir/rosidl_typesupport_cpp/play_motion2_msgs/srv/remove_motion__type_support.cpp.o[0m
[5.337s] [ 26%] [32mBuilding CXX object CMakeFiles/play_motion2_msgs__rosidl_typesupport_cpp.dir/rosidl_typesupport_cpp/play_motion2_msgs/srv/save_motion__type_support.cpp.o[0m
[5.337s] [ 27%] [32mBuilding CXX object CMakeFiles/play_motion2_msgs__rosidl_typesupport_cpp.dir/rosidl_typesupport_cpp/play_motion2_msgs/action/play_motion2__type_support.cpp.o[0m
[5.355s] [ 28%] [32mBuilding CXX object CMakeFiles/play_motion2_msgs__rosidl_typesupport_cpp.dir/rosidl_typesupport_cpp/play_motion2_msgs/action/play_motion2_raw__type_support.cpp.o[0m
[5.674s] [ 29%] [32mBuilding CXX object CMakeFiles/play_motion2_msgs__rosidl_typesupport_c.dir/rosidl_typesupport_c/play_motion2_msgs/msg/motion__type_support.cpp.o[0m
[5.677s] [ 30%] [32mBuilding CXX object CMakeFiles/play_motion2_msgs__rosidl_typesupport_c.dir/rosidl_typesupport_c/play_motion2_msgs/srv/add_motion__type_support.cpp.o[0m
[5.779s] [ 31%] [32mBuilding CXX object CMakeFiles/play_motion2_msgs__rosidl_typesupport_c.dir/rosidl_typesupport_c/play_motion2_msgs/srv/get_motion_info__type_support.cpp.o[0m
[5.784s] [ 32%] [32mBuilding CXX object CMakeFiles/play_motion2_msgs__rosidl_typesupport_c.dir/rosidl_typesupport_c/play_motion2_msgs/srv/is_motion_ready__type_support.cpp.o[0m
[5.790s] [ 33%] [32mBuilding CXX object CMakeFiles/play_motion2_msgs__rosidl_typesupport_c.dir/rosidl_typesupport_c/play_motion2_msgs/srv/is_joint_list_ready__type_support.cpp.o[0m
[5.797s] [ 34%] [32mBuilding CXX object CMakeFiles/play_motion2_msgs__rosidl_typesupport_c.dir/rosidl_typesupport_c/play_motion2_msgs/srv/list_motions__type_support.cpp.o[0m
[5.804s] [ 35%] [32mBuilding CXX object CMakeFiles/play_motion2_msgs__rosidl_typesupport_c.dir/rosidl_typesupport_c/play_motion2_msgs/srv/remove_motion__type_support.cpp.o[0m
[5.822s] [ 36%] [32mBuilding CXX object CMakeFiles/play_motion2_msgs__rosidl_typesupport_c.dir/rosidl_typesupport_c/play_motion2_msgs/srv/save_motion__type_support.cpp.o[0m
[5.857s] [ 37%] [32mBuilding CXX object CMakeFiles/play_motion2_msgs__rosidl_typesupport_c.dir/rosidl_typesupport_c/play_motion2_msgs/action/play_motion2_raw__type_support.cpp.o[0m
[5.861s] [ 37%] [32mBuilding CXX object CMakeFiles/play_motion2_msgs__rosidl_typesupport_c.dir/rosidl_typesupport_c/play_motion2_msgs/action/play_motion2__type_support.cpp.o[0m
[5.900s] [ 38%] [32mBuilding CXX object CMakeFiles/play_motion2_msgs__rosidl_typesupport_introspection_cpp.dir/rosidl_typesupport_introspection_cpp/play_motion2_msgs/msg/detail/motion__type_support.cpp.o[0m
[5.903s] [ 39%] [32mBuilding CXX object CMakeFiles/play_motion2_msgs__rosidl_typesupport_introspection_cpp.dir/rosidl_typesupport_introspection_cpp/play_motion2_msgs/srv/detail/get_motion_info__type_support.cpp.o[0m
[5.903s] [ 40%] [32mBuilding CXX object CMakeFiles/play_motion2_msgs__rosidl_typesupport_introspection_cpp.dir/rosidl_typesupport_introspection_cpp/play_motion2_msgs/srv/detail/add_motion__type_support.cpp.o[0m
[5.903s] [ 41%] [32mBuilding CXX object CMakeFiles/play_motion2_msgs__rosidl_typesupport_introspection_cpp.dir/rosidl_typesupport_introspection_cpp/play_motion2_msgs/srv/detail/is_motion_ready__type_support.cpp.o[0m
[5.925s] [ 42%] [32mBuilding CXX object CMakeFiles/play_motion2_msgs__rosidl_typesupport_introspection_cpp.dir/rosidl_typesupport_introspection_cpp/play_motion2_msgs/srv/detail/is_joint_list_ready__type_support.cpp.o[0m
[5.931s] [ 43%] [32mBuilding CXX object CMakeFiles/play_motion2_msgs__rosidl_typesupport_introspection_cpp.dir/rosidl_typesupport_introspection_cpp/play_motion2_msgs/srv/detail/list_motions__type_support.cpp.o[0m
[5.939s] [ 44%] [32mBuilding CXX object CMakeFiles/play_motion2_msgs__rosidl_typesupport_introspection_cpp.dir/rosidl_typesupport_introspection_cpp/play_motion2_msgs/srv/detail/remove_motion__type_support.cpp.o[0m
[5.949s] [ 45%] [32m[1mLinking CXX shared library libplay_motion2_msgs__rosidl_typesupport_c.so[0m
[5.949s] [ 46%] [32mBuilding CXX object CMakeFiles/play_motion2_msgs__rosidl_typesupport_introspection_cpp.dir/rosidl_typesupport_introspection_cpp/play_motion2_msgs/srv/detail/save_motion__type_support.cpp.o[0m
[6.008s] [ 48%] [32mBuilding CXX object CMakeFiles/play_motion2_msgs__rosidl_typesupport_introspection_cpp.dir/rosidl_typesupport_introspection_cpp/play_motion2_msgs/action/detail/play_motion2_raw__type_support.cpp.o[0m
[6.008s] [ 48%] [32mBuilding CXX object CMakeFiles/play_motion2_msgs__rosidl_typesupport_introspection_cpp.dir/rosidl_typesupport_introspection_cpp/play_motion2_msgs/action/detail/play_motion2__type_support.cpp.o[0m
[6.056s] [ 48%] Built target play_motion2_msgs__rosidl_typesupport_c
[6.066s] [ 49%] [32mBuilding CXX object CMakeFiles/play_motion2_msgs__rosidl_typesupport_fastrtps_cpp.dir/rosidl_typesupport_fastrtps_cpp/play_motion2_msgs/msg/detail/dds_fastrtps/motion__type_support.cpp.o[0m
[6.098s] [ 50%] [32mBuilding CXX object CMakeFiles/play_motion2_msgs__rosidl_typesupport_fastrtps_cpp.dir/rosidl_typesupport_fastrtps_cpp/play_motion2_msgs/srv/detail/dds_fastrtps/add_motion__type_support.cpp.o[0m
[6.126s] [ 50%] [32mBuilding CXX object CMakeFiles/play_motion2_msgs__rosidl_typesupport_fastrtps_cpp.dir/rosidl_typesupport_fastrtps_cpp/play_motion2_msgs/srv/detail/dds_fastrtps/get_motion_info__type_support.cpp.o[0m
[6.142s] [ 51%] [32m[1mLinking CXX shared library libplay_motion2_msgs__rosidl_typesupport_cpp.so[0m
[6.265s] [ 51%] Built target play_motion2_msgs__rosidl_typesupport_cpp
[6.296s] [ 52%] [32mBuilding CXX object CMakeFiles/play_motion2_msgs__rosidl_typesupport_fastrtps_cpp.dir/rosidl_typesupport_fastrtps_cpp/play_motion2_msgs/srv/detail/dds_fastrtps/is_motion_ready__type_support.cpp.o[0m
[6.576s] [ 53%] [32mBuilding CXX object CMakeFiles/play_motion2_msgs__rosidl_typesupport_fastrtps_cpp.dir/rosidl_typesupport_fastrtps_cpp/play_motion2_msgs/srv/detail/dds_fastrtps/is_joint_list_ready__type_support.cpp.o[0m
[6.601s] [ 54%] [32mBuilding C object CMakeFiles/play_motion2_msgs__rosidl_typesupport_introspection_c.dir/rosidl_typesupport_introspection_c/play_motion2_msgs/msg/detail/motion__type_support.c.o[0m
[6.601s] [ 55%] [32mBuilding CXX object CMakeFiles/play_motion2_msgs__rosidl_typesupport_fastrtps_cpp.dir/rosidl_typesupport_fastrtps_cpp/play_motion2_msgs/srv/detail/dds_fastrtps/list_motions__type_support.cpp.o[0m
[6.616s] [ 56%] [32mBuilding CXX object CMakeFiles/play_motion2_msgs__rosidl_typesupport_fastrtps_cpp.dir/rosidl_typesupport_fastrtps_cpp/play_motion2_msgs/srv/detail/dds_fastrtps/remove_motion__type_support.cpp.o[0m
[6.641s] [ 57%] [32mBuilding C object CMakeFiles/play_motion2_msgs__rosidl_typesupport_introspection_c.dir/rosidl_typesupport_introspection_c/play_motion2_msgs/srv/detail/add_motion__type_support.c.o[0m
[6.642s] [ 58%] [32mBuilding CXX object CMakeFiles/play_motion2_msgs__rosidl_typesupport_fastrtps_cpp.dir/rosidl_typesupport_fastrtps_cpp/play_motion2_msgs/srv/detail/dds_fastrtps/save_motion__type_support.cpp.o[0m
[6.665s] [ 59%] [32mBuilding CXX object CMakeFiles/play_motion2_msgs__rosidl_typesupport_fastrtps_cpp.dir/rosidl_typesupport_fastrtps_cpp/play_motion2_msgs/action/detail/dds_fastrtps/play_motion2__type_support.cpp.o[0m
[6.698s] [ 60%] [32mBuilding C object CMakeFiles/play_motion2_msgs__rosidl_typesupport_introspection_c.dir/rosidl_typesupport_introspection_c/play_motion2_msgs/srv/detail/get_motion_info__type_support.c.o[0m
[6.698s] [ 61%] [32mBuilding CXX object CMakeFiles/play_motion2_msgs__rosidl_typesupport_fastrtps_c.dir/rosidl_typesupport_fastrtps_c/play_motion2_msgs/msg/detail/motion__type_support_c.cpp.o[0m
[6.720s] [ 62%] [32mBuilding CXX object CMakeFiles/play_motion2_msgs__rosidl_typesupport_fastrtps_c.dir/rosidl_typesupport_fastrtps_c/play_motion2_msgs/srv/detail/add_motion__type_support_c.cpp.o[0m
[6.734s] [ 63%] [32mBuilding CXX object CMakeFiles/play_motion2_msgs__rosidl_typesupport_fastrtps_cpp.dir/rosidl_typesupport_fastrtps_cpp/play_motion2_msgs/action/detail/dds_fastrtps/play_motion2_raw__type_support.cpp.o[0m
[6.747s] [ 64%] [32mBuilding CXX object CMakeFiles/play_motion2_msgs__rosidl_typesupport_fastrtps_c.dir/rosidl_typesupport_fastrtps_c/play_motion2_msgs/srv/detail/get_motion_info__type_support_c.cpp.o[0m
[6.790s] [ 66%] [32mBuilding C object CMakeFiles/play_motion2_msgs__rosidl_typesupport_introspection_c.dir/rosidl_typesupport_introspection_c/play_motion2_msgs/srv/detail/is_motion_ready__type_support.c.o[0m
[6.790s] [ 66%] [32mBuilding CXX object CMakeFiles/play_motion2_msgs__rosidl_typesupport_fastrtps_c.dir/rosidl_typesupport_fastrtps_c/play_motion2_msgs/srv/detail/is_motion_ready__type_support_c.cpp.o[0m
[6.930s] [ 67%] [32mBuilding C object CMakeFiles/play_motion2_msgs__rosidl_typesupport_introspection_c.dir/rosidl_typesupport_introspection_c/play_motion2_msgs/srv/detail/is_joint_list_ready__type_support.c.o[0m
[6.937s] [ 68%] [32mBuilding CXX object CMakeFiles/play_motion2_msgs__rosidl_typesupport_fastrtps_c.dir/rosidl_typesupport_fastrtps_c/play_motion2_msgs/srv/detail/is_joint_list_ready__type_support_c.cpp.o[0m
[7.014s] [ 69%] [32mBuilding CXX object CMakeFiles/play_motion2_msgs__rosidl_typesupport_fastrtps_c.dir/rosidl_typesupport_fastrtps_c/play_motion2_msgs/srv/detail/list_motions__type_support_c.cpp.o[0m
[7.031s] [ 70%] [32mBuilding C object CMakeFiles/play_motion2_msgs__rosidl_typesupport_introspection_c.dir/rosidl_typesupport_introspection_c/play_motion2_msgs/srv/detail/remove_motion__type_support.c.o[0m
[7.041s] [ 71%] [32mBuilding C object CMakeFiles/play_motion2_msgs__rosidl_typesupport_introspection_c.dir/rosidl_typesupport_introspection_c/play_motion2_msgs/srv/detail/list_motions__type_support.c.o[0m
[7.073s] [ 72%] [32mBuilding CXX object CMakeFiles/play_motion2_msgs__rosidl_typesupport_fastrtps_c.dir/rosidl_typesupport_fastrtps_c/play_motion2_msgs/srv/detail/remove_motion__type_support_c.cpp.o[0m
[7.133s] [ 73%] [32m[1mLinking CXX shared library libplay_motion2_msgs__rosidl_typesupport_introspection_cpp.so[0m
[7.138s] [ 74%] [32mBuilding C object CMakeFiles/play_motion2_msgs__rosidl_typesupport_introspection_c.dir/rosidl_typesupport_introspection_c/play_motion2_msgs/srv/detail/save_motion__type_support.c.o[0m
[7.151s] [ 75%] [32mBuilding CXX object CMakeFiles/play_motion2_msgs__rosidl_typesupport_fastrtps_c.dir/rosidl_typesupport_fastrtps_c/play_motion2_msgs/srv/detail/save_motion__type_support_c.cpp.o[0m
[7.236s] [ 76%] [32mBuilding C object CMakeFiles/play_motion2_msgs__rosidl_typesupport_introspection_c.dir/rosidl_typesupport_introspection_c/play_motion2_msgs/action/detail/play_motion2__type_support.c.o[0m
[7.357s] [ 77%] [32mBuilding CXX object CMakeFiles/play_motion2_msgs__rosidl_typesupport_fastrtps_c.dir/rosidl_typesupport_fastrtps_c/play_motion2_msgs/action/detail/play_motion2__type_support_c.cpp.o[0m
[7.379s] [ 78%] [32mBuilding C object CMakeFiles/play_motion2_msgs__rosidl_typesupport_introspection_c.dir/rosidl_typesupport_introspection_c/play_motion2_msgs/action/detail/play_motion2_raw__type_support.c.o[0m
[7.386s] [ 79%] [32mBuilding CXX object CMakeFiles/play_motion2_msgs__rosidl_typesupport_fastrtps_c.dir/rosidl_typesupport_fastrtps_c/play_motion2_msgs/action/detail/play_motion2_raw__type_support_c.cpp.o[0m
[7.430s] [ 79%] Built target play_motion2_msgs__rosidl_typesupport_introspection_cpp
[7.479s] [ 80%] [32m[1mLinking C shared library libplay_motion2_msgs__rosidl_typesupport_introspection_c.so[0m
[7.536s] [ 80%] Built target play_motion2_msgs__rosidl_typesupport_introspection_c
[7.737s] [ 81%] [32m[1mLinking CXX shared library libplay_motion2_msgs__rosidl_typesupport_fastrtps_cpp.so[0m
[7.819s] [ 82%] [32m[1mLinking CXX shared library libplay_motion2_msgs__rosidl_typesupport_fastrtps_c.so[0m
[7.822s] [ 82%] Built target play_motion2_msgs__rosidl_typesupport_fastrtps_cpp
[7.895s] [ 82%] Built target play_motion2_msgs__rosidl_typesupport_fastrtps_c
[7.913s] [ 82%] Built target play_motion2_msgs
[7.932s] [ 83%] [34m[1mGenerating Python code for ROS interfaces[0m
[9.748s] [ 83%] Built target play_motion2_msgs__py
[9.769s] [ 86%] [32mBuilding C object CMakeFiles/play_motion2_msgs__rosidl_generator_py.dir/rosidl_generator_py/play_motion2_msgs/srv/_add_motion_s.c.o[0m
[9.769s] [ 86%] [32mBuilding C object CMakeFiles/play_motion2_msgs__rosidl_generator_py.dir/rosidl_generator_py/play_motion2_msgs/srv/_is_joint_list_ready_s.c.o[0m
[9.769s] [ 86%] [32mBuilding C object CMakeFiles/play_motion2_msgs__rosidl_generator_py.dir/rosidl_generator_py/play_motion2_msgs/srv/_list_motions_s.c.o[0m
[9.769s] [ 88%] [32mBuilding C object CMakeFiles/play_motion2_msgs__rosidl_generator_py.dir/rosidl_generator_py/play_motion2_msgs/msg/_motion_s.c.o[0m
[9.769s] [ 88%] [32mBuilding C object CMakeFiles/play_motion2_msgs__rosidl_generator_py.dir/rosidl_generator_py/play_motion2_msgs/srv/_remove_motion_s.c.o[0m
[9.770s] [ 89%] [32mBuilding C object CMakeFiles/play_motion2_msgs__rosidl_generator_py.dir/rosidl_generator_py/play_motion2_msgs/srv/_get_motion_info_s.c.o[0m
[9.770s] [ 90%] [32mBuilding C object CMakeFiles/play_motion2_msgs__rosidl_generator_py.dir/rosidl_generator_py/play_motion2_msgs/srv/_is_motion_ready_s.c.o[0m
[9.770s] [ 91%] [32mBuilding C object CMakeFiles/play_motion2_msgs__rosidl_generator_py.dir/rosidl_generator_py/play_motion2_msgs/action/_play_motion2_raw_s.c.o[0m
[9.771s] [ 92%] [32mBuilding C object CMakeFiles/play_motion2_msgs__rosidl_generator_py.dir/rosidl_generator_py/play_motion2_msgs/srv/_save_motion_s.c.o[0m
[9.772s] [ 93%] [32mBuilding C object CMakeFiles/play_motion2_msgs__rosidl_generator_py.dir/rosidl_generator_py/play_motion2_msgs/action/_play_motion2_s.c.o[0m
[9.930s] [ 94%] [32m[1mLinking C shared library rosidl_generator_py/play_motion2_msgs/libplay_motion2_msgs__rosidl_generator_py.so[0m
[9.975s] [ 94%] Built target play_motion2_msgs__rosidl_generator_py
[9.996s] [ 97%] [32mBuilding C object CMakeFiles/play_motion2_msgs__rosidl_typesupport_c__pyext.dir/rosidl_generator_py/play_motion2_msgs/_play_motion2_msgs_s.ep.rosidl_typesupport_c.c.o[0m
[9.996s] [ 97%] [32mBuilding C object CMakeFiles/play_motion2_msgs__rosidl_typesupport_fastrtps_c__pyext.dir/rosidl_generator_py/play_motion2_msgs/_play_motion2_msgs_s.ep.rosidl_typesupport_fastrtps_c.c.o[0m
[9.996s] [ 97%] [32mBuilding C object CMakeFiles/play_motion2_msgs__rosidl_typesupport_introspection_c__pyext.dir/rosidl_generator_py/play_motion2_msgs/_play_motion2_msgs_s.ep.rosidl_typesupport_introspection_c.c.o[0m
[10.161s] [ 98%] [32m[1mLinking C shared library rosidl_generator_py/play_motion2_msgs/play_motion2_msgs_s__rosidl_typesupport_introspection_c.cpython-310-x86_64-linux-gnu.so[0m
[10.163s] [ 99%] [32m[1mLinking C shared library rosidl_generator_py/play_motion2_msgs/play_motion2_msgs_s__rosidl_typesupport_fastrtps_c.cpython-310-x86_64-linux-gnu.so[0m
[10.178s] [100%] [32m[1mLinking C shared library rosidl_generator_py/play_motion2_msgs/play_motion2_msgs_s__rosidl_typesupport_c.cpython-310-x86_64-linux-gnu.so[0m
[10.201s] [100%] Built target play_motion2_msgs__rosidl_typesupport_introspection_c__pyext
[10.202s] [100%] Built target play_motion2_msgs__rosidl_typesupport_fastrtps_c__pyext
[10.217s] [100%] Built target play_motion2_msgs__rosidl_typesupport_c__pyext
[10.230s] Invoked command in '/home/alberto/tfg/Reconocimiento-y-sintesis-visual-Tiago/workspace/build/play_motion2_msgs' returned '0': CMAKE_PREFIX_PATH=${CMAKE_PREFIX_PATH}:/home/alberto/tfg/Reconocimiento-y-sintesis-visual-Tiago/workspace/install/tests:/home/alberto/tfg/Reconocimiento-y-sintesis-visual-Tiago/workspace/install/launch_pal:/opt/ros/humble /usr/bin/cmake --build /home/alberto/tfg/Reconocimiento-y-sintesis-visual-Tiago/workspace/build/play_motion2_msgs -- -j16 -l16
[10.232s] Invoking command in '/home/alberto/tfg/Reconocimiento-y-sintesis-visual-Tiago/workspace/build/play_motion2_msgs': CMAKE_PREFIX_PATH=${CMAKE_PREFIX_PATH}:/home/alberto/tfg/Reconocimiento-y-sintesis-visual-Tiago/workspace/install/tests:/home/alberto/tfg/Reconocimiento-y-sintesis-visual-Tiago/workspace/install/launch_pal:/opt/ros/humble /usr/bin/cmake --install /home/alberto/tfg/Reconocimiento-y-sintesis-visual-Tiago/workspace/build/play_motion2_msgs
[10.238s] -- Install configuration: ""
[10.239s] -- Execute custom install script
[10.239s] -- Symlinking: /home/alberto/tfg/Reconocimiento-y-sintesis-visual-Tiago/workspace/install/play_motion2_msgs/share/ament_index/resource_index/rosidl_interfaces/play_motion2_msgs
[10.249s] -- Symlinking: /home/alberto/tfg/Reconocimiento-y-sintesis-visual-Tiago/workspace/install/play_motion2_msgs/include/play_motion2_msgs/play_motion2_msgs/action/detail/play_motion2__functions.h
[10.257s] -- Symlinking: /home/alberto/tfg/Reconocimiento-y-sintesis-visual-Tiago/workspace/install/play_motion2_msgs/include/play_motion2_msgs/play_motion2_msgs/action/detail/play_motion2__struct.h
[10.264s] -- Symlinking: /home/alberto/tfg/Reconocimiento-y-sintesis-visual-Tiago/workspace/install/play_motion2_msgs/include/play_motion2_msgs/play_motion2_msgs/action/detail/play_motion2__type_support.h
[10.272s] -- Symlinking: /home/alberto/tfg/Reconocimiento-y-sintesis-visual-Tiago/workspace/install/play_motion2_msgs/include/play_motion2_msgs/play_motion2_msgs/action/detail/play_motion2_raw__functions.h
[10.280s] -- Symlinking: /home/alberto/tfg/Reconocimiento-y-sintesis-visual-Tiago/workspace/install/play_motion2_msgs/include/play_motion2_msgs/play_motion2_msgs/action/detail/play_motion2_raw__struct.h
[10.288s] -- Symlinking: /home/alberto/tfg/Reconocimiento-y-sintesis-visual-Tiago/workspace/install/play_motion2_msgs/include/play_motion2_msgs/play_motion2_msgs/action/detail/play_motion2_raw__type_support.h
[10.296s] -- Symlinking: /home/alberto/tfg/Reconocimiento-y-sintesis-visual-Tiago/workspace/install/play_motion2_msgs/include/play_motion2_msgs/play_motion2_msgs/action/play_motion2.h
[10.304s] -- Symlinking: /home/alberto/tfg/Reconocimiento-y-sintesis-visual-Tiago/workspace/install/play_motion2_msgs/include/play_motion2_msgs/play_motion2_msgs/action/play_motion2_raw.h
[10.312s] -- Symlinking: /home/alberto/tfg/Reconocimiento-y-sintesis-visual-Tiago/workspace/install/play_motion2_msgs/include/play_motion2_msgs/play_motion2_msgs/msg/detail/motion__functions.h
[10.320s] -- Symlinking: /home/alberto/tfg/Reconocimiento-y-sintesis-visual-Tiago/workspace/install/play_motion2_msgs/include/play_motion2_msgs/play_motion2_msgs/msg/detail/motion__struct.h
[10.328s] -- Symlinking: /home/alberto/tfg/Reconocimiento-y-sintesis-visual-Tiago/workspace/install/play_motion2_msgs/include/play_motion2_msgs/play_motion2_msgs/msg/detail/motion__type_support.h
[10.335s] -- Symlinking: /home/alberto/tfg/Reconocimiento-y-sintesis-visual-Tiago/workspace/install/play_motion2_msgs/include/play_motion2_msgs/play_motion2_msgs/msg/motion.h
[10.342s] -- Symlinking: /home/alberto/tfg/Reconocimiento-y-sintesis-visual-Tiago/workspace/install/play_motion2_msgs/include/play_motion2_msgs/play_motion2_msgs/msg/rosidl_generator_c__visibility_control.h
[10.350s] -- Symlinking: /home/alberto/tfg/Reconocimiento-y-sintesis-visual-Tiago/workspace/install/play_motion2_msgs/include/play_motion2_msgs/play_motion2_msgs/srv/add_motion.h
[10.357s] -- Symlinking: /home/alberto/tfg/Reconocimiento-y-sintesis-visual-Tiago/workspace/install/play_motion2_msgs/include/play_motion2_msgs/play_motion2_msgs/srv/detail/add_motion__functions.h
[10.365s] -- Symlinking: /home/alberto/tfg/Reconocimiento-y-sintesis-visual-Tiago/workspace/install/play_motion2_msgs/include/play_motion2_msgs/play_motion2_msgs/srv/detail/add_motion__struct.h
[10.372s] -- Symlinking: /home/alberto/tfg/Reconocimiento-y-sintesis-visual-Tiago/workspace/install/play_motion2_msgs/include/play_motion2_msgs/play_motion2_msgs/srv/detail/add_motion__type_support.h
[10.380s] -- Symlinking: /home/alberto/tfg/Reconocimiento-y-sintesis-visual-Tiago/workspace/install/play_motion2_msgs/include/play_motion2_msgs/play_motion2_msgs/srv/detail/get_motion_info__functions.h
[10.387s] -- Symlinking: /home/alberto/tfg/Reconocimiento-y-sintesis-visual-Tiago/workspace/install/play_motion2_msgs/include/play_motion2_msgs/play_motion2_msgs/srv/detail/get_motion_info__struct.h
[10.394s] -- Symlinking: /home/alberto/tfg/Reconocimiento-y-sintesis-visual-Tiago/workspace/install/play_motion2_msgs/include/play_motion2_msgs/play_motion2_msgs/srv/detail/get_motion_info__type_support.h
[10.402s] -- Symlinking: /home/alberto/tfg/Reconocimiento-y-sintesis-visual-Tiago/workspace/install/play_motion2_msgs/include/play_motion2_msgs/play_motion2_msgs/srv/detail/is_joint_list_ready__functions.h
[10.409s] -- Symlinking: /home/alberto/tfg/Reconocimiento-y-sintesis-visual-Tiago/workspace/install/play_motion2_msgs/include/play_motion2_msgs/play_motion2_msgs/srv/detail/is_joint_list_ready__struct.h
[10.417s] -- Symlinking: /home/alberto/tfg/Reconocimiento-y-sintesis-visual-Tiago/workspace/install/play_motion2_msgs/include/play_motion2_msgs/play_motion2_msgs/srv/detail/is_joint_list_ready__type_support.h
[10.424s] -- Symlinking: /home/alberto/tfg/Reconocimiento-y-sintesis-visual-Tiago/workspace/install/play_motion2_msgs/include/play_motion2_msgs/play_motion2_msgs/srv/detail/is_motion_ready__functions.h
[10.432s] -- Symlinking: /home/alberto/tfg/Reconocimiento-y-sintesis-visual-Tiago/workspace/install/play_motion2_msgs/include/play_motion2_msgs/play_motion2_msgs/srv/detail/is_motion_ready__struct.h
[10.439s] -- Symlinking: /home/alberto/tfg/Reconocimiento-y-sintesis-visual-Tiago/workspace/install/play_motion2_msgs/include/play_motion2_msgs/play_motion2_msgs/srv/detail/is_motion_ready__type_support.h
[10.447s] -- Symlinking: /home/alberto/tfg/Reconocimiento-y-sintesis-visual-Tiago/workspace/install/play_motion2_msgs/include/play_motion2_msgs/play_motion2_msgs/srv/detail/list_motions__functions.h
[10.454s] -- Symlinking: /home/alberto/tfg/Reconocimiento-y-sintesis-visual-Tiago/workspace/install/play_motion2_msgs/include/play_motion2_msgs/play_motion2_msgs/srv/detail/list_motions__struct.h
[10.462s] -- Symlinking: /home/alberto/tfg/Reconocimiento-y-sintesis-visual-Tiago/workspace/install/play_motion2_msgs/include/play_motion2_msgs/play_motion2_msgs/srv/detail/list_motions__type_support.h
[10.469s] -- Symlinking: /home/alberto/tfg/Reconocimiento-y-sintesis-visual-Tiago/workspace/install/play_motion2_msgs/include/play_motion2_msgs/play_motion2_msgs/srv/detail/remove_motion__functions.h
[10.477s] -- Symlinking: /home/alberto/tfg/Reconocimiento-y-sintesis-visual-Tiago/workspace/install/play_motion2_msgs/include/play_motion2_msgs/play_motion2_msgs/srv/detail/remove_motion__struct.h
[10.485s] -- Symlinking: /home/alberto/tfg/Reconocimiento-y-sintesis-visual-Tiago/workspace/install/play_motion2_msgs/include/play_motion2_msgs/play_motion2_msgs/srv/detail/remove_motion__type_support.h
[10.492s] -- Symlinking: /home/alberto/tfg/Reconocimiento-y-sintesis-visual-Tiago/workspace/install/play_motion2_msgs/include/play_motion2_msgs/play_motion2_msgs/srv/detail/save_motion__functions.h
[10.500s] -- Symlinking: /home/alberto/tfg/Reconocimiento-y-sintesis-visual-Tiago/workspace/install/play_motion2_msgs/include/play_motion2_msgs/play_motion2_msgs/srv/detail/save_motion__struct.h
[10.507s] -- Symlinking: /home/alberto/tfg/Reconocimiento-y-sintesis-visual-Tiago/workspace/install/play_motion2_msgs/include/play_motion2_msgs/play_motion2_msgs/srv/detail/save_motion__type_support.h
[10.515s] -- Symlinking: /home/alberto/tfg/Reconocimiento-y-sintesis-visual-Tiago/workspace/install/play_motion2_msgs/include/play_motion2_msgs/play_motion2_msgs/srv/get_motion_info.h
[10.522s] -- Symlinking: /home/alberto/tfg/Reconocimiento-y-sintesis-visual-Tiago/workspace/install/play_motion2_msgs/include/play_motion2_msgs/play_motion2_msgs/srv/is_joint_list_ready.h
[10.530s] -- Symlinking: /home/alberto/tfg/Reconocimiento-y-sintesis-visual-Tiago/workspace/install/play_motion2_msgs/include/play_motion2_msgs/play_motion2_msgs/srv/is_motion_ready.h
[10.537s] -- Symlinking: /home/alberto/tfg/Reconocimiento-y-sintesis-visual-Tiago/workspace/install/play_motion2_msgs/include/play_motion2_msgs/play_motion2_msgs/srv/list_motions.h
[10.544s] -- Symlinking: /home/alberto/tfg/Reconocimiento-y-sintesis-visual-Tiago/workspace/install/play_motion2_msgs/include/play_motion2_msgs/play_motion2_msgs/srv/remove_motion.h
[10.552s] -- Symlinking: /home/alberto/tfg/Reconocimiento-y-sintesis-visual-Tiago/workspace/install/play_motion2_msgs/include/play_motion2_msgs/play_motion2_msgs/srv/save_motion.h
[10.560s] -- Symlinking: /home/alberto/tfg/Reconocimiento-y-sintesis-visual-Tiago/workspace/install/play_motion2_msgs/share/play_motion2_msgs/environment/library_path.sh
[10.568s] -- Symlinking: /home/alberto/tfg/Reconocimiento-y-sintesis-visual-Tiago/workspace/install/play_motion2_msgs/share/play_motion2_msgs/environment/library_path.dsv
[10.576s] -- Symlinking: /home/alberto/tfg/Reconocimiento-y-sintesis-visual-Tiago/workspace/install/play_motion2_msgs/include/play_motion2_msgs/play_motion2_msgs/action/detail/play_motion2__rosidl_typesupport_fastrtps_c.h
[10.583s] -- Symlinking: /home/alberto/tfg/Reconocimiento-y-sintesis-visual-Tiago/workspace/install/play_motion2_msgs/include/play_motion2_msgs/play_motion2_msgs/action/detail/play_motion2_raw__rosidl_typesupport_fastrtps_c.h
[10.590s] -- Symlinking: /home/alberto/tfg/Reconocimiento-y-sintesis-visual-Tiago/workspace/install/play_motion2_msgs/include/play_motion2_msgs/play_motion2_msgs/msg/detail/motion__rosidl_typesupport_fastrtps_c.h
[10.598s] -- Symlinking: /home/alberto/tfg/Reconocimiento-y-sintesis-visual-Tiago/workspace/install/play_motion2_msgs/include/play_motion2_msgs/play_motion2_msgs/msg/rosidl_typesupport_fastrtps_c__visibility_control.h
[10.605s] -- Symlinking: /home/alberto/tfg/Reconocimiento-y-sintesis-visual-Tiago/workspace/install/play_motion2_msgs/include/play_motion2_msgs/play_motion2_msgs/srv/detail/add_motion__rosidl_typesupport_fastrtps_c.h
[10.613s] -- Symlinking: /home/alberto/tfg/Reconocimiento-y-sintesis-visual-Tiago/workspace/install/play_motion2_msgs/include/play_motion2_msgs/play_motion2_msgs/srv/detail/get_motion_info__rosidl_typesupport_fastrtps_c.h
[10.620s] -- Symlinking: /home/alberto/tfg/Reconocimiento-y-sintesis-visual-Tiago/workspace/install/play_motion2_msgs/include/play_motion2_msgs/play_motion2_msgs/srv/detail/is_joint_list_ready__rosidl_typesupport_fastrtps_c.h
[10.628s] -- Symlinking: /home/alberto/tfg/Reconocimiento-y-sintesis-visual-Tiago/workspace/install/play_motion2_msgs/include/play_motion2_msgs/play_motion2_msgs/srv/detail/is_motion_ready__rosidl_typesupport_fastrtps_c.h
[10.635s] -- Symlinking: /home/alberto/tfg/Reconocimiento-y-sintesis-visual-Tiago/workspace/install/play_motion2_msgs/include/play_motion2_msgs/play_motion2_msgs/srv/detail/list_motions__rosidl_typesupport_fastrtps_c.h
[10.642s] -- Symlinking: /home/alberto/tfg/Reconocimiento-y-sintesis-visual-Tiago/workspace/install/play_motion2_msgs/include/play_motion2_msgs/play_motion2_msgs/srv/detail/remove_motion__rosidl_typesupport_fastrtps_c.h
[10.650s] -- Symlinking: /home/alberto/tfg/Reconocimiento-y-sintesis-visual-Tiago/workspace/install/play_motion2_msgs/include/play_motion2_msgs/play_motion2_msgs/srv/detail/save_motion__rosidl_typesupport_fastrtps_c.h
[10.658s] -- Symlinking: /home/alberto/tfg/Reconocimiento-y-sintesis-visual-Tiago/workspace/install/play_motion2_msgs/include/play_motion2_msgs/play_motion2_msgs/action/detail/play_motion2__builder.hpp
[10.666s] -- Symlinking: /home/alberto/tfg/Reconocimiento-y-sintesis-visual-Tiago/workspace/install/play_motion2_msgs/include/play_motion2_msgs/play_motion2_msgs/action/detail/play_motion2__struct.hpp
[10.673s] -- Symlinking: /home/alberto/tfg/Reconocimiento-y-sintesis-visual-Tiago/workspace/install/play_motion2_msgs/include/play_motion2_msgs/play_motion2_msgs/action/detail/play_motion2__traits.hpp
[10.681s] -- Symlinking: /home/alberto/tfg/Reconocimiento-y-sintesis-visual-Tiago/workspace/install/play_motion2_msgs/include/play_motion2_msgs/play_motion2_msgs/action/detail/play_motion2__type_support.hpp
[10.688s] -- Symlinking: /home/alberto/tfg/Reconocimiento-y-sintesis-visual-Tiago/workspace/install/play_motion2_msgs/include/play_motion2_msgs/play_motion2_msgs/action/detail/play_motion2_raw__builder.hpp
[10.695s] -- Symlinking: /home/alberto/tfg/Reconocimiento-y-sintesis-visual-Tiago/workspace/install/play_motion2_msgs/include/play_motion2_msgs/play_motion2_msgs/action/detail/play_motion2_raw__struct.hpp
[10.702s] -- Symlinking: /home/alberto/tfg/Reconocimiento-y-sintesis-visual-Tiago/workspace/install/play_motion2_msgs/include/play_motion2_msgs/play_motion2_msgs/action/detail/play_motion2_raw__traits.hpp
[10.711s] -- Symlinking: /home/alberto/tfg/Reconocimiento-y-sintesis-visual-Tiago/workspace/install/play_motion2_msgs/include/play_motion2_msgs/play_motion2_msgs/action/detail/play_motion2_raw__type_support.hpp
[10.719s] -- Symlinking: /home/alberto/tfg/Reconocimiento-y-sintesis-visual-Tiago/workspace/install/play_motion2_msgs/include/play_motion2_msgs/play_motion2_msgs/action/play_motion2.hpp
[10.726s] -- Symlinking: /home/alberto/tfg/Reconocimiento-y-sintesis-visual-Tiago/workspace/install/play_motion2_msgs/include/play_motion2_msgs/play_motion2_msgs/action/play_motion2_raw.hpp
[10.733s] -- Symlinking: /home/alberto/tfg/Reconocimiento-y-sintesis-visual-Tiago/workspace/install/play_motion2_msgs/include/play_motion2_msgs/play_motion2_msgs/msg/detail/motion__builder.hpp
[10.741s] -- Symlinking: /home/alberto/tfg/Reconocimiento-y-sintesis-visual-Tiago/workspace/install/play_motion2_msgs/include/play_motion2_msgs/play_motion2_msgs/msg/detail/motion__struct.hpp
[10.748s] -- Symlinking: /home/alberto/tfg/Reconocimiento-y-sintesis-visual-Tiago/workspace/install/play_motion2_msgs/include/play_motion2_msgs/play_motion2_msgs/msg/detail/motion__traits.hpp
[10.756s] -- Symlinking: /home/alberto/tfg/Reconocimiento-y-sintesis-visual-Tiago/workspace/install/play_motion2_msgs/include/play_motion2_msgs/play_motion2_msgs/msg/detail/motion__type_support.hpp
[10.763s] -- Symlinking: /home/alberto/tfg/Reconocimiento-y-sintesis-visual-Tiago/workspace/install/play_motion2_msgs/include/play_motion2_msgs/play_motion2_msgs/msg/motion.hpp
[10.771s] -- Symlinking: /home/alberto/tfg/Reconocimiento-y-sintesis-visual-Tiago/workspace/install/play_motion2_msgs/include/play_motion2_msgs/play_motion2_msgs/msg/rosidl_generator_cpp__visibility_control.hpp
[10.779s] -- Symlinking: /home/alberto/tfg/Reconocimiento-y-sintesis-visual-Tiago/workspace/install/play_motion2_msgs/include/play_motion2_msgs/play_motion2_msgs/srv/add_motion.hpp
[10.786s] -- Symlinking: /home/alberto/tfg/Reconocimiento-y-sintesis-visual-Tiago/workspace/install/play_motion2_msgs/include/play_motion2_msgs/play_motion2_msgs/srv/detail/add_motion__builder.hpp
[10.794s] -- Symlinking: /home/alberto/tfg/Reconocimiento-y-sintesis-visual-Tiago/workspace/install/play_motion2_msgs/include/play_motion2_msgs/play_motion2_msgs/srv/detail/add_motion__struct.hpp
[10.801s] -- Symlinking: /home/alberto/tfg/Reconocimiento-y-sintesis-visual-Tiago/workspace/install/play_motion2_msgs/include/play_motion2_msgs/play_motion2_msgs/srv/detail/add_motion__traits.hpp
[10.808s] -- Symlinking: /home/alberto/tfg/Reconocimiento-y-sintesis-visual-Tiago/workspace/install/play_motion2_msgs/include/play_motion2_msgs/play_motion2_msgs/srv/detail/add_motion__type_support.hpp
[10.816s] -- Symlinking: /home/alberto/tfg/Reconocimiento-y-sintesis-visual-Tiago/workspace/install/play_motion2_msgs/include/play_motion2_msgs/play_motion2_msgs/srv/detail/get_motion_info__builder.hpp
[10.823s] -- Symlinking: /home/alberto/tfg/Reconocimiento-y-sintesis-visual-Tiago/workspace/install/play_motion2_msgs/include/play_motion2_msgs/play_motion2_msgs/srv/detail/get_motion_info__struct.hpp
[10.831s] -- Symlinking: /home/alberto/tfg/Reconocimiento-y-sintesis-visual-Tiago/workspace/install/play_motion2_msgs/include/play_motion2_msgs/play_motion2_msgs/srv/detail/get_motion_info__traits.hpp
[10.838s] -- Symlinking: /home/alberto/tfg/Reconocimiento-y-sintesis-visual-Tiago/workspace/install/play_motion2_msgs/include/play_motion2_msgs/play_motion2_msgs/srv/detail/get_motion_info__type_support.hpp
[10.846s] -- Symlinking: /home/alberto/tfg/Reconocimiento-y-sintesis-visual-Tiago/workspace/install/play_motion2_msgs/include/play_motion2_msgs/play_motion2_msgs/srv/detail/is_joint_list_ready__builder.hpp
[10.853s] -- Symlinking: /home/alberto/tfg/Reconocimiento-y-sintesis-visual-Tiago/workspace/install/play_motion2_msgs/include/play_motion2_msgs/play_motion2_msgs/srv/detail/is_joint_list_ready__struct.hpp
[10.860s] -- Symlinking: /home/alberto/tfg/Reconocimiento-y-sintesis-visual-Tiago/workspace/install/play_motion2_msgs/include/play_motion2_msgs/play_motion2_msgs/srv/detail/is_joint_list_ready__traits.hpp
[10.868s] -- Symlinking: /home/alberto/tfg/Reconocimiento-y-sintesis-visual-Tiago/workspace/install/play_motion2_msgs/include/play_motion2_msgs/play_motion2_msgs/srv/detail/is_joint_list_ready__type_support.hpp
[10.876s] -- Symlinking: /home/alberto/tfg/Reconocimiento-y-sintesis-visual-Tiago/workspace/install/play_motion2_msgs/include/play_motion2_msgs/play_motion2_msgs/srv/detail/is_motion_ready__builder.hpp
[10.884s] -- Symlinking: /home/alberto/tfg/Reconocimiento-y-sintesis-visual-Tiago/workspace/install/play_motion2_msgs/include/play_motion2_msgs/play_motion2_msgs/srv/detail/is_motion_ready__struct.hpp
[10.891s] -- Symlinking: /home/alberto/tfg/Reconocimiento-y-sintesis-visual-Tiago/workspace/install/play_motion2_msgs/include/play_motion2_msgs/play_motion2_msgs/srv/detail/is_motion_ready__traits.hpp
[10.899s] -- Symlinking: /home/alberto/tfg/Reconocimiento-y-sintesis-visual-Tiago/workspace/install/play_motion2_msgs/include/play_motion2_msgs/play_motion2_msgs/srv/detail/is_motion_ready__type_support.hpp
[10.906s] -- Symlinking: /home/alberto/tfg/Reconocimiento-y-sintesis-visual-Tiago/workspace/install/play_motion2_msgs/include/play_motion2_msgs/play_motion2_msgs/srv/detail/list_motions__builder.hpp
[10.914s] -- Symlinking: /home/alberto/tfg/Reconocimiento-y-sintesis-visual-Tiago/workspace/install/play_motion2_msgs/include/play_motion2_msgs/play_motion2_msgs/srv/detail/list_motions__struct.hpp
[10.922s] -- Symlinking: /home/alberto/tfg/Reconocimiento-y-sintesis-visual-Tiago/workspace/install/play_motion2_msgs/include/play_motion2_msgs/play_motion2_msgs/srv/detail/list_motions__traits.hpp
[10.929s] -- Symlinking: /home/alberto/tfg/Reconocimiento-y-sintesis-visual-Tiago/workspace/install/play_motion2_msgs/include/play_motion2_msgs/play_motion2_msgs/srv/detail/list_motions__type_support.hpp
[10.937s] -- Symlinking: /home/alberto/tfg/Reconocimiento-y-sintesis-visual-Tiago/workspace/install/play_motion2_msgs/include/play_motion2_msgs/play_motion2_msgs/srv/detail/remove_motion__builder.hpp
[10.945s] -- Symlinking: /home/alberto/tfg/Reconocimiento-y-sintesis-visual-Tiago/workspace/install/play_motion2_msgs/include/play_motion2_msgs/play_motion2_msgs/srv/detail/remove_motion__struct.hpp
[10.953s] -- Symlinking: /home/alberto/tfg/Reconocimiento-y-sintesis-visual-Tiago/workspace/install/play_motion2_msgs/include/play_motion2_msgs/play_motion2_msgs/srv/detail/remove_motion__traits.hpp
[10.961s] -- Symlinking: /home/alberto/tfg/Reconocimiento-y-sintesis-visual-Tiago/workspace/install/play_motion2_msgs/include/play_motion2_msgs/play_motion2_msgs/srv/detail/remove_motion__type_support.hpp
[10.968s] -- Symlinking: /home/alberto/tfg/Reconocimiento-y-sintesis-visual-Tiago/workspace/install/play_motion2_msgs/include/play_motion2_msgs/play_motion2_msgs/srv/detail/save_motion__builder.hpp
[10.976s] -- Symlinking: /home/alberto/tfg/Reconocimiento-y-sintesis-visual-Tiago/workspace/install/play_motion2_msgs/include/play_motion2_msgs/play_motion2_msgs/srv/detail/save_motion__struct.hpp
[10.983s] -- Symlinking: /home/alberto/tfg/Reconocimiento-y-sintesis-visual-Tiago/workspace/install/play_motion2_msgs/include/play_motion2_msgs/play_motion2_msgs/srv/detail/save_motion__traits.hpp
[10.991s] -- Symlinking: /home/alberto/tfg/Reconocimiento-y-sintesis-visual-Tiago/workspace/install/play_motion2_msgs/include/play_motion2_msgs/play_motion2_msgs/srv/detail/save_motion__type_support.hpp
[10.998s] -- Symlinking: /home/alberto/tfg/Reconocimiento-y-sintesis-visual-Tiago/workspace/install/play_motion2_msgs/include/play_motion2_msgs/play_motion2_msgs/srv/get_motion_info.hpp
[11.006s] -- Symlinking: /home/alberto/tfg/Reconocimiento-y-sintesis-visual-Tiago/workspace/install/play_motion2_msgs/include/play_motion2_msgs/play_motion2_msgs/srv/is_joint_list_ready.hpp
[11.013s] -- Symlinking: /home/alberto/tfg/Reconocimiento-y-sintesis-visual-Tiago/workspace/install/play_motion2_msgs/include/play_motion2_msgs/play_motion2_msgs/srv/is_motion_ready.hpp
[11.021s] -- Symlinking: /home/alberto/tfg/Reconocimiento-y-sintesis-visual-Tiago/workspace/install/play_motion2_msgs/include/play_motion2_msgs/play_motion2_msgs/srv/list_motions.hpp
[11.028s] -- Symlinking: /home/alberto/tfg/Reconocimiento-y-sintesis-visual-Tiago/workspace/install/play_motion2_msgs/include/play_motion2_msgs/play_motion2_msgs/srv/remove_motion.hpp
[11.035s] -- Symlinking: /home/alberto/tfg/Reconocimiento-y-sintesis-visual-Tiago/workspace/install/play_motion2_msgs/include/play_motion2_msgs/play_motion2_msgs/srv/save_motion.hpp
[11.044s] -- Symlinking: /home/alberto/tfg/Reconocimiento-y-sintesis-visual-Tiago/workspace/install/play_motion2_msgs/include/play_motion2_msgs/play_motion2_msgs/action/detail/play_motion2__rosidl_typesupport_fastrtps_cpp.hpp
[11.051s] -- Symlinking: /home/alberto/tfg/Reconocimiento-y-sintesis-visual-Tiago/workspace/install/play_motion2_msgs/include/play_motion2_msgs/play_motion2_msgs/action/detail/play_motion2_raw__rosidl_typesupport_fastrtps_cpp.hpp
[11.059s] -- Symlinking: /home/alberto/tfg/Reconocimiento-y-sintesis-visual-Tiago/workspace/install/play_motion2_msgs/include/play_motion2_msgs/play_motion2_msgs/msg/detail/motion__rosidl_typesupport_fastrtps_cpp.hpp
[11.067s] -- Symlinking: /home/alberto/tfg/Reconocimiento-y-sintesis-visual-Tiago/workspace/install/play_motion2_msgs/include/play_motion2_msgs/play_motion2_msgs/msg/rosidl_typesupport_fastrtps_cpp__visibility_control.h
[11.074s] -- Symlinking: /home/alberto/tfg/Reconocimiento-y-sintesis-visual-Tiago/workspace/install/play_motion2_msgs/include/play_motion2_msgs/play_motion2_msgs/srv/detail/add_motion__rosidl_typesupport_fastrtps_cpp.hpp
[11.082s] -- Symlinking: /home/alberto/tfg/Reconocimiento-y-sintesis-visual-Tiago/workspace/install/play_motion2_msgs/include/play_motion2_msgs/play_motion2_msgs/srv/detail/get_motion_info__rosidl_typesupport_fastrtps_cpp.hpp
[11.090s] -- Symlinking: /home/alberto/tfg/Reconocimiento-y-sintesis-visual-Tiago/workspace/install/play_motion2_msgs/include/play_motion2_msgs/play_motion2_msgs/srv/detail/is_joint_list_ready__rosidl_typesupport_fastrtps_cpp.hpp
[11.097s] -- Symlinking: /home/alberto/tfg/Reconocimiento-y-sintesis-visual-Tiago/workspace/install/play_motion2_msgs/include/play_motion2_msgs/play_motion2_msgs/srv/detail/is_motion_ready__rosidl_typesupport_fastrtps_cpp.hpp
[11.105s] -- Symlinking: /home/alberto/tfg/Reconocimiento-y-sintesis-visual-Tiago/workspace/install/play_motion2_msgs/include/play_motion2_msgs/play_motion2_msgs/srv/detail/list_motions__rosidl_typesupport_fastrtps_cpp.hpp
[11.112s] -- Symlinking: /home/alberto/tfg/Reconocimiento-y-sintesis-visual-Tiago/workspace/install/play_motion2_msgs/include/play_motion2_msgs/play_motion2_msgs/srv/detail/remove_motion__rosidl_typesupport_fastrtps_cpp.hpp
[11.119s] -- Symlinking: /home/alberto/tfg/Reconocimiento-y-sintesis-visual-Tiago/workspace/install/play_motion2_msgs/include/play_motion2_msgs/play_motion2_msgs/srv/detail/save_motion__rosidl_typesupport_fastrtps_cpp.hpp
[11.127s] -- Symlinking: /home/alberto/tfg/Reconocimiento-y-sintesis-visual-Tiago/workspace/install/play_motion2_msgs/include/play_motion2_msgs/play_motion2_msgs/action/detail/play_motion2__rosidl_typesupport_introspection_c.h
[11.134s] -- Symlinking: /home/alberto/tfg/Reconocimiento-y-sintesis-visual-Tiago/workspace/install/play_motion2_msgs/include/play_motion2_msgs/play_motion2_msgs/action/detail/play_motion2_raw__rosidl_typesupport_introspection_c.h
[11.141s] -- Symlinking: /home/alberto/tfg/Reconocimiento-y-sintesis-visual-Tiago/workspace/install/play_motion2_msgs/include/play_motion2_msgs/play_motion2_msgs/msg/detail/motion__rosidl_typesupport_introspection_c.h
[11.149s] -- Symlinking: /home/alberto/tfg/Reconocimiento-y-sintesis-visual-Tiago/workspace/install/play_motion2_msgs/include/play_motion2_msgs/play_motion2_msgs/msg/rosidl_typesupport_introspection_c__visibility_control.h
[11.156s] -- Symlinking: /home/alberto/tfg/Reconocimiento-y-sintesis-visual-Tiago/workspace/install/play_motion2_msgs/include/play_motion2_msgs/play_motion2_msgs/srv/detail/add_motion__rosidl_typesupport_introspection_c.h
[11.163s] -- Symlinking: /home/alberto/tfg/Reconocimiento-y-sintesis-visual-Tiago/workspace/install/play_motion2_msgs/include/play_motion2_msgs/play_motion2_msgs/srv/detail/get_motion_info__rosidl_typesupport_introspection_c.h
[11.170s] -- Symlinking: /home/alberto/tfg/Reconocimiento-y-sintesis-visual-Tiago/workspace/install/play_motion2_msgs/include/play_motion2_msgs/play_motion2_msgs/srv/detail/is_joint_list_ready__rosidl_typesupport_introspection_c.h
[11.178s] -- Symlinking: /home/alberto/tfg/Reconocimiento-y-sintesis-visual-Tiago/workspace/install/play_motion2_msgs/include/play_motion2_msgs/play_motion2_msgs/srv/detail/is_motion_ready__rosidl_typesupport_introspection_c.h
[11.186s] -- Symlinking: /home/alberto/tfg/Reconocimiento-y-sintesis-visual-Tiago/workspace/install/play_motion2_msgs/include/play_motion2_msgs/play_motion2_msgs/srv/detail/list_motions__rosidl_typesupport_introspection_c.h
[11.193s] -- Symlinking: /home/alberto/tfg/Reconocimiento-y-sintesis-visual-Tiago/workspace/install/play_motion2_msgs/include/play_motion2_msgs/play_motion2_msgs/srv/detail/remove_motion__rosidl_typesupport_introspection_c.h
[11.200s] -- Symlinking: /home/alberto/tfg/Reconocimiento-y-sintesis-visual-Tiago/workspace/install/play_motion2_msgs/include/play_motion2_msgs/play_motion2_msgs/srv/detail/save_motion__rosidl_typesupport_introspection_c.h
[11.208s] -- Symlinking: /home/alberto/tfg/Reconocimiento-y-sintesis-visual-Tiago/workspace/install/play_motion2_msgs/include/play_motion2_msgs/play_motion2_msgs/action/detail/play_motion2__rosidl_typesupport_introspection_cpp.hpp
[11.216s] -- Symlinking: /home/alberto/tfg/Reconocimiento-y-sintesis-visual-Tiago/workspace/install/play_motion2_msgs/include/play_motion2_msgs/play_motion2_msgs/action/detail/play_motion2_raw__rosidl_typesupport_introspection_cpp.hpp
[11.224s] -- Symlinking: /home/alberto/tfg/Reconocimiento-y-sintesis-visual-Tiago/workspace/install/play_motion2_msgs/include/play_motion2_msgs/play_motion2_msgs/msg/detail/motion__rosidl_typesupport_introspection_cpp.hpp
[11.231s] -- Symlinking: /home/alberto/tfg/Reconocimiento-y-sintesis-visual-Tiago/workspace/install/play_motion2_msgs/include/play_motion2_msgs/play_motion2_msgs/srv/detail/add_motion__rosidl_typesupport_introspection_cpp.hpp
[11.238s] -- Symlinking: /home/alberto/tfg/Reconocimiento-y-sintesis-visual-Tiago/workspace/install/play_motion2_msgs/include/play_motion2_msgs/play_motion2_msgs/srv/detail/get_motion_info__rosidl_typesupport_introspection_cpp.hpp
[11.246s] -- Symlinking: /home/alberto/tfg/Reconocimiento-y-sintesis-visual-Tiago/workspace/install/play_motion2_msgs/include/play_motion2_msgs/play_motion2_msgs/srv/detail/is_joint_list_ready__rosidl_typesupport_introspection_cpp.hpp
[11.253s] -- Symlinking: /home/alberto/tfg/Reconocimiento-y-sintesis-visual-Tiago/workspace/install/play_motion2_msgs/include/play_motion2_msgs/play_motion2_msgs/srv/detail/is_motion_ready__rosidl_typesupport_introspection_cpp.hpp
[11.260s] -- Symlinking: /home/alberto/tfg/Reconocimiento-y-sintesis-visual-Tiago/workspace/install/play_motion2_msgs/include/play_motion2_msgs/play_motion2_msgs/srv/detail/list_motions__rosidl_typesupport_introspection_cpp.hpp
[11.268s] -- Symlinking: /home/alberto/tfg/Reconocimiento-y-sintesis-visual-Tiago/workspace/install/play_motion2_msgs/include/play_motion2_msgs/play_motion2_msgs/srv/detail/remove_motion__rosidl_typesupport_introspection_cpp.hpp
[11.275s] -- Symlinking: /home/alberto/tfg/Reconocimiento-y-sintesis-visual-Tiago/workspace/install/play_motion2_msgs/include/play_motion2_msgs/play_motion2_msgs/srv/detail/save_motion__rosidl_typesupport_introspection_cpp.hpp
[11.283s] -- Symlinking: /home/alberto/tfg/Reconocimiento-y-sintesis-visual-Tiago/workspace/install/play_motion2_msgs/share/play_motion2_msgs/environment/pythonpath.sh
[11.290s] -- Symlinking: /home/alberto/tfg/Reconocimiento-y-sintesis-visual-Tiago/workspace/install/play_motion2_msgs/share/play_motion2_msgs/environment/pythonpath.dsv
[11.297s] -- Symlinking: /home/alberto/tfg/Reconocimiento-y-sintesis-visual-Tiago/workspace/install/play_motion2_msgs/local/lib/python3.10/dist-packages/play_motion2_msgs-1.7.0-py3.10.egg-info/PKG-INFO
[11.304s] -- Symlinking: /home/alberto/tfg/Reconocimiento-y-sintesis-visual-Tiago/workspace/install/play_motion2_msgs/local/lib/python3.10/dist-packages/play_motion2_msgs-1.7.0-py3.10.egg-info/SOURCES.txt
[11.312s] -- Symlinking: /home/alberto/tfg/Reconocimiento-y-sintesis-visual-Tiago/workspace/install/play_motion2_msgs/local/lib/python3.10/dist-packages/play_motion2_msgs-1.7.0-py3.10.egg-info/dependency_links.txt
[11.319s] -- Symlinking: /home/alberto/tfg/Reconocimiento-y-sintesis-visual-Tiago/workspace/install/play_motion2_msgs/local/lib/python3.10/dist-packages/play_motion2_msgs-1.7.0-py3.10.egg-info/top_level.txt
[11.328s] -- Symlinking: /home/alberto/tfg/Reconocimiento-y-sintesis-visual-Tiago/workspace/install/play_motion2_msgs/local/lib/python3.10/dist-packages/play_motion2_msgs/__init__.py
[11.335s] -- Symlinking: /home/alberto/tfg/Reconocimiento-y-sintesis-visual-Tiago/workspace/install/play_motion2_msgs/local/lib/python3.10/dist-packages/play_motion2_msgs/_play_motion2_msgs_s.ep.rosidl_typesupport_c.c
[11.342s] -- Symlinking: /home/alberto/tfg/Reconocimiento-y-sintesis-visual-Tiago/workspace/install/play_motion2_msgs/local/lib/python3.10/dist-packages/play_motion2_msgs/_play_motion2_msgs_s.ep.rosidl_typesupport_fastrtps_c.c
[11.350s] -- Symlinking: /home/alberto/tfg/Reconocimiento-y-sintesis-visual-Tiago/workspace/install/play_motion2_msgs/local/lib/python3.10/dist-packages/play_motion2_msgs/_play_motion2_msgs_s.ep.rosidl_typesupport_introspection_c.c
[11.357s] -- Symlinking: /home/alberto/tfg/Reconocimiento-y-sintesis-visual-Tiago/workspace/install/play_motion2_msgs/local/lib/python3.10/dist-packages/play_motion2_msgs/action/__init__.py
[11.364s] -- Symlinking: /home/alberto/tfg/Reconocimiento-y-sintesis-visual-Tiago/workspace/install/play_motion2_msgs/local/lib/python3.10/dist-packages/play_motion2_msgs/action/_play_motion2.py
[11.372s] -- Symlinking: /home/alberto/tfg/Reconocimiento-y-sintesis-visual-Tiago/workspace/install/play_motion2_msgs/local/lib/python3.10/dist-packages/play_motion2_msgs/action/_play_motion2_raw.py
[11.379s] -- Symlinking: /home/alberto/tfg/Reconocimiento-y-sintesis-visual-Tiago/workspace/install/play_motion2_msgs/local/lib/python3.10/dist-packages/play_motion2_msgs/action/_play_motion2_raw_s.c
[11.387s] -- Symlinking: /home/alberto/tfg/Reconocimiento-y-sintesis-visual-Tiago/workspace/install/play_motion2_msgs/local/lib/python3.10/dist-packages/play_motion2_msgs/action/_play_motion2_s.c
[11.394s] -- Symlinking: /home/alberto/tfg/Reconocimiento-y-sintesis-visual-Tiago/workspace/install/play_motion2_msgs/local/lib/python3.10/dist-packages/play_motion2_msgs/libplay_motion2_msgs__rosidl_generator_py.so
[11.401s] -- Symlinking: /home/alberto/tfg/Reconocimiento-y-sintesis-visual-Tiago/workspace/install/play_motion2_msgs/local/lib/python3.10/dist-packages/play_motion2_msgs/msg/__init__.py
[11.409s] -- Symlinking: /home/alberto/tfg/Reconocimiento-y-sintesis-visual-Tiago/workspace/install/play_motion2_msgs/local/lib/python3.10/dist-packages/play_motion2_msgs/msg/_motion.py
[11.416s] -- Symlinking: /home/alberto/tfg/Reconocimiento-y-sintesis-visual-Tiago/workspace/install/play_motion2_msgs/local/lib/python3.10/dist-packages/play_motion2_msgs/msg/_motion_s.c
[11.423s] -- Symlinking: /home/alberto/tfg/Reconocimiento-y-sintesis-visual-Tiago/workspace/install/play_motion2_msgs/local/lib/python3.10/dist-packages/play_motion2_msgs/play_motion2_msgs_s__rosidl_typesupport_c.cpython-310-x86_64-linux-gnu.so
[11.431s] -- Symlinking: /home/alberto/tfg/Reconocimiento-y-sintesis-visual-Tiago/workspace/install/play_motion2_msgs/local/lib/python3.10/dist-packages/play_motion2_msgs/play_motion2_msgs_s__rosidl_typesupport_fastrtps_c.cpython-310-x86_64-linux-gnu.so
[11.438s] -- Symlinking: /home/alberto/tfg/Reconocimiento-y-sintesis-visual-Tiago/workspace/install/play_motion2_msgs/local/lib/python3.10/dist-packages/play_motion2_msgs/play_motion2_msgs_s__rosidl_typesupport_introspection_c.cpython-310-x86_64-linux-gnu.so
[11.445s] -- Symlinking: /home/alberto/tfg/Reconocimiento-y-sintesis-visual-Tiago/workspace/install/play_motion2_msgs/local/lib/python3.10/dist-packages/play_motion2_msgs/srv/__init__.py
[11.453s] -- Symlinking: /home/alberto/tfg/Reconocimiento-y-sintesis-visual-Tiago/workspace/install/play_motion2_msgs/local/lib/python3.10/dist-packages/play_motion2_msgs/srv/_add_motion.py
[11.461s] -- Symlinking: /home/alberto/tfg/Reconocimiento-y-sintesis-visual-Tiago/workspace/install/play_motion2_msgs/local/lib/python3.10/dist-packages/play_motion2_msgs/srv/_add_motion_s.c
[11.468s] -- Symlinking: /home/alberto/tfg/Reconocimiento-y-sintesis-visual-Tiago/workspace/install/play_motion2_msgs/local/lib/python3.10/dist-packages/play_motion2_msgs/srv/_get_motion_info.py
[11.475s] -- Symlinking: /home/alberto/tfg/Reconocimiento-y-sintesis-visual-Tiago/workspace/install/play_motion2_msgs/local/lib/python3.10/dist-packages/play_motion2_msgs/srv/_get_motion_info_s.c
[11.483s] -- Symlinking: /home/alberto/tfg/Reconocimiento-y-sintesis-visual-Tiago/workspace/install/play_motion2_msgs/local/lib/python3.10/dist-packages/play_motion2_msgs/srv/_is_joint_list_ready.py
[11.491s] -- Symlinking: /home/alberto/tfg/Reconocimiento-y-sintesis-visual-Tiago/workspace/install/play_motion2_msgs/local/lib/python3.10/dist-packages/play_motion2_msgs/srv/_is_joint_list_ready_s.c
[11.498s] -- Symlinking: /home/alberto/tfg/Reconocimiento-y-sintesis-visual-Tiago/workspace/install/play_motion2_msgs/local/lib/python3.10/dist-packages/play_motion2_msgs/srv/_is_motion_ready.py
[11.506s] -- Symlinking: /home/alberto/tfg/Reconocimiento-y-sintesis-visual-Tiago/workspace/install/play_motion2_msgs/local/lib/python3.10/dist-packages/play_motion2_msgs/srv/_is_motion_ready_s.c
[11.513s] -- Symlinking: /home/alberto/tfg/Reconocimiento-y-sintesis-visual-Tiago/workspace/install/play_motion2_msgs/local/lib/python3.10/dist-packages/play_motion2_msgs/srv/_list_motions.py
[11.521s] -- Symlinking: /home/alberto/tfg/Reconocimiento-y-sintesis-visual-Tiago/workspace/install/play_motion2_msgs/local/lib/python3.10/dist-packages/play_motion2_msgs/srv/_list_motions_s.c
[11.529s] -- Symlinking: /home/alberto/tfg/Reconocimiento-y-sintesis-visual-Tiago/workspace/install/play_motion2_msgs/local/lib/python3.10/dist-packages/play_motion2_msgs/srv/_remove_motion.py
[11.536s] -- Symlinking: /home/alberto/tfg/Reconocimiento-y-sintesis-visual-Tiago/workspace/install/play_motion2_msgs/local/lib/python3.10/dist-packages/play_motion2_msgs/srv/_remove_motion_s.c
[11.543s] -- Symlinking: /home/alberto/tfg/Reconocimiento-y-sintesis-visual-Tiago/workspace/install/play_motion2_msgs/local/lib/python3.10/dist-packages/play_motion2_msgs/srv/_save_motion.py
[11.551s] -- Symlinking: /home/alberto/tfg/Reconocimiento-y-sintesis-visual-Tiago/workspace/install/play_motion2_msgs/local/lib/python3.10/dist-packages/play_motion2_msgs/srv/_save_motion_s.c
[11.558s] -- Up-to-date symlink: /home/alberto/tfg/Reconocimiento-y-sintesis-visual-Tiago/workspace/install/play_motion2_msgs/local/lib/python3.10/dist-packages/play_motion2_msgs/play_motion2_msgs_s__rosidl_typesupport_fastrtps_c.cpython-310-x86_64-linux-gnu.so
[11.559s] -- Up-to-date symlink: /home/alberto/tfg/Reconocimiento-y-sintesis-visual-Tiago/workspace/install/play_motion2_msgs/local/lib/python3.10/dist-packages/play_motion2_msgs/play_motion2_msgs_s__rosidl_typesupport_introspection_c.cpython-310-x86_64-linux-gnu.so
[11.559s] -- Up-to-date symlink: /home/alberto/tfg/Reconocimiento-y-sintesis-visual-Tiago/workspace/install/play_motion2_msgs/local/lib/python3.10/dist-packages/play_motion2_msgs/play_motion2_msgs_s__rosidl_typesupport_c.cpython-310-x86_64-linux-gnu.so
[11.559s] -- Symlinking: /home/alberto/tfg/Reconocimiento-y-sintesis-visual-Tiago/workspace/install/play_motion2_msgs/share/play_motion2_msgs/msg/Motion.idl
[11.567s] -- Symlinking: /home/alberto/tfg/Reconocimiento-y-sintesis-visual-Tiago/workspace/install/play_motion2_msgs/share/play_motion2_msgs/srv/AddMotion.idl
[11.575s] -- Symlinking: /home/alberto/tfg/Reconocimiento-y-sintesis-visual-Tiago/workspace/install/play_motion2_msgs/share/play_motion2_msgs/srv/GetMotionInfo.idl
[11.582s] -- Symlinking: /home/alberto/tfg/Reconocimiento-y-sintesis-visual-Tiago/workspace/install/play_motion2_msgs/share/play_motion2_msgs/srv/IsMotionReady.idl
[11.590s] -- Symlinking: /home/alberto/tfg/Reconocimiento-y-sintesis-visual-Tiago/workspace/install/play_motion2_msgs/share/play_motion2_msgs/srv/IsJointListReady.idl
[11.598s] -- Symlinking: /home/alberto/tfg/Reconocimiento-y-sintesis-visual-Tiago/workspace/install/play_motion2_msgs/share/play_motion2_msgs/srv/ListMotions.idl
[11.605s] -- Symlinking: /home/alberto/tfg/Reconocimiento-y-sintesis-visual-Tiago/workspace/install/play_motion2_msgs/share/play_motion2_msgs/srv/RemoveMotion.idl
[11.613s] -- Symlinking: /home/alberto/tfg/Reconocimiento-y-sintesis-visual-Tiago/workspace/install/play_motion2_msgs/share/play_motion2_msgs/srv/SaveMotion.idl
[11.621s] -- Symlinking: /home/alberto/tfg/Reconocimiento-y-sintesis-visual-Tiago/workspace/install/play_motion2_msgs/share/play_motion2_msgs/action/PlayMotion2.idl
[11.628s] -- Symlinking: /home/alberto/tfg/Reconocimiento-y-sintesis-visual-Tiago/workspace/install/play_motion2_msgs/share/play_motion2_msgs/action/PlayMotion2Raw.idl
[11.636s] -- Symlinking: /home/alberto/tfg/Reconocimiento-y-sintesis-visual-Tiago/workspace/install/play_motion2_msgs/share/play_motion2_msgs/msg/Motion.msg
[11.644s] -- Symlinking: /home/alberto/tfg/Reconocimiento-y-sintesis-visual-Tiago/workspace/install/play_motion2_msgs/share/play_motion2_msgs/srv/AddMotion.srv
[11.651s] -- Symlinking: /home/alberto/tfg/Reconocimiento-y-sintesis-visual-Tiago/workspace/install/play_motion2_msgs/share/play_motion2_msgs/srv/AddMotion_Request.msg
[11.658s] -- Symlinking: /home/alberto/tfg/Reconocimiento-y-sintesis-visual-Tiago/workspace/install/play_motion2_msgs/share/play_motion2_msgs/srv/AddMotion_Response.msg
[11.666s] -- Symlinking: /home/alberto/tfg/Reconocimiento-y-sintesis-visual-Tiago/workspace/install/play_motion2_msgs/share/play_motion2_msgs/srv/GetMotionInfo.srv
[11.674s] -- Symlinking: /home/alberto/tfg/Reconocimiento-y-sintesis-visual-Tiago/workspace/install/play_motion2_msgs/share/play_motion2_msgs/srv/GetMotionInfo_Request.msg
[11.682s] -- Symlinking: /home/alberto/tfg/Reconocimiento-y-sintesis-visual-Tiago/workspace/install/play_motion2_msgs/share/play_motion2_msgs/srv/GetMotionInfo_Response.msg
[11.690s] -- Symlinking: /home/alberto/tfg/Reconocimiento-y-sintesis-visual-Tiago/workspace/install/play_motion2_msgs/share/play_motion2_msgs/srv/IsMotionReady.srv
[11.698s] -- Symlinking: /home/alberto/tfg/Reconocimiento-y-sintesis-visual-Tiago/workspace/install/play_motion2_msgs/share/play_motion2_msgs/srv/IsMotionReady_Request.msg
[11.706s] -- Symlinking: /home/alberto/tfg/Reconocimiento-y-sintesis-visual-Tiago/workspace/install/play_motion2_msgs/share/play_motion2_msgs/srv/IsMotionReady_Response.msg
[11.713s] -- Symlinking: /home/alberto/tfg/Reconocimiento-y-sintesis-visual-Tiago/workspace/install/play_motion2_msgs/share/play_motion2_msgs/srv/IsJointListReady.srv
[11.721s] -- Symlinking: /home/alberto/tfg/Reconocimiento-y-sintesis-visual-Tiago/workspace/install/play_motion2_msgs/share/play_motion2_msgs/srv/IsJointListReady_Request.msg
[11.728s] -- Symlinking: /home/alberto/tfg/Reconocimiento-y-sintesis-visual-Tiago/workspace/install/play_motion2_msgs/share/play_motion2_msgs/srv/IsJointListReady_Response.msg
[11.735s] -- Symlinking: /home/alberto/tfg/Reconocimiento-y-sintesis-visual-Tiago/workspace/install/play_motion2_msgs/share/play_motion2_msgs/srv/ListMotions.srv
[11.743s] -- Symlinking: /home/alberto/tfg/Reconocimiento-y-sintesis-visual-Tiago/workspace/install/play_motion2_msgs/share/play_motion2_msgs/srv/ListMotions_Request.msg
[11.750s] -- Symlinking: /home/alberto/tfg/Reconocimiento-y-sintesis-visual-Tiago/workspace/install/play_motion2_msgs/share/play_motion2_msgs/srv/ListMotions_Response.msg
[11.757s] -- Symlinking: /home/alberto/tfg/Reconocimiento-y-sintesis-visual-Tiago/workspace/install/play_motion2_msgs/share/play_motion2_msgs/srv/RemoveMotion.srv
[11.765s] -- Symlinking: /home/alberto/tfg/Reconocimiento-y-sintesis-visual-Tiago/workspace/install/play_motion2_msgs/share/play_motion2_msgs/srv/RemoveMotion_Request.msg
[11.772s] -- Symlinking: /home/alberto/tfg/Reconocimiento-y-sintesis-visual-Tiago/workspace/install/play_motion2_msgs/share/play_motion2_msgs/srv/RemoveMotion_Response.msg
[11.780s] -- Symlinking: /home/alberto/tfg/Reconocimiento-y-sintesis-visual-Tiago/workspace/install/play_motion2_msgs/share/play_motion2_msgs/srv/SaveMotion.srv
[11.787s] -- Symlinking: /home/alberto/tfg/Reconocimiento-y-sintesis-visual-Tiago/workspace/install/play_motion2_msgs/share/play_motion2_msgs/srv/SaveMotion_Request.msg
[11.794s] -- Symlinking: /home/alberto/tfg/Reconocimiento-y-sintesis-visual-Tiago/workspace/install/play_motion2_msgs/share/play_motion2_msgs/srv/SaveMotion_Response.msg
[11.802s] -- Symlinking: /home/alberto/tfg/Reconocimiento-y-sintesis-visual-Tiago/workspace/install/play_motion2_msgs/share/play_motion2_msgs/action/PlayMotion2.action
[11.810s] -- Symlinking: /home/alberto/tfg/Reconocimiento-y-sintesis-visual-Tiago/workspace/install/play_motion2_msgs/share/play_motion2_msgs/action/PlayMotion2Raw.action
[11.818s] -- Symlinking: /home/alberto/tfg/Reconocimiento-y-sintesis-visual-Tiago/workspace/install/play_motion2_msgs/share/ament_index/resource_index/package_run_dependencies/play_motion2_msgs
[11.825s] -- Symlinking: /home/alberto/tfg/Reconocimiento-y-sintesis-visual-Tiago/workspace/install/play_motion2_msgs/share/ament_index/resource_index/parent_prefix_path/play_motion2_msgs
[11.833s] -- Symlinking: /home/alberto/tfg/Reconocimiento-y-sintesis-visual-Tiago/workspace/install/play_motion2_msgs/share/play_motion2_msgs/environment/ament_prefix_path.sh
[11.840s] -- Symlinking: /home/alberto/tfg/Reconocimiento-y-sintesis-visual-Tiago/workspace/install/play_motion2_msgs/share/play_motion2_msgs/environment/ament_prefix_path.dsv
[11.847s] -- Symlinking: /home/alberto/tfg/Reconocimiento-y-sintesis-visual-Tiago/workspace/install/play_motion2_msgs/share/play_motion2_msgs/environment/path.sh
[11.855s] -- Symlinking: /home/alberto/tfg/Reconocimiento-y-sintesis-visual-Tiago/workspace/install/play_motion2_msgs/share/play_motion2_msgs/environment/path.dsv
[11.862s] -- Symlinking: /home/alberto/tfg/Reconocimiento-y-sintesis-visual-Tiago/workspace/install/play_motion2_msgs/share/play_motion2_msgs/local_setup.bash
[11.870s] -- Symlinking: /home/alberto/tfg/Reconocimiento-y-sintesis-visual-Tiago/workspace/install/play_motion2_msgs/share/play_motion2_msgs/local_setup.sh
[11.878s] -- Symlinking: /home/alberto/tfg/Reconocimiento-y-sintesis-visual-Tiago/workspace/install/play_motion2_msgs/share/play_motion2_msgs/local_setup.zsh
[11.886s] -- Symlinking: /home/alberto/tfg/Reconocimiento-y-sintesis-visual-Tiago/workspace/install/play_motion2_msgs/share/play_motion2_msgs/local_setup.dsv
[11.893s] -- Symlinking: /home/alberto/tfg/Reconocimiento-y-sintesis-visual-Tiago/workspace/install/play_motion2_msgs/share/play_motion2_msgs/package.dsv
[11.901s] -- Symlinking: /home/alberto/tfg/Reconocimiento-y-sintesis-visual-Tiago/workspace/install/play_motion2_msgs/share/ament_index/resource_index/packages/play_motion2_msgs
[11.909s] -- Symlinking: /home/alberto/tfg/Reconocimiento-y-sintesis-visual-Tiago/workspace/install/play_motion2_msgs/share/play_motion2_msgs/cmake/rosidl_cmake-extras.cmake
[11.916s] -- Symlinking: /home/alberto/tfg/Reconocimiento-y-sintesis-visual-Tiago/workspace/install/play_motion2_msgs/share/play_motion2_msgs/cmake/ament_cmake_export_dependencies-extras.cmake
[11.923s] -- Symlinking: /home/alberto/tfg/Reconocimiento-y-sintesis-visual-Tiago/workspace/install/play_motion2_msgs/share/play_motion2_msgs/cmake/ament_cmake_export_include_directories-extras.cmake
[11.931s] -- Symlinking: /home/alberto/tfg/Reconocimiento-y-sintesis-visual-Tiago/workspace/install/play_motion2_msgs/share/play_motion2_msgs/cmake/ament_cmake_export_libraries-extras.cmake
[11.938s] -- Symlinking: /home/alberto/tfg/Reconocimiento-y-sintesis-visual-Tiago/workspace/install/play_motion2_msgs/share/play_motion2_msgs/cmake/ament_cmake_export_targets-extras.cmake
[11.946s] -- Symlinking: /home/alberto/tfg/Reconocimiento-y-sintesis-visual-Tiago/workspace/install/play_motion2_msgs/share/play_motion2_msgs/cmake/rosidl_cmake_export_typesupport_targets-extras.cmake
[11.953s] -- Symlinking: /home/alberto/tfg/Reconocimiento-y-sintesis-visual-Tiago/workspace/install/play_motion2_msgs/share/play_motion2_msgs/cmake/rosidl_cmake_export_typesupport_libraries-extras.cmake
[11.961s] -- Symlinking: /home/alberto/tfg/Reconocimiento-y-sintesis-visual-Tiago/workspace/install/play_motion2_msgs/share/play_motion2_msgs/cmake/play_motion2_msgsConfig.cmake
[11.968s] -- Symlinking: /home/alberto/tfg/Reconocimiento-y-sintesis-visual-Tiago/workspace/install/play_motion2_msgs/share/play_motion2_msgs/cmake/play_motion2_msgsConfig-version.cmake
[11.975s] -- Symlinking: /home/alberto/tfg/Reconocimiento-y-sintesis-visual-Tiago/workspace/install/play_motion2_msgs/share/play_motion2_msgs/package.xml
[11.983s] -- Installing: /home/alberto/tfg/Reconocimiento-y-sintesis-visual-Tiago/workspace/install/play_motion2_msgs/lib/libplay_motion2_msgs__rosidl_generator_c.so
[11.983s] -- Set runtime path of "/home/alberto/tfg/Reconocimiento-y-sintesis-visual-Tiago/workspace/install/play_motion2_msgs/lib/libplay_motion2_msgs__rosidl_generator_c.so" to ""
[11.984s] -- Installing: /home/alberto/tfg/Reconocimiento-y-sintesis-visual-Tiago/workspace/install/play_motion2_msgs/lib/libplay_motion2_msgs__rosidl_typesupport_fastrtps_c.so
[11.984s] -- Set runtime path of "/home/alberto/tfg/Reconocimiento-y-sintesis-visual-Tiago/workspace/install/play_motion2_msgs/lib/libplay_motion2_msgs__rosidl_typesupport_fastrtps_c.so" to ""
[11.984s] -- Installing: /home/alberto/tfg/Reconocimiento-y-sintesis-visual-Tiago/workspace/install/play_motion2_msgs/lib/libplay_motion2_msgs__rosidl_typesupport_fastrtps_cpp.so
[11.985s] -- Set runtime path of "/home/alberto/tfg/Reconocimiento-y-sintesis-visual-Tiago/workspace/install/play_motion2_msgs/lib/libplay_motion2_msgs__rosidl_typesupport_fastrtps_cpp.so" to ""
[11.985s] -- Installing: /home/alberto/tfg/Reconocimiento-y-sintesis-visual-Tiago/workspace/install/play_motion2_msgs/lib/libplay_motion2_msgs__rosidl_typesupport_introspection_c.so
[11.985s] -- Set runtime path of "/home/alberto/tfg/Reconocimiento-y-sintesis-visual-Tiago/workspace/install/play_motion2_msgs/lib/libplay_motion2_msgs__rosidl_typesupport_introspection_c.so" to ""
[11.986s] -- Installing: /home/alberto/tfg/Reconocimiento-y-sintesis-visual-Tiago/workspace/install/play_motion2_msgs/lib/libplay_motion2_msgs__rosidl_typesupport_c.so
[11.986s] -- Set runtime path of "/home/alberto/tfg/Reconocimiento-y-sintesis-visual-Tiago/workspace/install/play_motion2_msgs/lib/libplay_motion2_msgs__rosidl_typesupport_c.so" to ""
[11.986s] -- Installing: /home/alberto/tfg/Reconocimiento-y-sintesis-visual-Tiago/workspace/install/play_motion2_msgs/lib/libplay_motion2_msgs__rosidl_typesupport_introspection_cpp.so
[11.987s] -- Set runtime path of "/home/alberto/tfg/Reconocimiento-y-sintesis-visual-Tiago/workspace/install/play_motion2_msgs/lib/libplay_motion2_msgs__rosidl_typesupport_introspection_cpp.so" to ""
[11.987s] -- Installing: /home/alberto/tfg/Reconocimiento-y-sintesis-visual-Tiago/workspace/install/play_motion2_msgs/lib/libplay_motion2_msgs__rosidl_typesupport_cpp.so
[11.987s] -- Set runtime path of "/home/alberto/tfg/Reconocimiento-y-sintesis-visual-Tiago/workspace/install/play_motion2_msgs/lib/libplay_motion2_msgs__rosidl_typesupport_cpp.so" to ""
[12.034s] Listing '/home/alberto/tfg/Reconocimiento-y-sintesis-visual-Tiago/workspace/install/play_motion2_msgs/local/lib/python3.10/dist-packages/play_motion2_msgs'...
[12.034s] Compiling '/home/alberto/tfg/Reconocimiento-y-sintesis-visual-Tiago/workspace/install/play_motion2_msgs/local/lib/python3.10/dist-packages/play_motion2_msgs/__init__.py'...
[12.035s] Listing '/home/alberto/tfg/Reconocimiento-y-sintesis-visual-Tiago/workspace/install/play_motion2_msgs/local/lib/python3.10/dist-packages/play_motion2_msgs/action'...
[12.035s] Compiling '/home/alberto/tfg/Reconocimiento-y-sintesis-visual-Tiago/workspace/install/play_motion2_msgs/local/lib/python3.10/dist-packages/play_motion2_msgs/action/__init__.py'...
[12.035s] Compiling '/home/alberto/tfg/Reconocimiento-y-sintesis-visual-Tiago/workspace/install/play_motion2_msgs/local/lib/python3.10/dist-packages/play_motion2_msgs/action/_play_motion2.py'...
[12.035s] Compiling '/home/alberto/tfg/Reconocimiento-y-sintesis-visual-Tiago/workspace/install/play_motion2_msgs/local/lib/python3.10/dist-packages/play_motion2_msgs/action/_play_motion2_raw.py'...
[12.035s] Listing '/home/alberto/tfg/Reconocimiento-y-sintesis-visual-Tiago/workspace/install/play_motion2_msgs/local/lib/python3.10/dist-packages/play_motion2_msgs/msg'...
[12.035s] Compiling '/home/alberto/tfg/Reconocimiento-y-sintesis-visual-Tiago/workspace/install/play_motion2_msgs/local/lib/python3.10/dist-packages/play_motion2_msgs/msg/__init__.py'...
[12.035s] Compiling '/home/alberto/tfg/Reconocimiento-y-sintesis-visual-Tiago/workspace/install/play_motion2_msgs/local/lib/python3.10/dist-packages/play_motion2_msgs/msg/_motion.py'...
[12.035s] Listing '/home/alberto/tfg/Reconocimiento-y-sintesis-visual-Tiago/workspace/install/play_motion2_msgs/local/lib/python3.10/dist-packages/play_motion2_msgs/srv'...
[12.035s] Compiling '/home/alberto/tfg/Reconocimiento-y-sintesis-visual-Tiago/workspace/install/play_motion2_msgs/local/lib/python3.10/dist-packages/play_motion2_msgs/srv/__init__.py'...
[12.035s] Compiling '/home/alberto/tfg/Reconocimiento-y-sintesis-visual-Tiago/workspace/install/play_motion2_msgs/local/lib/python3.10/dist-packages/play_motion2_msgs/srv/_add_motion.py'...
[12.035s] Compiling '/home/alberto/tfg/Reconocimiento-y-sintesis-visual-Tiago/workspace/install/play_motion2_msgs/local/lib/python3.10/dist-packages/play_motion2_msgs/srv/_get_motion_info.py'...
[12.035s] Compiling '/home/alberto/tfg/Reconocimiento-y-sintesis-visual-Tiago/workspace/install/play_motion2_msgs/local/lib/python3.10/dist-packages/play_motion2_msgs/srv/_is_joint_list_ready.py'...
[12.035s] Compiling '/home/alberto/tfg/Reconocimiento-y-sintesis-visual-Tiago/workspace/install/play_motion2_msgs/local/lib/python3.10/dist-packages/play_motion2_msgs/srv/_is_motion_ready.py'...
[12.035s] Compiling '/home/alberto/tfg/Reconocimiento-y-sintesis-visual-Tiago/workspace/install/play_motion2_msgs/local/lib/python3.10/dist-packages/play_motion2_msgs/srv/_list_motions.py'...
[12.035s] Compiling '/home/alberto/tfg/Reconocimiento-y-sintesis-visual-Tiago/workspace/install/play_motion2_msgs/local/lib/python3.10/dist-packages/play_motion2_msgs/srv/_remove_motion.py'...
[12.035s] Compiling '/home/alberto/tfg/Reconocimiento-y-sintesis-visual-Tiago/workspace/install/play_motion2_msgs/local/lib/python3.10/dist-packages/play_motion2_msgs/srv/_save_motion.py'...
[12.038s] -- Installing: /home/alberto/tfg/Reconocimiento-y-sintesis-visual-Tiago/workspace/install/play_motion2_msgs/lib/libplay_motion2_msgs__rosidl_generator_py.so
[12.038s] -- Set runtime path of "/home/alberto/tfg/Reconocimiento-y-sintesis-visual-Tiago/workspace/install/play_motion2_msgs/lib/libplay_motion2_msgs__rosidl_generator_py.so" to ""
[12.039s] -- Installing: /home/alberto/tfg/Reconocimiento-y-sintesis-visual-Tiago/workspace/install/play_motion2_msgs/share/play_motion2_msgs/cmake/export_play_motion2_msgs__rosidl_generator_cExport.cmake
[12.039s] -- Installing: /home/alberto/tfg/Reconocimiento-y-sintesis-visual-Tiago/workspace/install/play_motion2_msgs/share/play_motion2_msgs/cmake/export_play_motion2_msgs__rosidl_generator_cExport-noconfig.cmake
[12.039s] -- Installing: /home/alberto/tfg/Reconocimiento-y-sintesis-visual-Tiago/workspace/install/play_motion2_msgs/share/play_motion2_msgs/cmake/export_play_motion2_msgs__rosidl_typesupport_fastrtps_cExport.cmake
[12.039s] -- Installing: /home/alberto/tfg/Reconocimiento-y-sintesis-visual-Tiago/workspace/install/play_motion2_msgs/share/play_motion2_msgs/cmake/export_play_motion2_msgs__rosidl_typesupport_fastrtps_cExport-noconfig.cmake
[12.039s] -- Installing: /home/alberto/tfg/Reconocimiento-y-sintesis-visual-Tiago/workspace/install/play_motion2_msgs/share/play_motion2_msgs/cmake/export_play_motion2_msgs__rosidl_generator_cppExport.cmake
[12.039s] -- Installing: /home/alberto/tfg/Reconocimiento-y-sintesis-visual-Tiago/workspace/install/play_motion2_msgs/share/play_motion2_msgs/cmake/export_play_motion2_msgs__rosidl_typesupport_fastrtps_cppExport.cmake
[12.039s] -- Installing: /home/alberto/tfg/Reconocimiento-y-sintesis-visual-Tiago/workspace/install/play_motion2_msgs/share/play_motion2_msgs/cmake/export_play_motion2_msgs__rosidl_typesupport_fastrtps_cppExport-noconfig.cmake
[12.040s] -- Installing: /home/alberto/tfg/Reconocimiento-y-sintesis-visual-Tiago/workspace/install/play_motion2_msgs/share/play_motion2_msgs/cmake/play_motion2_msgs__rosidl_typesupport_introspection_cExport.cmake
[12.040s] -- Installing: /home/alberto/tfg/Reconocimiento-y-sintesis-visual-Tiago/workspace/install/play_motion2_msgs/share/play_motion2_msgs/cmake/play_motion2_msgs__rosidl_typesupport_introspection_cExport-noconfig.cmake
[12.040s] -- Installing: /home/alberto/tfg/Reconocimiento-y-sintesis-visual-Tiago/workspace/install/play_motion2_msgs/share/play_motion2_msgs/cmake/play_motion2_msgs__rosidl_typesupport_cExport.cmake
[12.040s] -- Installing: /home/alberto/tfg/Reconocimiento-y-sintesis-visual-Tiago/workspace/install/play_motion2_msgs/share/play_motion2_msgs/cmake/play_motion2_msgs__rosidl_typesupport_cExport-noconfig.cmake
[12.040s] -- Installing: /home/alberto/tfg/Reconocimiento-y-sintesis-visual-Tiago/workspace/install/play_motion2_msgs/share/play_motion2_msgs/cmake/play_motion2_msgs__rosidl_typesupport_introspection_cppExport.cmake
[12.040s] -- Installing: /home/alberto/tfg/Reconocimiento-y-sintesis-visual-Tiago/workspace/install/play_motion2_msgs/share/play_motion2_msgs/cmake/play_motion2_msgs__rosidl_typesupport_introspection_cppExport-noconfig.cmake
[12.040s] -- Installing: /home/alberto/tfg/Reconocimiento-y-sintesis-visual-Tiago/workspace/install/play_motion2_msgs/share/play_motion2_msgs/cmake/play_motion2_msgs__rosidl_typesupport_cppExport.cmake
[12.040s] -- Installing: /home/alberto/tfg/Reconocimiento-y-sintesis-visual-Tiago/workspace/install/play_motion2_msgs/share/play_motion2_msgs/cmake/play_motion2_msgs__rosidl_typesupport_cppExport-noconfig.cmake
[12.041s] -- Installing: /home/alberto/tfg/Reconocimiento-y-sintesis-visual-Tiago/workspace/install/play_motion2_msgs/share/play_motion2_msgs/cmake/export_play_motion2_msgs__rosidl_generator_pyExport.cmake
[12.041s] -- Installing: /home/alberto/tfg/Reconocimiento-y-sintesis-visual-Tiago/workspace/install/play_motion2_msgs/share/play_motion2_msgs/cmake/export_play_motion2_msgs__rosidl_generator_pyExport-noconfig.cmake
[12.043s] Invoked command in '/home/alberto/tfg/Reconocimiento-y-sintesis-visual-Tiago/workspace/build/play_motion2_msgs' returned '0': CMAKE_PREFIX_PATH=${CMAKE_PREFIX_PATH}:/home/alberto/tfg/Reconocimiento-y-sintesis-visual-Tiago/workspace/install/tests:/home/alberto/tfg/Reconocimiento-y-sintesis-visual-Tiago/workspace/install/launch_pal:/opt/ros/humble /usr/bin/cmake --install /home/alberto/tfg/Reconocimiento-y-sintesis-visual-Tiago/workspace/build/play_motion2_msgs
