[0.027s] Invoking command in '/home/alberto/tiago_public_ws/build/pmb2_controller_configuration': AMENT_PREFIX_PATH=/home/alberto/tiago_public_ws/install/launch_pal:${AMENT_PREFIX_PATH} CMAKE_PREFIX_PATH=/opt/ros/humble PYTHONPATH=/home/alberto/tiago_public_ws/build/launch_pal:/home/alberto/tiago_public_ws/install/launch_pal/lib/python3.10/site-packages:${PYTHONPATH} /usr/bin/cmake --build /home/alberto/tiago_public_ws/build/pmb2_controller_configuration -- -j12 -l12
[0.094s] Invoked command in '/home/alberto/tiago_public_ws/build/pmb2_controller_configuration' returned '0': AMENT_PREFIX_PATH=/home/alberto/tiago_public_ws/install/launch_pal:${AMENT_PREFIX_PATH} CMAKE_PREFIX_PATH=/opt/ros/humble PYTHONPATH=/home/alberto/tiago_public_ws/build/launch_pal:/home/alberto/tiago_public_ws/install/launch_pal/lib/python3.10/site-packages:${PYTHONPATH} /usr/bin/cmake --build /home/alberto/tiago_public_ws/build/pmb2_controller_configuration -- -j12 -l12
[0.100s] Invoking command in '/home/alberto/tiago_public_ws/build/pmb2_controller_configuration': AMENT_PREFIX_PATH=/home/alberto/tiago_public_ws/install/launch_pal:${AMENT_PREFIX_PATH} CMAKE_PREFIX_PATH=/opt/ros/humble PYTHONPATH=/home/alberto/tiago_public_ws/build/launch_pal:/home/alberto/tiago_public_ws/install/launch_pal/lib/python3.10/site-packages:${PYTHONPATH} /usr/bin/cmake --install /home/alberto/tiago_public_ws/build/pmb2_controller_configuration
[0.110s] -- Install configuration: ""
[0.111s] -- Execute custom install script
[0.118s] -- Up-to-date symlink: /home/alberto/tiago_public_ws/install/pmb2_controller_configuration/share/pmb2_controller_configuration/config/joint_state_broadcaster.yaml
[0.118s] -- Up-to-date symlink: /home/alberto/tiago_public_ws/install/pmb2_controller_configuration/share/pmb2_controller_configuration/config/mobile_base_controller.yaml
[0.118s] -- Up-to-date symlink: /home/alberto/tiago_public_ws/install/pmb2_controller_configuration/share/pmb2_controller_configuration/config/mobile_base_controller_public_sim.yaml
[0.118s] -- Up-to-date symlink: /home/alberto/tiago_public_ws/install/pmb2_controller_configuration/share/pmb2_controller_configuration/launch/default_controllers.launch.py
[0.118s] -- Up-to-date symlink: /home/alberto/tiago_public_ws/install/pmb2_controller_configuration/share/pmb2_controller_configuration/launch/mobile_base_controller.launch.py
[0.120s] -- Up-to-date symlink: /home/alberto/tiago_public_ws/install/pmb2_controller_configuration/share/ament_index/resource_index/package_run_dependencies/pmb2_controller_configuration
[0.121s] -- Up-to-date symlink: /home/alberto/tiago_public_ws/install/pmb2_controller_configuration/share/ament_index/resource_index/parent_prefix_path/pmb2_controller_configuration
[0.121s] -- Up-to-date symlink: /home/alberto/tiago_public_ws/install/pmb2_controller_configuration/share/pmb2_controller_configuration/environment/ament_prefix_path.sh
[0.122s] -- Up-to-date symlink: /home/alberto/tiago_public_ws/install/pmb2_controller_configuration/share/pmb2_controller_configuration/environment/ament_prefix_path.dsv
[0.122s] -- Up-to-date symlink: /home/alberto/tiago_public_ws/install/pmb2_controller_configuration/share/pmb2_controller_configuration/environment/path.sh
[0.122s] -- Up-to-date symlink: /home/alberto/tiago_public_ws/install/pmb2_controller_configuration/share/pmb2_controller_configuration/environment/path.dsv
[0.123s] -- Up-to-date symlink: /home/alberto/tiago_public_ws/install/pmb2_controller_configuration/share/pmb2_controller_configuration/local_setup.bash
[0.123s] -- Up-to-date symlink: /home/alberto/tiago_public_ws/install/pmb2_controller_configuration/share/pmb2_controller_configuration/local_setup.sh
[0.124s] -- Up-to-date symlink: /home/alberto/tiago_public_ws/install/pmb2_controller_configuration/share/pmb2_controller_configuration/local_setup.zsh
[0.124s] -- Up-to-date symlink: /home/alberto/tiago_public_ws/install/pmb2_controller_configuration/share/pmb2_controller_configuration/local_setup.dsv
[0.124s] -- Symlinking: /home/alberto/tiago_public_ws/install/pmb2_controller_configuration/share/pmb2_controller_configuration/package.dsv
[0.134s] -- Up-to-date symlink: /home/alberto/tiago_public_ws/install/pmb2_controller_configuration/share/ament_index/resource_index/packages/pmb2_controller_configuration
[0.136s] -- Up-to-date symlink: /home/alberto/tiago_public_ws/install/pmb2_controller_configuration/share/pmb2_controller_configuration/cmake/pmb2_controller_configurationConfig.cmake
[0.136s] -- Up-to-date symlink: /home/alberto/tiago_public_ws/install/pmb2_controller_configuration/share/pmb2_controller_configuration/cmake/pmb2_controller_configurationConfig-version.cmake
[0.137s] -- Up-to-date symlink: /home/alberto/tiago_public_ws/install/pmb2_controller_configuration/share/pmb2_controller_configuration/package.xml
[0.162s] Invoked command in '/home/alberto/tiago_public_ws/build/pmb2_controller_configuration' returned '0': AMENT_PREFIX_PATH=/home/alberto/tiago_public_ws/install/launch_pal:${AMENT_PREFIX_PATH} CMAKE_PREFIX_PATH=/opt/ros/humble PYTHONPATH=/home/alberto/tiago_public_ws/build/launch_pal:/home/alberto/tiago_public_ws/install/launch_pal/lib/python3.10/site-packages:${PYTHONPATH} /usr/bin/cmake --install /home/alberto/tiago_public_ws/build/pmb2_controller_configuration
