[0.018s] Invoking command in '/home/alberto/tiago_public_ws/build/pal_gripper': AMENT_PREFIX_PATH=/home/alberto/tiago_public_ws/install/pal_gripper_description:/home/alberto/tiago_public_ws/install/urdf_test:/home/alberto/tiago_public_ws/install/pal_urdf_utils:/home/alberto/tiago_public_ws/install/pal_gripper_controller_configuration:${AMENT_PREFIX_PATH} CMAKE_PREFIX_PATH=/home/alberto/tiago_public_ws/install/pal_gripper_description:/home/alberto/tiago_public_ws/install/urdf_test:/home/alberto/tiago_public_ws/install/pal_urdf_utils:/home/alberto/tiago_public_ws/install/pal_gripper_controller_configuration:/opt/ros/humble PYTHONPATH=/home/alberto/tiago_public_ws/install/urdf_test/local/lib/python3.10/dist-packages:${PYTHONPATH} /usr/bin/cmake --build /home/alberto/tiago_public_ws/build/pal_gripper -- -j12 -l12
[0.100s] Invoked command in '/home/alberto/tiago_public_ws/build/pal_gripper' returned '0': AMENT_PREFIX_PATH=/home/alberto/tiago_public_ws/install/pal_gripper_description:/home/alberto/tiago_public_ws/install/urdf_test:/home/alberto/tiago_public_ws/install/pal_urdf_utils:/home/alberto/tiago_public_ws/install/pal_gripper_controller_configuration:${AMENT_PREFIX_PATH} CMAKE_PREFIX_PATH=/home/alberto/tiago_public_ws/install/pal_gripper_description:/home/alberto/tiago_public_ws/install/urdf_test:/home/alberto/tiago_public_ws/install/pal_urdf_utils:/home/alberto/tiago_public_ws/install/pal_gripper_controller_configuration:/opt/ros/humble PYTHONPATH=/home/alberto/tiago_public_ws/install/urdf_test/local/lib/python3.10/dist-packages:${PYTHONPATH} /usr/bin/cmake --build /home/alberto/tiago_public_ws/build/pal_gripper -- -j12 -l12
[0.100s] Invoking command in '/home/alberto/tiago_public_ws/build/pal_gripper': AMENT_PREFIX_PATH=/home/alberto/tiago_public_ws/install/pal_gripper_description:/home/alberto/tiago_public_ws/install/urdf_test:/home/alberto/tiago_public_ws/install/pal_urdf_utils:/home/alberto/tiago_public_ws/install/pal_gripper_controller_configuration:${AMENT_PREFIX_PATH} CMAKE_PREFIX_PATH=/home/alberto/tiago_public_ws/install/pal_gripper_description:/home/alberto/tiago_public_ws/install/urdf_test:/home/alberto/tiago_public_ws/install/pal_urdf_utils:/home/alberto/tiago_public_ws/install/pal_gripper_controller_configuration:/opt/ros/humble PYTHONPATH=/home/alberto/tiago_public_ws/install/urdf_test/local/lib/python3.10/dist-packages:${PYTHONPATH} /usr/bin/cmake --install /home/alberto/tiago_public_ws/build/pal_gripper
[0.111s] -- Install configuration: ""
[0.111s] -- Execute custom install script
[0.112s] -- Up-to-date symlink: /home/alberto/tiago_public_ws/install/pal_gripper/share/ament_index/resource_index/package_run_dependencies/pal_gripper
[0.113s] -- Up-to-date symlink: /home/alberto/tiago_public_ws/install/pal_gripper/share/ament_index/resource_index/parent_prefix_path/pal_gripper
[0.114s] -- Up-to-date symlink: /home/alberto/tiago_public_ws/install/pal_gripper/share/pal_gripper/environment/ament_prefix_path.sh
[0.115s] -- Up-to-date symlink: /home/alberto/tiago_public_ws/install/pal_gripper/share/pal_gripper/environment/ament_prefix_path.dsv
[0.115s] -- Up-to-date symlink: /home/alberto/tiago_public_ws/install/pal_gripper/share/pal_gripper/environment/path.sh
[0.116s] -- Up-to-date symlink: /home/alberto/tiago_public_ws/install/pal_gripper/share/pal_gripper/environment/path.dsv
[0.116s] -- Up-to-date symlink: /home/alberto/tiago_public_ws/install/pal_gripper/share/pal_gripper/local_setup.bash
[0.117s] -- Up-to-date symlink: /home/alberto/tiago_public_ws/install/pal_gripper/share/pal_gripper/local_setup.sh
[0.117s] -- Up-to-date symlink: /home/alberto/tiago_public_ws/install/pal_gripper/share/pal_gripper/local_setup.zsh
[0.119s] -- Up-to-date symlink: /home/alberto/tiago_public_ws/install/pal_gripper/share/pal_gripper/local_setup.dsv
[0.119s] -- Symlinking: /home/alberto/tiago_public_ws/install/pal_gripper/share/pal_gripper/package.dsv
[0.131s] -- Up-to-date symlink: /home/alberto/tiago_public_ws/install/pal_gripper/share/ament_index/resource_index/packages/pal_gripper
[0.132s] -- Up-to-date symlink: /home/alberto/tiago_public_ws/install/pal_gripper/share/pal_gripper/cmake/pal_gripperConfig.cmake
[0.132s] -- Up-to-date symlink: /home/alberto/tiago_public_ws/install/pal_gripper/share/pal_gripper/cmake/pal_gripperConfig-version.cmake
[0.134s] -- Up-to-date symlink: /home/alberto/tiago_public_ws/install/pal_gripper/share/pal_gripper/package.xml
[0.145s] Invoked command in '/home/alberto/tiago_public_ws/build/pal_gripper' returned '0': AMENT_PREFIX_PATH=/home/alberto/tiago_public_ws/install/pal_gripper_description:/home/alberto/tiago_public_ws/install/urdf_test:/home/alberto/tiago_public_ws/install/pal_urdf_utils:/home/alberto/tiago_public_ws/install/pal_gripper_controller_configuration:${AMENT_PREFIX_PATH} CMAKE_PREFIX_PATH=/home/alberto/tiago_public_ws/install/pal_gripper_description:/home/alberto/tiago_public_ws/install/urdf_test:/home/alberto/tiago_public_ws/install/pal_urdf_utils:/home/alberto/tiago_public_ws/install/pal_gripper_controller_configuration:/opt/ros/humble PYTHONPATH=/home/alberto/tiago_public_ws/install/urdf_test/local/lib/python3.10/dist-packages:${PYTHONPATH} /usr/bin/cmake --install /home/alberto/tiago_public_ws/build/pal_gripper
