[0.040s] Invoking command in '/home/alberto/tiago_public_ws/build/tiago_controller_configuration': AMENT_PREFIX_PATH=/home/alberto/tiago_public_ws/install/pmb2_controller_configuration:/home/alberto/tiago_public_ws/install/pal_robotiq_controller_configuration:/home/alberto/tiago_public_ws/install/pal_hey5_controller_configuration:/home/alberto/tiago_public_ws/install/pal_gripper_controller_configuration:/home/alberto/tiago_public_ws/install/launch_pal:${AMENT_PREFIX_PATH} CMAKE_PREFIX_PATH=/home/alberto/tiago_public_ws/install/pmb2_controller_configuration:/home/alberto/tiago_public_ws/install/pal_robotiq_controller_configuration:/home/alberto/tiago_public_ws/install/pal_hey5_controller_configuration:/home/alberto/tiago_public_ws/install/pal_gripper_controller_configuration:/opt/ros/humble PYTHONPATH=/home/alberto/tiago_public_ws/build/launch_pal:/home/alberto/tiago_public_ws/install/launch_pal/lib/python3.10/site-packages:${PYTHONPATH} /usr/bin/cmake /home/alberto/tiago_public_ws/src/tiago_robot/tiago_controller_configuration -DAMENT_CMAKE_SYMLINK_INSTALL=1 -DCMAKE_INSTALL_PREFIX=/home/alberto/tiago_public_ws/install/tiago_controller_configuration
[0.123s] -- The C compiler identification is GNU 11.4.0
[0.245s] -- The CXX compiler identification is GNU 11.4.0
[0.254s] -- Detecting C compiler ABI info
[0.384s] -- Detecting C compiler ABI info - done
[0.402s] -- Check for working C compiler: /usr/bin/cc - skipped
[0.403s] -- Detecting C compile features
[0.403s] -- Detecting C compile features - done
[0.407s] -- Detecting CXX compiler ABI info
[0.524s] -- Detecting CXX compiler ABI info - done
[0.537s] -- Check for working CXX compiler: /usr/bin/c++ - skipped
[0.537s] -- Detecting CXX compile features
[0.537s] -- Detecting CXX compile features - done
[0.542s] -- Found ament_cmake_auto: 1.3.12 (/opt/ros/humble/share/ament_cmake_auto/cmake)
[0.765s] -- Found Python3: /usr/bin/python3 (found version "3.10.12") found components: Interpreter 
[0.859s] -- Override CMake install command with custom implementation using symlinks instead of copying resources
[1.009s] -- Found ament_lint_auto: 0.12.14 (/opt/ros/humble/share/ament_lint_auto/cmake)
[1.043s] -- Added test 'copyright' to check source files copyright and LICENSE
[1.043s] -- Added test 'flake8' to check Python code syntax and style conventions
[1.043s] -- Added test 'lint_cmake' to check CMake code style
[1.043s] -- Added test 'pep257' to check Python code against some of the docstring style conventions in PEP 257
[1.045s] -- Added test 'xmllint' to check XML markup files
[1.047s] -- Configuring done
[1.051s] -- Generating done
[1.054s] -- Build files have been written to: /home/alberto/tiago_public_ws/build/tiago_controller_configuration
[1.065s] Invoked command in '/home/alberto/tiago_public_ws/build/tiago_controller_configuration' returned '0': AMENT_PREFIX_PATH=/home/alberto/tiago_public_ws/install/pmb2_controller_configuration:/home/alberto/tiago_public_ws/install/pal_robotiq_controller_configuration:/home/alberto/tiago_public_ws/install/pal_hey5_controller_configuration:/home/alberto/tiago_public_ws/install/pal_gripper_controller_configuration:/home/alberto/tiago_public_ws/install/launch_pal:${AMENT_PREFIX_PATH} CMAKE_PREFIX_PATH=/home/alberto/tiago_public_ws/install/pmb2_controller_configuration:/home/alberto/tiago_public_ws/install/pal_robotiq_controller_configuration:/home/alberto/tiago_public_ws/install/pal_hey5_controller_configuration:/home/alberto/tiago_public_ws/install/pal_gripper_controller_configuration:/opt/ros/humble PYTHONPATH=/home/alberto/tiago_public_ws/build/launch_pal:/home/alberto/tiago_public_ws/install/launch_pal/lib/python3.10/site-packages:${PYTHONPATH} /usr/bin/cmake /home/alberto/tiago_public_ws/src/tiago_robot/tiago_controller_configuration -DAMENT_CMAKE_SYMLINK_INSTALL=1 -DCMAKE_INSTALL_PREFIX=/home/alberto/tiago_public_ws/install/tiago_controller_configuration
[1.069s] Invoking command in '/home/alberto/tiago_public_ws/build/tiago_controller_configuration': AMENT_PREFIX_PATH=/home/alberto/tiago_public_ws/install/pmb2_controller_configuration:/home/alberto/tiago_public_ws/install/pal_robotiq_controller_configuration:/home/alberto/tiago_public_ws/install/pal_hey5_controller_configuration:/home/alberto/tiago_public_ws/install/pal_gripper_controller_configuration:/home/alberto/tiago_public_ws/install/launch_pal:${AMENT_PREFIX_PATH} CMAKE_PREFIX_PATH=/home/alberto/tiago_public_ws/install/pmb2_controller_configuration:/home/alberto/tiago_public_ws/install/pal_robotiq_controller_configuration:/home/alberto/tiago_public_ws/install/pal_hey5_controller_configuration:/home/alberto/tiago_public_ws/install/pal_gripper_controller_configuration:/opt/ros/humble PYTHONPATH=/home/alberto/tiago_public_ws/build/launch_pal:/home/alberto/tiago_public_ws/install/launch_pal/lib/python3.10/site-packages:${PYTHONPATH} /usr/bin/cmake --build /home/alberto/tiago_public_ws/build/tiago_controller_configuration -- -j8 -l8
[1.134s] Invoked command in '/home/alberto/tiago_public_ws/build/tiago_controller_configuration' returned '0': AMENT_PREFIX_PATH=/home/alberto/tiago_public_ws/install/pmb2_controller_configuration:/home/alberto/tiago_public_ws/install/pal_robotiq_controller_configuration:/home/alberto/tiago_public_ws/install/pal_hey5_controller_configuration:/home/alberto/tiago_public_ws/install/pal_gripper_controller_configuration:/home/alberto/tiago_public_ws/install/launch_pal:${AMENT_PREFIX_PATH} CMAKE_PREFIX_PATH=/home/alberto/tiago_public_ws/install/pmb2_controller_configuration:/home/alberto/tiago_public_ws/install/pal_robotiq_controller_configuration:/home/alberto/tiago_public_ws/install/pal_hey5_controller_configuration:/home/alberto/tiago_public_ws/install/pal_gripper_controller_configuration:/opt/ros/humble PYTHONPATH=/home/alberto/tiago_public_ws/build/launch_pal:/home/alberto/tiago_public_ws/install/launch_pal/lib/python3.10/site-packages:${PYTHONPATH} /usr/bin/cmake --build /home/alberto/tiago_public_ws/build/tiago_controller_configuration -- -j8 -l8
[1.135s] Invoking command in '/home/alberto/tiago_public_ws/build/tiago_controller_configuration': AMENT_PREFIX_PATH=/home/alberto/tiago_public_ws/install/pmb2_controller_configuration:/home/alberto/tiago_public_ws/install/pal_robotiq_controller_configuration:/home/alberto/tiago_public_ws/install/pal_hey5_controller_configuration:/home/alberto/tiago_public_ws/install/pal_gripper_controller_configuration:/home/alberto/tiago_public_ws/install/launch_pal:${AMENT_PREFIX_PATH} CMAKE_PREFIX_PATH=/home/alberto/tiago_public_ws/install/pmb2_controller_configuration:/home/alberto/tiago_public_ws/install/pal_robotiq_controller_configuration:/home/alberto/tiago_public_ws/install/pal_hey5_controller_configuration:/home/alberto/tiago_public_ws/install/pal_gripper_controller_configuration:/opt/ros/humble PYTHONPATH=/home/alberto/tiago_public_ws/build/launch_pal:/home/alberto/tiago_public_ws/install/launch_pal/lib/python3.10/site-packages:${PYTHONPATH} /usr/bin/cmake --install /home/alberto/tiago_public_ws/build/tiago_controller_configuration
[1.362s] -- Install configuration: ""
[1.362s] -- Execute custom install script
[1.362s] -- Symlinking: /home/alberto/tiago_public_ws/install/tiago_controller_configuration/share/tiago_controller_configuration/config/arm_controller.yaml
[1.363s] -- Symlinking: /home/alberto/tiago_public_ws/install/tiago_controller_configuration/share/tiago_controller_configuration/config/ft_sensor_controller.yaml
[1.363s] -- Symlinking: /home/alberto/tiago_public_ws/install/tiago_controller_configuration/share/tiago_controller_configuration/config/gravity_compensation_controller_ilm.yaml
[1.366s] -- Symlinking: /home/alberto/tiago_public_ws/install/tiago_controller_configuration/share/tiago_controller_configuration/config/gravity_compensation_controller_parker.yaml
[1.366s] -- Symlinking: /home/alberto/tiago_public_ws/install/tiago_controller_configuration/share/tiago_controller_configuration/config/head_controller.yaml
[1.366s] -- Symlinking: /home/alberto/tiago_public_ws/install/tiago_controller_configuration/share/tiago_controller_configuration/config/joint_state_broadcaster.yaml
[1.367s] -- Symlinking: /home/alberto/tiago_public_ws/install/tiago_controller_configuration/share/tiago_controller_configuration/config/torso_controller.yaml
[1.367s] -- Symlinking: /home/alberto/tiago_public_ws/install/tiago_controller_configuration/share/tiago_controller_configuration/launch/default_controllers.launch.py
[1.367s] -- Symlinking: /home/alberto/tiago_public_ws/install/tiago_controller_configuration/share/tiago_controller_configuration/launch/gravity_compensation_controller.launch.py
[1.367s] -- Symlinking: /home/alberto/tiago_public_ws/install/tiago_controller_configuration/share/ament_index/resource_index/package_run_dependencies/tiago_controller_configuration
[1.368s] -- Symlinking: /home/alberto/tiago_public_ws/install/tiago_controller_configuration/share/ament_index/resource_index/parent_prefix_path/tiago_controller_configuration
[1.368s] -- Symlinking: /home/alberto/tiago_public_ws/install/tiago_controller_configuration/share/tiago_controller_configuration/environment/ament_prefix_path.sh
[1.368s] -- Symlinking: /home/alberto/tiago_public_ws/install/tiago_controller_configuration/share/tiago_controller_configuration/environment/ament_prefix_path.dsv
[1.368s] -- Symlinking: /home/alberto/tiago_public_ws/install/tiago_controller_configuration/share/tiago_controller_configuration/environment/path.sh
[1.368s] -- Symlinking: /home/alberto/tiago_public_ws/install/tiago_controller_configuration/share/tiago_controller_configuration/environment/path.dsv
[1.368s] -- Symlinking: /home/alberto/tiago_public_ws/install/tiago_controller_configuration/share/tiago_controller_configuration/local_setup.bash
[1.368s] -- Symlinking: /home/alberto/tiago_public_ws/install/tiago_controller_configuration/share/tiago_controller_configuration/local_setup.sh
[1.368s] -- Symlinking: /home/alberto/tiago_public_ws/install/tiago_controller_configuration/share/tiago_controller_configuration/local_setup.zsh
[1.368s] -- Symlinking: /home/alberto/tiago_public_ws/install/tiago_controller_configuration/share/tiago_controller_configuration/local_setup.dsv
[1.382s] -- Symlinking: /home/alberto/tiago_public_ws/install/tiago_controller_configuration/share/tiago_controller_configuration/package.dsv
[1.383s] -- Symlinking: /home/alberto/tiago_public_ws/install/tiago_controller_configuration/share/ament_index/resource_index/packages/tiago_controller_configuration
[1.401s] -- Symlinking: /home/alberto/tiago_public_ws/install/tiago_controller_configuration/share/tiago_controller_configuration/cmake/tiago_controller_configurationConfig.cmake
[1.413s] -- Symlinking: /home/alberto/tiago_public_ws/install/tiago_controller_configuration/share/tiago_controller_configuration/cmake/tiago_controller_configurationConfig-version.cmake
[1.433s] -- Symlinking: /home/alberto/tiago_public_ws/install/tiago_controller_configuration/share/tiago_controller_configuration/package.xml
[1.472s] Invoked command in '/home/alberto/tiago_public_ws/build/tiago_controller_configuration' returned '0': AMENT_PREFIX_PATH=/home/alberto/tiago_public_ws/install/pmb2_controller_configuration:/home/alberto/tiago_public_ws/install/pal_robotiq_controller_configuration:/home/alberto/tiago_public_ws/install/pal_hey5_controller_configuration:/home/alberto/tiago_public_ws/install/pal_gripper_controller_configuration:/home/alberto/tiago_public_ws/install/launch_pal:${AMENT_PREFIX_PATH} CMAKE_PREFIX_PATH=/home/alberto/tiago_public_ws/install/pmb2_controller_configuration:/home/alberto/tiago_public_ws/install/pal_robotiq_controller_configuration:/home/alberto/tiago_public_ws/install/pal_hey5_controller_configuration:/home/alberto/tiago_public_ws/install/pal_gripper_controller_configuration:/opt/ros/humble PYTHONPATH=/home/alberto/tiago_public_ws/build/launch_pal:/home/alberto/tiago_public_ws/install/launch_pal/lib/python3.10/site-packages:${PYTHONPATH} /usr/bin/cmake --install /home/alberto/tiago_public_ws/build/tiago_controller_configuration
