[0.033s] Invoking command in '/home/alberto/tiago_public_ws/build/pmb2_rgbd_sensors': AMENT_PREFIX_PATH=/home/alberto/tiago_public_ws/install/launch_pal:${AMENT_PREFIX_PATH} CMAKE_PREFIX_PATH=/opt/ros/humble PYTHONPATH=/home/alberto/tiago_public_ws/build/launch_pal:/home/alberto/tiago_public_ws/install/launch_pal/lib/python3.10/site-packages:${PYTHONPATH} /usr/bin/cmake --build /home/alberto/tiago_public_ws/build/pmb2_rgbd_sensors -- -j12 -l12
[0.091s] Invoked command in '/home/alberto/tiago_public_ws/build/pmb2_rgbd_sensors' returned '0': AMENT_PREFIX_PATH=/home/alberto/tiago_public_ws/install/launch_pal:${AMENT_PREFIX_PATH} CMAKE_PREFIX_PATH=/opt/ros/humble PYTHONPATH=/home/alberto/tiago_public_ws/build/launch_pal:/home/alberto/tiago_public_ws/install/launch_pal/lib/python3.10/site-packages:${PYTHONPATH} /usr/bin/cmake --build /home/alberto/tiago_public_ws/build/pmb2_rgbd_sensors -- -j12 -l12
[0.096s] Invoking command in '/home/alberto/tiago_public_ws/build/pmb2_rgbd_sensors': AMENT_PREFIX_PATH=/home/alberto/tiago_public_ws/install/launch_pal:${AMENT_PREFIX_PATH} CMAKE_PREFIX_PATH=/opt/ros/humble PYTHONPATH=/home/alberto/tiago_public_ws/build/launch_pal:/home/alberto/tiago_public_ws/install/launch_pal/lib/python3.10/site-packages:${PYTHONPATH} /usr/bin/cmake --install /home/alberto/tiago_public_ws/build/pmb2_rgbd_sensors
[0.113s] -- Install configuration: ""
[0.114s] -- Execute custom install script
[0.117s] -- Up-to-date symlink: /home/alberto/tiago_public_ws/install/pmb2_rgbd_sensors/share/pmb2_rgbd_sensors/config/rgbd_analyzers.yaml
[0.118s] -- Up-to-date symlink: /home/alberto/tiago_public_ws/install/pmb2_rgbd_sensors/share/pmb2_rgbd_sensors/launch/rgbd_cobra_realsense-d435.launch.py
[0.118s] -- Up-to-date symlink: /home/alberto/tiago_public_ws/install/pmb2_rgbd_sensors/share/pmb2_rgbd_sensors/launch/rgbd_cobra_realsense-d435i.launch.py
[0.119s] -- Up-to-date symlink: /home/alberto/tiago_public_ws/install/pmb2_rgbd_sensors/share/pmb2_rgbd_sensors/launch/rgbd_cobra_structure.launch.py
[0.120s] -- Up-to-date symlink: /home/alberto/tiago_public_ws/install/pmb2_rgbd_sensors/share/ament_index/resource_index/package_run_dependencies/pmb2_rgbd_sensors
[0.121s] -- Up-to-date symlink: /home/alberto/tiago_public_ws/install/pmb2_rgbd_sensors/share/ament_index/resource_index/parent_prefix_path/pmb2_rgbd_sensors
[0.122s] -- Up-to-date symlink: /home/alberto/tiago_public_ws/install/pmb2_rgbd_sensors/share/pmb2_rgbd_sensors/environment/ament_prefix_path.sh
[0.122s] -- Up-to-date symlink: /home/alberto/tiago_public_ws/install/pmb2_rgbd_sensors/share/pmb2_rgbd_sensors/environment/ament_prefix_path.dsv
[0.123s] -- Up-to-date symlink: /home/alberto/tiago_public_ws/install/pmb2_rgbd_sensors/share/pmb2_rgbd_sensors/environment/path.sh
[0.123s] -- Up-to-date symlink: /home/alberto/tiago_public_ws/install/pmb2_rgbd_sensors/share/pmb2_rgbd_sensors/environment/path.dsv
[0.125s] -- Up-to-date symlink: /home/alberto/tiago_public_ws/install/pmb2_rgbd_sensors/share/pmb2_rgbd_sensors/local_setup.bash
[0.125s] -- Up-to-date symlink: /home/alberto/tiago_public_ws/install/pmb2_rgbd_sensors/share/pmb2_rgbd_sensors/local_setup.sh
[0.126s] -- Up-to-date symlink: /home/alberto/tiago_public_ws/install/pmb2_rgbd_sensors/share/pmb2_rgbd_sensors/local_setup.zsh
[0.126s] -- Up-to-date symlink: /home/alberto/tiago_public_ws/install/pmb2_rgbd_sensors/share/pmb2_rgbd_sensors/local_setup.dsv
[0.127s] -- Symlinking: /home/alberto/tiago_public_ws/install/pmb2_rgbd_sensors/share/pmb2_rgbd_sensors/package.dsv
[0.137s] -- Up-to-date symlink: /home/alberto/tiago_public_ws/install/pmb2_rgbd_sensors/share/ament_index/resource_index/packages/pmb2_rgbd_sensors
[0.139s] -- Up-to-date symlink: /home/alberto/tiago_public_ws/install/pmb2_rgbd_sensors/share/pmb2_rgbd_sensors/cmake/pmb2_rgbd_sensorsConfig.cmake
[0.139s] -- Up-to-date symlink: /home/alberto/tiago_public_ws/install/pmb2_rgbd_sensors/share/pmb2_rgbd_sensors/cmake/pmb2_rgbd_sensorsConfig-version.cmake
[0.139s] -- Up-to-date symlink: /home/alberto/tiago_public_ws/install/pmb2_rgbd_sensors/share/pmb2_rgbd_sensors/package.xml
[0.174s] Invoked command in '/home/alberto/tiago_public_ws/build/pmb2_rgbd_sensors' returned '0': AMENT_PREFIX_PATH=/home/alberto/tiago_public_ws/install/launch_pal:${AMENT_PREFIX_PATH} CMAKE_PREFIX_PATH=/opt/ros/humble PYTHONPATH=/home/alberto/tiago_public_ws/build/launch_pal:/home/alberto/tiago_public_ws/install/launch_pal/lib/python3.10/site-packages:${PYTHONPATH} /usr/bin/cmake --install /home/alberto/tiago_public_ws/build/pmb2_rgbd_sensors
