[0.072s] Invoking command in '/home/alberto/tiago_public_ws/build/tiago_controller_configuration': AMENT_PREFIX_PATH=/home/alberto/tiago_public_ws/install/pmb2_controller_configuration:/home/alberto/tiago_public_ws/install/pal_robotiq_controller_configuration:/home/alberto/tiago_public_ws/install/pal_hey5_controller_configuration:/home/alberto/tiago_public_ws/install/pal_gripper_controller_configuration:/home/alberto/tiago_public_ws/install/launch_pal:${AMENT_PREFIX_PATH} CMAKE_PREFIX_PATH=/home/alberto/tiago_public_ws/install/pmb2_controller_configuration:/home/alberto/tiago_public_ws/install/pal_robotiq_controller_configuration:/home/alberto/tiago_public_ws/install/pal_hey5_controller_configuration:/home/alberto/tiago_public_ws/install/pal_gripper_controller_configuration:/opt/ros/humble PYTHONPATH=/home/alberto/tiago_public_ws/build/launch_pal:/home/alberto/tiago_public_ws/install/launch_pal/lib/python3.10/site-packages:${PYTHONPATH} /usr/bin/cmake --build /home/alberto/tiago_public_ws/build/tiago_controller_configuration -- -j12 -l12
[0.140s] Invoked command in '/home/alberto/tiago_public_ws/build/tiago_controller_configuration' returned '0': AMENT_PREFIX_PATH=/home/alberto/tiago_public_ws/install/pmb2_controller_configuration:/home/alberto/tiago_public_ws/install/pal_robotiq_controller_configuration:/home/alberto/tiago_public_ws/install/pal_hey5_controller_configuration:/home/alberto/tiago_public_ws/install/pal_gripper_controller_configuration:/home/alberto/tiago_public_ws/install/launch_pal:${AMENT_PREFIX_PATH} CMAKE_PREFIX_PATH=/home/alberto/tiago_public_ws/install/pmb2_controller_configuration:/home/alberto/tiago_public_ws/install/pal_robotiq_controller_configuration:/home/alberto/tiago_public_ws/install/pal_hey5_controller_configuration:/home/alberto/tiago_public_ws/install/pal_gripper_controller_configuration:/opt/ros/humble PYTHONPATH=/home/alberto/tiago_public_ws/build/launch_pal:/home/alberto/tiago_public_ws/install/launch_pal/lib/python3.10/site-packages:${PYTHONPATH} /usr/bin/cmake --build /home/alberto/tiago_public_ws/build/tiago_controller_configuration -- -j12 -l12
[0.143s] Invoking command in '/home/alberto/tiago_public_ws/build/tiago_controller_configuration': AMENT_PREFIX_PATH=/home/alberto/tiago_public_ws/install/pmb2_controller_configuration:/home/alberto/tiago_public_ws/install/pal_robotiq_controller_configuration:/home/alberto/tiago_public_ws/install/pal_hey5_controller_configuration:/home/alberto/tiago_public_ws/install/pal_gripper_controller_configuration:/home/alberto/tiago_public_ws/install/launch_pal:${AMENT_PREFIX_PATH} CMAKE_PREFIX_PATH=/home/alberto/tiago_public_ws/install/pmb2_controller_configuration:/home/alberto/tiago_public_ws/install/pal_robotiq_controller_configuration:/home/alberto/tiago_public_ws/install/pal_hey5_controller_configuration:/home/alberto/tiago_public_ws/install/pal_gripper_controller_configuration:/opt/ros/humble PYTHONPATH=/home/alberto/tiago_public_ws/build/launch_pal:/home/alberto/tiago_public_ws/install/launch_pal/lib/python3.10/site-packages:${PYTHONPATH} /usr/bin/cmake --install /home/alberto/tiago_public_ws/build/tiago_controller_configuration
[0.151s] -- Install configuration: ""
[0.152s] -- Execute custom install script
[0.154s] -- Up-to-date symlink: /home/alberto/tiago_public_ws/install/tiago_controller_configuration/share/tiago_controller_configuration/config/arm_controller.yaml
[0.155s] -- Up-to-date symlink: /home/alberto/tiago_public_ws/install/tiago_controller_configuration/share/tiago_controller_configuration/config/ft_sensor_controller.yaml
[0.155s] -- Up-to-date symlink: /home/alberto/tiago_public_ws/install/tiago_controller_configuration/share/tiago_controller_configuration/config/gravity_compensation_controller_ilm.yaml
[0.155s] -- Up-to-date symlink: /home/alberto/tiago_public_ws/install/tiago_controller_configuration/share/tiago_controller_configuration/config/gravity_compensation_controller_parker.yaml
[0.156s] -- Up-to-date symlink: /home/alberto/tiago_public_ws/install/tiago_controller_configuration/share/tiago_controller_configuration/config/head_controller.yaml
[0.156s] -- Up-to-date symlink: /home/alberto/tiago_public_ws/install/tiago_controller_configuration/share/tiago_controller_configuration/config/joint_state_broadcaster.yaml
[0.156s] -- Up-to-date symlink: /home/alberto/tiago_public_ws/install/tiago_controller_configuration/share/tiago_controller_configuration/config/torso_controller.yaml
[0.157s] -- Up-to-date symlink: /home/alberto/tiago_public_ws/install/tiago_controller_configuration/share/tiago_controller_configuration/launch/default_controllers.launch.py
[0.158s] -- Up-to-date symlink: /home/alberto/tiago_public_ws/install/tiago_controller_configuration/share/tiago_controller_configuration/launch/gravity_compensation_controller.launch.py
[0.158s] -- Up-to-date symlink: /home/alberto/tiago_public_ws/install/tiago_controller_configuration/share/ament_index/resource_index/package_run_dependencies/tiago_controller_configuration
[0.159s] -- Up-to-date symlink: /home/alberto/tiago_public_ws/install/tiago_controller_configuration/share/ament_index/resource_index/parent_prefix_path/tiago_controller_configuration
[0.160s] -- Up-to-date symlink: /home/alberto/tiago_public_ws/install/tiago_controller_configuration/share/tiago_controller_configuration/environment/ament_prefix_path.sh
[0.160s] -- Up-to-date symlink: /home/alberto/tiago_public_ws/install/tiago_controller_configuration/share/tiago_controller_configuration/environment/ament_prefix_path.dsv
[0.160s] -- Up-to-date symlink: /home/alberto/tiago_public_ws/install/tiago_controller_configuration/share/tiago_controller_configuration/environment/path.sh
[0.161s] -- Up-to-date symlink: /home/alberto/tiago_public_ws/install/tiago_controller_configuration/share/tiago_controller_configuration/environment/path.dsv
[0.161s] -- Up-to-date symlink: /home/alberto/tiago_public_ws/install/tiago_controller_configuration/share/tiago_controller_configuration/local_setup.bash
[0.161s] -- Up-to-date symlink: /home/alberto/tiago_public_ws/install/tiago_controller_configuration/share/tiago_controller_configuration/local_setup.sh
[0.162s] -- Up-to-date symlink: /home/alberto/tiago_public_ws/install/tiago_controller_configuration/share/tiago_controller_configuration/local_setup.zsh
[0.162s] -- Up-to-date symlink: /home/alberto/tiago_public_ws/install/tiago_controller_configuration/share/tiago_controller_configuration/local_setup.dsv
[0.162s] -- Symlinking: /home/alberto/tiago_public_ws/install/tiago_controller_configuration/share/tiago_controller_configuration/package.dsv
[0.173s] -- Up-to-date symlink: /home/alberto/tiago_public_ws/install/tiago_controller_configuration/share/ament_index/resource_index/packages/tiago_controller_configuration
[0.174s] -- Up-to-date symlink: /home/alberto/tiago_public_ws/install/tiago_controller_configuration/share/tiago_controller_configuration/cmake/tiago_controller_configurationConfig.cmake
[0.174s] -- Up-to-date symlink: /home/alberto/tiago_public_ws/install/tiago_controller_configuration/share/tiago_controller_configuration/cmake/tiago_controller_configurationConfig-version.cmake
[0.174s] -- Up-to-date symlink: /home/alberto/tiago_public_ws/install/tiago_controller_configuration/share/tiago_controller_configuration/package.xml
[0.201s] Invoked command in '/home/alberto/tiago_public_ws/build/tiago_controller_configuration' returned '0': AMENT_PREFIX_PATH=/home/alberto/tiago_public_ws/install/pmb2_controller_configuration:/home/alberto/tiago_public_ws/install/pal_robotiq_controller_configuration:/home/alberto/tiago_public_ws/install/pal_hey5_controller_configuration:/home/alberto/tiago_public_ws/install/pal_gripper_controller_configuration:/home/alberto/tiago_public_ws/install/launch_pal:${AMENT_PREFIX_PATH} CMAKE_PREFIX_PATH=/home/alberto/tiago_public_ws/install/pmb2_controller_configuration:/home/alberto/tiago_public_ws/install/pal_robotiq_controller_configuration:/home/alberto/tiago_public_ws/install/pal_hey5_controller_configuration:/home/alberto/tiago_public_ws/install/pal_gripper_controller_configuration:/opt/ros/humble PYTHONPATH=/home/alberto/tiago_public_ws/build/launch_pal:/home/alberto/tiago_public_ws/install/launch_pal/lib/python3.10/site-packages:${PYTHONPATH} /usr/bin/cmake --install /home/alberto/tiago_public_ws/build/tiago_controller_configuration
