[0.052s] Invoking command in '/home/alberto/tiago_public_ws/build/tiago_navigation': AMENT_PREFIX_PATH=/home/alberto/tiago_public_ws/install/tiago_2dnav:/home/alberto/tiago_public_ws/install/tiago_laser_sensors:/home/alberto/tiago_public_ws/install/pmb2_2dnav:/home/alberto/tiago_public_ws/install/tiago_rgbd_sensors:/home/alberto/tiago_public_ws/install/pmb2_laser_sensors:/home/alberto/tiago_public_ws/install/launch_pal:${AMENT_PREFIX_PATH} CMAKE_PREFIX_PATH=/home/alberto/tiago_public_ws/install/tiago_2dnav:/home/alberto/tiago_public_ws/install/tiago_laser_sensors:/home/alberto/tiago_public_ws/install/pmb2_2dnav:/home/alberto/tiago_public_ws/install/tiago_rgbd_sensors:/home/alberto/tiago_public_ws/install/pmb2_laser_sensors:/opt/ros/humble PYTHONPATH=/home/alberto/tiago_public_ws/build/launch_pal:/home/alberto/tiago_public_ws/install/launch_pal/lib/python3.10/site-packages:${PYTHONPATH} /usr/bin/cmake --build /home/alberto/tiago_public_ws/build/tiago_navigation -- -j12 -l12
[0.105s] Invoked command in '/home/alberto/tiago_public_ws/build/tiago_navigation' returned '0': AMENT_PREFIX_PATH=/home/alberto/tiago_public_ws/install/tiago_2dnav:/home/alberto/tiago_public_ws/install/tiago_laser_sensors:/home/alberto/tiago_public_ws/install/pmb2_2dnav:/home/alberto/tiago_public_ws/install/tiago_rgbd_sensors:/home/alberto/tiago_public_ws/install/pmb2_laser_sensors:/home/alberto/tiago_public_ws/install/launch_pal:${AMENT_PREFIX_PATH} CMAKE_PREFIX_PATH=/home/alberto/tiago_public_ws/install/tiago_2dnav:/home/alberto/tiago_public_ws/install/tiago_laser_sensors:/home/alberto/tiago_public_ws/install/pmb2_2dnav:/home/alberto/tiago_public_ws/install/tiago_rgbd_sensors:/home/alberto/tiago_public_ws/install/pmb2_laser_sensors:/opt/ros/humble PYTHONPATH=/home/alberto/tiago_public_ws/build/launch_pal:/home/alberto/tiago_public_ws/install/launch_pal/lib/python3.10/site-packages:${PYTHONPATH} /usr/bin/cmake --build /home/alberto/tiago_public_ws/build/tiago_navigation -- -j12 -l12
[0.109s] Invoking command in '/home/alberto/tiago_public_ws/build/tiago_navigation': AMENT_PREFIX_PATH=/home/alberto/tiago_public_ws/install/tiago_2dnav:/home/alberto/tiago_public_ws/install/tiago_laser_sensors:/home/alberto/tiago_public_ws/install/pmb2_2dnav:/home/alberto/tiago_public_ws/install/tiago_rgbd_sensors:/home/alberto/tiago_public_ws/install/pmb2_laser_sensors:/home/alberto/tiago_public_ws/install/launch_pal:${AMENT_PREFIX_PATH} CMAKE_PREFIX_PATH=/home/alberto/tiago_public_ws/install/tiago_2dnav:/home/alberto/tiago_public_ws/install/tiago_laser_sensors:/home/alberto/tiago_public_ws/install/pmb2_2dnav:/home/alberto/tiago_public_ws/install/tiago_rgbd_sensors:/home/alberto/tiago_public_ws/install/pmb2_laser_sensors:/opt/ros/humble PYTHONPATH=/home/alberto/tiago_public_ws/build/launch_pal:/home/alberto/tiago_public_ws/install/launch_pal/lib/python3.10/site-packages:${PYTHONPATH} /usr/bin/cmake --install /home/alberto/tiago_public_ws/build/tiago_navigation
[0.117s] -- Install configuration: ""
[0.118s] -- Execute custom install script
[0.120s] -- Up-to-date symlink: /home/alberto/tiago_public_ws/install/tiago_navigation/share/ament_index/resource_index/package_run_dependencies/tiago_navigation
[0.121s] -- Up-to-date symlink: /home/alberto/tiago_public_ws/install/tiago_navigation/share/ament_index/resource_index/parent_prefix_path/tiago_navigation
[0.121s] -- Up-to-date symlink: /home/alberto/tiago_public_ws/install/tiago_navigation/share/tiago_navigation/environment/ament_prefix_path.sh
[0.122s] -- Up-to-date symlink: /home/alberto/tiago_public_ws/install/tiago_navigation/share/tiago_navigation/environment/ament_prefix_path.dsv
[0.122s] -- Up-to-date symlink: /home/alberto/tiago_public_ws/install/tiago_navigation/share/tiago_navigation/environment/path.sh
[0.123s] -- Up-to-date symlink: /home/alberto/tiago_public_ws/install/tiago_navigation/share/tiago_navigation/environment/path.dsv
[0.123s] -- Up-to-date symlink: /home/alberto/tiago_public_ws/install/tiago_navigation/share/tiago_navigation/local_setup.bash
[0.123s] -- Up-to-date symlink: /home/alberto/tiago_public_ws/install/tiago_navigation/share/tiago_navigation/local_setup.sh
[0.124s] -- Up-to-date symlink: /home/alberto/tiago_public_ws/install/tiago_navigation/share/tiago_navigation/local_setup.zsh
[0.124s] -- Up-to-date symlink: /home/alberto/tiago_public_ws/install/tiago_navigation/share/tiago_navigation/local_setup.dsv
[0.124s] -- Symlinking: /home/alberto/tiago_public_ws/install/tiago_navigation/share/tiago_navigation/package.dsv
[0.140s] -- Up-to-date symlink: /home/alberto/tiago_public_ws/install/tiago_navigation/share/ament_index/resource_index/packages/tiago_navigation
[0.140s] -- Up-to-date symlink: /home/alberto/tiago_public_ws/install/tiago_navigation/share/tiago_navigation/cmake/tiago_navigationConfig.cmake
[0.141s] -- Up-to-date symlink: /home/alberto/tiago_public_ws/install/tiago_navigation/share/tiago_navigation/cmake/tiago_navigationConfig-version.cmake
[0.141s] -- Up-to-date symlink: /home/alberto/tiago_public_ws/install/tiago_navigation/share/tiago_navigation/package.xml
[0.144s] Invoked command in '/home/alberto/tiago_public_ws/build/tiago_navigation' returned '0': AMENT_PREFIX_PATH=/home/alberto/tiago_public_ws/install/tiago_2dnav:/home/alberto/tiago_public_ws/install/tiago_laser_sensors:/home/alberto/tiago_public_ws/install/pmb2_2dnav:/home/alberto/tiago_public_ws/install/tiago_rgbd_sensors:/home/alberto/tiago_public_ws/install/pmb2_laser_sensors:/home/alberto/tiago_public_ws/install/launch_pal:${AMENT_PREFIX_PATH} CMAKE_PREFIX_PATH=/home/alberto/tiago_public_ws/install/tiago_2dnav:/home/alberto/tiago_public_ws/install/tiago_laser_sensors:/home/alberto/tiago_public_ws/install/pmb2_2dnav:/home/alberto/tiago_public_ws/install/tiago_rgbd_sensors:/home/alberto/tiago_public_ws/install/pmb2_laser_sensors:/opt/ros/humble PYTHONPATH=/home/alberto/tiago_public_ws/build/launch_pal:/home/alberto/tiago_public_ws/install/launch_pal/lib/python3.10/site-packages:${PYTHONPATH} /usr/bin/cmake --install /home/alberto/tiago_public_ws/build/tiago_navigation
