[0.270s] Invoking command in '/home/alberto/tfg/Reconocimiento-y-sintesis-visual-Tiago/workspace/build/pal_robotiq_description': CMAKE_PREFIX_PATH=${CMAKE_PREFIX_PATH}:/home/alberto/tfg/Reconocimiento-y-sintesis-visual-Tiago/workspace/install/tests:/home/alberto/tfg/Reconocimiento-y-sintesis-visual-Tiago/workspace/install/launch_pal:/opt/ros/humble /usr/bin/cmake /home/alberto/tfg/Reconocimiento-y-sintesis-visual-Tiago/workspace/src/pal_robotiq_gripper/pal_robotiq_description -DAMENT_CMAKE_SYMLINK_INSTALL=1 -DCMAKE_INSTALL_PREFIX=/home/alberto/tfg/Reconocimiento-y-sintesis-visual-Tiago/workspace/install/pal_robotiq_description
[0.366s] -- The C compiler identification is GNU 11.4.0
[0.468s] -- The CXX compiler identification is GNU 11.4.0
[0.481s] -- Detecting C compiler ABI info
[0.580s] -- Detecting C compiler ABI info - done
[0.591s] -- Check for working C compiler: /usr/bin/cc - skipped
[0.591s] -- Detecting C compile features
[0.593s] -- Detecting C compile features - done
[0.595s] -- Detecting CXX compiler ABI info
[0.722s] -- Detecting CXX compiler ABI info - done
[0.736s] -- Check for working CXX compiler: /usr/bin/c++ - skipped
[0.736s] -- Detecting CXX compile features
[0.736s] -- Detecting CXX compile features - done
[0.741s] -- Found ament_cmake_auto: 1.3.12 (/opt/ros/humble/share/ament_cmake_auto/cmake)
[1.022s] -- Found Python3: /usr/bin/python3 (found version "3.10.12") found components: Interpreter 
[1.128s] -- Override CMake install command with custom implementation using symlinks instead of copying resources
[1.272s] -- Found ament_lint_auto: 0.12.14 (/opt/ros/humble/share/ament_lint_auto/cmake)
[1.312s] -- Added test 'copyright' to check source files copyright and LICENSE
[1.321s] -- Added test 'flake8' to check Python code syntax and style conventions
[1.321s] -- Added test 'lint_cmake' to check CMake code style
[1.324s] -- Added test 'pep257' to check Python code against some of the docstring style conventions in PEP 257
[1.331s] -- Added test 'xmllint' to check XML markup files
[1.333s] -- Configuring done
[1.338s] -- Generating done
[1.341s] -- Build files have been written to: /home/alberto/tfg/Reconocimiento-y-sintesis-visual-Tiago/workspace/build/pal_robotiq_description
[1.367s] Invoked command in '/home/alberto/tfg/Reconocimiento-y-sintesis-visual-Tiago/workspace/build/pal_robotiq_description' returned '0': CMAKE_PREFIX_PATH=${CMAKE_PREFIX_PATH}:/home/alberto/tfg/Reconocimiento-y-sintesis-visual-Tiago/workspace/install/tests:/home/alberto/tfg/Reconocimiento-y-sintesis-visual-Tiago/workspace/install/launch_pal:/opt/ros/humble /usr/bin/cmake /home/alberto/tfg/Reconocimiento-y-sintesis-visual-Tiago/workspace/src/pal_robotiq_gripper/pal_robotiq_description -DAMENT_CMAKE_SYMLINK_INSTALL=1 -DCMAKE_INSTALL_PREFIX=/home/alberto/tfg/Reconocimiento-y-sintesis-visual-Tiago/workspace/install/pal_robotiq_description
[1.372s] Invoking command in '/home/alberto/tfg/Reconocimiento-y-sintesis-visual-Tiago/workspace/build/pal_robotiq_description': CMAKE_PREFIX_PATH=${CMAKE_PREFIX_PATH}:/home/alberto/tfg/Reconocimiento-y-sintesis-visual-Tiago/workspace/install/tests:/home/alberto/tfg/Reconocimiento-y-sintesis-visual-Tiago/workspace/install/launch_pal:/opt/ros/humble /usr/bin/cmake --build /home/alberto/tfg/Reconocimiento-y-sintesis-visual-Tiago/workspace/build/pal_robotiq_description -- -j16 -l16
[1.423s] Invoked command in '/home/alberto/tfg/Reconocimiento-y-sintesis-visual-Tiago/workspace/build/pal_robotiq_description' returned '0': CMAKE_PREFIX_PATH=${CMAKE_PREFIX_PATH}:/home/alberto/tfg/Reconocimiento-y-sintesis-visual-Tiago/workspace/install/tests:/home/alberto/tfg/Reconocimiento-y-sintesis-visual-Tiago/workspace/install/launch_pal:/opt/ros/humble /usr/bin/cmake --build /home/alberto/tfg/Reconocimiento-y-sintesis-visual-Tiago/workspace/build/pal_robotiq_description -- -j16 -l16
[1.428s] Invoking command in '/home/alberto/tfg/Reconocimiento-y-sintesis-visual-Tiago/workspace/build/pal_robotiq_description': CMAKE_PREFIX_PATH=${CMAKE_PREFIX_PATH}:/home/alberto/tfg/Reconocimiento-y-sintesis-visual-Tiago/workspace/install/tests:/home/alberto/tfg/Reconocimiento-y-sintesis-visual-Tiago/workspace/install/launch_pal:/opt/ros/humble /usr/bin/cmake --install /home/alberto/tfg/Reconocimiento-y-sintesis-visual-Tiago/workspace/build/pal_robotiq_description
[1.467s] -- Install configuration: ""
[1.468s] -- Execute custom install script
[1.468s] -- Symlinking: /home/alberto/tfg/Reconocimiento-y-sintesis-visual-Tiago/workspace/install/pal_robotiq_description/share/pal_robotiq_description/meshes/collision/robotiq_140_inner_finger.stl
[1.468s] -- Symlinking: /home/alberto/tfg/Reconocimiento-y-sintesis-visual-Tiago/workspace/install/pal_robotiq_description/share/pal_robotiq_description/meshes/collision/robotiq_140_inner_knuckle.stl
[1.476s] -- Symlinking: /home/alberto/tfg/Reconocimiento-y-sintesis-visual-Tiago/workspace/install/pal_robotiq_description/share/pal_robotiq_description/meshes/collision/robotiq_140_outer_finger.stl
[1.497s] -- Symlinking: /home/alberto/tfg/Reconocimiento-y-sintesis-visual-Tiago/workspace/install/pal_robotiq_description/share/pal_robotiq_description/meshes/collision/robotiq_140_outer_knuckle.stl
[1.511s] -- Symlinking: /home/alberto/tfg/Reconocimiento-y-sintesis-visual-Tiago/workspace/install/pal_robotiq_description/share/pal_robotiq_description/meshes/collision/robotiq_85_base_link.stl
[1.524s] -- Symlinking: /home/alberto/tfg/Reconocimiento-y-sintesis-visual-Tiago/workspace/install/pal_robotiq_description/share/pal_robotiq_description/meshes/collision/robotiq_85_inner_finger.dae
[1.536s] -- Symlinking: /home/alberto/tfg/Reconocimiento-y-sintesis-visual-Tiago/workspace/install/pal_robotiq_description/share/pal_robotiq_description/meshes/collision/robotiq_85_inner_knuckle.dae
[1.548s] -- Symlinking: /home/alberto/tfg/Reconocimiento-y-sintesis-visual-Tiago/workspace/install/pal_robotiq_description/share/pal_robotiq_description/meshes/collision/robotiq_85_outer_finger.dae
[1.560s] -- Symlinking: /home/alberto/tfg/Reconocimiento-y-sintesis-visual-Tiago/workspace/install/pal_robotiq_description/share/pal_robotiq_description/meshes/collision/robotiq_85_outer_knuckle.dae
[1.573s] -- Symlinking: /home/alberto/tfg/Reconocimiento-y-sintesis-visual-Tiago/workspace/install/pal_robotiq_description/share/pal_robotiq_description/meshes/collision/robotiq_base_link.stl
[1.588s] -- Symlinking: /home/alberto/tfg/Reconocimiento-y-sintesis-visual-Tiago/workspace/install/pal_robotiq_description/share/pal_robotiq_description/meshes/collision/robotiq_coupling.stl
[1.600s] -- Symlinking: /home/alberto/tfg/Reconocimiento-y-sintesis-visual-Tiago/workspace/install/pal_robotiq_description/share/pal_robotiq_description/meshes/visual/pal_robotiq_coupling.stl
[1.613s] -- Symlinking: /home/alberto/tfg/Reconocimiento-y-sintesis-visual-Tiago/workspace/install/pal_robotiq_description/share/pal_robotiq_description/meshes/visual/robotiq_140_inner_finger.stl
[1.630s] -- Symlinking: /home/alberto/tfg/Reconocimiento-y-sintesis-visual-Tiago/workspace/install/pal_robotiq_description/share/pal_robotiq_description/meshes/visual/robotiq_140_inner_knuckle.stl
[1.641s] -- Symlinking: /home/alberto/tfg/Reconocimiento-y-sintesis-visual-Tiago/workspace/install/pal_robotiq_description/share/pal_robotiq_description/meshes/visual/robotiq_140_outer_finger.stl
[1.650s] -- Symlinking: /home/alberto/tfg/Reconocimiento-y-sintesis-visual-Tiago/workspace/install/pal_robotiq_description/share/pal_robotiq_description/meshes/visual/robotiq_140_outer_knuckle.stl
[1.663s] -- Symlinking: /home/alberto/tfg/Reconocimiento-y-sintesis-visual-Tiago/workspace/install/pal_robotiq_description/share/pal_robotiq_description/meshes/visual/robotiq_85_inner_finger.dae
[1.672s] -- Symlinking: /home/alberto/tfg/Reconocimiento-y-sintesis-visual-Tiago/workspace/install/pal_robotiq_description/share/pal_robotiq_description/meshes/visual/robotiq_85_inner_knuckle.dae
[1.682s] -- Symlinking: /home/alberto/tfg/Reconocimiento-y-sintesis-visual-Tiago/workspace/install/pal_robotiq_description/share/pal_robotiq_description/meshes/visual/robotiq_85_outer_finger.dae
[1.692s] -- Symlinking: /home/alberto/tfg/Reconocimiento-y-sintesis-visual-Tiago/workspace/install/pal_robotiq_description/share/pal_robotiq_description/meshes/visual/robotiq_85_outer_knuckle.dae
[1.703s] -- Symlinking: /home/alberto/tfg/Reconocimiento-y-sintesis-visual-Tiago/workspace/install/pal_robotiq_description/share/pal_robotiq_description/meshes/visual/robotiq_85_pad.dae
[1.712s] -- Symlinking: /home/alberto/tfg/Reconocimiento-y-sintesis-visual-Tiago/workspace/install/pal_robotiq_description/share/pal_robotiq_description/meshes/visual/robotiq_base_link.stl
[1.723s] -- Symlinking: /home/alberto/tfg/Reconocimiento-y-sintesis-visual-Tiago/workspace/install/pal_robotiq_description/share/pal_robotiq_description/meshes/visual/robotiq_coupling.stl
[1.734s] -- Symlinking: /home/alberto/tfg/Reconocimiento-y-sintesis-visual-Tiago/workspace/install/pal_robotiq_description/share/pal_robotiq_description/robots/pal_robotiq_2f_140_gripper.urdf.xacro
[1.744s] -- Symlinking: /home/alberto/tfg/Reconocimiento-y-sintesis-visual-Tiago/workspace/install/pal_robotiq_description/share/pal_robotiq_description/robots/pal_robotiq_2f_85_gripper.urdf.xacro
[1.752s] -- Symlinking: /home/alberto/tfg/Reconocimiento-y-sintesis-visual-Tiago/workspace/install/pal_robotiq_description/share/pal_robotiq_description/robots/pal_robotiq_epick_gripper.urdf.xacro
[1.761s] -- Symlinking: /home/alberto/tfg/Reconocimiento-y-sintesis-visual-Tiago/workspace/install/pal_robotiq_description/share/pal_robotiq_description/urdf/grasping_frames.xacro
[1.772s] -- Symlinking: /home/alberto/tfg/Reconocimiento-y-sintesis-visual-Tiago/workspace/install/pal_robotiq_description/share/pal_robotiq_description/urdf/robotiq.ros2_control.xacro
[1.783s] -- Symlinking: /home/alberto/tfg/Reconocimiento-y-sintesis-visual-Tiago/workspace/install/pal_robotiq_description/share/pal_robotiq_description/urdf/robotiq.transmission.xacro
[1.793s] -- Symlinking: /home/alberto/tfg/Reconocimiento-y-sintesis-visual-Tiago/workspace/install/pal_robotiq_description/share/pal_robotiq_description/urdf/robotiq_140_gripper.urdf.xacro
[1.802s] -- Symlinking: /home/alberto/tfg/Reconocimiento-y-sintesis-visual-Tiago/workspace/install/pal_robotiq_description/share/pal_robotiq_description/urdf/robotiq_85_gripper.urdf.xacro
[1.815s] -- Symlinking: /home/alberto/tfg/Reconocimiento-y-sintesis-visual-Tiago/workspace/install/pal_robotiq_description/share/pal_robotiq_description/launch/robot_state_publisher.launch.py
[1.826s] -- Symlinking: /home/alberto/tfg/Reconocimiento-y-sintesis-visual-Tiago/workspace/install/pal_robotiq_description/share/pal_robotiq_description/launch/show.launch.py
[1.839s] -- Symlinking: /home/alberto/tfg/Reconocimiento-y-sintesis-visual-Tiago/workspace/install/pal_robotiq_description/share/pal_robotiq_description/config/pal_robotiq_urdf.rviz
[1.850s] -- Symlinking: /home/alberto/tfg/Reconocimiento-y-sintesis-visual-Tiago/workspace/install/pal_robotiq_description/share/ament_index/resource_index/package_run_dependencies/pal_robotiq_description
[1.863s] -- Symlinking: /home/alberto/tfg/Reconocimiento-y-sintesis-visual-Tiago/workspace/install/pal_robotiq_description/share/ament_index/resource_index/parent_prefix_path/pal_robotiq_description
[1.874s] -- Symlinking: /home/alberto/tfg/Reconocimiento-y-sintesis-visual-Tiago/workspace/install/pal_robotiq_description/share/pal_robotiq_description/environment/ament_prefix_path.sh
[1.884s] -- Symlinking: /home/alberto/tfg/Reconocimiento-y-sintesis-visual-Tiago/workspace/install/pal_robotiq_description/share/pal_robotiq_description/environment/ament_prefix_path.dsv
[1.895s] -- Symlinking: /home/alberto/tfg/Reconocimiento-y-sintesis-visual-Tiago/workspace/install/pal_robotiq_description/share/pal_robotiq_description/environment/path.sh
[1.912s] -- Symlinking: /home/alberto/tfg/Reconocimiento-y-sintesis-visual-Tiago/workspace/install/pal_robotiq_description/share/pal_robotiq_description/environment/path.dsv
[1.921s] -- Symlinking: /home/alberto/tfg/Reconocimiento-y-sintesis-visual-Tiago/workspace/install/pal_robotiq_description/share/pal_robotiq_description/local_setup.bash
[1.934s] -- Symlinking: /home/alberto/tfg/Reconocimiento-y-sintesis-visual-Tiago/workspace/install/pal_robotiq_description/share/pal_robotiq_description/local_setup.sh
[1.947s] -- Symlinking: /home/alberto/tfg/Reconocimiento-y-sintesis-visual-Tiago/workspace/install/pal_robotiq_description/share/pal_robotiq_description/local_setup.zsh
[1.961s] -- Symlinking: /home/alberto/tfg/Reconocimiento-y-sintesis-visual-Tiago/workspace/install/pal_robotiq_description/share/pal_robotiq_description/local_setup.dsv
[1.974s] -- Symlinking: /home/alberto/tfg/Reconocimiento-y-sintesis-visual-Tiago/workspace/install/pal_robotiq_description/share/pal_robotiq_description/package.dsv
[1.985s] -- Symlinking: /home/alberto/tfg/Reconocimiento-y-sintesis-visual-Tiago/workspace/install/pal_robotiq_description/share/ament_index/resource_index/packages/pal_robotiq_description
[1.997s] -- Symlinking: /home/alberto/tfg/Reconocimiento-y-sintesis-visual-Tiago/workspace/install/pal_robotiq_description/share/pal_robotiq_description/cmake/pal_robotiq_descriptionConfig.cmake
[2.009s] -- Symlinking: /home/alberto/tfg/Reconocimiento-y-sintesis-visual-Tiago/workspace/install/pal_robotiq_description/share/pal_robotiq_description/cmake/pal_robotiq_descriptionConfig-version.cmake
[2.019s] -- Symlinking: /home/alberto/tfg/Reconocimiento-y-sintesis-visual-Tiago/workspace/install/pal_robotiq_description/share/pal_robotiq_description/package.xml
[2.037s] Invoked command in '/home/alberto/tfg/Reconocimiento-y-sintesis-visual-Tiago/workspace/build/pal_robotiq_description' returned '0': CMAKE_PREFIX_PATH=${CMAKE_PREFIX_PATH}:/home/alberto/tfg/Reconocimiento-y-sintesis-visual-Tiago/workspace/install/tests:/home/alberto/tfg/Reconocimiento-y-sintesis-visual-Tiago/workspace/install/launch_pal:/opt/ros/humble /usr/bin/cmake --install /home/alberto/tfg/Reconocimiento-y-sintesis-visual-Tiago/workspace/build/pal_robotiq_description
