[0.053s] Invoking command in '/home/alberto/tiago_public_ws/build/pal_hey5': AMENT_PREFIX_PATH=/home/alberto/tiago_public_ws/install/pal_hey5_description:/home/alberto/tiago_public_ws/install/pal_urdf_utils:/home/alberto/tiago_public_ws/install/pal_hey5_controller_configuration:${AMENT_PREFIX_PATH} CMAKE_PREFIX_PATH=/home/alberto/tiago_public_ws/install/pal_hey5_description:/home/alberto/tiago_public_ws/install/pal_urdf_utils:/home/alberto/tiago_public_ws/install/pal_hey5_controller_configuration:/opt/ros/humble /usr/bin/cmake --build /home/alberto/tiago_public_ws/build/pal_hey5 -- -j12 -l12
[0.123s] Invoked command in '/home/alberto/tiago_public_ws/build/pal_hey5' returned '0': AMENT_PREFIX_PATH=/home/alberto/tiago_public_ws/install/pal_hey5_description:/home/alberto/tiago_public_ws/install/pal_urdf_utils:/home/alberto/tiago_public_ws/install/pal_hey5_controller_configuration:${AMENT_PREFIX_PATH} CMAKE_PREFIX_PATH=/home/alberto/tiago_public_ws/install/pal_hey5_description:/home/alberto/tiago_public_ws/install/pal_urdf_utils:/home/alberto/tiago_public_ws/install/pal_hey5_controller_configuration:/opt/ros/humble /usr/bin/cmake --build /home/alberto/tiago_public_ws/build/pal_hey5 -- -j12 -l12
[0.125s] Invoking command in '/home/alberto/tiago_public_ws/build/pal_hey5': AMENT_PREFIX_PATH=/home/alberto/tiago_public_ws/install/pal_hey5_description:/home/alberto/tiago_public_ws/install/pal_urdf_utils:/home/alberto/tiago_public_ws/install/pal_hey5_controller_configuration:${AMENT_PREFIX_PATH} CMAKE_PREFIX_PATH=/home/alberto/tiago_public_ws/install/pal_hey5_description:/home/alberto/tiago_public_ws/install/pal_urdf_utils:/home/alberto/tiago_public_ws/install/pal_hey5_controller_configuration:/opt/ros/humble /usr/bin/cmake --install /home/alberto/tiago_public_ws/build/pal_hey5
[0.135s] -- Install configuration: ""
[0.136s] -- Execute custom install script
[0.139s] -- Up-to-date symlink: /home/alberto/tiago_public_ws/install/pal_hey5/share/ament_index/resource_index/package_run_dependencies/pal_hey5
[0.139s] -- Up-to-date symlink: /home/alberto/tiago_public_ws/install/pal_hey5/share/ament_index/resource_index/parent_prefix_path/pal_hey5
[0.140s] -- Up-to-date symlink: /home/alberto/tiago_public_ws/install/pal_hey5/share/pal_hey5/environment/ament_prefix_path.sh
[0.141s] -- Up-to-date symlink: /home/alberto/tiago_public_ws/install/pal_hey5/share/pal_hey5/environment/ament_prefix_path.dsv
[0.141s] -- Up-to-date symlink: /home/alberto/tiago_public_ws/install/pal_hey5/share/pal_hey5/environment/path.sh
[0.141s] -- Up-to-date symlink: /home/alberto/tiago_public_ws/install/pal_hey5/share/pal_hey5/environment/path.dsv
[0.141s] -- Up-to-date symlink: /home/alberto/tiago_public_ws/install/pal_hey5/share/pal_hey5/local_setup.bash
[0.142s] -- Up-to-date symlink: /home/alberto/tiago_public_ws/install/pal_hey5/share/pal_hey5/local_setup.sh
[0.142s] -- Up-to-date symlink: /home/alberto/tiago_public_ws/install/pal_hey5/share/pal_hey5/local_setup.zsh
[0.142s] -- Up-to-date symlink: /home/alberto/tiago_public_ws/install/pal_hey5/share/pal_hey5/local_setup.dsv
[0.143s] -- Symlinking: /home/alberto/tiago_public_ws/install/pal_hey5/share/pal_hey5/package.dsv
[0.154s] -- Up-to-date symlink: /home/alberto/tiago_public_ws/install/pal_hey5/share/ament_index/resource_index/packages/pal_hey5
[0.155s] -- Up-to-date symlink: /home/alberto/tiago_public_ws/install/pal_hey5/share/pal_hey5/cmake/pal_hey5Config.cmake
[0.155s] -- Up-to-date symlink: /home/alberto/tiago_public_ws/install/pal_hey5/share/pal_hey5/cmake/pal_hey5Config-version.cmake
[0.155s] -- Up-to-date symlink: /home/alberto/tiago_public_ws/install/pal_hey5/share/pal_hey5/package.xml
[0.159s] Invoked command in '/home/alberto/tiago_public_ws/build/pal_hey5' returned '0': AMENT_PREFIX_PATH=/home/alberto/tiago_public_ws/install/pal_hey5_description:/home/alberto/tiago_public_ws/install/pal_urdf_utils:/home/alberto/tiago_public_ws/install/pal_hey5_controller_configuration:${AMENT_PREFIX_PATH} CMAKE_PREFIX_PATH=/home/alberto/tiago_public_ws/install/pal_hey5_description:/home/alberto/tiago_public_ws/install/pal_urdf_utils:/home/alberto/tiago_public_ws/install/pal_hey5_controller_configuration:/opt/ros/humble /usr/bin/cmake --install /home/alberto/tiago_public_ws/build/pal_hey5
