[0.271s] Invoking command in '/home/alberto/tfg/Reconocimiento-y-sintesis-visual-Tiago/workspace/build/pal_gripper_controller_configuration': CMAKE_PREFIX_PATH=${CMAKE_PREFIX_PATH}:/home/alberto/tfg/Reconocimiento-y-sintesis-visual-Tiago/workspace/install/tests:/home/alberto/tfg/Reconocimiento-y-sintesis-visual-Tiago/workspace/install/launch_pal:/opt/ros/humble /usr/bin/cmake /home/alberto/tfg/Reconocimiento-y-sintesis-visual-Tiago/workspace/src/pal_gripper/pal_gripper_controller_configuration -DAMENT_CMAKE_SYMLINK_INSTALL=1 -DCMAKE_INSTALL_PREFIX=/home/alberto/tfg/Reconocimiento-y-sintesis-visual-Tiago/workspace/install/pal_gripper_controller_configuration
[0.365s] -- The C compiler identification is GNU 11.4.0
[0.469s] -- The CXX compiler identification is GNU 11.4.0
[0.482s] -- Detecting C compiler ABI info
[0.592s] -- Detecting C compiler ABI info - done
[0.603s] -- Check for working C compiler: /usr/bin/cc - skipped
[0.603s] -- Detecting C compile features
[0.604s] -- Detecting C compile features - done
[0.608s] -- Detecting CXX compiler ABI info
[0.749s] -- Detecting CXX compiler ABI info - done
[0.760s] -- Check for working CXX compiler: /usr/bin/c++ - skipped
[0.760s] -- Detecting CXX compile features
[0.761s] -- Detecting CXX compile features - done
[0.764s] -- Found ament_cmake_auto: 1.3.12 (/opt/ros/humble/share/ament_cmake_auto/cmake)
[1.025s] -- Found Python3: /usr/bin/python3 (found version "3.10.12") found components: Interpreter 
[1.128s] -- Override CMake install command with custom implementation using symlinks instead of copying resources
[1.176s] -- Found ament_lint_auto: 0.12.14 (/opt/ros/humble/share/ament_lint_auto/cmake)
[1.296s] -- Added test 'copyright' to check source files copyright and LICENSE
[1.297s] -- Added test 'flake8' to check Python code syntax and style conventions
[1.298s] -- Added test 'lint_cmake' to check CMake code style
[1.299s] -- Added test 'pep257' to check Python code against some of the docstring style conventions in PEP 257
[1.301s] -- Added test 'xmllint' to check XML markup files
[1.304s] -- Configuring done
[1.308s] -- Generating done
[1.310s] -- Build files have been written to: /home/alberto/tfg/Reconocimiento-y-sintesis-visual-Tiago/workspace/build/pal_gripper_controller_configuration
[1.322s] Invoked command in '/home/alberto/tfg/Reconocimiento-y-sintesis-visual-Tiago/workspace/build/pal_gripper_controller_configuration' returned '0': CMAKE_PREFIX_PATH=${CMAKE_PREFIX_PATH}:/home/alberto/tfg/Reconocimiento-y-sintesis-visual-Tiago/workspace/install/tests:/home/alberto/tfg/Reconocimiento-y-sintesis-visual-Tiago/workspace/install/launch_pal:/opt/ros/humble /usr/bin/cmake /home/alberto/tfg/Reconocimiento-y-sintesis-visual-Tiago/workspace/src/pal_gripper/pal_gripper_controller_configuration -DAMENT_CMAKE_SYMLINK_INSTALL=1 -DCMAKE_INSTALL_PREFIX=/home/alberto/tfg/Reconocimiento-y-sintesis-visual-Tiago/workspace/install/pal_gripper_controller_configuration
[1.323s] Invoking command in '/home/alberto/tfg/Reconocimiento-y-sintesis-visual-Tiago/workspace/build/pal_gripper_controller_configuration': CMAKE_PREFIX_PATH=${CMAKE_PREFIX_PATH}:/home/alberto/tfg/Reconocimiento-y-sintesis-visual-Tiago/workspace/install/tests:/home/alberto/tfg/Reconocimiento-y-sintesis-visual-Tiago/workspace/install/launch_pal:/opt/ros/humble /usr/bin/cmake --build /home/alberto/tfg/Reconocimiento-y-sintesis-visual-Tiago/workspace/build/pal_gripper_controller_configuration -- -j16 -l16
[1.382s] Invoked command in '/home/alberto/tfg/Reconocimiento-y-sintesis-visual-Tiago/workspace/build/pal_gripper_controller_configuration' returned '0': CMAKE_PREFIX_PATH=${CMAKE_PREFIX_PATH}:/home/alberto/tfg/Reconocimiento-y-sintesis-visual-Tiago/workspace/install/tests:/home/alberto/tfg/Reconocimiento-y-sintesis-visual-Tiago/workspace/install/launch_pal:/opt/ros/humble /usr/bin/cmake --build /home/alberto/tfg/Reconocimiento-y-sintesis-visual-Tiago/workspace/build/pal_gripper_controller_configuration -- -j16 -l16
[1.385s] Invoking command in '/home/alberto/tfg/Reconocimiento-y-sintesis-visual-Tiago/workspace/build/pal_gripper_controller_configuration': CMAKE_PREFIX_PATH=${CMAKE_PREFIX_PATH}:/home/alberto/tfg/Reconocimiento-y-sintesis-visual-Tiago/workspace/install/tests:/home/alberto/tfg/Reconocimiento-y-sintesis-visual-Tiago/workspace/install/launch_pal:/opt/ros/humble /usr/bin/cmake --install /home/alberto/tfg/Reconocimiento-y-sintesis-visual-Tiago/workspace/build/pal_gripper_controller_configuration
[1.396s] -- Install configuration: ""
[1.397s] -- Execute custom install script
[1.397s] -- Symlinking: /home/alberto/tfg/Reconocimiento-y-sintesis-visual-Tiago/workspace/install/pal_gripper_controller_configuration/share/pal_gripper_controller_configuration/config/current_limit_controllers.yaml
[1.410s] -- Symlinking: /home/alberto/tfg/Reconocimiento-y-sintesis-visual-Tiago/workspace/install/pal_gripper_controller_configuration/share/pal_gripper_controller_configuration/config/current_limit_controllers_left.yaml
[1.426s] -- Symlinking: /home/alberto/tfg/Reconocimiento-y-sintesis-visual-Tiago/workspace/install/pal_gripper_controller_configuration/share/pal_gripper_controller_configuration/config/current_limit_controllers_right.yaml
[1.436s] -- Symlinking: /home/alberto/tfg/Reconocimiento-y-sintesis-visual-Tiago/workspace/install/pal_gripper_controller_configuration/share/pal_gripper_controller_configuration/config/gazebo_controller_manager_cfg.yaml
[1.453s] -- Symlinking: /home/alberto/tfg/Reconocimiento-y-sintesis-visual-Tiago/workspace/install/pal_gripper_controller_configuration/share/pal_gripper_controller_configuration/config/gripper_controller.yaml
[1.474s] -- Symlinking: /home/alberto/tfg/Reconocimiento-y-sintesis-visual-Tiago/workspace/install/pal_gripper_controller_configuration/share/pal_gripper_controller_configuration/config/joint_state_broadcaster.yaml
[1.486s] -- Symlinking: /home/alberto/tfg/Reconocimiento-y-sintesis-visual-Tiago/workspace/install/pal_gripper_controller_configuration/share/pal_gripper_controller_configuration/config/joint_trajectory_controllers.yaml
[1.500s] -- Symlinking: /home/alberto/tfg/Reconocimiento-y-sintesis-visual-Tiago/workspace/install/pal_gripper_controller_configuration/share/pal_gripper_controller_configuration/config/pids.yaml
[1.514s] -- Symlinking: /home/alberto/tfg/Reconocimiento-y-sintesis-visual-Tiago/workspace/install/pal_gripper_controller_configuration/share/pal_gripper_controller_configuration/launch/current_limit_controllers.launch
[1.527s] -- Symlinking: /home/alberto/tfg/Reconocimiento-y-sintesis-visual-Tiago/workspace/install/pal_gripper_controller_configuration/share/pal_gripper_controller_configuration/launch/gripper_controller.launch
[1.538s] -- Symlinking: /home/alberto/tfg/Reconocimiento-y-sintesis-visual-Tiago/workspace/install/pal_gripper_controller_configuration/share/pal_gripper_controller_configuration/launch/joint_state_broadcaster.launch.py
[1.551s] -- Symlinking: /home/alberto/tfg/Reconocimiento-y-sintesis-visual-Tiago/workspace/install/pal_gripper_controller_configuration/share/pal_gripper_controller_configuration/launch/pal_gripper_controller.launch.py
[1.563s] -- Symlinking: /home/alberto/tfg/Reconocimiento-y-sintesis-visual-Tiago/workspace/install/pal_gripper_controller_configuration/share/ament_index/resource_index/package_run_dependencies/pal_gripper_controller_configuration
[1.578s] -- Symlinking: /home/alberto/tfg/Reconocimiento-y-sintesis-visual-Tiago/workspace/install/pal_gripper_controller_configuration/share/ament_index/resource_index/parent_prefix_path/pal_gripper_controller_configuration
[1.591s] -- Symlinking: /home/alberto/tfg/Reconocimiento-y-sintesis-visual-Tiago/workspace/install/pal_gripper_controller_configuration/share/pal_gripper_controller_configuration/environment/ament_prefix_path.sh
[1.603s] -- Symlinking: /home/alberto/tfg/Reconocimiento-y-sintesis-visual-Tiago/workspace/install/pal_gripper_controller_configuration/share/pal_gripper_controller_configuration/environment/ament_prefix_path.dsv
[1.617s] -- Symlinking: /home/alberto/tfg/Reconocimiento-y-sintesis-visual-Tiago/workspace/install/pal_gripper_controller_configuration/share/pal_gripper_controller_configuration/environment/path.sh
[1.633s] -- Symlinking: /home/alberto/tfg/Reconocimiento-y-sintesis-visual-Tiago/workspace/install/pal_gripper_controller_configuration/share/pal_gripper_controller_configuration/environment/path.dsv
[1.644s] -- Symlinking: /home/alberto/tfg/Reconocimiento-y-sintesis-visual-Tiago/workspace/install/pal_gripper_controller_configuration/share/pal_gripper_controller_configuration/local_setup.bash
[1.653s] -- Symlinking: /home/alberto/tfg/Reconocimiento-y-sintesis-visual-Tiago/workspace/install/pal_gripper_controller_configuration/share/pal_gripper_controller_configuration/local_setup.sh
[1.664s] -- Symlinking: /home/alberto/tfg/Reconocimiento-y-sintesis-visual-Tiago/workspace/install/pal_gripper_controller_configuration/share/pal_gripper_controller_configuration/local_setup.zsh
[1.674s] -- Symlinking: /home/alberto/tfg/Reconocimiento-y-sintesis-visual-Tiago/workspace/install/pal_gripper_controller_configuration/share/pal_gripper_controller_configuration/local_setup.dsv
[1.684s] -- Symlinking: /home/alberto/tfg/Reconocimiento-y-sintesis-visual-Tiago/workspace/install/pal_gripper_controller_configuration/share/pal_gripper_controller_configuration/package.dsv
[1.696s] -- Symlinking: /home/alberto/tfg/Reconocimiento-y-sintesis-visual-Tiago/workspace/install/pal_gripper_controller_configuration/share/ament_index/resource_index/packages/pal_gripper_controller_configuration
[1.707s] -- Symlinking: /home/alberto/tfg/Reconocimiento-y-sintesis-visual-Tiago/workspace/install/pal_gripper_controller_configuration/share/pal_gripper_controller_configuration/cmake/pal_gripper_controller_configurationConfig.cmake
[1.716s] -- Symlinking: /home/alberto/tfg/Reconocimiento-y-sintesis-visual-Tiago/workspace/install/pal_gripper_controller_configuration/share/pal_gripper_controller_configuration/cmake/pal_gripper_controller_configurationConfig-version.cmake
[1.727s] -- Symlinking: /home/alberto/tfg/Reconocimiento-y-sintesis-visual-Tiago/workspace/install/pal_gripper_controller_configuration/share/pal_gripper_controller_configuration/package.xml
[1.760s] Invoked command in '/home/alberto/tfg/Reconocimiento-y-sintesis-visual-Tiago/workspace/build/pal_gripper_controller_configuration' returned '0': CMAKE_PREFIX_PATH=${CMAKE_PREFIX_PATH}:/home/alberto/tfg/Reconocimiento-y-sintesis-visual-Tiago/workspace/install/tests:/home/alberto/tfg/Reconocimiento-y-sintesis-visual-Tiago/workspace/install/launch_pal:/opt/ros/humble /usr/bin/cmake --install /home/alberto/tfg/Reconocimiento-y-sintesis-visual-Tiago/workspace/build/pal_gripper_controller_configuration
