[0.046s] Invoking command in '/home/alberto/tiago_public_ws/build/tiago_laser_sensors': AMENT_PREFIX_PATH=/home/alberto/tiago_public_ws/install/pmb2_laser_sensors:${AMENT_PREFIX_PATH} CMAKE_PREFIX_PATH=/home/alberto/tiago_public_ws/install/pmb2_laser_sensors:/opt/ros/humble /usr/bin/cmake /home/alberto/tiago_public_ws/src/tiago_navigation/tiago_laser_sensors -DAMENT_CMAKE_SYMLINK_INSTALL=1 -DCMAKE_INSTALL_PREFIX=/home/alberto/tiago_public_ws/install/tiago_laser_sensors
[0.140s] -- The C compiler identification is GNU 11.4.0
[0.231s] -- The CXX compiler identification is GNU 11.4.0
[0.240s] -- Detecting C compiler ABI info
[0.367s] -- Detecting C compiler ABI info - done
[0.375s] -- Check for working C compiler: /usr/bin/cc - skipped
[0.375s] -- Detecting C compile features
[0.379s] -- Detecting C compile features - done
[0.379s] -- Detecting CXX compiler ABI info
[0.534s] -- Detecting CXX compiler ABI info - done
[0.550s] -- Check for working CXX compiler: /usr/bin/c++ - skipped
[0.550s] -- Detecting CXX compile features
[0.550s] -- Detecting CXX compile features - done
[0.556s] -- Found ament_cmake_auto: 1.3.12 (/opt/ros/humble/share/ament_cmake_auto/cmake)
[0.800s] -- Found Python3: /usr/bin/python3 (found version "3.10.12") found components: Interpreter 
[0.879s] -- Override CMake install command with custom implementation using symlinks instead of copying resources
[1.038s] -- Added test 'copyright' to check source files copyright and LICENSE
[1.041s] -- Added test 'lint_cmake' to check CMake code style
[1.041s] -- Added test 'xmllint' to check XML markup files
[1.043s] -- Configuring done
[1.047s] -- Generating done
[1.049s] -- Build files have been written to: /home/alberto/tiago_public_ws/build/tiago_laser_sensors
[1.062s] Invoked command in '/home/alberto/tiago_public_ws/build/tiago_laser_sensors' returned '0': AMENT_PREFIX_PATH=/home/alberto/tiago_public_ws/install/pmb2_laser_sensors:${AMENT_PREFIX_PATH} CMAKE_PREFIX_PATH=/home/alberto/tiago_public_ws/install/pmb2_laser_sensors:/opt/ros/humble /usr/bin/cmake /home/alberto/tiago_public_ws/src/tiago_navigation/tiago_laser_sensors -DAMENT_CMAKE_SYMLINK_INSTALL=1 -DCMAKE_INSTALL_PREFIX=/home/alberto/tiago_public_ws/install/tiago_laser_sensors
[1.063s] Invoking command in '/home/alberto/tiago_public_ws/build/tiago_laser_sensors': AMENT_PREFIX_PATH=/home/alberto/tiago_public_ws/install/pmb2_laser_sensors:${AMENT_PREFIX_PATH} CMAKE_PREFIX_PATH=/home/alberto/tiago_public_ws/install/pmb2_laser_sensors:/opt/ros/humble /usr/bin/cmake --build /home/alberto/tiago_public_ws/build/tiago_laser_sensors -- -j8 -l8
[1.139s] Invoked command in '/home/alberto/tiago_public_ws/build/tiago_laser_sensors' returned '0': AMENT_PREFIX_PATH=/home/alberto/tiago_public_ws/install/pmb2_laser_sensors:${AMENT_PREFIX_PATH} CMAKE_PREFIX_PATH=/home/alberto/tiago_public_ws/install/pmb2_laser_sensors:/opt/ros/humble /usr/bin/cmake --build /home/alberto/tiago_public_ws/build/tiago_laser_sensors -- -j8 -l8
[1.140s] Invoking command in '/home/alberto/tiago_public_ws/build/tiago_laser_sensors': AMENT_PREFIX_PATH=/home/alberto/tiago_public_ws/install/pmb2_laser_sensors:${AMENT_PREFIX_PATH} CMAKE_PREFIX_PATH=/home/alberto/tiago_public_ws/install/pmb2_laser_sensors:/opt/ros/humble /usr/bin/cmake --install /home/alberto/tiago_public_ws/build/tiago_laser_sensors
[1.329s] -- Install configuration: ""
[1.329s] -- Execute custom install script
[1.329s] -- Symlinking: /home/alberto/tiago_public_ws/install/tiago_laser_sensors/share/ament_index/resource_index/package_run_dependencies/tiago_laser_sensors
[1.329s] -- Symlinking: /home/alberto/tiago_public_ws/install/tiago_laser_sensors/share/ament_index/resource_index/parent_prefix_path/tiago_laser_sensors
[1.329s] -- Symlinking: /home/alberto/tiago_public_ws/install/tiago_laser_sensors/share/tiago_laser_sensors/environment/ament_prefix_path.sh
[1.329s] -- Symlinking: /home/alberto/tiago_public_ws/install/tiago_laser_sensors/share/tiago_laser_sensors/environment/ament_prefix_path.dsv
[1.329s] -- Symlinking: /home/alberto/tiago_public_ws/install/tiago_laser_sensors/share/tiago_laser_sensors/environment/path.sh
[1.330s] -- Symlinking: /home/alberto/tiago_public_ws/install/tiago_laser_sensors/share/tiago_laser_sensors/environment/path.dsv
[1.330s] -- Symlinking: /home/alberto/tiago_public_ws/install/tiago_laser_sensors/share/tiago_laser_sensors/local_setup.bash
[1.330s] -- Symlinking: /home/alberto/tiago_public_ws/install/tiago_laser_sensors/share/tiago_laser_sensors/local_setup.sh
[1.330s] -- Symlinking: /home/alberto/tiago_public_ws/install/tiago_laser_sensors/share/tiago_laser_sensors/local_setup.zsh
[1.335s] -- Symlinking: /home/alberto/tiago_public_ws/install/tiago_laser_sensors/share/tiago_laser_sensors/local_setup.dsv
[1.342s] -- Symlinking: /home/alberto/tiago_public_ws/install/tiago_laser_sensors/share/tiago_laser_sensors/package.dsv
[1.353s] -- Symlinking: /home/alberto/tiago_public_ws/install/tiago_laser_sensors/share/ament_index/resource_index/packages/tiago_laser_sensors
[1.372s] -- Symlinking: /home/alberto/tiago_public_ws/install/tiago_laser_sensors/share/tiago_laser_sensors/cmake/tiago_laser_sensorsConfig.cmake
[1.386s] -- Symlinking: /home/alberto/tiago_public_ws/install/tiago_laser_sensors/share/tiago_laser_sensors/cmake/tiago_laser_sensorsConfig-version.cmake
[1.400s] -- Symlinking: /home/alberto/tiago_public_ws/install/tiago_laser_sensors/share/tiago_laser_sensors/package.xml
[1.422s] Invoked command in '/home/alberto/tiago_public_ws/build/tiago_laser_sensors' returned '0': AMENT_PREFIX_PATH=/home/alberto/tiago_public_ws/install/pmb2_laser_sensors:${AMENT_PREFIX_PATH} CMAKE_PREFIX_PATH=/home/alberto/tiago_public_ws/install/pmb2_laser_sensors:/opt/ros/humble /usr/bin/cmake --install /home/alberto/tiago_public_ws/build/tiago_laser_sensors
