[0.334s] Invoking command in '/home/alberto/tiago_public_ws/build/tiago_rgbd_sensors': CMAKE_PREFIX_PATH=/opt/ros/humble /usr/bin/cmake --build /home/alberto/tiago_public_ws/build/tiago_rgbd_sensors -- -j12 -l12
[0.475s] Invoked command in '/home/alberto/tiago_public_ws/build/tiago_rgbd_sensors' returned '0': CMAKE_PREFIX_PATH=/opt/ros/humble /usr/bin/cmake --build /home/alberto/tiago_public_ws/build/tiago_rgbd_sensors -- -j12 -l12
[0.490s] Invoking command in '/home/alberto/tiago_public_ws/build/tiago_rgbd_sensors': CMAKE_PREFIX_PATH=/opt/ros/humble /usr/bin/cmake --install /home/alberto/tiago_public_ws/build/tiago_rgbd_sensors
[0.549s] -- Install configuration: ""
[0.549s] -- Execute custom install script
[0.549s] -- Up-to-date symlink: /home/alberto/tiago_public_ws/install/tiago_rgbd_sensors/share/ament_index/resource_index/package_run_dependencies/tiago_rgbd_sensors
[0.549s] -- Up-to-date symlink: /home/alberto/tiago_public_ws/install/tiago_rgbd_sensors/share/ament_index/resource_index/parent_prefix_path/tiago_rgbd_sensors
[0.550s] -- Up-to-date symlink: /home/alberto/tiago_public_ws/install/tiago_rgbd_sensors/share/tiago_rgbd_sensors/environment/ament_prefix_path.sh
[0.550s] -- Up-to-date symlink: /home/alberto/tiago_public_ws/install/tiago_rgbd_sensors/share/tiago_rgbd_sensors/environment/ament_prefix_path.dsv
[0.551s] -- Up-to-date symlink: /home/alberto/tiago_public_ws/install/tiago_rgbd_sensors/share/tiago_rgbd_sensors/environment/path.sh
[0.551s] -- Up-to-date symlink: /home/alberto/tiago_public_ws/install/tiago_rgbd_sensors/share/tiago_rgbd_sensors/environment/path.dsv
[0.551s] -- Up-to-date symlink: /home/alberto/tiago_public_ws/install/tiago_rgbd_sensors/share/tiago_rgbd_sensors/local_setup.bash
[0.551s] -- Up-to-date symlink: /home/alberto/tiago_public_ws/install/tiago_rgbd_sensors/share/tiago_rgbd_sensors/local_setup.sh
[0.551s] -- Up-to-date symlink: /home/alberto/tiago_public_ws/install/tiago_rgbd_sensors/share/tiago_rgbd_sensors/local_setup.zsh
[0.553s] -- Up-to-date symlink: /home/alberto/tiago_public_ws/install/tiago_rgbd_sensors/share/tiago_rgbd_sensors/local_setup.dsv
[0.553s] -- Symlinking: /home/alberto/tiago_public_ws/install/tiago_rgbd_sensors/share/tiago_rgbd_sensors/package.dsv
[0.561s] -- Up-to-date symlink: /home/alberto/tiago_public_ws/install/tiago_rgbd_sensors/share/ament_index/resource_index/packages/tiago_rgbd_sensors
[0.563s] -- Up-to-date symlink: /home/alberto/tiago_public_ws/install/tiago_rgbd_sensors/share/tiago_rgbd_sensors/cmake/tiago_rgbd_sensorsConfig.cmake
[0.563s] -- Up-to-date symlink: /home/alberto/tiago_public_ws/install/tiago_rgbd_sensors/share/tiago_rgbd_sensors/cmake/tiago_rgbd_sensorsConfig-version.cmake
[0.563s] -- Up-to-date symlink: /home/alberto/tiago_public_ws/install/tiago_rgbd_sensors/share/tiago_rgbd_sensors/package.xml
[0.688s] Invoked command in '/home/alberto/tiago_public_ws/build/tiago_rgbd_sensors' returned '0': CMAKE_PREFIX_PATH=/opt/ros/humble /usr/bin/cmake --install /home/alberto/tiago_public_ws/build/tiago_rgbd_sensors
