[0.018s] Invoking command in '/home/alberto/tiago_public_ws/build/pmb2_robot': AMENT_PREFIX_PATH=/home/alberto/tiago_public_ws/install/pmb2_bringup:/home/alberto/tiago_public_ws/install/pmb2_description:/home/alberto/tiago_public_ws/install/pmb2_controller_configuration:/home/alberto/tiago_public_ws/install/urdf_test:/home/alberto/tiago_public_ws/install/pal_urdf_utils:/home/alberto/tiago_public_ws/install/launch_pal:${AMENT_PREFIX_PATH} CMAKE_PREFIX_PATH=/home/alberto/tiago_public_ws/install/pmb2_bringup:/home/alberto/tiago_public_ws/install/pmb2_description:/home/alberto/tiago_public_ws/install/pmb2_controller_configuration:/home/alberto/tiago_public_ws/install/urdf_test:/home/alberto/tiago_public_ws/install/pal_urdf_utils:/opt/ros/humble PYTHONPATH=/home/alberto/tiago_public_ws/install/pmb2_description/local/lib/python3.10/dist-packages:/home/alberto/tiago_public_ws/install/urdf_test/local/lib/python3.10/dist-packages:/home/alberto/tiago_public_ws/build/launch_pal:/home/alberto/tiago_public_ws/install/launch_pal/lib/python3.10/site-packages:${PYTHONPATH} /usr/bin/cmake /home/alberto/tiago_public_ws/src/pmb2_robot/pmb2_robot -DAMENT_CMAKE_SYMLINK_INSTALL=1 -DCMAKE_INSTALL_PREFIX=/home/alberto/tiago_public_ws/install/pmb2_robot
[0.097s] -- The C compiler identification is GNU 11.4.0
[0.164s] -- The CXX compiler identification is GNU 11.4.0
[0.173s] -- Detecting C compiler ABI info
[0.264s] -- Detecting C compiler ABI info - done
[0.271s] -- Check for working C compiler: /usr/bin/cc - skipped
[0.272s] -- Detecting C compile features
[0.273s] -- Detecting C compile features - done
[0.279s] -- Detecting CXX compiler ABI info
[0.381s] -- Detecting CXX compiler ABI info - done
[0.389s] -- Check for working CXX compiler: /usr/bin/c++ - skipped
[0.389s] -- Detecting CXX compile features
[0.389s] -- Detecting CXX compile features - done
[0.393s] -- Found ament_cmake: 1.3.12 (/opt/ros/humble/share/ament_cmake/cmake)
[0.587s] -- Found Python3: /usr/bin/python3 (found version "3.10.12") found components: Interpreter 
[0.660s] -- Override CMake install command with custom implementation using symlinks instead of copying resources
[0.785s] -- Configuring done
[0.785s] -- Generating done
[0.785s] -- Build files have been written to: /home/alberto/tiago_public_ws/build/pmb2_robot
[0.791s] Invoked command in '/home/alberto/tiago_public_ws/build/pmb2_robot' returned '0': AMENT_PREFIX_PATH=/home/alberto/tiago_public_ws/install/pmb2_bringup:/home/alberto/tiago_public_ws/install/pmb2_description:/home/alberto/tiago_public_ws/install/pmb2_controller_configuration:/home/alberto/tiago_public_ws/install/urdf_test:/home/alberto/tiago_public_ws/install/pal_urdf_utils:/home/alberto/tiago_public_ws/install/launch_pal:${AMENT_PREFIX_PATH} CMAKE_PREFIX_PATH=/home/alberto/tiago_public_ws/install/pmb2_bringup:/home/alberto/tiago_public_ws/install/pmb2_description:/home/alberto/tiago_public_ws/install/pmb2_controller_configuration:/home/alberto/tiago_public_ws/install/urdf_test:/home/alberto/tiago_public_ws/install/pal_urdf_utils:/opt/ros/humble PYTHONPATH=/home/alberto/tiago_public_ws/install/pmb2_description/local/lib/python3.10/dist-packages:/home/alberto/tiago_public_ws/install/urdf_test/local/lib/python3.10/dist-packages:/home/alberto/tiago_public_ws/build/launch_pal:/home/alberto/tiago_public_ws/install/launch_pal/lib/python3.10/site-packages:${PYTHONPATH} /usr/bin/cmake /home/alberto/tiago_public_ws/src/pmb2_robot/pmb2_robot -DAMENT_CMAKE_SYMLINK_INSTALL=1 -DCMAKE_INSTALL_PREFIX=/home/alberto/tiago_public_ws/install/pmb2_robot
[0.794s] Invoking command in '/home/alberto/tiago_public_ws/build/pmb2_robot': AMENT_PREFIX_PATH=/home/alberto/tiago_public_ws/install/pmb2_bringup:/home/alberto/tiago_public_ws/install/pmb2_description:/home/alberto/tiago_public_ws/install/pmb2_controller_configuration:/home/alberto/tiago_public_ws/install/urdf_test:/home/alberto/tiago_public_ws/install/pal_urdf_utils:/home/alberto/tiago_public_ws/install/launch_pal:${AMENT_PREFIX_PATH} CMAKE_PREFIX_PATH=/home/alberto/tiago_public_ws/install/pmb2_bringup:/home/alberto/tiago_public_ws/install/pmb2_description:/home/alberto/tiago_public_ws/install/pmb2_controller_configuration:/home/alberto/tiago_public_ws/install/urdf_test:/home/alberto/tiago_public_ws/install/pal_urdf_utils:/opt/ros/humble PYTHONPATH=/home/alberto/tiago_public_ws/install/pmb2_description/local/lib/python3.10/dist-packages:/home/alberto/tiago_public_ws/install/urdf_test/local/lib/python3.10/dist-packages:/home/alberto/tiago_public_ws/build/launch_pal:/home/alberto/tiago_public_ws/install/launch_pal/lib/python3.10/site-packages:${PYTHONPATH} /usr/bin/cmake --build /home/alberto/tiago_public_ws/build/pmb2_robot -- -j8 -l8
[0.845s] Invoked command in '/home/alberto/tiago_public_ws/build/pmb2_robot' returned '0': AMENT_PREFIX_PATH=/home/alberto/tiago_public_ws/install/pmb2_bringup:/home/alberto/tiago_public_ws/install/pmb2_description:/home/alberto/tiago_public_ws/install/pmb2_controller_configuration:/home/alberto/tiago_public_ws/install/urdf_test:/home/alberto/tiago_public_ws/install/pal_urdf_utils:/home/alberto/tiago_public_ws/install/launch_pal:${AMENT_PREFIX_PATH} CMAKE_PREFIX_PATH=/home/alberto/tiago_public_ws/install/pmb2_bringup:/home/alberto/tiago_public_ws/install/pmb2_description:/home/alberto/tiago_public_ws/install/pmb2_controller_configuration:/home/alberto/tiago_public_ws/install/urdf_test:/home/alberto/tiago_public_ws/install/pal_urdf_utils:/opt/ros/humble PYTHONPATH=/home/alberto/tiago_public_ws/install/pmb2_description/local/lib/python3.10/dist-packages:/home/alberto/tiago_public_ws/install/urdf_test/local/lib/python3.10/dist-packages:/home/alberto/tiago_public_ws/build/launch_pal:/home/alberto/tiago_public_ws/install/launch_pal/lib/python3.10/site-packages:${PYTHONPATH} /usr/bin/cmake --build /home/alberto/tiago_public_ws/build/pmb2_robot -- -j8 -l8
[0.847s] Invoking command in '/home/alberto/tiago_public_ws/build/pmb2_robot': AMENT_PREFIX_PATH=/home/alberto/tiago_public_ws/install/pmb2_bringup:/home/alberto/tiago_public_ws/install/pmb2_description:/home/alberto/tiago_public_ws/install/pmb2_controller_configuration:/home/alberto/tiago_public_ws/install/urdf_test:/home/alberto/tiago_public_ws/install/pal_urdf_utils:/home/alberto/tiago_public_ws/install/launch_pal:${AMENT_PREFIX_PATH} CMAKE_PREFIX_PATH=/home/alberto/tiago_public_ws/install/pmb2_bringup:/home/alberto/tiago_public_ws/install/pmb2_description:/home/alberto/tiago_public_ws/install/pmb2_controller_configuration:/home/alberto/tiago_public_ws/install/urdf_test:/home/alberto/tiago_public_ws/install/pal_urdf_utils:/opt/ros/humble PYTHONPATH=/home/alberto/tiago_public_ws/install/pmb2_description/local/lib/python3.10/dist-packages:/home/alberto/tiago_public_ws/install/urdf_test/local/lib/python3.10/dist-packages:/home/alberto/tiago_public_ws/build/launch_pal:/home/alberto/tiago_public_ws/install/launch_pal/lib/python3.10/site-packages:${PYTHONPATH} /usr/bin/cmake --install /home/alberto/tiago_public_ws/build/pmb2_robot
[0.857s] -- Install configuration: ""
[0.857s] -- Execute custom install script
[0.857s] -- Symlinking: /home/alberto/tiago_public_ws/install/pmb2_robot/share/ament_index/resource_index/package_run_dependencies/pmb2_robot
[0.874s] -- Symlinking: /home/alberto/tiago_public_ws/install/pmb2_robot/share/ament_index/resource_index/parent_prefix_path/pmb2_robot
[0.882s] -- Symlinking: /home/alberto/tiago_public_ws/install/pmb2_robot/share/pmb2_robot/environment/ament_prefix_path.sh
[0.899s] -- Symlinking: /home/alberto/tiago_public_ws/install/pmb2_robot/share/pmb2_robot/environment/ament_prefix_path.dsv
[0.911s] -- Symlinking: /home/alberto/tiago_public_ws/install/pmb2_robot/share/pmb2_robot/environment/path.sh
[0.921s] -- Symlinking: /home/alberto/tiago_public_ws/install/pmb2_robot/share/pmb2_robot/environment/path.dsv
[0.932s] -- Symlinking: /home/alberto/tiago_public_ws/install/pmb2_robot/share/pmb2_robot/local_setup.bash
[0.946s] -- Symlinking: /home/alberto/tiago_public_ws/install/pmb2_robot/share/pmb2_robot/local_setup.sh
[0.958s] -- Symlinking: /home/alberto/tiago_public_ws/install/pmb2_robot/share/pmb2_robot/local_setup.zsh
[0.973s] -- Symlinking: /home/alberto/tiago_public_ws/install/pmb2_robot/share/pmb2_robot/local_setup.dsv
[0.988s] -- Symlinking: /home/alberto/tiago_public_ws/install/pmb2_robot/share/pmb2_robot/package.dsv
[0.999s] -- Symlinking: /home/alberto/tiago_public_ws/install/pmb2_robot/share/ament_index/resource_index/packages/pmb2_robot
[1.012s] -- Symlinking: /home/alberto/tiago_public_ws/install/pmb2_robot/share/pmb2_robot/cmake/pmb2_robotConfig.cmake
[1.022s] -- Symlinking: /home/alberto/tiago_public_ws/install/pmb2_robot/share/pmb2_robot/cmake/pmb2_robotConfig-version.cmake
[1.033s] -- Symlinking: /home/alberto/tiago_public_ws/install/pmb2_robot/share/pmb2_robot/package.xml
[1.051s] Invoked command in '/home/alberto/tiago_public_ws/build/pmb2_robot' returned '0': AMENT_PREFIX_PATH=/home/alberto/tiago_public_ws/install/pmb2_bringup:/home/alberto/tiago_public_ws/install/pmb2_description:/home/alberto/tiago_public_ws/install/pmb2_controller_configuration:/home/alberto/tiago_public_ws/install/urdf_test:/home/alberto/tiago_public_ws/install/pal_urdf_utils:/home/alberto/tiago_public_ws/install/launch_pal:${AMENT_PREFIX_PATH} CMAKE_PREFIX_PATH=/home/alberto/tiago_public_ws/install/pmb2_bringup:/home/alberto/tiago_public_ws/install/pmb2_description:/home/alberto/tiago_public_ws/install/pmb2_controller_configuration:/home/alberto/tiago_public_ws/install/urdf_test:/home/alberto/tiago_public_ws/install/pal_urdf_utils:/opt/ros/humble PYTHONPATH=/home/alberto/tiago_public_ws/install/pmb2_description/local/lib/python3.10/dist-packages:/home/alberto/tiago_public_ws/install/urdf_test/local/lib/python3.10/dist-packages:/home/alberto/tiago_public_ws/build/launch_pal:/home/alberto/tiago_public_ws/install/launch_pal/lib/python3.10/site-packages:${PYTHONPATH} /usr/bin/cmake --install /home/alberto/tiago_public_ws/build/pmb2_robot
